# Check configuration tokens
# In section [app]: android.bootstrap is deprecated, rename to p4a.bootstrap!
# Ensure build layout
# Check configuration tokens
# Preparing build
# Check requirements for android
# Search for Git (git)
#  -> found at /usr/bin/git
# Search for Cython (cython)
#  -> found at /home/admin/.local/bin/cython
# Search for Java compiler (javac)
#  -> found at /usr/lib/jvm/java-11-openjdk-amd64/bin/javac
# Search for Java keytool (keytool)
#  -> found at /usr/lib/jvm/java-11-openjdk-amd64/bin/keytool
# Install platform
# Run ['/usr/bin/python3', '-m', 'pip', 'install', '-q', '--user', 'appdirs', 'colorama>=0.3.3', 'jinja2', 'sh>=1.10, <2.0; sys_platform!="win32"', 'build', 'toml', 'packaging', 'setuptools']
# Cwd None
# Apache ANT found at /home/admin/.buildozer/android/platform/apache-ant-1.9.4
# Android SDK found at /home/admin/.buildozer/android/platform/android-sdk
# Recommended android's NDK version by p4a is: 25b
# Android NDK found at /home/admin/.buildozer/android/platform/android-ndk-r25b
# Run ['/usr/bin/python3', '-m', 'pythonforandroid.toolchain', 'aab', '-h', '--color=always', '--storage-dir=/home/admin/openclaw/workspace/loan-assistant/.buildozer/android/platform/build-arm64-v8a_armeabi-v7a', '--ndk-api=24', '--ignore-setup-py', '--debug']
# Cwd /home/admin/openclaw/workspace/loan-assistant/.buildozer/android/platform/python-for-android
[WARNING]: prerequisites.py is experimental and does not support all prerequisites yet.
[WARNING]: Please report any issues to the python-for-android issue tracker.
[WARNING]: prerequisites.py is experimental and does not support all prerequisites yet.
[WARNING]: Please report any issues to the python-for-android issue tracker.
usage: toolchain.py aab [-h] [--debug] [--color {always,never,auto}]
                        [--sdk-dir SDK_DIR] [--ndk-dir NDK_DIR]
                        [--android-api ANDROID_API]
                        [--ndk-version NDK_VERSION] [--ndk-api NDK_API]
                        [--symlink-bootstrap-files]
                        [--storage-dir STORAGE_DIR] [--arch ARCH]
                        [--dist-name DIST_NAME] [--requirements REQUIREMENTS]
                        [--recipe-blacklist RECIPE_BLACKLIST]
                        [--blacklist-requirements BLACKLIST_REQUIREMENTS]
                        [--bootstrap BOOTSTRAP] [--hook HOOK] [--force-build]
                        [--no-force-build] [--require-perfect-match]
                        [--no-require-perfect-match] [--allow-replace-dist]
                        [--no-allow-replace-dist]
                        [--local-recipes LOCAL_RECIPES]
                        [--activity-class-name ACTIVITY_CLASS_NAME]
                        [--service-class-name SERVICE_CLASS_NAME]
                        [--java-build-tool {auto,ant,gradle}] [--copy-libs]
                        [--no-copy-libs] [--add-asset ASSETS]
                        [--add-resource RESOURCES] [--private PRIVATE]
                        [--use-setup-py] [--ignore-setup-py] [--release]
                        [--with-debug-symbols] [--keystore KEYSTORE]
                        [--signkey SIGNKEY] [--keystorepw KEYSTOREPW]
                        [--signkeypw SIGNKEYPW]

options:
  -h, --help            show this help message and exit
  --debug               Display debug output and all build info
  --color {always,never,auto}
                        Enable or disable color output (default enabled on
                        tty)
  --sdk-dir SDK_DIR, --sdk_dir SDK_DIR
                        The filepath where the Android SDK is installed
  --ndk-dir NDK_DIR, --ndk_dir NDK_DIR
                        The filepath where the Android NDK is installed
  --android-api ANDROID_API, --android_api ANDROID_API
                        The Android API level to build against defaults to 33
                        if not specified.
  --ndk-version NDK_VERSION, --ndk_version NDK_VERSION
                        DEPRECATED: the NDK version is now found automatically
                        or not at all.
  --ndk-api NDK_API     The Android API level to compile against. This should
                        be your *minimal supported* API, not normally the same
                        as your --android-api. Defaults to min(ANDROID_API,
                        21) if not specified.
  --symlink-bootstrap-files, --ssymlink_bootstrap_files
                        If True, symlinks the bootstrap files creation. This
                        is useful for development only, it could also cause
                        weird problems.
  --storage-dir STORAGE_DIR
                        Primary storage directory for downloads and builds
                        (default: /home/admin/.local/share/python-for-android)
  --arch ARCH           The archs to build for.
  --dist-name DIST_NAME, --dist_name DIST_NAME
                        The name of the distribution to use or create
  --requirements REQUIREMENTS
                        Dependencies of your app, should be recipe names or
                        Python modules. NOT NECESSARY if you are using Python
                        3 with --use-setup-py
  --recipe-blacklist RECIPE_BLACKLIST
                        Blacklist an internal recipe from use. Allows
                        disabling Python 3 core modules to save size
  --blacklist-requirements BLACKLIST_REQUIREMENTS
                        Blacklist an internal recipe from use. Allows
                        disabling Python 3 core modules to save size
  --bootstrap BOOTSTRAP
                        The bootstrap to build with. Leave unset to choose
                        automatically.
  --hook HOOK           Filename to a module that contains python-for-android
                        hooks
  --local-recipes LOCAL_RECIPES, --local_recipes LOCAL_RECIPES
                        Directory to look for local recipes
  --activity-class-name ACTIVITY_CLASS_NAME
                        The full java class name of the main activity
  --service-class-name SERVICE_CLASS_NAME
                        Full java package name of the PythonService class
  --java-build-tool {auto,ant,gradle}
                        The java build tool to use when packaging the APK,
                        defaults to automatically selecting an appropriate
                        tool.
  --add-asset ASSETS    Put this in the assets folder in the apk.
  --add-resource RESOURCES
                        Put this in the res folder in the apk.
  --private PRIVATE     the directory with the app source code files
                        (containing your main.py entrypoint)
  --use-setup-py        Process the setup.py of a project if present.
                        (Experimental!
  --ignore-setup-py     Don't run the setup.py of a project if present. This
                        may be required if the setup.py is not designed to
                        work inside p4a (e.g. by installing dependencies that
                        won't work or aren't desired on Android
  --release             Build your app as a non-debug release build. (Disables
                        gdb debugging among other things)
  --with-debug-symbols  Will keep debug symbols from `.so` files.
  --keystore KEYSTORE   Keystore for JAR signing key, will use jarsigner
                        default if not specified (release build only)
  --signkey SIGNKEY     Key alias to sign PARSER_APK. with (release build
                        only)
  --keystorepw KEYSTOREPW
                        Password for keystore
  --signkeypw SIGNKEYPW
                        Password for key alias

  Whether to force compilation of a new distribution

  --force-build
  --no-force-build      (this is the default)
  --require-perfect-match
  --no-require-perfect-match
                        (this is the default)
  --allow-replace-dist  (this is the default)
  --no-allow-replace-dist
  --copy-libs
  --no-copy-libs        (this is the default)
# Check application requirements
# Compile platform
# Run ['/usr/bin/python3', '-m', 'pythonforandroid.toolchain', 'create', '--dist_name=loanassistant', '--bootstrap=sdl2', '--requirements=python3,requests,beautifulsoup4,schedule,aiohttp,sqlite3,kivy==2.3.0,pyjnius,sdl2', '--arch=arm64-v8a', '--arch=armeabi-v7a', '--copy-libs', '--color=always', '--storage-dir=/home/admin/openclaw/workspace/loan-assistant/.buildozer/android/platform/build-arm64-v8a_armeabi-v7a', '--ndk-api=24', '--ignore-setup-py', '--debug']
# Cwd /home/admin/openclaw/workspace/loan-assistant/.buildozer/android/platform/python-for-android
[WARNING]: prerequisites.py is experimental and does not support all prerequisites yet.
[WARNING]: Please report any issues to the python-for-android issue tracker.
[WARNING]: prerequisites.py is experimental and does not support all prerequisites yet.
[WARNING]: Please report any issues to the python-for-android issue tracker.
[1m[INFO][0m:    Recipe kivy: version "2.3.0" requested
[1m[INFO][0m:    Will compile for the following archs: armeabi-v7a, arm64-v8a
[1m[INFO][0m:    Found Android API target in $ANDROIDAPI: 28
[1m[31m[WARNING][39m[0m: Target API 28 < 30
[1m[31m[WARNING][39m[0m: Target APIs lower than 30 are no longer supported on Google Play, and are not recommended. Note that the Target API can be higher than your device Android version, and should usually be as high as possible.
[1m[31m[WARNING][39m[0m: Target API 28 < 30
[1m[31m[WARNING][39m[0m: Target APIs lower than 30 are no longer supported on Google Play, and are not recommended. Note that the Target API can be higher than your device Android version, and should usually be as high as possible.
[1m[INFO][0m:    Available Android APIs are (28)
[1m[INFO][0m:    Requested API target 28 is available, continuing.
[1m[INFO][0m:    Found NDK dir in $ANDROIDNDK: /home/admin/.buildozer/android/platform/android-ndk-r25b
[1m[INFO][0m:    Found NDK version 25b
[1m[INFO][0m:    Getting NDK API version (i.e. minimum supported API) from user argument
[1m[INFO][0m:    ccache is missing, the build will not be optimized in the future.
[1m[90m[DEBUG][39m[0m:   All possible dists: []
[1m[90m[DEBUG][39m[0m:   Dist matching name and arch: []
[1m[90m[DEBUG][39m[0m:   Dist matching ndk_api and recipe: []
[1m[INFO][0m:    No existing dists meet the given requirements!
[1m[90m[DEBUG][39m[0m:   Remove directory and subdirectory /home/admin/openclaw/workspace/loan-assistant/.buildozer/android/platform/build-arm64-v8a_armeabi-v7a/dists/loanassistant
[1m[INFO][0m:    [1m[94mNo dist exists that meets your requirements, so one will be built.[0m
[1m[INFO][0m:    Found a single valid recipe set: ['beautifulsoup4', 'hostpython3', 'libffi', 'openssl', 'requests', 'schedule', 'sdl2_image', 'sdl2_mixer', 'sdl2_ttf', 'sqlite3', 'python3', 'sdl2', 'setuptools', 'aiohttp', 'six', 'pyjnius', 'android', 'kivy']
[1m[INFO][0m:    The selected bootstrap is sdl2
[1m[INFO][0m:    [1m[32m# Creating dist with sdl2 bootstrap[0m[39m
[1m[INFO][0m:    [1m[94mDist will have name loanassistant and requirements (python3, requests, beautifulsoup4, schedule, aiohttp, sqlite3, kivy, pyjnius, sdl2)[0m
[1m[INFO][0m:    Dist contains the following requirements as recipes: ['hostpython3', 'libffi', 'openssl', 'sdl2_image', 'sdl2_mixer', 'sdl2_ttf', 'sqlite3', 'python3', 'sdl2', 'setuptools', 'aiohttp', 'six', 'pyjnius', 'android', 'kivy']
[1m[INFO][0m:    Dist will also contain modules (schedule, certifi, urllib3, idna, requests, beautifulsoup4, chardet) installed from pip
[1m[INFO][0m:    Dist will be build in mode debug
[1m[INFO][0m:    [36m-> directory context /home/admin/openclaw/workspace/loan-assistant/.buildozer/android/platform/build-arm64-v8a_armeabi-v7a/build/bootstrap_builds/sdl2[39m
[1m[INFO][0m:    [36m<- directory context /home/admin/openclaw/workspace/loan-assistant/.buildozer/android/platform/python-for-android[39m
[1m[90m[DEBUG][39m[0m:   Create directory /home/admin/openclaw/workspace/loan-assistant/.buildozer/android/platform/build-arm64-v8a_armeabi-v7a/dists/loanassistant
[1m[INFO][0m:    [1m[94mRecipe build order is ['hostpython3', 'libffi', 'openssl', 'sdl2_image', 'sdl2_mixer', 'sdl2_ttf', 'sqlite3', 'python3', 'sdl2', 'setuptools', 'aiohttp', 'six', 'pyjnius', 'android', 'kivy'][0m
[1m[INFO][0m:    [1m[94mThe requirements (beautifulsoup4, certifi, chardet, idna, requests, schedule, urllib3) were not found as recipes, they will be installed with pip.[0m
[1m[INFO][0m:    [1m[32m# Downloading recipes [0m[39m
[1m[INFO][0m:    [1m[32mDownloading hostpython3[0m[39m
[1m[INFO][0m:    [36m-> directory context /home/admin/openclaw/workspace/loan-assistant/.buildozer/android/platform/build-arm64-v8a_armeabi-v7a/packages/hostpython3[39m
stty: 'standard input': Inappropriate ioctl for device
[1m[90m[DEBUG][39m[0m:   [90m->[0m running basename https://www.python.org/ftp/python/3.11.5/Python-3.11.5.tgz[0m
[1m[90m[DEBUG][39m[0m:   	Python-3.11.5.tgz
[1m[INFO][0m:    hostpython3 download already cached, skipping
[1m[INFO][0m:    [36m<- directory context /home/admin/openclaw/workspace/loan-assistant/.buildozer/android/platform/python-for-android[39m
[1m[INFO][0m:    [1m[32mDownloading libffi[0m[39m
[1m[INFO][0m:    [36m-> directory context /home/admin/openclaw/workspace/loan-assistant/.buildozer/android/platform/build-arm64-v8a_armeabi-v7a/packages/libffi[39m
stty: 'standard input': Inappropriate ioctl for device
[1m[90m[DEBUG][39m[0m:   [90m->[0m running basename https://github.com/libffi/libffi/archive/v3.4.2.tar.gz[0m
[1m[90m[DEBUG][39m[0m:   	v3.4.2.tar.gz
[1m[INFO][0m:    libffi download already cached, skipping
[1m[INFO][0m:    [36m<- directory context /home/admin/openclaw/workspace/loan-assistant/.buildozer/android/platform/python-for-android[39m
[1m[INFO][0m:    [1m[32mDownloading openssl[0m[39m
[1m[INFO][0m:    [36m-> directory context /home/admin/openclaw/workspace/loan-assistant/.buildozer/android/platform/build-arm64-v8a_armeabi-v7a/packages/openssl[39m
stty: 'standard input': Inappropriate ioctl for device
[1m[90m[DEBUG][39m[0m:   [90m->[0m running basename https://www.openssl.org/source/openssl-1.1.1w.tar.gz[0m
[1m[90m[DEBUG][39m[0m:   	openssl-1.1.1w.tar.gz
[1m[INFO][0m:    openssl download already cached, skipping
[1m[INFO][0m:    [36m<- directory context /home/admin/openclaw/workspace/loan-assistant/.buildozer/android/platform/python-for-android[39m
[1m[INFO][0m:    [1m[32mDownloading sdl2_image[0m[39m
[1m[INFO][0m:    [36m-> directory context /home/admin/openclaw/workspace/loan-assistant/.buildozer/android/platform/build-arm64-v8a_armeabi-v7a/packages/sdl2_image[39m
stty: 'standard input': Inappropriate ioctl for device
[1m[90m[DEBUG][39m[0m:   [90m->[0m running basename https://github.com/libsdl-org/SDL_image/releases/download/release-2.8.0/SDL2_image-2.8.0.tar.gz[0m
[1m[90m[DEBUG][39m[0m:   	SDL2_image-2.8.0.tar.gz
[1m[INFO][0m:    sdl2_image download already cached, skipping
[1m[INFO][0m:    [36m<- directory context /home/admin/openclaw/workspace/loan-assistant/.buildozer/android/platform/python-for-android[39m
[1m[INFO][0m:    [1m[32mDownloading sdl2_mixer[0m[39m
[1m[INFO][0m:    [36m-> directory context /home/admin/openclaw/workspace/loan-assistant/.buildozer/android/platform/build-arm64-v8a_armeabi-v7a/packages/sdl2_mixer[39m
stty: 'standard input': Inappropriate ioctl for device
[1m[90m[DEBUG][39m[0m:   [90m->[0m running basename https://github.com/libsdl-org/SDL_mixer/releases/download/release-2.6.3/SDL2_mixer-2.6.3.tar.gz[0m
[1m[90m[DEBUG][39m[0m:   	SDL2_mixer-2.6.3.tar.gz
[1m[INFO][0m:    sdl2_mixer download already cached, skipping
[1m[INFO][0m:    [36m<- directory context /home/admin/openclaw/workspace/loan-assistant/.buildozer/android/platform/python-for-android[39m
[1m[INFO][0m:    [1m[32mDownloading sdl2_ttf[0m[39m
[1m[INFO][0m:    [36m-> directory context /home/admin/openclaw/workspace/loan-assistant/.buildozer/android/platform/build-arm64-v8a_armeabi-v7a/packages/sdl2_ttf[39m
stty: 'standard input': Inappropriate ioctl for device
[1m[90m[DEBUG][39m[0m:   [90m->[0m running basename https://github.com/libsdl-org/SDL_ttf/releases/download/release-2.20.2/SDL2_ttf-2.20.2.tar.gz[0m
[1m[90m[DEBUG][39m[0m:   	SDL2_ttf-2.20.2.tar.gz
[1m[INFO][0m:    sdl2_ttf download already cached, skipping
[1m[INFO][0m:    [36m<- directory context /home/admin/openclaw/workspace/loan-assistant/.buildozer/android/platform/python-for-android[39m
[1m[INFO][0m:    [1m[32mDownloading sqlite3[0m[39m
[1m[INFO][0m:    [36m-> directory context /home/admin/openclaw/workspace/loan-assistant/.buildozer/android/platform/build-arm64-v8a_armeabi-v7a/packages/sqlite3[39m
stty: 'standard input': Inappropriate ioctl for device
[1m[90m[DEBUG][39m[0m:   [90m->[0m running basename https://www.sqlite.org/2021/sqlite-amalgamation-3350500.zip[0m
[1m[90m[DEBUG][39m[0m:   	sqlite-amalgamation-3350500.zip
[1m[INFO][0m:    sqlite3 download already cached, skipping
[1m[INFO][0m:    [36m<- directory context /home/admin/openclaw/workspace/loan-assistant/.buildozer/android/platform/python-for-android[39m
[1m[INFO][0m:    [1m[32mDownloading python3[0m[39m
[1m[INFO][0m:    [36m-> directory context /home/admin/openclaw/workspace/loan-assistant/.buildozer/android/platform/build-arm64-v8a_armeabi-v7a/packages/python3[39m
stty: 'standard input': Inappropriate ioctl for device
[1m[90m[DEBUG][39m[0m:   [90m->[0m running basename https://www.python.org/ftp/python/3.11.5/Python-3.11.5.tgz[0m
[1m[90m[DEBUG][39m[0m:   	Python-3.11.5.tgz
[1m[INFO][0m:    python3 download already cached, skipping
[1m[INFO][0m:    [36m<- directory context /home/admin/openclaw/workspace/loan-assistant/.buildozer/android/platform/python-for-android[39m
[1m[INFO][0m:    [1m[32mDownloading sdl2[0m[39m
[1m[INFO][0m:    [36m-> directory context /home/admin/openclaw/workspace/loan-assistant/.buildozer/android/platform/build-arm64-v8a_armeabi-v7a/packages/sdl2[39m
stty: 'standard input': Inappropriate ioctl for device
[1m[90m[DEBUG][39m[0m:   [90m->[0m running basename https://github.com/libsdl-org/SDL/releases/download/release-2.28.5/SDL2-2.28.5.tar.gz[0m
[1m[90m[DEBUG][39m[0m:   	SDL2-2.28.5.tar.gz
[1m[INFO][0m:    sdl2 download already cached, skipping
[1m[INFO][0m:    [36m<- directory context /home/admin/openclaw/workspace/loan-assistant/.buildozer/android/platform/python-for-android[39m
[1m[INFO][0m:    [1m[32mDownloading setuptools[0m[39m
[1m[INFO][0m:    [36m-> directory context /home/admin/openclaw/workspace/loan-assistant/.buildozer/android/platform/build-arm64-v8a_armeabi-v7a/packages/setuptools[39m
stty: 'standard input': Inappropriate ioctl for device
[1m[90m[DEBUG][39m[0m:   [90m->[0m running basename https://pypi.python.org/packages/source/s/setuptools/setuptools-51.3.3.tar.gz[0m
[1m[90m[DEBUG][39m[0m:   	setuptools-51.3.3.tar.gz
[1m[INFO][0m:    setuptools download already cached, skipping
[1m[INFO][0m:    [36m<- directory context /home/admin/openclaw/workspace/loan-assistant/.buildozer/android/platform/python-for-android[39m
[1m[INFO][0m:    [1m[32mDownloading aiohttp[0m[39m
[1m[INFO][0m:    [36m-> directory context /home/admin/openclaw/workspace/loan-assistant/.buildozer/android/platform/build-arm64-v8a_armeabi-v7a/packages/aiohttp[39m
stty: 'standard input': Inappropriate ioctl for device
[1m[90m[DEBUG][39m[0m:   [90m->[0m running basename https://pypi.python.org/packages/source/a/aiohttp/aiohttp-3.8.3.tar.gz[0m
[1m[90m[DEBUG][39m[0m:   	aiohttp-3.8.3.tar.gz
[1m[INFO][0m:    aiohttp download already cached, skipping
[1m[INFO][0m:    [36m<- directory context /home/admin/openclaw/workspace/loan-assistant/.buildozer/android/platform/python-for-android[39m
[1m[INFO][0m:    [1m[32mDownloading six[0m[39m
[1m[INFO][0m:    [36m-> directory context /home/admin/openclaw/workspace/loan-assistant/.buildozer/android/platform/build-arm64-v8a_armeabi-v7a/packages/six[39m
stty: 'standard input': Inappropriate ioctl for device
[1m[90m[DEBUG][39m[0m:   [90m->[0m running basename https://pypi.python.org/packages/source/s/six/six-1.15.0.tar.gz[0m
[1m[90m[DEBUG][39m[0m:   	six-1.15.0.tar.gz
[1m[INFO][0m:    six download already cached, skipping
[1m[INFO][0m:    [36m<- directory context /home/admin/openclaw/workspace/loan-assistant/.buildozer/android/platform/python-for-android[39m
[1m[INFO][0m:    [1m[32mDownloading pyjnius[0m[39m
[1m[INFO][0m:    [36m-> directory context /home/admin/openclaw/workspace/loan-assistant/.buildozer/android/platform/build-arm64-v8a_armeabi-v7a/packages/pyjnius[39m
stty: 'standard input': Inappropriate ioctl for device
[1m[90m[DEBUG][39m[0m:   [90m->[0m running basename https://gitee.com/mirrors/pyjnius/repository/archive/1.6.1.zip[0m
[1m[90m[DEBUG][39m[0m:   	1.6.1.zip
[1m[INFO][0m:    pyjnius download already cached, skipping
[1m[INFO][0m:    [36m<- directory context /home/admin/openclaw/workspace/loan-assistant/.buildozer/android/platform/python-for-android[39m
[1m[INFO][0m:    [1m[32mDownloading android[0m[39m
[1m[INFO][0m:    Skipping android download as no URL is set
[1m[INFO][0m:    [1m[32mDownloading kivy[0m[39m
[1m[INFO][0m:    [36m-> directory context /home/admin/openclaw/workspace/loan-assistant/.buildozer/android/platform/build-arm64-v8a_armeabi-v7a/packages/kivy[39m
stty: 'standard input': Inappropriate ioctl for device
[1m[90m[DEBUG][39m[0m:   [90m->[0m running basename https://github.com/kivy/kivy/archive/2.3.0.zip[0m
[1m[90m[DEBUG][39m[0m:   	2.3.0.zip
[1m[INFO][0m:    kivy download already cached, skipping
[1m[INFO][0m:    [36m<- directory context /home/admin/openclaw/workspace/loan-assistant/.buildozer/android/platform/python-for-android[39m
[1m[INFO][0m:    [1m[32m# Building all recipes for arch armeabi-v7a[0m[39m
[1m[INFO][0m:    [1m[32m# Unpacking recipes[0m[39m
[1m[90m[DEBUG][39m[0m:   Create directory /home/admin/openclaw/workspace/loan-assistant/.buildozer/android/platform/build-arm64-v8a_armeabi-v7a/build/other_builds/hostpython3/desktop
[1m[INFO][0m:    [1m[32mUnpacking hostpython3 for armeabi-v7a[0m[39m
stty: 'standard input': Inappropriate ioctl for device
[1m[90m[DEBUG][39m[0m:   [90m->[0m running basename https://www.python.org/ftp/python/3.11.5/Python-3.11.5.tgz[0m
[1m[90m[DEBUG][39m[0m:   	Python-3.11.5.tgz
[1m[INFO][0m:    [36m-> directory context /home/admin/openclaw/workspace/loan-assistant/.buildozer/android/platform/build-arm64-v8a_armeabi-v7a/build/other_builds/hostpython3/desktop[39m
[1m[90m[DEBUG][39m[0m:   Moving Python-3.11.5 to /home/admin/openclaw/workspace/loan-assistant/.buildozer/android/platform/build-arm64-v8a_armeabi-v7a/build/other_builds/hostpython3/desktop/hostpython3
[1m[INFO][0m:    [36m<- directory context /home/admin/openclaw/workspace/loan-assistant/.buildozer/android/platform/python-for-android[39m
[1m[90m[DEBUG][39m[0m:   Create directory /home/admin/openclaw/workspace/loan-assistant/.buildozer/android/platform/build-arm64-v8a_armeabi-v7a/build/other_builds/libffi/armeabi-v7a__ndk_target_24
[1m[INFO][0m:    [1m[32mUnpacking libffi for armeabi-v7a[0m[39m
stty: 'standard input': Inappropriate ioctl for device
[1m[90m[DEBUG][39m[0m:   [90m->[0m running basename https://github.com/libffi/libffi/archive/v3.4.2.tar.gz[0m
[1m[90m[DEBUG][39m[0m:   	v3.4.2.tar.gz
[1m[INFO][0m:    [36m-> directory context /home/admin/openclaw/workspace/loan-assistant/.buildozer/android/platform/build-arm64-v8a_armeabi-v7a/build/other_builds/libffi/armeabi-v7a__ndk_target_24[39m
[1m[90m[DEBUG][39m[0m:   Moving libffi-3.4.2 to /home/admin/openclaw/workspace/loan-assistant/.buildozer/android/platform/build-arm64-v8a_armeabi-v7a/build/other_builds/libffi/armeabi-v7a__ndk_target_24/libffi
[1m[INFO][0m:    [36m<- directory context /home/admin/openclaw/workspace/loan-assistant/.buildozer/android/platform/python-for-android[39m
[1m[90m[DEBUG][39m[0m:   Create directory /home/admin/openclaw/workspace/loan-assistant/.buildozer/android/platform/build-arm64-v8a_armeabi-v7a/build/other_builds/openssl/armeabi-v7a__ndk_target_24
[1m[INFO][0m:    [1m[32mUnpacking openssl for armeabi-v7a[0m[39m
stty: 'standard input': Inappropriate ioctl for device
[1m[90m[DEBUG][39m[0m:   [90m->[0m running basename https://www.openssl.org/source/openssl-1.1.1w.tar.gz[0m
[1m[90m[DEBUG][39m[0m:   	openssl-1.1.1w.tar.gz
[1m[INFO][0m:    [36m-> directory context /home/admin/openclaw/workspace/loan-assistant/.buildozer/android/platform/build-arm64-v8a_armeabi-v7a/build/other_builds/openssl/armeabi-v7a__ndk_target_24[39m
[1m[90m[DEBUG][39m[0m:   Moving openssl-1.1.1w to /home/admin/openclaw/workspace/loan-assistant/.buildozer/android/platform/build-arm64-v8a_armeabi-v7a/build/other_builds/openssl/armeabi-v7a__ndk_target_24/openssl1.1
[1m[INFO][0m:    [36m<- directory context /home/admin/openclaw/workspace/loan-assistant/.buildozer/android/platform/python-for-android[39m
[1m[INFO][0m:    [1m[32mUnpacking sdl2_image for armeabi-v7a[0m[39m
stty: 'standard input': Inappropriate ioctl for device
[1m[90m[DEBUG][39m[0m:   [90m->[0m running basename https://github.com/libsdl-org/SDL_image/releases/download/release-2.8.0/SDL2_image-2.8.0.tar.gz[0m
[1m[90m[DEBUG][39m[0m:   	SDL2_image-2.8.0.tar.gz
[1m[INFO][0m:    [36m-> directory context /home/admin/openclaw/workspace/loan-assistant/.buildozer/android/platform/build-arm64-v8a_armeabi-v7a/build/bootstrap_builds/sdl2/jni[39m
[1m[90m[DEBUG][39m[0m:   Moving SDL2_image-2.8.0 to /home/admin/openclaw/workspace/loan-assistant/.buildozer/android/platform/build-arm64-v8a_armeabi-v7a/build/bootstrap_builds/sdl2/jni/SDL2_image
[1m[INFO][0m:    [36m<- directory context /home/admin/openclaw/workspace/loan-assistant/.buildozer/android/platform/python-for-android[39m
[1m[INFO][0m:    [1m[32mUnpacking sdl2_mixer for armeabi-v7a[0m[39m
stty: 'standard input': Inappropriate ioctl for device
[1m[90m[DEBUG][39m[0m:   [90m->[0m running basename https://github.com/libsdl-org/SDL_mixer/releases/download/release-2.6.3/SDL2_mixer-2.6.3.tar.gz[0m
[1m[90m[DEBUG][39m[0m:   	SDL2_mixer-2.6.3.tar.gz
[1m[INFO][0m:    [36m-> directory context /home/admin/openclaw/workspace/loan-assistant/.buildozer/android/platform/build-arm64-v8a_armeabi-v7a/build/bootstrap_builds/sdl2/jni[39m
[1m[90m[DEBUG][39m[0m:   Moving SDL2_mixer-2.6.3 to /home/admin/openclaw/workspace/loan-assistant/.buildozer/android/platform/build-arm64-v8a_armeabi-v7a/build/bootstrap_builds/sdl2/jni/SDL2_mixer
[1m[INFO][0m:    [36m<- directory context /home/admin/openclaw/workspace/loan-assistant/.buildozer/android/platform/python-for-android[39m
[1m[INFO][0m:    [1m[32mUnpacking sdl2_ttf for armeabi-v7a[0m[39m
stty: 'standard input': Inappropriate ioctl for device
[1m[90m[DEBUG][39m[0m:   [90m->[0m running basename https://github.com/libsdl-org/SDL_ttf/releases/download/release-2.20.2/SDL2_ttf-2.20.2.tar.gz[0m
[1m[90m[DEBUG][39m[0m:   	SDL2_ttf-2.20.2.tar.gz
[1m[INFO][0m:    [36m-> directory context /home/admin/openclaw/workspace/loan-assistant/.buildozer/android/platform/build-arm64-v8a_armeabi-v7a/build/bootstrap_builds/sdl2/jni[39m
[1m[90m[DEBUG][39m[0m:   Moving SDL2_ttf-2.20.2 to /home/admin/openclaw/workspace/loan-assistant/.buildozer/android/platform/build-arm64-v8a_armeabi-v7a/build/bootstrap_builds/sdl2/jni/SDL2_ttf
[1m[INFO][0m:    [36m<- directory context /home/admin/openclaw/workspace/loan-assistant/.buildozer/android/platform/python-for-android[39m
[1m[90m[DEBUG][39m[0m:   Create directory /home/admin/openclaw/workspace/loan-assistant/.buildozer/android/platform/build-arm64-v8a_armeabi-v7a/build/other_builds/sqlite3/armeabi-v7a__ndk_target_24
[1m[INFO][0m:    [1m[32mUnpacking sqlite3 for armeabi-v7a[0m[39m
stty: 'standard input': Inappropriate ioctl for device
[1m[90m[DEBUG][39m[0m:   [90m->[0m running basename https://www.sqlite.org/2021/sqlite-amalgamation-3350500.zip[0m
[1m[90m[DEBUG][39m[0m:   	sqlite-amalgamation-3350500.zip
[1m[INFO][0m:    [36m-> directory context /home/admin/openclaw/workspace/loan-assistant/.buildozer/android/platform/build-arm64-v8a_armeabi-v7a/build/other_builds/sqlite3/armeabi-v7a__ndk_target_24[39m
[1m[90m[DEBUG][39m[0m:   Moving sqlite-amalgamation-3350500 to /home/admin/openclaw/workspace/loan-assistant/.buildozer/android/platform/build-arm64-v8a_armeabi-v7a/build/other_builds/sqlite3/armeabi-v7a__ndk_target_24/sqlite3
[1m[INFO][0m:    [36m<- directory context /home/admin/openclaw/workspace/loan-assistant/.buildozer/android/platform/python-for-android[39m
[1m[90m[DEBUG][39m[0m:   Create directory /home/admin/openclaw/workspace/loan-assistant/.buildozer/android/platform/build-arm64-v8a_armeabi-v7a/build/other_builds/python3/armeabi-v7a__ndk_target_24
[1m[INFO][0m:    [1m[32mUnpacking python3 for armeabi-v7a[0m[39m
stty: 'standard input': Inappropriate ioctl for device
[1m[90m[DEBUG][39m[0m:   [90m->[0m running basename https://www.python.org/ftp/python/3.11.5/Python-3.11.5.tgz[0m
[1m[90m[DEBUG][39m[0m:   	Python-3.11.5.tgz
[1m[INFO][0m:    [36m-> directory context /home/admin/openclaw/workspace/loan-assistant/.buildozer/android/platform/build-arm64-v8a_armeabi-v7a/build/other_builds/python3/armeabi-v7a__ndk_target_24[39m
[1m[90m[DEBUG][39m[0m:   Moving Python-3.11.5 to /home/admin/openclaw/workspace/loan-assistant/.buildozer/android/platform/build-arm64-v8a_armeabi-v7a/build/other_builds/python3/armeabi-v7a__ndk_target_24/python3
[1m[INFO][0m:    [36m<- directory context /home/admin/openclaw/workspace/loan-assistant/.buildozer/android/platform/python-for-android[39m
[1m[INFO][0m:    [1m[32mUnpacking sdl2 for armeabi-v7a[0m[39m
stty: 'standard input': Inappropriate ioctl for device
[1m[90m[DEBUG][39m[0m:   [90m->[0m running basename https://github.com/libsdl-org/SDL/releases/download/release-2.28.5/SDL2-2.28.5.tar.gz[0m
[1m[90m[DEBUG][39m[0m:   	SDL2-2.28.5.tar.gz
[1m[INFO][0m:    [36m-> directory context /home/admin/openclaw/workspace/loan-assistant/.buildozer/android/platform/build-arm64-v8a_armeabi-v7a/build/bootstrap_builds/sdl2/jni[39m
[1m[90m[DEBUG][39m[0m:   Moving SDL2-2.28.5 to /home/admin/openclaw/workspace/loan-assistant/.buildozer/android/platform/build-arm64-v8a_armeabi-v7a/build/bootstrap_builds/sdl2/jni/SDL
[1m[INFO][0m:    [36m<- directory context /home/admin/openclaw/workspace/loan-assistant/.buildozer/android/platform/python-for-android[39m
[1m[90m[DEBUG][39m[0m:   Create directory /home/admin/openclaw/workspace/loan-assistant/.buildozer/android/platform/build-arm64-v8a_armeabi-v7a/build/other_builds/setuptools/armeabi-v7a__ndk_target_24
[1m[INFO][0m:    [1m[32mUnpacking setuptools for armeabi-v7a[0m[39m
stty: 'standard input': Inappropriate ioctl for device
[1m[90m[DEBUG][39m[0m:   [90m->[0m running basename https://pypi.python.org/packages/source/s/setuptools/setuptools-51.3.3.tar.gz[0m
[1m[90m[DEBUG][39m[0m:   	setuptools-51.3.3.tar.gz
[1m[INFO][0m:    [36m-> directory context /home/admin/openclaw/workspace/loan-assistant/.buildozer/android/platform/build-arm64-v8a_armeabi-v7a/build/other_builds/setuptools/armeabi-v7a__ndk_target_24[39m
[1m[90m[DEBUG][39m[0m:   Moving setuptools-51.3.3 to /home/admin/openclaw/workspace/loan-assistant/.buildozer/android/platform/build-arm64-v8a_armeabi-v7a/build/other_builds/setuptools/armeabi-v7a__ndk_target_24/setuptools
[1m[INFO][0m:    [36m<- directory context /home/admin/openclaw/workspace/loan-assistant/.buildozer/android/platform/python-for-android[39m
[1m[90m[DEBUG][39m[0m:   Create directory /home/admin/openclaw/workspace/loan-assistant/.buildozer/android/platform/build-arm64-v8a_armeabi-v7a/build/other_builds/aiohttp/armeabi-v7a__ndk_target_24
[1m[INFO][0m:    [1m[32mUnpacking aiohttp for armeabi-v7a[0m[39m
stty: 'standard input': Inappropriate ioctl for device
[1m[90m[DEBUG][39m[0m:   [90m->[0m running basename https://pypi.python.org/packages/source/a/aiohttp/aiohttp-3.8.3.tar.gz[0m
[1m[90m[DEBUG][39m[0m:   	aiohttp-3.8.3.tar.gz
[1m[INFO][0m:    [36m-> directory context /home/admin/openclaw/workspace/loan-assistant/.buildozer/android/platform/build-arm64-v8a_armeabi-v7a/build/other_builds/aiohttp/armeabi-v7a__ndk_target_24[39m
[1m[90m[DEBUG][39m[0m:   Moving aiohttp-3.8.3 to /home/admin/openclaw/workspace/loan-assistant/.buildozer/android/platform/build-arm64-v8a_armeabi-v7a/build/other_builds/aiohttp/armeabi-v7a__ndk_target_24/aiohttp
[1m[INFO][0m:    [36m<- directory context /home/admin/openclaw/workspace/loan-assistant/.buildozer/android/platform/python-for-android[39m
[1m[90m[DEBUG][39m[0m:   Create directory /home/admin/openclaw/workspace/loan-assistant/.buildozer/android/platform/build-arm64-v8a_armeabi-v7a/build/other_builds/six/armeabi-v7a__ndk_target_24
[1m[INFO][0m:    [1m[32mUnpacking six for armeabi-v7a[0m[39m
stty: 'standard input': Inappropriate ioctl for device
[1m[90m[DEBUG][39m[0m:   [90m->[0m running basename https://pypi.python.org/packages/source/s/six/six-1.15.0.tar.gz[0m
[1m[90m[DEBUG][39m[0m:   	six-1.15.0.tar.gz
[1m[INFO][0m:    [36m-> directory context /home/admin/openclaw/workspace/loan-assistant/.buildozer/android/platform/build-arm64-v8a_armeabi-v7a/build/other_builds/six/armeabi-v7a__ndk_target_24[39m
[1m[90m[DEBUG][39m[0m:   Moving six-1.15.0 to /home/admin/openclaw/workspace/loan-assistant/.buildozer/android/platform/build-arm64-v8a_armeabi-v7a/build/other_builds/six/armeabi-v7a__ndk_target_24/six
[1m[INFO][0m:    [36m<- directory context /home/admin/openclaw/workspace/loan-assistant/.buildozer/android/platform/python-for-android[39m
[1m[90m[DEBUG][39m[0m:   Create directory /home/admin/openclaw/workspace/loan-assistant/.buildozer/android/platform/build-arm64-v8a_armeabi-v7a/build/other_builds/pyjnius-sdl2/armeabi-v7a__ndk_target_24
[1m[INFO][0m:    [1m[32mUnpacking pyjnius for armeabi-v7a[0m[39m
stty: 'standard input': Inappropriate ioctl for device
[1m[90m[DEBUG][39m[0m:   [90m->[0m running basename https://gitee.com/mirrors/pyjnius/repository/archive/1.6.1.zip[0m
[1m[90m[DEBUG][39m[0m:   	1.6.1.zip
[1m[INFO][0m:    [36m-> directory context /home/admin/openclaw/workspace/loan-assistant/.buildozer/android/platform/build-arm64-v8a_armeabi-v7a/build/other_builds/pyjnius-sdl2/armeabi-v7a__ndk_target_24[39m
[1m[90m[DEBUG][39m[0m:   Moving pyjnius-1.6.1 to /home/admin/openclaw/workspace/loan-assistant/.buildozer/android/platform/build-arm64-v8a_armeabi-v7a/build/other_builds/pyjnius-sdl2/armeabi-v7a__ndk_target_24/pyjnius
[1m[INFO][0m:    [36m<- directory context /home/admin/openclaw/workspace/loan-assistant/.buildozer/android/platform/python-for-android[39m
[1m[90m[DEBUG][39m[0m:   Create directory /home/admin/openclaw/workspace/loan-assistant/.buildozer/android/platform/build-arm64-v8a_armeabi-v7a/build/other_builds/android-sdl2/armeabi-v7a__ndk_target_24
stty: 'standard input': Inappropriate ioctl for device
[1m[90m[DEBUG][39m[0m:   [90m->[0m running cp -a /home/admin/openclaw/workspace/loan-assistant/.buildozer/android/platform/python-for-android/pythonforandroid/recipes/android/src /home/admin/openclaw/workspace/loan-assistant/.buildozer/android/platform/build-arm64-v8a_armeabi-v7a/build/other_builds/android-sdl2/armeabi-v7a__ndk_target_24/android[0m
[1m[90m[DEBUG][39m[0m:   Create directory /home/admin/openclaw/workspace/loan-assistant/.buildozer/android/platform/build-arm64-v8a_armeabi-v7a/build/other_builds/kivy/armeabi-v7a__ndk_target_24
[1m[INFO][0m:    [1m[32mUnpacking kivy for armeabi-v7a[0m[39m
stty: 'standard input': Inappropriate ioctl for device
[1m[90m[DEBUG][39m[0m:   [90m->[0m running basename https://github.com/kivy/kivy/archive/2.3.0.zip[0m
[1m[90m[DEBUG][39m[0m:   	2.3.0.zip
[1m[INFO][0m:    [36m-> directory context /home/admin/openclaw/workspace/loan-assistant/.buildozer/android/platform/build-arm64-v8a_armeabi-v7a/build/other_builds/kivy/armeabi-v7a__ndk_target_24[39m
[1m[90m[DEBUG][39m[0m:   Moving kivy-src to /home/admin/openclaw/workspace/loan-assistant/.buildozer/android/platform/build-arm64-v8a_armeabi-v7a/build/other_builds/kivy/armeabi-v7a__ndk_target_24/kivy
[1m[INFO][0m:    [36m<- directory context /home/admin/openclaw/workspace/loan-assistant/.buildozer/android/platform/python-for-android[39m
[1m[INFO][0m:    [1m[32m# Prebuilding recipes[0m[39m
[1m[INFO][0m:    [1m[32mPrebuilding hostpython3 for armeabi-v7a[0m[39m
[1m[INFO][0m:    hostpython3 has no prebuild_armeabi_v7a, skipping
[1m[INFO][0m:    [1m[32mApplying patches for hostpython3[armeabi-v7a][0m[39m
[1m[INFO][0m:    Applying patch patches/pyconfig_detection.patch
stty: 'standard input': Inappropriate ioctl for device
[1m[90m[DEBUG][39m[0m:   [90m->[0m running patch -t -d /home/admin/openclaw/workspace/loan-assistant/.buildozer/android/platform/build-arm64-v8a_armeabi-v7a/build/other_builds/hostpython3/desktop/hostpython3 -p1 -i /home/admin/openclaw/workspace/loan-assistant/.buildozer/android/platform/python-for-android/pythonforandroid/recipes/hostpython3/patches/pyconfig_detection.patch[0m
[1m[90m[DEBUG][39m[0m:   	patching file Lib/site.py
[1m[90m[DEBUG][39m[0m:   	Hunk #1 succeeded at 523 (offset 36 lines).
[1m[INFO][0m:    [1m[32mPrebuilding libffi for armeabi-v7a[0m[39m
[1m[INFO][0m:    libffi has no prebuild_armeabi_v7a, skipping
[1m[INFO][0m:    [1m[32mApplying patches for libffi[armeabi-v7a][0m[39m
[1m[INFO][0m:    Applying patch remove-version-info.patch
stty: 'standard input': Inappropriate ioctl for device
[1m[90m[DEBUG][39m[0m:   [90m->[0m running patch -t -d /home/admin/openclaw/workspace/loan-assistant/.buildozer/android/platform/build-arm64-v8a_armeabi-v7a/build/other_builds/libffi/armeabi-v7a__ndk_target_24/libffi -p1 -i /home/admin/openclaw/workspace/loan-assistant/.buildozer/android/platform/python-for-android/pythonforandroid/recipes/libffi/remove-version-info.patch[0m
[1m[90m[DEBUG][39m[0m:   	patching file Makefile.am
[1m[90m[DEBUG][39m[0m:   	Hunk #1 succeeded at 138 with fuzz 2 (offset -18 lines).
[1m[INFO][0m:    [1m[32mPrebuilding openssl for armeabi-v7a[0m[39m
[1m[INFO][0m:    openssl has no prebuild_armeabi_v7a, skipping
[1m[INFO][0m:    [1m[32mPrebuilding sdl2_image for armeabi-v7a[0m[39m
[1m[INFO][0m:    [36m-> directory context /home/admin/openclaw/workspace/loan-assistant/.buildozer/android/platform/build-arm64-v8a_armeabi-v7a/build/bootstrap_builds/sdl2/jni/SDL2_image/external[39m
stty: 'standard input': Inappropriate ioctl for device
[1m[90m[DEBUG][39m[0m:   [90m->[0m running download.sh[0m
[1m[90m[DEBUG][39m[0m:   	Cloning into 'external/jpeg'...
[1m[90m[DEBUG][39m[0m:   	remote: Enumerating objects: 417, done.
[1m[90m[DEBUG][39m[0m:   	remote: Counting objects:   0% (1/417)        remote: Counting objects:   1% (5/417)        remote: Counting objects:   2% (9/417)        remote: Counting objects:   3% (13/417)        remote: Counting objects:   4% (17/417)        remote: Counting objects:   5% (21/417)        remote: Counting objects:   6% (26/417)        remote: Counting objects:   7% (30/417)        remote: Counting objects:   8% (34/417)        remote: Counting objects:   9% (38/417)        remote: Counting objects:  10% (42/417)        remote: Counting objects:  11% (46/417)        remote: Counting objects:  12% (51/417)        remote: Counting objects:  13% (55/417)        remote: Counting objects:  14% (59/417)        remote: Counting objects:  15% (63/417)        remote: Counting objects:  16% (67/417)        remote: Counting objects:  17% (71/417)        remote: Counting objects:  18% (76/417)        remote: Counting objects:  19% (80/417)        remote: Counting objects:  20% (84/417)        remote: Counting objects:  21% (88/417)        remote: Counting objects:  22% (92/417)        remote: Counting objects:  23% (96/417)        remote: Counting objects:  24% (101/417)        remote: Counting objects:  25% (105/417)        remote: Counting objects:  26% (109/417)        remote: Counting objects:  27% (113/417)        remote: Counting objects:  28% (117/417)        remote: Counting objects:  29% (121/417)        remote: Counting objects:  30% (126/417)        remote: Counting objects:  31% (130/417)        remote: Counting objects:  32% (134/417)        remote: Counting objects:  33% (138/417)        remote: Counting objects:  34% (142/417)        remote: Counting objects:  35% (146/417)        remote: Counting objects:  36% (151/417)        remote: Counting objects:  37% (155/417)        remote: Counting objects:  38% (159/417)        remote: Counting objects:  39% (163/417)        remote: Counting objects:  40% (167/417)        remote: Counting objects:  41% (171/417)        remote: Counting objects:  42% (176/417)        remote: Counting objects:  43% (180/417)        remote: Counting objects:  44% (184/417)        remote: Counting objects:  45% (188/417)        remote: Counting objects:  46% (192/417)        remote: Counting objects:  47% (196/417)        remote: Counting objects:  48% (201/417)        remote: Counting objects:  49% (205/417)        remote: Counting objects:  50% (209/417)        remote: Counting objects:  51% (213/417)        remote: Counting objects:  52% (217/417)        remote: Counting objects:  53% (222/417)        remote: Counting objects:  54% (226/417)        remote: Counting objects:  55% (230/417)        remote: Counting objects:  56% (234/417)        remote: Counting objects:  57% (238/417)        remote: Counting objects:  58% (242/417)        remote: Counting objects:  59% (247/417)        remote: Counting objects:  60% (251/417)        remote: Counting objects:  61% (255/417)        remote: Counting objects:  62% (259/417)        remote: Counting objects:  63% (263/417)        remote: Counting objects:  64% (267/417)        remote: Counting objects:  65% (272/417)        remote: Counting objects:  66% (276/417)        remote: Counting objects:  67% (280/417)        remote: Counting objects:  68% (284/417)        remote: Counting objects:  69% (288/417)        remote: Counting objects:  70% (292/417)        remote: Counting objects:  71% (297/417)        remote: Counting objects:  72% (301/417)        remote: Counting objects:  73% (305/417)        remote: Counting objects:  74% (309/417)        remote: Counting objects:  75% (313/417)        remote: Counting objects:  76% (317/417)        remote: Counting objects:  77% (322/417)        remote: Counting objects:  78% (326/417)        remote: Counting objects:  79% (330/417)        remote: Counting objects:  80% (334/417)        remote: Counting objects:  81% (338/417)        remote: Counting objects:  82% (342/417)        remote: Counting objects:  83% (347/417)        remote: Counting objects:  84% (351/417)        remote: Counting objects:  85% (355/417)        remote: Counting objects:  86% (359/417)        remote: Counting objects:  87% (363/417)        remote: Counting objects:  88% (367/417)        remote: Counting objects:  89% (372/417)        remote: Counting objects:  90% (376/417)        remote: Counting objects:  91% (380/417)        remote: Counting objects:  92% (384/417)        remote: Counting objects:  93% (388/417)        remote: Counting objects:  94% (392/417)        remote: Counting objects:  95% (397/417)        remote: Counting objects:  96% (401/417)        remote: Counting objects:  97% (405/417)        remote: Counting objects:  98% (409/417)        remote: Counting objects:  99% (413/417)        remote: Counting objects: 100% (417/417)        remote: Counting objects: 100% (417/417), done.
[1m[90m[DEBUG][39m[0m:   	remote: Compressing objects:   0% (1/252)        remote: Compressing objects:   1% (3/252)        remote: Compressing objects:   2% (6/252)        remote: Compressing objects:   3% (8/252)        remote: Compressing objects:   4% (11/252)        remote: Compressing objects:   5% (13/252)        remote: Compressing objects:   6% (16/252)        remote: Compressing objects:   7% (18/252)        remote: Compressing objects:   8% (21/252)        remote: Compressing objects:   9% (23/252)        remote: Compressing objects:  10% (26/252)        remote: Compressing objects:  11% (28/252)        remote: Compressing objects:  12% (31/252)        remote: Compressing objects:  13% (33/252)        remote: Compressing objects:  14% (36/252)        remote: Compressing objects:  15% (38/252)        remote: Compressing objects:  16% (41/252)        remote: Compressing objects:  17% (43/252)        remote: Compressing objects:  18% (46/252)        remote: Compressing objects:  19% (48/252)        remote: Compressing objects:  20% (51/252)        remote: Compressing objects:  21% (53/252)        remote: Compressing objects:  22% (56/252)        remote: Compressing objects:  23% (58/252)        remote: Compressing objects:  24% (61/252)        remote: Compressing objects:  25% (63/252)        remote: Compressing objects:  26% (66/252)        remote: Compressing objects:  27% (69/252)        remote: Compressing objects:  28% (71/252)        remote: Compressing objects:  29% (74/252)        remote: Compressing objects:  30% (76/252)        remote: Compressing objects:  31% (79/252)        remote: Compressing objects:  32% (81/252)        remote: Compressing objects:  33% (84/252)        remote: Compressing objects:  34% (86/252)        remote: Compressing objects:  35% (89/252)        remote: Compressing objects:  36% (91/252)        remote: Compressing objects:  37% (94/252)        remote: Compressing objects:  38% (96/252)        remote: Compressing objects:  39% (99/252)        remote: Compressing objects:  40% (101/252)        remote: Compressing objects:  41% (104/252)        remote: Compressing objects:  42% (106/252)        remote: Compressing objects:  43% (109/252)        remote: Compressing objects:  44% (111/252)        remote: Compressing objects:  45% (114/252)        remote: Compressing objects:  46% (116/252)        remote: Compressing objects:  47% (119/252)        remote: Compressing objects:  48% (121/252)        remote: Compressing objects:  49% (124/252)        remote: Compressing objects:  50% (126/252)        remote: Compressing objects:  51% (129/252)        remote: Compressing objects:  52% (132/252)        remote: Compressing objects:  53% (134/252)        remote: Compressing objects:  54% (137/252)        remote: Compressing objects:  55% (139/252)        remote: Compressing objects:  56% (142/252)        remote: Compressing objects:  57% (144/252)        remote: Compressing objects:  58% (147/252)        remote: Compressing objects:  59% (149/252)        remote: Compressing objects:  60% (152/252)        remote: Compressing objects:  61% (154/252)        remote: Compressing objects:  62% (157/252)        remote: Compressing objects:  63% (159/252)        remote: Compressing objects:  64% (162/252)        remote: Compressing objects:  65% (164/252)        remote: Compressing objects:  66% (167/252)        remote: Compressing objects:  67% (169/252)        remote: Compressing objects:  68% (172/252)        remote: Compressing objects:  69% (174/252)        remote: Compressing objects:  70% (177/252)        remote: Compressing objects:  71% (179/252)        remote: Compressing objects:  72% (182/252)        remote: Compressing objects:  73% (184/252)        remote: Compressing objects:  74% (187/252)        remote: Compressing objects:  75% (189/252)        remote: Compressing objects:  76% (192/252)        remote: Compressing objects:  77% (195/252)        remote: Compressing objects:  78% (197/252)        remote: Compressing objects:  79% (200/252)        remote: Compressing objects:  80% (202/252)        remote: Compressing objects:  81% (205/252)        remote: Compressing objects:  82% (207/252)        remote: Compressing objects:  83% (210/252)        remote: Compressing objects:  84% (212/252)        remote: Compressing objects:  85% (215/252)        remote: Compressing objects:  86% (217/252)        remote: Compressing objects:  87% (220/252)        remote: Compressing objects:  88% (222/252)        remote: Compressing objects:  89% (225/252)        remote: Compressing objects:  90% (227/252)        remote: Compressing objects:  91% (230/252)        remote: Compressing objects:  92% (232/252)        remote: Compressing objects:  93% (235/252)        remote: Compressing objects:  94% (237/252)        remote: Compressing objects:  95% (240/252)        remote: Compressing objects:  96% (242/252)        remote: Compressing objects:  97% (245/252)        remote: Compressing objects:  98% (247/252)        remote: Compressing objects:  99% (250/252)        remote: Compressing objects: 100% (252/252)        remote: Compressing objects: 100% (252/252), done.
[1m[90m[DEBUG][39m[0m:   	Receiving objects:   0% (1/417)Receiving objects:   1% (5/417)Receiving objects:   2% (9/417)Receiving objects:   3% (13/417)Receiving objects:   4% (17/417)Receiving objects:   5% (21/417)Receiving objects:   6% (26/417)Receiving objects:   7% (30/417)Receiving objects:   8% (34/417)Receiving objects:   9% (38/417)Receiving objects:  10% (42/417)Receiving objects:  11% (46/417)Receiving objects:  12% (51/417)Receiving objects:  13% (55/417)Receiving objects:  14% (59/417)Receiving objects:  15% (63/417)Receiving objects:  16% (67/417)Receiving objects:  17% (71/417)Receiving objects:  18% (76/417)Receiving objects:  19% (80/417)Receiving objects:  20% (84/417)Receiving objects:  21% (88/417)Receiving objects:  22% (92/417)Receiving objects:  23% (96/417)Receiving objects:  24% (101/417)Receiving objects:  25% (105/417)Receiving objects:  26% (109/417)Receiving objects:  27% (113/417)Receiving objects:  28% (117/417)Receiving objects:  29% (121/417)Receiving objects:  30% (126/417)Receiving objects:  31% (130/417)Receiving objects:  32% (134/417)Receiving objects:  33% (138/417)Receiving objects:  34% (142/417)Receiving objects:  35% (146/417)Receiving objects:  36% (151/417)Receiving objects:  37% (155/417)Receiving objects:  38% (159/417)Receiving objects:  39% (163/417)Receiving objects:  40% (167/417)Receiving objects:  41% (171/417)Receiving objects:  42% (176/417)Receiving objects:  43% (180/417)Receiving objects:  44% (184/417)Receiving objects:  45% (188/417)Receiving objects:  46% (192/417)Receiving objects:  47% (196/417)Receiving objects:  48% (201/417)Receiving objects:  49% (205/417)Receiving objects:  50% (209/417)Receiving objects:  51% (213/417)Receiving objects:  52% (217/417)Receiving objects:  53% (222/417)Receiving objects:  54% (226/417)Receiving objects:  55% (230/417)Receiving objects:  56% (234/417)Receiving objects:  57% (238/417)Receiving objects:  58% (242/417)Receiving objects:  59% (247/417)Receiving objects:  60% (251/417)Receiving objects:  61% (255/417)Receiving objects:  62% (259/417)Receiving objects:  63% (263/417)Receiving objects:  64% (267/417)Receiving objects:  65% (272/417)Receiving objects:  66% (276/417)Receiving objects:  67% (280/417)Receiving objects:  68% (284/417)Receiving objects:  69% (288/417)Receiving objects:  70% (292/417)Receiving objects:  71% (297/417)Receiving objects:  72% (301/417)Receiving objects:  73% (305/417)Receiving objects:  74% (309/417)Receiving objects:  75% (313/417)Receiving objects:  76% (317/417)Receiving objects:  77% (322/417)Receiving objects:  78% (326/417)Receiving objects:  79% (330/417)Receiving objects:  80% (334/417)Receiving objects:  81% (338/417)Receiving objects:  82% (342/417)Receiving objects:  83% (347/417)Receiving objects:  84% (351/417)Receiving objects:  85% (355/417)Receiving objects:  86% (359/417)Receiving objects:  87% (363/417)Receiving objects:  88% (367/417)Receiving objects:  89% (372/417)Receiving objects:  90% (376/417)Receiving objects:  91% (380/417)Receiving objects:  92% (384/417)Receiving objects:  93% (388/417)Receiving objects:  94% (392/417)Receiving objects:  95% (397/417)remote: Total 417 (delta 234), reused 342 (delta 161), pack-reused 0 (from 0)
[1m[90m[DEBUG][39m[0m:   	Receiving objects:  96% (401/417)Receiving objects:  97% (405/417)Receiving objects:  98% (409/417)Receiving objects:  99% (413/417)Receiving objects: 100% (417/417)Receiving objects: 100% (417/417), 1.21 MiB | 5.03 MiB/s, done.
[1m[90m[DEBUG][39m[0m:   	Resolving deltas:   0% (0/234)Resolving deltas:   1% (3/234)Resolving deltas:   2% (5/234)Resolving deltas:   3% (8/234)Resolving deltas:   4% (10/234)Resolving deltas:   5% (12/234)Resolving deltas:   6% (15/234)Resolving deltas:   7% (17/234)Resolving deltas:   8% (19/234)Resolving deltas:   9% (22/234)Resolving deltas:  10% (24/234)Resolving deltas:  11% (26/234)Resolving deltas:  12% (29/234)Resolving deltas:  13% (31/234)Resolving deltas:  14% (33/234)Resolving deltas:  15% (36/234)Resolving deltas:  16% (38/234)Resolving deltas:  17% (40/234)Resolving deltas:  18% (43/234)Resolving deltas:  19% (45/234)Resolving deltas:  20% (47/234)Resolving deltas:  21% (50/234)Resolving deltas:  22% (52/234)Resolving deltas:  23% (54/234)Resolving deltas:  24% (57/234)Resolving deltas:  25% (59/234)Resolving deltas:  26% (61/234)Resolving deltas:  27% (64/234)Resolving deltas:  28% (66/234)Resolving deltas:  29% (68/234)Resolving deltas:  30% (71/234)Resolving deltas:  31% (73/234)Resolving deltas:  32% (75/234)Resolving deltas:  33% (78/234)Resolving deltas:  34% (80/234)Resolving deltas:  35% (82/234)Resolving deltas:  36% (85/234)Resolving deltas:  37% (87/234)Resolving deltas:  38% (89/234)Resolving deltas:  39% (92/234)Resolving deltas:  40% (94/234)Resolving deltas:  41% (96/234)Resolving deltas:  42% (99/234)Resolving deltas:  43% (101/234)Resolving deltas:  44% (103/234)Resolving deltas:  45% (106/234)Resolving deltas:  46% (108/234)Resolving deltas:  47% (110/234)Resolving deltas:  48% (113/234)Resolving deltas:  49% (115/234)Resolving deltas:  50% (117/234)Resolving deltas:  51% (120/234)Resolving deltas:  52% (122/234)Resolving deltas:  53% (125/234)Resolving deltas:  54% (127/234)Resolving deltas:  55% (129/234)Resolving deltas:  56% (132/234)Resolving deltas:  57% (134/234)Resolving deltas:  58% (136/234)Resolving deltas:  59% (139/234)Resolving deltas:  60% (141/234)Resolving deltas:  61% (143/234)Resolving deltas:  62% (146/234)Resolving deltas:  63% (148/234)Resolving deltas:  64% (150/234)Resolving deltas:  65% (153/234)Resolving deltas:  66% (155/234)Resolving deltas:  67% (157/234)Resolving deltas:  68% (160/234)Resolving deltas:  69% (162/234)Resolving deltas:  70% (164/234)Resolving deltas:  71% (167/234)Resolving deltas:  72% (169/234)Resolving deltas:  73% (171/234)Resolving deltas:  74% (174/234)Resolving deltas:  75% (176/234)Resolving deltas:  76% (178/234)Resolving deltas:  77% (181/234)Resolving deltas:  78% (183/234)Resolving deltas:  79% (185/234)Resolving deltas:  80% (188/234)Resolving deltas:  81% (190/234)Resolving deltas:  82% (192/234)Resolving deltas:  83% (195/234)Resolving deltas:  84% (197/234)Resolving deltas:  85% (199/234)Resolving deltas:  86% (202/234)Resolving deltas:  87% (204/234)Resolving deltas:  88% (206/234)Resolving deltas:  89% (209/234)Resolving deltas:  90% (211/234)Resolving deltas:  91% (213/234)Resolving deltas:  92% (216/234)Resolving deltas:  93% (218/234)Resolving deltas:  94% (220/234)Resolving deltas:  95% (223/234)Resolving deltas:  96% (225/234)Resolving deltas:  97% (227/234)Resolving deltas:  98% (230/234)Resolving deltas:  99% (232/234)Resolving deltas: 100% (234/234)Resolving deltas: 100% (234/234), done.
[1m[90m[DEBUG][39m[0m:   	Cloning into 'external/libpng'...
[1m[90m[DEBUG][39m[0m:   	remote: Enumerating objects: 111477, done.
[1m[90m[DEBUG][39m[0m:   	remote: Counting objects:   0% (1/551)        remote: Counting objects:   1% (6/551)        remote: Counting objects:   2% (12/551)        remote: Counting objects:   3% (17/551)        remote: Counting objects:   4% (23/551)        remote: Counting objects:   5% (28/551)        remote: Counting objects:   6% (34/551)        remote: Counting objects:   7% (39/551)        remote: Counting objects:   8% (45/551)        remote: Counting objects:   9% (50/551)        remote: Counting objects:  10% (56/551)        remote: Counting objects:  11% (61/551)        remote: Counting objects:  12% (67/551)        remote: Counting objects:  13% (72/551)        remote: Counting objects:  14% (78/551)        remote: Counting objects:  15% (83/551)        remote: Counting objects:  16% (89/551)        remote: Counting objects:  17% (94/551)        remote: Counting objects:  18% (100/551)        remote: Counting objects:  19% (105/551)        remote: Counting objects:  20% (111/551)        remote: Counting objects:  21% (116/551)        remote: Counting objects:  22% (122/551)        remote: Counting objects:  23% (127/551)        remote: Counting objects:  24% (133/551)        remote: Counting objects:  25% (138/551)        remote: Counting objects:  26% (144/551)        remote: Counting objects:  27% (149/551)        remote: Counting objects:  28% (155/551)        remote: Counting objects:  29% (160/551)        remote: Counting objects:  30% (166/551)        remote: Counting objects:  31% (171/551)        remote: Counting objects:  32% (177/551)        remote: Counting objects:  33% (182/551)        remote: Counting objects:  34% (188/551)        remote: Counting objects:  35% (193/551)        remote: Counting objects:  36% (199/551)        remote: Counting objects:  37% (204/551)        remote: Counting objects:  38% (210/551)        remote: Counting objects:  39% (215/551)        remote: Counting objects:  40% (221/551)        remote: Counting objects:  41% (226/551)        remote: Counting objects:  42% (232/551)        remote: Counting objects:  43% (237/551)        remote: Counting objects:  44% (243/551)        remote: Counting objects:  45% (248/551)        remote: Counting objects:  46% (254/551)        remote: Counting objects:  47% (259/551)        remote: Counting objects:  48% (265/551)        remote: Counting objects:  49% (270/551)        remote: Counting objects:  50% (276/551)        remote: Counting objects:  51% (282/551)        remote: Counting objects:  52% (287/551)        remote: Counting objects:  53% (293/551)        remote: Counting objects:  54% (298/551)        remote: Counting objects:  55% (304/551)        remote: Counting objects:  56% (309/551)        remote: Counting objects:  57% (315/551)        remote: Counting objects:  58% (320/551)        remote: Counting objects:  59% (326/551)        remote: Counting objects:  60% (331/551)        remote: Counting objects:  61% (337/551)        remote: Counting objects:  62% (342/551)        remote: Counting objects:  63% (348/551)        remote: Counting objects:  64% (353/551)        remote: Counting objects:  65% (359/551)        remote: Counting objects:  66% (364/551)        remote: Counting objects:  67% (370/551)        remote: Counting objects:  68% (375/551)        remote: Counting objects:  69% (381/551)        remote: Counting objects:  70% (386/551)        remote: Counting objects:  71% (392/551)        remote: Counting objects:  72% (397/551)        remote: Counting objects:  73% (403/551)        remote: Counting objects:  74% (408/551)        remote: Counting objects:  75% (414/551)        remote: Counting objects:  76% (419/551)        remote: Counting objects:  77% (425/551)        remote: Counting objects:  78% (430/551)        remote: Counting objects:  79% (436/551)        remote: Counting objects:  80% (441/551)        remote: Counting objects:  81% (447/551)        remote: Counting objects:  82% (452/551)        remote: Counting objects:  83% (458/551)        remote: Counting objects:  84% (463/551)        remote: Counting objects:  85% (469/551)        remote: Counting objects:  86% (474/551)        remote: Counting objects:  87% (480/551)        remote: Counting objects:  88% (485/551)        remote: Counting objects:  89% (491/551)        remote: Counting objects:  90% (496/551)        remote: Counting objects:  91% (502/551)        remote: Counting objects:  92% (507/551)        remote: Counting objects:  93% (513/551)        remote: Counting objects:  94% (518/551)        remote: Counting objects:  95% (524/551)        remote: Counting objects:  96% (529/551)        remote: Counting objects:  97% (535/551)        remote: Counting objects:  98% (540/551)        remote: Counting objects:  99% (546/551)        remote: Counting objects: 100% (551/551)        remote: Counting objects: 100% (551/551), done.
[1m[90m[DEBUG][39m[0m:   	remote: Compressing objects:   0% (1/224)        remote: Compressing objects:   1% (3/224)        remote: Compressing objects:   2% (5/224)        remote: Compressing objects:   3% (7/224)        remote: Compressing objects:   4% (9/224)        remote: Compressing objects:   5% (12/224)        remote: Compressing objects:   6% (14/224)        remote: Compressing objects:   7% (16/224)        remote: Compressing objects:   8% (18/224)        remote: Compressing objects:   9% (21/224)        remote: Compressing objects:  10% (23/224)        remote: Compressing objects:  11% (25/224)        remote: Compressing objects:  12% (27/224)        remote: Compressing objects:  13% (30/224)        remote: Compressing objects:  14% (32/224)        remote: Compressing objects:  15% (34/224)        remote: Compressing objects:  16% (36/224)        remote: Compressing objects:  17% (39/224)        remote: Compressing objects:  18% (41/224)        remote: Compressing objects:  19% (43/224)        remote: Compressing objects:  20% (45/224)        remote: Compressing objects:  21% (48/224)        remote: Compressing objects:  22% (50/224)        remote: Compressing objects:  23% (52/224)        remote: Compressing objects:  24% (54/224)        remote: Compressing objects:  25% (56/224)        remote: Compressing objects:  26% (59/224)        remote: Compressing objects:  27% (61/224)        remote: Compressing objects:  28% (63/224)        remote: Compressing objects:  29% (65/224)        remote: Compressing objects:  30% (68/224)        remote: Compressing objects:  31% (70/224)        remote: Compressing objects:  32% (72/224)        remote: Compressing objects:  33% (74/224)        remote: Compressing objects:  34% (77/224)        remote: Compressing objects:  35% (79/224)        remote: Compressing objects:  36% (81/224)        remote: Compressing objects:  37% (83/224)        remote: Compressing objects:  38% (86/224)        remote: Compressing objects:  39% (88/224)        remote: Compressing objects:  40% (90/224)        remote: Compressing objects:  41% (92/224)        remote: Compressing objects:  42% (95/224)        remote: Compressing objects:  43% (97/224)        remote: Compressing objects:  44% (99/224)        remote: Compressing objects:  45% (101/224)        remote: Compressing objects:  46% (104/224)        remote: Compressing objects:  47% (106/224)        remote: Compressing objects:  48% (108/224)        remote: Compressing objects:  49% (110/224)        remote: Compressing objects:  50% (112/224)        remote: Compressing objects:  51% (115/224)        remote: Compressing objects:  52% (117/224)        remote: Compressing objects:  53% (119/224)        remote: Compressing objects:  54% (121/224)        remote: Compressing objects:  55% (124/224)        remote: Compressing objects:  56% (126/224)        remote: Compressing objects:  57% (128/224)        remote: Compressing objects:  58% (130/224)        remote: Compressing objects:  59% (133/224)        remote: Compressing objects:  60% (135/224)        remote: Compressing objects:  61% (137/224)        remote: Compressing objects:  62% (139/224)        remote: Compressing objects:  63% (142/224)        remote: Compressing objects:  64% (144/224)        remote: Compressing objects:  65% (146/224)        remote: Compressing objects:  66% (148/224)        remote: Compressing objects:  67% (151/224)        remote: Compressing objects:  68% (153/224)        remote: Compressing objects:  69% (155/224)        remote: Compressing objects:  70% (157/224)        remote: Compressing objects:  71% (160/224)        remote: Compressing objects:  72% (162/224)        remote: Compressing objects:  73% (164/224)        remote: Compressing objects:  74% (166/224)        remote: Compressing objects:  75% (168/224)        remote: Compressing objects:  76% (171/224)        remote: Compressing objects:  77% (173/224)        remote: Compressing objects:  78% (175/224)        remote: Compressing objects:  79% (177/224)        remote: Compressing objects:  80% (180/224)        remote: Compressing objects:  81% (182/224)        remote: Compressing objects:  82% (184/224)        remote: Compressing objects:  83% (186/224)        remote: Compressing objects:  84% (189/224)        remote: Compressing objects:  85% (191/224)        remote: Compressing objects:  86% (193/224)        remote: Compressing objects:  87% (195/224)        remote: Compressing objects:  88% (198/224)        remote: Compressing objects:  89% (200/224)        remote: Compressing objects:  90% (202/224)        remote: Compressing objects:  91% (204/224)        remote: Compressing objects:  92% (207/224)        remote: Compressing objects:  93% (209/224)        remote: Compressing objects:  94% (211/224)        remote: Compressing objects:  95% (213/224)        remote: Compressing objects:  96% (216/224)        remote: Compressing objects:  97% (218/224)        remote: Compressing objects:  98% (220/224)        remote: Compressing objects:  99% (222/224)        remote: Compressing objects: 100% (224/224)        remote: Compressing objects: 100% (224/224), done.
[1m[90m[DEBUG][39m[0m:   	Receiving objects:   0% (1/111477)Receiving objects:   1% (1115/111477)Receiving objects:   2% (2230/111477)Receiving objects:   3% (3345/111477)Receiving objects:   4% (4460/111477)Receiving objects:   5% (5574/111477)Receiving objects:   6% (6689/111477)Receiving objects:   7% (7804/111477)Receiving objects:   8% (8919/111477)Receiving objects:   9% (10033/111477)Receiving objects:  10% (11148/111477), 6.93 MiB | 13.85 MiB/sReceiving objects:  11% (12263/111477), 6.93 MiB | 13.85 MiB/sReceiving objects:  12% (13378/111477), 6.93 MiB | 13.85 MiB/sReceiving objects:  13% (14493/111477), 6.93 MiB | 13.85 MiB/sReceiving objects:  14% (15607/111477), 6.93 MiB | 13.85 MiB/sReceiving objects:  15% (16722/111477), 6.93 MiB | 13.85 MiB/sReceiving objects:  16% (17837/111477), 6.93 MiB | 13.85 MiB/sReceiving objects:  17% (18952/111477), 6.93 MiB | 13.85 MiB/sReceiving objects:  18% (20066/111477), 6.93 MiB | 13.85 MiB/sReceiving objects:  19% (21181/111477), 6.93 MiB | 13.85 MiB/sReceiving objects:  20% (22296/111477), 6.93 MiB | 13.85 MiB/sReceiving objects:  21% (23411/111477), 6.93 MiB | 13.85 MiB/sReceiving objects:  21% (23671/111477), 15.21 MiB | 14.61 MiB/sReceiving objects:  22% (24525/111477), 15.21 MiB | 14.61 MiB/sReceiving objects:  23% (25640/111477), 15.21 MiB | 14.61 MiB/sReceiving objects:  24% (26755/111477), 15.21 MiB | 14.61 MiB/sReceiving objects:  25% (27870/111477), 15.21 MiB | 14.61 MiB/sReceiving objects:  26% (28985/111477), 15.21 MiB | 14.61 MiB/sReceiving objects:  27% (30099/111477), 15.21 MiB | 14.61 MiB/sReceiving objects:  28% (31214/111477), 15.21 MiB | 14.61 MiB/sReceiving objects:  29% (32329/111477), 15.21 MiB | 14.61 MiB/sReceiving objects:  30% (33444/111477), 15.21 MiB | 14.61 MiB/sReceiving objects:  31% (34558/111477), 15.21 MiB | 14.61 MiB/sReceiving objects:  32% (35673/111477), 15.21 MiB | 14.61 MiB/sReceiving objects:  33% (36788/111477), 15.21 MiB | 14.61 MiB/sReceiving objects:  34% (37903/111477), 15.21 MiB | 14.61 MiB/sReceiving objects:  35% (39017/111477), 15.21 MiB | 14.61 MiB/sReceiving objects:  36% (40132/111477), 15.21 MiB | 14.61 MiB/sReceiving objects:  37% (41247/111477), 15.21 MiB | 14.61 MiB/sReceiving objects:  38% (42362/111477), 15.21 MiB | 14.61 MiB/sReceiving objects:  39% (43477/111477), 15.21 MiB | 14.61 MiB/sReceiving objects:  40% (44591/111477), 15.21 MiB | 14.61 MiB/sReceiving objects:  41% (45706/111477), 15.21 MiB | 14.61 MiB/sReceiving objects:  42% (46821/111477), 15.21 MiB | 14.61 MiB/sReceiving objects:  43% (47936/111477), 15.21 MiB | 14.61 MiB/sReceiving objects:  44% (49050/111477), 15.21 MiB | 14.61 MiB/sReceiving objects:  45% (50165/111477), 15.21 MiB | 14.61 MiB/sReceiving objects:  46% (51280/111477), 15.21 MiB | 14.61 MiB/sReceiving objects:  47% (52395/111477), 15.21 MiB | 14.61 MiB/sReceiving objects:  48% (53509/111477), 15.21 MiB | 14.61 MiB/sReceiving objects:  49% (54624/111477), 15.21 MiB | 14.61 MiB/sReceiving objects:  50% (55739/111477), 15.21 MiB | 14.61 MiB/sReceiving objects:  51% (56854/111477), 23.82 MiB | 15.46 MiB/sReceiving objects:  52% (57969/111477), 23.82 MiB | 15.46 MiB/sReceiving objects:  53% (59083/111477), 23.82 MiB | 15.46 MiB/sReceiving objects:  54% (60198/111477), 23.82 MiB | 15.46 MiB/sReceiving objects:  55% (61313/111477), 23.82 MiB | 15.46 MiB/sReceiving objects:  56% (62428/111477), 23.82 MiB | 15.46 MiB/sReceiving objects:  57% (63542/111477), 23.82 MiB | 15.46 MiB/sReceiving objects:  58% (64657/111477), 23.82 MiB | 15.46 MiB/sReceiving objects:  58% (65718/111477), 23.82 MiB | 15.46 MiB/sReceiving objects:  59% (65772/111477), 23.82 MiB | 15.46 MiB/sReceiving objects:  60% (66887/111477), 23.82 MiB | 15.46 MiB/sReceiving objects:  61% (68001/111477), 32.94 MiB | 16.10 MiB/sReceiving objects:  62% (69116/111477), 32.94 MiB | 16.10 MiB/sReceiving objects:  63% (70231/111477), 32.94 MiB | 16.10 MiB/sReceiving objects:  64% (71346/111477), 32.94 MiB | 16.10 MiB/sReceiving objects:  65% (72461/111477), 32.94 MiB | 16.10 MiB/sReceiving objects:  66% (73575/111477), 32.94 MiB | 16.10 MiB/sReceiving objects:  67% (74690/111477), 32.94 MiB | 16.10 MiB/sReceiving objects:  68% (75805/111477), 32.94 MiB | 16.10 MiB/sReceiving objects:  69% (76920/111477), 32.94 MiB | 16.10 MiB/sReceiving objects:  70% (78034/111477), 32.94 MiB | 16.10 MiB/sReceiving objects:  71% (79149/111477), 32.94 MiB | 16.10 MiB/sReceiving objects:  72% (80264/111477), 32.94 MiB | 16.10 MiB/sReceiving objects:  73% (81379/111477), 32.94 MiB | 16.10 MiB/sReceiving objects:  74% (82493/111477), 32.94 MiB | 16.10 MiB/sReceiving objects:  75% (83608/111477), 32.94 MiB | 16.10 MiB/sReceiving objects:  76% (84723/111477), 32.94 MiB | 16.10 MiB/sReceiving objects:  77% (85838/111477), 32.94 MiB | 16.10 MiB/sReceiving objects:  78% (86953/111477), 32.94 MiB | 16.10 MiB/sReceiving objects:  79% (88067/111477), 32.94 MiB | 16.10 MiB/sReceiving objects:  80% (89182/111477), 32.94 MiB | 16.10 MiB/sReceiving objects:  81% (90297/111477), 32.94 MiB | 16.10 MiB/sReceiving objects:  82% (91412/111477), 32.94 MiB | 16.10 MiB/sReceiving objects:  83% (92526/111477), 32.94 MiB | 16.10 MiB/sReceiving objects:  84% (93641/111477), 32.94 MiB | 16.10 MiB/sReceiving objects:  85% (94756/111477), 32.94 MiB | 16.10 MiB/sReceiving objects:  86% (95871/111477), 40.93 MiB | 15.88 MiB/sReceiving objects:  87% (96985/111477), 40.93 MiB | 15.88 MiB/sReceiving objects:  88% (98100/111477), 40.93 MiB | 15.88 MiB/sReceiving objects:  89% (99215/111477), 40.93 MiB | 15.88 MiB/sReceiving objects:  90% (100330/111477), 40.93 MiB | 15.88 MiB/sReceiving objects:  91% (101445/111477), 40.93 MiB | 15.88 MiB/sReceiving objects:  92% (102559/111477), 40.93 MiB | 15.88 MiB/sReceiving objects:  93% (103674/111477), 40.93 MiB | 15.88 MiB/sReceiving objects:  94% (104789/111477), 40.93 MiB | 15.88 MiB/sReceiving objects:  95% (105904/111477), 40.93 MiB | 15.88 MiB/sReceiving objects:  96% (107018/111477), 40.93 MiB | 15.88 MiB/sReceiving objects:  97% (108133/111477), 40.93 MiB | 15.88 MiB/sReceiving objects:  98% (109248/111477), 40.93 MiB | 15.88 MiB/sReceiving objects:  99% (110363/111477), 40.93 MiB | 15.88 MiB/sremote: Total 111477 (delta 440), reused 327 (delta 327), pack-reused 110926 (from 3)
[1m[90m[DEBUG][39m[0m:   	Receiving objects: 100% (111477/111477), 40.93 MiB | 15.88 MiB/sReceiving objects: 100% (111477/111477), 43.56 MiB | 16.26 MiB/s, done.
[1m[90m[DEBUG][39m[0m:   	Resolving deltas:   0% (0/99993)Resolving deltas:   1% (1000/99993)Resolving deltas:   2% (2000/99993)Resolving deltas:   3% (3000/99993)Resolving deltas:   4% (4000/99993)Resolving deltas:   5% (5000/99993)Resolving deltas:   6% (6000/99993)Resolving deltas:   7% (7000/99993)Resolving deltas:   8% (8000/99993)Resolving deltas:   9% (9000/99993)Resolving deltas:   9% (9853/99993)Resolving deltas:  10% (10000/99993)Resolving deltas:  11% (11000/99993)Resolving deltas:  12% (12000/99993)Resolving deltas:  13% (13000/99993)Resolving deltas:  14% (14000/99993)Resolving deltas:  15% (14999/99993)Resolving deltas:  16% (15999/99993)Resolving deltas:  17% (16999/99993)Resolving deltas:  18% (17999/99993)Resolving deltas:  19% (18999/99993)Resolving deltas:  20% (19999/99993)Resolving deltas:  21% (20999/99993)Resolving deltas:  22% (21999/99993)Resolving deltas:  22% (22670/99993)Resolving deltas:  23% (22999/99993)Resolving deltas:  24% (23999/99993)Resolving deltas:  25% (24999/99993)Resolving deltas:  25% (25571/99993)Resolving deltas:  26% (25999/99993)Resolving deltas:  27% (26999/99993)Resolving deltas:  28% (27999/99993)Resolving deltas:  28% (28394/99993)Resolving deltas:  29% (28998/99993)Resolving deltas:  30% (29998/99993)Resolving deltas:  31% (30998/99993)Resolving deltas:  32% (31998/99993)Resolving deltas:  33% (32998/99993)Resolving deltas:  34% (33998/99993)Resolving deltas:  35% (34998/99993)Resolving deltas:  36% (35998/99993)Resolving deltas:  37% (36998/99993)Resolving deltas:  38% (37998/99993)Resolving deltas:  39% (38998/99993)Resolving deltas:  40% (39998/99993)Resolving deltas:  41% (40998/99993)Resolving deltas:  42% (41998/99993)Resolving deltas:  43% (42997/99993)Resolving deltas:  44% (43997/99993)Resolving deltas:  45% (44997/99993)Resolving deltas:  46% (45997/99993)Resolving deltas:  47% (46997/99993)Resolving deltas:  47% (47635/99993)Resolving deltas:  48% (47997/99993)Resolving deltas:  49% (48997/99993)Resolving deltas:  50% (49997/99993)Resolving deltas:  51% (50997/99993)Resolving deltas:  52% (51997/99993)Resolving deltas:  53% (52997/99993)Resolving deltas:  54% (53997/99993)Resolving deltas:  55% (54997/99993)Resolving deltas:  56% (55997/99993)Resolving deltas:  57% (56997/99993)Resolving deltas:  58% (57996/99993)Resolving deltas:  59% (58996/99993)Resolving deltas:  60% (59996/99993)Resolving deltas:  60% (60276/99993)Resolving deltas:  61% (60996/99993)Resolving deltas:  62% (61996/99993)Resolving deltas:  63% (62996/99993)Resolving deltas:  64% (63996/99993)Resolving deltas:  65% (64996/99993)Resolving deltas:  66% (65996/99993)Resolving deltas:  67% (66996/99993)Resolving deltas:  68% (67996/99993)Resolving deltas:  69% (68996/99993)Resolving deltas:  70% (69996/99993)Resolving deltas:  71% (70996/99993)Resolving deltas:  72% (71995/99993)Resolving deltas:  73% (72995/99993)Resolving deltas:  74% (73995/99993)Resolving deltas:  75% (74995/99993)Resolving deltas:  76% (75995/99993)Resolving deltas:  77% (76995/99993)Resolving deltas:  78% (77995/99993)Resolving deltas:  78% (78759/99993)Resolving deltas:  79% (78995/99993)Resolving deltas:  80% (79995/99993)Resolving deltas:  81% (80995/99993)Resolving deltas:  82% (81995/99993)Resolving deltas:  83% (82995/99993)Resolving deltas:  84% (83995/99993)Resolving deltas:  85% (84995/99993)Resolving deltas:  86% (85994/99993)Resolving deltas:  87% (86994/99993)Resolving deltas:  88% (87994/99993)Resolving deltas:  89% (88994/99993)Resolving deltas:  90% (89994/99993)Resolving deltas:  91% (90994/99993)Resolving deltas:  92% (91994/99993)Resolving deltas:  93% (92994/99993)Resolving deltas:  94% (93994/99993)Resolving deltas:  95% (94994/99993)Resolving deltas:  96% (95994/99993)Resolving deltas:  97% (96994/99993)Resolving deltas:  98% (97994/99993)Resolving deltas:  99% (98994/99993)Resolving deltas: 100% (99993/99993)Resolving deltas: 100% (99993/99993), done.
[1m[90m[DEBUG][39m[0m:   	Cloning into 'external/libwebp'...
[1m[90m[DEBUG][39m[0m:   	remote: Enumerating objects: 30374, done.
[1m[90m[DEBUG][39m[0m:   	remote: Counting objects:   0% (1/465)        remote: Counting objects:   1% (5/465)        remote: Counting objects:   2% (10/465)        remote: Counting objects:   3% (14/465)        remote: Counting objects:   4% (19/465)        remote: Counting objects:   5% (24/465)        remote: Counting objects:   6% (28/465)        remote: Counting objects:   7% (33/465)        remote: Counting objects:   8% (38/465)        remote: Counting objects:   9% (42/465)        remote: Counting objects:  10% (47/465)        remote: Counting objects:  11% (52/465)        remote: Counting objects:  12% (56/465)        remote: Counting objects:  13% (61/465)        remote: Counting objects:  14% (66/465)        remote: Counting objects:  15% (70/465)        remote: Counting objects:  16% (75/465)        remote: Counting objects:  17% (80/465)        remote: Counting objects:  18% (84/465)        remote: Counting objects:  19% (89/465)        remote: Counting objects:  20% (93/465)        remote: Counting objects:  21% (98/465)        remote: Counting objects:  22% (103/465)        remote: Counting objects:  23% (107/465)        remote: Counting objects:  24% (112/465)        remote: Counting objects:  25% (117/465)        remote: Counting objects:  26% (121/465)        remote: Counting objects:  27% (126/465)        remote: Counting objects:  28% (131/465)        remote: Counting objects:  29% (135/465)        remote: Counting objects:  30% (140/465)        remote: Counting objects:  31% (145/465)        remote: Counting objects:  32% (149/465)        remote: Counting objects:  33% (154/465)        remote: Counting objects:  34% (159/465)        remote: Counting objects:  35% (163/465)        remote: Counting objects:  36% (168/465)        remote: Counting objects:  37% (173/465)        remote: Counting objects:  38% (177/465)        remote: Counting objects:  39% (182/465)        remote: Counting objects:  40% (186/465)        remote: Counting objects:  41% (191/465)        remote: Counting objects:  42% (196/465)        remote: Counting objects:  43% (200/465)        remote: Counting objects:  44% (205/465)        remote: Counting objects:  45% (210/465)        remote: Counting objects:  46% (214/465)        remote: Counting objects:  47% (219/465)        remote: Counting objects:  48% (224/465)        remote: Counting objects:  49% (228/465)        remote: Counting objects:  50% (233/465)        remote: Counting objects:  51% (238/465)        remote: Counting objects:  52% (242/465)        remote: Counting objects:  53% (247/465)        remote: Counting objects:  54% (252/465)        remote: Counting objects:  55% (256/465)        remote: Counting objects:  56% (261/465)        remote: Counting objects:  57% (266/465)        remote: Counting objects:  58% (270/465)        remote: Counting objects:  59% (275/465)        remote: Counting objects:  60% (279/465)        remote: Counting objects:  61% (284/465)        remote: Counting objects:  62% (289/465)        remote: Counting objects:  63% (293/465)        remote: Counting objects:  64% (298/465)        remote: Counting objects:  65% (303/465)        remote: Counting objects:  66% (307/465)        remote: Counting objects:  67% (312/465)        remote: Counting objects:  68% (317/465)        remote: Counting objects:  69% (321/465)        remote: Counting objects:  70% (326/465)        remote: Counting objects:  71% (331/465)        remote: Counting objects:  72% (335/465)        remote: Counting objects:  73% (340/465)        remote: Counting objects:  74% (345/465)        remote: Counting objects:  75% (349/465)        remote: Counting objects:  76% (354/465)        remote: Counting objects:  77% (359/465)        remote: Counting objects:  78% (363/465)        remote: Counting objects:  79% (368/465)        remote: Counting objects:  80% (372/465)        remote: Counting objects:  81% (377/465)        remote: Counting objects:  82% (382/465)        remote: Counting objects:  83% (386/465)        remote: Counting objects:  84% (391/465)        remote: Counting objects:  85% (396/465)        remote: Counting objects:  86% (400/465)        remote: Counting objects:  87% (405/465)        remote: Counting objects:  88% (410/465)        remote: Counting objects:  89% (414/465)        remote: Counting objects:  90% (419/465)        remote: Counting objects:  91% (424/465)        remote: Counting objects:  92% (428/465)        remote: Counting objects:  93% (433/465)        remote: Counting objects:  94% (438/465)        remote: Counting objects:  95% (442/465)        remote: Counting objects:  96% (447/465)        remote: Counting objects:  97% (452/465)        remote: Counting objects:  98% (456/465)        remote: Counting objects:  99% (461/465)        remote: Counting objects: 100% (465/465)        remote: Counting objects: 100% (465/465), done.
[1m[90m[DEBUG][39m[0m:   	remote: Compressing objects:   0% (1/200)        remote: Compressing objects:   1% (2/200)        remote: Compressing objects:   2% (4/200)        remote: Compressing objects:   3% (6/200)        remote: Compressing objects:   4% (8/200)        remote: Compressing objects:   5% (10/200)        remote: Compressing objects:   6% (12/200)        remote: Compressing objects:   7% (14/200)        remote: Compressing objects:   8% (16/200)        remote: Compressing objects:   9% (18/200)        remote: Compressing objects:  10% (20/200)        remote: Compressing objects:  11% (22/200)        remote: Compressing objects:  12% (24/200)        remote: Compressing objects:  13% (26/200)        remote: Compressing objects:  14% (28/200)        remote: Compressing objects:  15% (30/200)        remote: Compressing objects:  16% (32/200)        remote: Compressing objects:  17% (34/200)        remote: Compressing objects:  18% (36/200)        remote: Compressing objects:  19% (38/200)        remote: Compressing objects:  20% (40/200)        remote: Compressing objects:  21% (42/200)        remote: Compressing objects:  22% (44/200)        remote: Compressing objects:  23% (46/200)        remote: Compressing objects:  24% (48/200)        remote: Compressing objects:  25% (50/200)        remote: Compressing objects:  26% (52/200)        remote: Compressing objects:  27% (54/200)        remote: Compressing objects:  28% (56/200)        remote: Compressing objects:  29% (58/200)        remote: Compressing objects:  30% (60/200)        remote: Compressing objects:  31% (62/200)        remote: Compressing objects:  32% (64/200)        remote: Compressing objects:  33% (66/200)        remote: Compressing objects:  34% (68/200)        remote: Compressing objects:  35% (70/200)        remote: Compressing objects:  36% (72/200)        remote: Compressing objects:  37% (74/200)        remote: Compressing objects:  38% (76/200)        remote: Compressing objects:  39% (78/200)        remote: Compressing objects:  40% (80/200)        remote: Compressing objects:  41% (82/200)        remote: Compressing objects:  42% (84/200)        remote: Compressing objects:  43% (86/200)        remote: Compressing objects:  44% (88/200)        remote: Compressing objects:  45% (90/200)        remote: Compressing objects:  46% (92/200)        remote: Compressing objects:  47% (94/200)        remote: Compressing objects:  48% (96/200)        remote: Compressing objects:  49% (98/200)        remote: Compressing objects:  50% (100/200)        remote: Compressing objects:  51% (102/200)        remote: Compressing objects:  52% (104/200)        remote: Compressing objects:  53% (106/200)        remote: Compressing objects:  54% (108/200)        remote: Compressing objects:  55% (110/200)        remote: Compressing objects:  56% (112/200)        remote: Compressing objects:  57% (114/200)        remote: Compressing objects:  58% (116/200)        remote: Compressing objects:  59% (118/200)        remote: Compressing objects:  60% (120/200)        remote: Compressing objects:  61% (122/200)        remote: Compressing objects:  62% (124/200)        remote: Compressing objects:  63% (126/200)        remote: Compressing objects:  64% (128/200)        remote: Compressing objects:  65% (130/200)        remote: Compressing objects:  66% (132/200)        remote: Compressing objects:  67% (134/200)        remote: Compressing objects:  68% (136/200)        remote: Compressing objects:  69% (138/200)        remote: Compressing objects:  70% (140/200)        remote: Compressing objects:  71% (142/200)        remote: Compressing objects:  72% (144/200)        remote: Compressing objects:  73% (146/200)        remote: Compressing objects:  74% (148/200)        remote: Compressing objects:  75% (150/200)        remote: Compressing objects:  76% (152/200)        remote: Compressing objects:  77% (154/200)        remote: Compressing objects:  78% (156/200)        remote: Compressing objects:  79% (158/200)        remote: Compressing objects:  80% (160/200)        remote: Compressing objects:  81% (162/200)        remote: Compressing objects:  82% (164/200)        remote: Compressing objects:  83% (166/200)        remote: Compressing objects:  84% (168/200)        remote: Compressing objects:  85% (170/200)        remote: Compressing objects:  86% (172/200)        remote: Compressing objects:  87% (174/200)        remote: Compressing objects:  88% (176/200)        remote: Compressing objects:  89% (178/200)        remote: Compressing objects:  90% (180/200)        remote: Compressing objects:  91% (182/200)        remote: Compressing objects:  92% (184/200)        remote: Compressing objects:  93% (186/200)        remote: Compressing objects:  94% (188/200)        remote: Compressing objects:  95% (190/200)        remote: Compressing objects:  96% (192/200)        remote: Compressing objects:  97% (194/200)        remote: Compressing objects:  98% (196/200)        remote: Compressing objects:  99% (198/200)        remote: Compressing objects: 100% (200/200)        remote: Compressing objects: 100% (200/200), done.
[1m[90m[DEBUG][39m[0m:   	Receiving objects:   0% (1/30374)Receiving objects:   1% (304/30374)Receiving objects:   2% (608/30374)Receiving objects:   3% (912/30374)Receiving objects:   4% (1215/30374)Receiving objects:   5% (1519/30374)Receiving objects:   6% (1823/30374)Receiving objects:   7% (2127/30374)Receiving objects:   8% (2430/30374)Receiving objects:   9% (2734/30374), 788.01 KiB | 1.21 MiB/sReceiving objects:  10% (3038/30374), 788.01 KiB | 1.21 MiB/sReceiving objects:  11% (3342/30374), 788.01 KiB | 1.21 MiB/sReceiving objects:  12% (3645/30374), 788.01 KiB | 1.21 MiB/sReceiving objects:  13% (3949/30374), 788.01 KiB | 1.21 MiB/sReceiving objects:  14% (4253/30374), 788.01 KiB | 1.21 MiB/sReceiving objects:  15% (4557/30374), 788.01 KiB | 1.21 MiB/sReceiving objects:  16% (4860/30374), 788.01 KiB | 1.21 MiB/sReceiving objects:  17% (5164/30374), 788.01 KiB | 1.21 MiB/sReceiving objects:  18% (5468/30374), 788.01 KiB | 1.21 MiB/sReceiving objects:  19% (5772/30374), 788.01 KiB | 1.21 MiB/sReceiving objects:  20% (6075/30374), 788.01 KiB | 1.21 MiB/sReceiving objects:  20% (6280/30374), 788.01 KiB | 1.21 MiB/sReceiving objects:  21% (6379/30374), 788.01 KiB | 1.21 MiB/sReceiving objects:  22% (6683/30374), 788.01 KiB | 1.21 MiB/sReceiving objects:  23% (6987/30374), 788.01 KiB | 1.21 MiB/sReceiving objects:  24% (7290/30374), 4.89 MiB | 4.31 MiB/s  Receiving objects:  25% (7594/30374), 4.89 MiB | 4.31 MiB/sReceiving objects:  26% (7898/30374), 4.89 MiB | 4.31 MiB/sReceiving objects:  27% (8201/30374), 4.89 MiB | 4.31 MiB/sReceiving objects:  28% (8505/30374), 4.89 MiB | 4.31 MiB/sReceiving objects:  29% (8809/30374), 4.89 MiB | 4.31 MiB/sReceiving objects:  30% (9113/30374), 4.89 MiB | 4.31 MiB/sReceiving objects:  31% (9416/30374), 4.89 MiB | 4.31 MiB/sReceiving objects:  32% (9720/30374), 4.89 MiB | 4.31 MiB/sReceiving objects:  33% (10024/30374), 4.89 MiB | 4.31 MiB/sReceiving objects:  34% (10328/30374), 4.89 MiB | 4.31 MiB/sReceiving objects:  35% (10631/30374), 4.89 MiB | 4.31 MiB/sReceiving objects:  36% (10935/30374), 4.89 MiB | 4.31 MiB/sReceiving objects:  37% (11239/30374), 4.89 MiB | 4.31 MiB/sReceiving objects:  38% (11543/30374), 4.89 MiB | 4.31 MiB/sReceiving objects:  39% (11846/30374), 4.89 MiB | 4.31 MiB/sReceiving objects:  40% (12150/30374), 4.89 MiB | 4.31 MiB/sReceiving objects:  41% (12454/30374), 4.89 MiB | 4.31 MiB/sReceiving objects:  42% (12758/30374), 4.89 MiB | 4.31 MiB/sReceiving objects:  43% (13061/30374), 4.89 MiB | 4.31 MiB/sReceiving objects:  44% (13365/30374), 4.89 MiB | 4.31 MiB/sReceiving objects:  45% (13669/30374), 4.89 MiB | 4.31 MiB/sReceiving objects:  46% (13973/30374), 4.89 MiB | 4.31 MiB/sReceiving objects:  47% (14276/30374), 4.89 MiB | 4.31 MiB/sReceiving objects:  48% (14580/30374), 4.89 MiB | 4.31 MiB/sReceiving objects:  49% (14884/30374), 4.89 MiB | 4.31 MiB/sReceiving objects:  50% (15187/30374), 4.89 MiB | 4.31 MiB/sReceiving objects:  51% (15491/30374), 4.89 MiB | 4.31 MiB/sReceiving objects:  52% (15795/30374), 4.89 MiB | 4.31 MiB/sReceiving objects:  53% (16099/30374), 4.89 MiB | 4.31 MiB/sReceiving objects:  54% (16402/30374), 4.89 MiB | 4.31 MiB/sReceiving objects:  55% (16706/30374), 4.89 MiB | 4.31 MiB/sReceiving objects:  56% (17010/30374), 4.89 MiB | 4.31 MiB/sReceiving objects:  57% (17314/30374), 4.89 MiB | 4.31 MiB/sReceiving objects:  58% (17617/30374), 4.89 MiB | 4.31 MiB/sReceiving objects:  59% (17921/30374), 4.89 MiB | 4.31 MiB/sReceiving objects:  60% (18225/30374), 4.89 MiB | 4.31 MiB/sReceiving objects:  61% (18529/30374), 4.89 MiB | 4.31 MiB/sReceiving objects:  62% (18832/30374), 4.89 MiB | 4.31 MiB/sReceiving objects:  63% (19136/30374), 4.89 MiB | 4.31 MiB/sReceiving objects:  64% (19440/30374), 4.89 MiB | 4.31 MiB/sReceiving objects:  65% (19744/30374), 4.89 MiB | 4.31 MiB/sReceiving objects:  66% (20047/30374), 4.89 MiB | 4.31 MiB/sReceiving objects:  67% (20351/30374), 4.89 MiB | 4.31 MiB/sReceiving objects:  68% (20655/30374), 4.89 MiB | 4.31 MiB/sReceiving objects:  69% (20959/30374), 4.89 MiB | 4.31 MiB/sReceiving objects:  70% (21262/30374), 4.89 MiB | 4.31 MiB/sReceiving objects:  71% (21566/30374), 4.89 MiB | 4.31 MiB/sReceiving objects:  72% (21870/30374), 4.89 MiB | 4.31 MiB/sReceiving objects:  73% (22174/30374), 4.89 MiB | 4.31 MiB/sReceiving objects:  74% (22477/30374), 4.89 MiB | 4.31 MiB/sReceiving objects:  75% (22781/30374), 4.89 MiB | 4.31 MiB/sReceiving objects:  76% (23085/30374), 4.89 MiB | 4.31 MiB/sReceiving objects:  77% (23388/30374), 4.89 MiB | 4.31 MiB/sReceiving objects:  78% (23692/30374), 4.89 MiB | 4.31 MiB/sReceiving objects:  79% (23996/30374), 4.89 MiB | 4.31 MiB/sReceiving objects:  80% (24300/30374), 4.89 MiB | 4.31 MiB/sReceiving objects:  81% (24603/30374), 4.89 MiB | 4.31 MiB/sReceiving objects:  82% (24907/30374), 4.89 MiB | 4.31 MiB/sReceiving objects:  83% (25211/30374), 4.89 MiB | 4.31 MiB/sReceiving objects:  84% (25515/30374), 4.89 MiB | 4.31 MiB/sReceiving objects:  85% (25818/30374), 4.89 MiB | 4.31 MiB/sReceiving objects:  86% (26122/30374), 4.89 MiB | 4.31 MiB/sReceiving objects:  87% (26426/30374), 4.89 MiB | 4.31 MiB/sReceiving objects:  88% (26730/30374), 4.89 MiB | 4.31 MiB/sReceiving objects:  89% (27033/30374), 4.89 MiB | 4.31 MiB/sReceiving objects:  90% (27337/30374), 4.89 MiB | 4.31 MiB/sReceiving objects:  91% (27641/30374), 4.89 MiB | 4.31 MiB/sReceiving objects:  92% (27945/30374), 4.89 MiB | 4.31 MiB/sReceiving objects:  93% (28248/30374), 4.89 MiB | 4.31 MiB/sReceiving objects:  94% (28552/30374), 4.89 MiB | 4.31 MiB/sReceiving objects:  95% (28856/30374), 4.89 MiB | 4.31 MiB/sReceiving objects:  96% (29160/30374), 12.57 MiB | 7.29 MiB/sReceiving objects:  97% (29463/30374), 12.57 MiB | 7.29 MiB/sReceiving objects:  98% (29767/30374), 12.57 MiB | 7.29 MiB/sReceiving objects:  99% (30071/30374), 12.57 MiB | 7.29 MiB/sremote: Total 30374 (delta 315), reused 269 (delta 265), pack-reused 29909 (from 3)
[1m[90m[DEBUG][39m[0m:   	Receiving objects: 100% (30374/30374), 12.57 MiB | 7.29 MiB/sReceiving objects: 100% (30374/30374), 13.53 MiB | 7.68 MiB/s, done.
[1m[90m[DEBUG][39m[0m:   	Resolving deltas:   0% (0/23108)Resolving deltas:   1% (232/23108)Resolving deltas:   2% (463/23108)Resolving deltas:   3% (694/23108)Resolving deltas:   4% (925/23108)Resolving deltas:   5% (1156/23108)Resolving deltas:   6% (1387/23108)Resolving deltas:   7% (1618/23108)Resolving deltas:   8% (1849/23108)Resolving deltas:   9% (2080/23108)Resolving deltas:  10% (2311/23108)Resolving deltas:  11% (2542/23108)Resolving deltas:  12% (2773/23108)Resolving deltas:  13% (3005/23108)Resolving deltas:  14% (3236/23108)Resolving deltas:  15% (3467/23108)Resolving deltas:  16% (3698/23108)Resolving deltas:  17% (3929/23108)Resolving deltas:  18% (4160/23108)Resolving deltas:  19% (4391/23108)Resolving deltas:  20% (4622/23108)Resolving deltas:  21% (4853/23108)Resolving deltas:  22% (5084/23108)Resolving deltas:  23% (5315/23108)Resolving deltas:  24% (5546/23108)Resolving deltas:  25% (5777/23108)Resolving deltas:  26% (6009/23108)Resolving deltas:  27% (6240/23108)Resolving deltas:  28% (6471/23108)Resolving deltas:  29% (6702/23108)Resolving deltas:  30% (6933/23108)Resolving deltas:  31% (7164/23108)Resolving deltas:  32% (7395/23108)Resolving deltas:  33% (7626/23108)Resolving deltas:  34% (7857/23108)Resolving deltas:  35% (8088/23108)Resolving deltas:  36% (8319/23108)Resolving deltas:  37% (8550/23108)Resolving deltas:  38% (8782/23108)Resolving deltas:  39% (9013/23108)Resolving deltas:  40% (9244/23108)Resolving deltas:  41% (9475/23108)Resolving deltas:  42% (9706/23108)Resolving deltas:  43% (9937/23108)Resolving deltas:  44% (10168/23108)Resolving deltas:  45% (10399/23108)Resolving deltas:  46% (10630/23108)Resolving deltas:  47% (10861/23108)Resolving deltas:  48% (11092/23108)Resolving deltas:  49% (11323/23108)Resolving deltas:  50% (11554/23108)Resolving deltas:  51% (11786/23108)Resolving deltas:  52% (12017/23108)Resolving deltas:  53% (12248/23108)Resolving deltas:  54% (12479/23108)Resolving deltas:  55% (12710/23108)Resolving deltas:  56% (12941/23108)Resolving deltas:  57% (13172/23108)Resolving deltas:  58% (13403/23108)Resolving deltas:  59% (13634/23108)Resolving deltas:  60% (13865/23108)Resolving deltas:  61% (14096/23108)Resolving deltas:  62% (14327/23108)Resolving deltas:  63% (14559/23108)Resolving deltas:  64% (14790/23108)Resolving deltas:  65% (15021/23108)Resolving deltas:  66% (15252/23108)Resolving deltas:  67% (15483/23108)Resolving deltas:  68% (15714/23108)Resolving deltas:  69% (15945/23108)Resolving deltas:  70% (16176/23108)Resolving deltas:  71% (16407/23108)Resolving deltas:  72% (16638/23108)Resolving deltas:  73% (16869/23108)Resolving deltas:  74% (17100/23108)Resolving deltas:  75% (17331/23108)Resolving deltas:  76% (17563/23108)Resolving deltas:  77% (17795/23108)Resolving deltas:  78% (18025/23108)Resolving deltas:  79% (18256/23108)Resolving deltas:  80% (18487/23108)Resolving deltas:  81% (18718/23108)Resolving deltas:  82% (18949/23108)Resolving deltas:  83% (19180/23108)Resolving deltas:  84% (19411/23108)Resolving deltas:  85% (19642/23108)Resolving deltas:  86% (19873/23108)Resolving deltas:  87% (20104/23108)Resolving deltas:  88% (20336/23108)Resolving deltas:  89% (20567/23108)Resolving deltas:  90% (20798/23108)Resolving deltas:  91% (21029/23108)Resolving deltas:  92% (21260/23108)Resolving deltas:  93% (21491/23108)Resolving deltas:  94% (21722/23108)Resolving deltas:  95% (21953/23108)Resolving deltas:  96% (22184/23108)Resolving deltas:  97% (22415/23108)Resolving deltas:  98% (22646/23108)Resolving deltas:  99% (22877/23108)Resolving deltas: 100% (23108/23108)Resolving deltas: 100% (23108/23108), done.
[1m[90m[DEBUG][39m[0m:   	Cloning into 'external/libtiff'...
[1m[90m[DEBUG][39m[0m:   	remote: Enumerating objects: 33325, done.
[1m[90m[DEBUG][39m[0m:   	remote: Counting objects:   0% (1/2898)        remote: Counting objects:   1% (29/2898)        remote: Counting objects:   2% (58/2898)        remote: Counting objects:   3% (87/2898)        remote: Counting objects:   4% (116/2898)        remote: Counting objects:   5% (145/2898)        remote: Counting objects:   6% (174/2898)        remote: Counting objects:   7% (203/2898)        remote: Counting objects:   8% (232/2898)        remote: Counting objects:   9% (261/2898)        remote: Counting objects:  10% (290/2898)        remote: Counting objects:  11% (319/2898)        remote: Counting objects:  12% (348/2898)        remote: Counting objects:  13% (377/2898)        remote: Counting objects:  14% (406/2898)        remote: Counting objects:  15% (435/2898)        remote: Counting objects:  16% (464/2898)        remote: Counting objects:  17% (493/2898)        remote: Counting objects:  18% (522/2898)        remote: Counting objects:  19% (551/2898)        remote: Counting objects:  20% (580/2898)        remote: Counting objects:  21% (609/2898)        remote: Counting objects:  22% (638/2898)        remote: Counting objects:  23% (667/2898)        remote: Counting objects:  24% (696/2898)        remote: Counting objects:  25% (725/2898)        remote: Counting objects:  26% (754/2898)        remote: Counting objects:  27% (783/2898)        remote: Counting objects:  28% (812/2898)        remote: Counting objects:  29% (841/2898)        remote: Counting objects:  30% (870/2898)        remote: Counting objects:  31% (899/2898)        remote: Counting objects:  32% (928/2898)        remote: Counting objects:  33% (957/2898)        remote: Counting objects:  34% (986/2898)        remote: Counting objects:  35% (1015/2898)        remote: Counting objects:  36% (1044/2898)        remote: Counting objects:  37% (1073/2898)        remote: Counting objects:  38% (1102/2898)        remote: Counting objects:  39% (1131/2898)        remote: Counting objects:  40% (1160/2898)        remote: Counting objects:  41% (1189/2898)        remote: Counting objects:  42% (1218/2898)        remote: Counting objects:  43% (1247/2898)        remote: Counting objects:  44% (1276/2898)        remote: Counting objects:  45% (1305/2898)        remote: Counting objects:  46% (1334/2898)        remote: Counting objects:  47% (1363/2898)        remote: Counting objects:  48% (1392/2898)        remote: Counting objects:  49% (1421/2898)        remote: Counting objects:  50% (1449/2898)        remote: Counting objects:  51% (1478/2898)        remote: Counting objects:  52% (1507/2898)        remote: Counting objects:  53% (1536/2898)        remote: Counting objects:  54% (1565/2898)        remote: Counting objects:  55% (1594/2898)        remote: Counting objects:  56% (1623/2898)        remote: Counting objects:  57% (1652/2898)        remote: Counting objects:  58% (1681/2898)        remote: Counting objects:  59% (1710/2898)        remote: Counting objects:  60% (1739/2898)        remote: Counting objects:  61% (1768/2898)        remote: Counting objects:  62% (1797/2898)        remote: Counting objects:  63% (1826/2898)        remote: Counting objects:  64% (1855/2898)        remote: Counting objects:  65% (1884/2898)        remote: Counting objects:  66% (1913/2898)        remote: Counting objects:  67% (1942/2898)        remote: Counting objects:  68% (1971/2898)        remote: Counting objects:  69% (2000/2898)        remote: Counting objects:  70% (2029/2898)        remote: Counting objects:  71% (2058/2898)        remote: Counting objects:  72% (2087/2898)        remote: Counting objects:  73% (2116/2898)        remote: Counting objects:  74% (2145/2898)        remote: Counting objects:  75% (2174/2898)        remote: Counting objects:  76% (2203/2898)        remote: Counting objects:  77% (2232/2898)        remote: Counting objects:  78% (2261/2898)        remote: Counting objects:  79% (2290/2898)        remote: Counting objects:  80% (2319/2898)        remote: Counting objects:  81% (2348/2898)        remote: Counting objects:  82% (2377/2898)        remote: Counting objects:  83% (2406/2898)        remote: Counting objects:  84% (2435/2898)        remote: Counting objects:  85% (2464/2898)        remote: Counting objects:  86% (2493/2898)        remote: Counting objects:  87% (2522/2898)        remote: Counting objects:  88% (2551/2898)        remote: Counting objects:  89% (2580/2898)        remote: Counting objects:  90% (2609/2898)        remote: Counting objects:  91% (2638/2898)        remote: Counting objects:  92% (2667/2898)        remote: Counting objects:  93% (2696/2898)        remote: Counting objects:  94% (2725/2898)        remote: Counting objects:  95% (2754/2898)        remote: Counting objects:  96% (2783/2898)        remote: Counting objects:  97% (2812/2898)        remote: Counting objects:  98% (2841/2898)        remote: Counting objects:  99% (2870/2898)        remote: Counting objects: 100% (2898/2898)        remote: Counting objects: 100% (2898/2898), done.
[1m[90m[DEBUG][39m[0m:   	remote: Compressing objects:   0% (1/554)        remote: Compressing objects:   1% (6/554)        remote: Compressing objects:   2% (12/554)        remote: Compressing objects:   3% (17/554)        remote: Compressing objects:   4% (23/554)        remote: Compressing objects:   5% (28/554)        remote: Compressing objects:   6% (34/554)        remote: Compressing objects:   7% (39/554)        remote: Compressing objects:   8% (45/554)        remote: Compressing objects:   9% (50/554)        remote: Compressing objects:  10% (56/554)        remote: Compressing objects:  11% (61/554)        remote: Compressing objects:  12% (67/554)        remote: Compressing objects:  13% (73/554)        remote: Compressing objects:  14% (78/554)        remote: Compressing objects:  15% (84/554)        remote: Compressing objects:  16% (89/554)        remote: Compressing objects:  17% (95/554)        remote: Compressing objects:  18% (100/554)        remote: Compressing objects:  19% (106/554)        remote: Compressing objects:  20% (111/554)        remote: Compressing objects:  21% (117/554)        remote: Compressing objects:  22% (122/554)        remote: Compressing objects:  23% (128/554)        remote: Compressing objects:  24% (133/554)        remote: Compressing objects:  25% (139/554)        remote: Compressing objects:  26% (145/554)        remote: Compressing objects:  27% (150/554)        remote: Compressing objects:  28% (156/554)        remote: Compressing objects:  29% (161/554)        remote: Compressing objects:  30% (167/554)        remote: Compressing objects:  31% (172/554)        remote: Compressing objects:  32% (178/554)        remote: Compressing objects:  33% (183/554)        remote: Compressing objects:  34% (189/554)        remote: Compressing objects:  35% (194/554)        remote: Compressing objects:  36% (200/554)        remote: Compressing objects:  37% (205/554)        remote: Compressing objects:  38% (211/554)        remote: Compressing objects:  39% (217/554)        remote: Compressing objects:  40% (222/554)        remote: Compressing objects:  41% (228/554)        remote: Compressing objects:  42% (233/554)        remote: Compressing objects:  43% (239/554)        remote: Compressing objects:  44% (244/554)        remote: Compressing objects:  45% (250/554)        remote: Compressing objects:  46% (255/554)        remote: Compressing objects:  47% (261/554)        remote: Compressing objects:  48% (266/554)        remote: Compressing objects:  49% (272/554)        remote: Compressing objects:  50% (277/554)        remote: Compressing objects:  51% (283/554)        remote: Compressing objects:  52% (289/554)        remote: Compressing objects:  53% (294/554)        remote: Compressing objects:  54% (300/554)        remote: Compressing objects:  55% (305/554)        remote: Compressing objects:  56% (311/554)        remote: Compressing objects:  57% (316/554)        remote: Compressing objects:  58% (322/554)        remote: Compressing objects:  59% (327/554)        remote: Compressing objects:  60% (333/554)        remote: Compressing objects:  61% (338/554)        remote: Compressing objects:  62% (344/554)        remote: Compressing objects:  63% (350/554)        remote: Compressing objects:  64% (355/554)        remote: Compressing objects:  65% (361/554)        remote: Compressing objects:  66% (366/554)        remote: Compressing objects:  67% (372/554)        remote: Compressing objects:  68% (377/554)        remote: Compressing objects:  69% (383/554)        remote: Compressing objects:  70% (388/554)        remote: Compressing objects:  71% (394/554)        remote: Compressing objects:  72% (399/554)        remote: Compressing objects:  73% (405/554)        remote: Compressing objects:  74% (410/554)        remote: Compressing objects:  75% (416/554)        remote: Compressing objects:  76% (422/554)        remote: Compressing objects:  77% (427/554)        remote: Compressing objects:  78% (433/554)        remote: Compressing objects:  79% (438/554)        remote: Compressing objects:  80% (444/554)        remote: Compressing objects:  81% (449/554)        remote: Compressing objects:  82% (455/554)        remote: Compressing objects:  83% (460/554)        remote: Compressing objects:  84% (466/554)        remote: Compressing objects:  85% (471/554)        remote: Compressing objects:  86% (477/554)        remote: Compressing objects:  87% (482/554)        remote: Compressing objects:  88% (488/554)        remote: Compressing objects:  89% (494/554)        remote: Compressing objects:  90% (499/554)        remote: Compressing objects:  91% (505/554)        remote: Compressing objects:  92% (510/554)        remote: Compressing objects:  93% (516/554)        remote: Compressing objects:  94% (521/554)        remote: Compressing objects:  95% (527/554)        remote: Compressing objects:  96% (532/554)        remote: Compressing objects:  97% (538/554)        remote: Compressing objects:  98% (543/554)        remote: Compressing objects:  99% (549/554)        remote: Compressing objects: 100% (554/554)        remote: Compressing objects: 100% (554/554), done.
[1m[90m[DEBUG][39m[0m:   	Receiving objects:   0% (1/33325)Receiving objects:   1% (334/33325)Receiving objects:   2% (667/33325)Receiving objects:   3% (1000/33325)Receiving objects:   4% (1333/33325)Receiving objects:   5% (1667/33325)Receiving objects:   6% (2000/33325)Receiving objects:   7% (2333/33325)Receiving objects:   8% (2666/33325)Receiving objects:   9% (3000/33325)Receiving objects:  10% (3333/33325)Receiving objects:  11% (3666/33325)Receiving objects:  12% (3999/33325)Receiving objects:  13% (4333/33325)Receiving objects:  14% (4666/33325)Receiving objects:  15% (4999/33325)Receiving objects:  16% (5332/33325)Receiving objects:  17% (5666/33325)Receiving objects:  18% (5999/33325)Receiving objects:  19% (6332/33325)Receiving objects:  20% (6665/33325)Receiving objects:  21% (6999/33325)Receiving objects:  22% (7332/33325)Receiving objects:  23% (7665/33325)Receiving objects:  24% (7998/33325)Receiving objects:  25% (8332/33325)Receiving objects:  26% (8665/33325)Receiving objects:  27% (8998/33325), 3.23 MiB | 6.44 MiB/sReceiving objects:  28% (9331/33325), 3.23 MiB | 6.44 MiB/sReceiving objects:  29% (9665/33325), 3.23 MiB | 6.44 MiB/sReceiving objects:  30% (9998/33325), 3.23 MiB | 6.44 MiB/sReceiving objects:  31% (10331/33325), 3.23 MiB | 6.44 MiB/sReceiving objects:  32% (10664/33325), 3.23 MiB | 6.44 MiB/sReceiving objects:  33% (10998/33325), 3.23 MiB | 6.44 MiB/sReceiving objects:  34% (11331/33325), 3.23 MiB | 6.44 MiB/sReceiving objects:  35% (11664/33325), 3.23 MiB | 6.44 MiB/sReceiving objects:  36% (11997/33325), 3.23 MiB | 6.44 MiB/sReceiving objects:  37% (12331/33325), 3.23 MiB | 6.44 MiB/sReceiving objects:  38% (12664/33325), 3.23 MiB | 6.44 MiB/sReceiving objects:  39% (12997/33325), 3.23 MiB | 6.44 MiB/sReceiving objects:  40% (13330/33325), 3.23 MiB | 6.44 MiB/sReceiving objects:  41% (13664/33325), 3.23 MiB | 6.44 MiB/sReceiving objects:  42% (13997/33325), 3.23 MiB | 6.44 MiB/sReceiving objects:  43% (14330/33325), 3.23 MiB | 6.44 MiB/sReceiving objects:  44% (14663/33325), 3.23 MiB | 6.44 MiB/sReceiving objects:  45% (14997/33325), 3.23 MiB | 6.44 MiB/sReceiving objects:  46% (15330/33325), 3.23 MiB | 6.44 MiB/sReceiving objects:  47% (15663/33325), 3.23 MiB | 6.44 MiB/sReceiving objects:  48% (15996/33325), 3.23 MiB | 6.44 MiB/sReceiving objects:  49% (16330/33325), 3.23 MiB | 6.44 MiB/sReceiving objects:  50% (16663/33325), 3.23 MiB | 6.44 MiB/sReceiving objects:  51% (16996/33325), 3.23 MiB | 6.44 MiB/sReceiving objects:  52% (17329/33325), 3.23 MiB | 6.44 MiB/sReceiving objects:  53% (17663/33325), 3.23 MiB | 6.44 MiB/sReceiving objects:  54% (17996/33325), 3.23 MiB | 6.44 MiB/sReceiving objects:  55% (18329/33325), 3.23 MiB | 6.44 MiB/sReceiving objects:  56% (18662/33325), 3.23 MiB | 6.44 MiB/sReceiving objects:  57% (18996/33325), 3.23 MiB | 6.44 MiB/sReceiving objects:  58% (19329/33325), 3.23 MiB | 6.44 MiB/sReceiving objects:  59% (19662/33325), 3.23 MiB | 6.44 MiB/sReceiving objects:  60% (19995/33325), 3.23 MiB | 6.44 MiB/sReceiving objects:  61% (20329/33325), 3.23 MiB | 6.44 MiB/sReceiving objects:  62% (20662/33325), 3.23 MiB | 6.44 MiB/sReceiving objects:  63% (20995/33325), 3.23 MiB | 6.44 MiB/sReceiving objects:  64% (21328/33325), 3.23 MiB | 6.44 MiB/sReceiving objects:  65% (21662/33325), 3.23 MiB | 6.44 MiB/sReceiving objects:  66% (21995/33325), 3.23 MiB | 6.44 MiB/sReceiving objects:  67% (22328/33325), 3.23 MiB | 6.44 MiB/sReceiving objects:  68% (22661/33325), 3.23 MiB | 6.44 MiB/sReceiving objects:  69% (22995/33325), 3.23 MiB | 6.44 MiB/sReceiving objects:  70% (23328/33325), 3.23 MiB | 6.44 MiB/sReceiving objects:  71% (23661/33325), 3.23 MiB | 6.44 MiB/sReceiving objects:  72% (23994/33325), 3.23 MiB | 6.44 MiB/sReceiving objects:  73% (24328/33325), 3.23 MiB | 6.44 MiB/sReceiving objects:  74% (24661/33325), 3.23 MiB | 6.44 MiB/sReceiving objects:  75% (24994/33325), 3.23 MiB | 6.44 MiB/sReceiving objects:  76% (25327/33325), 3.23 MiB | 6.44 MiB/sReceiving objects:  77% (25661/33325), 3.23 MiB | 6.44 MiB/sReceiving objects:  78% (25994/33325), 3.23 MiB | 6.44 MiB/sReceiving objects:  79% (26327/33325), 3.23 MiB | 6.44 MiB/sReceiving objects:  80% (26660/33325), 3.23 MiB | 6.44 MiB/sReceiving objects:  81% (26994/33325), 3.23 MiB | 6.44 MiB/sReceiving objects:  82% (27327/33325), 3.23 MiB | 6.44 MiB/sReceiving objects:  83% (27660/33325), 3.23 MiB | 6.44 MiB/sReceiving objects:  84% (27993/33325), 3.23 MiB | 6.44 MiB/sReceiving objects:  84% (28051/33325), 3.23 MiB | 6.44 MiB/sReceiving objects:  85% (28327/33325), 10.97 MiB | 10.96 MiB/sReceiving objects:  86% (28660/33325), 10.97 MiB | 10.96 MiB/sReceiving objects:  87% (28993/33325), 10.97 MiB | 10.96 MiB/sReceiving objects:  88% (29326/33325), 10.97 MiB | 10.96 MiB/sReceiving objects:  89% (29660/33325), 10.97 MiB | 10.96 MiB/sReceiving objects:  90% (29993/33325), 10.97 MiB | 10.96 MiB/sReceiving objects:  91% (30326/33325), 10.97 MiB | 10.96 MiB/sReceiving objects:  92% (30659/33325), 10.97 MiB | 10.96 MiB/sReceiving objects:  93% (30993/33325), 10.97 MiB | 10.96 MiB/sReceiving objects:  94% (31326/33325), 10.97 MiB | 10.96 MiB/sReceiving objects:  95% (31659/33325), 10.97 MiB | 10.96 MiB/sReceiving objects:  96% (31992/33325), 10.97 MiB | 10.96 MiB/sReceiving objects:  97% (32326/33325), 10.97 MiB | 10.96 MiB/sReceiving objects:  98% (32659/33325), 10.97 MiB | 10.96 MiB/sReceiving objects:  99% (32992/33325), 10.97 MiB | 10.96 MiB/sremote: Total 33325 (delta 2512), reused 2435 (delta 2344), pack-reused 30427 (from 2)
[1m[90m[DEBUG][39m[0m:   	Receiving objects: 100% (33325/33325), 10.97 MiB | 10.96 MiB/sReceiving objects: 100% (33325/33325), 14.12 MiB | 10.87 MiB/s, done.
[1m[90m[DEBUG][39m[0m:   	Resolving deltas:   0% (0/25954)Resolving deltas:   1% (260/25954)Resolving deltas:   2% (520/25954)Resolving deltas:   3% (779/25954)Resolving deltas:   4% (1039/25954)Resolving deltas:   5% (1298/25954)Resolving deltas:   6% (1558/25954)Resolving deltas:   7% (1817/25954)Resolving deltas:   8% (2077/25954)Resolving deltas:   9% (2336/25954)Resolving deltas:  10% (2596/25954)Resolving deltas:  11% (2855/25954)Resolving deltas:  12% (3115/25954)Resolving deltas:  13% (3375/25954)Resolving deltas:  14% (3634/25954)Resolving deltas:  15% (3894/25954)Resolving deltas:  16% (4153/25954)Resolving deltas:  17% (4413/25954)Resolving deltas:  18% (4672/25954)Resolving deltas:  19% (4932/25954)Resolving deltas:  20% (5191/25954)Resolving deltas:  21% (5451/25954)Resolving deltas:  22% (5711/25954)Resolving deltas:  23% (5970/25954)Resolving deltas:  24% (6229/25954)Resolving deltas:  25% (6489/25954)Resolving deltas:  26% (6749/25954)Resolving deltas:  27% (7008/25954)Resolving deltas:  28% (7268/25954)Resolving deltas:  29% (7527/25954)Resolving deltas:  30% (7787/25954)Resolving deltas:  31% (8046/25954)Resolving deltas:  32% (8306/25954)Resolving deltas:  33% (8565/25954)Resolving deltas:  34% (8825/25954)Resolving deltas:  35% (9084/25954)Resolving deltas:  36% (9344/25954)Resolving deltas:  37% (9603/25954)Resolving deltas:  38% (9863/25954)Resolving deltas:  39% (10123/25954)Resolving deltas:  40% (10382/25954)Resolving deltas:  41% (10642/25954)Resolving deltas:  42% (10901/25954)Resolving deltas:  43% (11161/25954)Resolving deltas:  44% (11420/25954)Resolving deltas:  45% (11680/25954)Resolving deltas:  46% (11939/25954)Resolving deltas:  47% (12199/25954)Resolving deltas:  48% (12458/25954)Resolving deltas:  49% (12718/25954)Resolving deltas:  50% (12977/25954)Resolving deltas:  51% (13237/25954)Resolving deltas:  52% (13497/25954)Resolving deltas:  53% (13756/25954)Resolving deltas:  54% (14016/25954)Resolving deltas:  55% (14275/25954)Resolving deltas:  56% (14535/25954)Resolving deltas:  57% (14794/25954)Resolving deltas:  58% (15054/25954)Resolving deltas:  59% (15313/25954)Resolving deltas:  60% (15573/25954)Resolving deltas:  61% (15832/25954)Resolving deltas:  62% (16092/25954)Resolving deltas:  63% (16352/25954)Resolving deltas:  64% (16611/25954)Resolving deltas:  65% (16871/25954)Resolving deltas:  66% (17130/25954)Resolving deltas:  67% (17390/25954)Resolving deltas:  68% (17649/25954)Resolving deltas:  69% (17909/25954)Resolving deltas:  70% (18168/25954)Resolving deltas:  71% (18428/25954)Resolving deltas:  72% (18687/25954)Resolving deltas:  73% (18947/25954)Resolving deltas:  73% (19200/25954)Resolving deltas:  74% (19206/25954)Resolving deltas:  75% (19466/25954)Resolving deltas:  76% (19727/25954)Resolving deltas:  77% (19985/25954)Resolving deltas:  78% (20245/25954)Resolving deltas:  79% (20504/25954)Resolving deltas:  80% (20764/25954)Resolving deltas:  81% (21023/25954)Resolving deltas:  82% (21283/25954)Resolving deltas:  83% (21542/25954)Resolving deltas:  84% (21802/25954)Resolving deltas:  85% (22061/25954)Resolving deltas:  86% (22321/25954)Resolving deltas:  87% (22580/25954)Resolving deltas:  88% (22840/25954)Resolving deltas:  89% (23100/25954)Resolving deltas:  90% (23359/25954)Resolving deltas:  91% (23619/25954)Resolving deltas:  92% (23878/25954)Resolving deltas:  93% (24138/25954)Resolving deltas:  94% (24397/25954)Resolving deltas:  95% (24657/25954)Resolving deltas:  96% (24916/25954)Resolving deltas:  97% (25176/25954)Resolving deltas:  98% (25435/25954)Resolving deltas:  99% (25695/25954)Resolving deltas: 100% (25954/25954)Resolving deltas: 100% (25954/25954), done.
[1m[90m[DEBUG][39m[0m:   	Cloning into 'external/zlib'...
[1m[90m[DEBUG][39m[0m:   	remote: Enumerating objects: 8545, done.
[1m[90m[DEBUG][39m[0m:   	remote: Counting objects:   0% (1/182)        remote: Counting objects:   1% (2/182)        remote: Counting objects:   2% (4/182)        remote: Counting objects:   3% (6/182)        remote: Counting objects:   4% (8/182)        remote: Counting objects:   5% (10/182)        remote: Counting objects:   6% (11/182)        remote: Counting objects:   7% (13/182)        remote: Counting objects:   8% (15/182)        remote: Counting objects:   9% (17/182)        remote: Counting objects:  10% (19/182)        remote: Counting objects:  11% (21/182)        remote: Counting objects:  12% (22/182)        remote: Counting objects:  13% (24/182)        remote: Counting objects:  14% (26/182)        remote: Counting objects:  15% (28/182)        remote: Counting objects:  16% (30/182)        remote: Counting objects:  17% (31/182)        remote: Counting objects:  18% (33/182)        remote: Counting objects:  19% (35/182)        remote: Counting objects:  20% (37/182)        remote: Counting objects:  21% (39/182)        remote: Counting objects:  22% (41/182)        remote: Counting objects:  23% (42/182)        remote: Counting objects:  24% (44/182)        remote: Counting objects:  25% (46/182)        remote: Counting objects:  26% (48/182)        remote: Counting objects:  27% (50/182)        remote: Counting objects:  28% (51/182)        remote: Counting objects:  29% (53/182)        remote: Counting objects:  30% (55/182)        remote: Counting objects:  31% (57/182)        remote: Counting objects:  32% (59/182)        remote: Counting objects:  33% (61/182)        remote: Counting objects:  34% (62/182)        remote: Counting objects:  35% (64/182)        remote: Counting objects:  36% (66/182)        remote: Counting objects:  37% (68/182)        remote: Counting objects:  38% (70/182)        remote: Counting objects:  39% (71/182)        remote: Counting objects:  40% (73/182)        remote: Counting objects:  41% (75/182)        remote: Counting objects:  42% (77/182)        remote: Counting objects:  43% (79/182)        remote: Counting objects:  44% (81/182)        remote: Counting objects:  45% (82/182)        remote: Counting objects:  46% (84/182)        remote: Counting objects:  47% (86/182)        remote: Counting objects:  48% (88/182)        remote: Counting objects:  49% (90/182)        remote: Counting objects:  50% (91/182)        remote: Counting objects:  51% (93/182)        remote: Counting objects:  52% (95/182)        remote: Counting objects:  53% (97/182)        remote: Counting objects:  54% (99/182)        remote: Counting objects:  55% (101/182)        remote: Counting objects:  56% (102/182)        remote: Counting objects:  57% (104/182)        remote: Counting objects:  58% (106/182)        remote: Counting objects:  59% (108/182)        remote: Counting objects:  60% (110/182)        remote: Counting objects:  61% (112/182)        remote: Counting objects:  62% (113/182)        remote: Counting objects:  63% (115/182)        remote: Counting objects:  64% (117/182)        remote: Counting objects:  65% (119/182)        remote: Counting objects:  66% (121/182)        remote: Counting objects:  67% (122/182)        remote: Counting objects:  68% (124/182)        remote: Counting objects:  69% (126/182)        remote: Counting objects:  70% (128/182)        remote: Counting objects:  71% (130/182)        remote: Counting objects:  72% (132/182)        remote: Counting objects:  73% (133/182)        remote: Counting objects:  74% (135/182)        remote: Counting objects:  75% (137/182)        remote: Counting objects:  76% (139/182)        remote: Counting objects:  77% (141/182)        remote: Counting objects:  78% (142/182)        remote: Counting objects:  79% (144/182)        remote: Counting objects:  80% (146/182)        remote: Counting objects:  81% (148/182)        remote: Counting objects:  82% (150/182)        remote: Counting objects:  83% (152/182)        remote: Counting objects:  84% (153/182)        remote: Counting objects:  85% (155/182)        remote: Counting objects:  86% (157/182)        remote: Counting objects:  87% (159/182)        remote: Counting objects:  88% (161/182)        remote: Counting objects:  89% (162/182)        remote: Counting objects:  90% (164/182)        remote: Counting objects:  91% (166/182)        remote: Counting objects:  92% (168/182)        remote: Counting objects:  93% (170/182)        remote: Counting objects:  94% (172/182)        remote: Counting objects:  95% (173/182)        remote: Counting objects:  96% (175/182)        remote: Counting objects:  97% (177/182)        remote: Counting objects:  98% (179/182)        remote: Counting objects:  99% (181/182)        remote: Counting objects: 100% (182/182)        remote: Counting objects: 100% (182/182), done.
[1m[90m[DEBUG][39m[0m:   	remote: Compressing objects:   1% (1/76)        remote: Compressing objects:   2% (2/76)        remote: Compressing objects:   3% (3/76)        remote: Compressing objects:   5% (4/76)        remote: Compressing objects:   6% (5/76)        remote: Compressing objects:   7% (6/76)        remote: Compressing objects:   9% (7/76)        remote: Compressing objects:  10% (8/76)        remote: Compressing objects:  11% (9/76)        remote: Compressing objects:  13% (10/76)        remote: Compressing objects:  14% (11/76)        remote: Compressing objects:  15% (12/76)        remote: Compressing objects:  17% (13/76)        remote: Compressing objects:  18% (14/76)        remote: Compressing objects:  19% (15/76)        remote: Compressing objects:  21% (16/76)        remote: Compressing objects:  22% (17/76)        remote: Compressing objects:  23% (18/76)        remote: Compressing objects:  25% (19/76)        remote: Compressing objects:  26% (20/76)        remote: Compressing objects:  27% (21/76)        remote: Compressing objects:  28% (22/76)        remote: Compressing objects:  30% (23/76)        remote: Compressing objects:  31% (24/76)        remote: Compressing objects:  32% (25/76)        remote: Compressing objects:  34% (26/76)        remote: Compressing objects:  35% (27/76)        remote: Compressing objects:  36% (28/76)        remote: Compressing objects:  38% (29/76)        remote: Compressing objects:  39% (30/76)        remote: Compressing objects:  40% (31/76)        remote: Compressing objects:  42% (32/76)        remote: Compressing objects:  43% (33/76)        remote: Compressing objects:  44% (34/76)        remote: Compressing objects:  46% (35/76)        remote: Compressing objects:  47% (36/76)        remote: Compressing objects:  48% (37/76)        remote: Compressing objects:  50% (38/76)        remote: Compressing objects:  51% (39/76)        remote: Compressing objects:  52% (40/76)        remote: Compressing objects:  53% (41/76)        remote: Compressing objects:  55% (42/76)        remote: Compressing objects:  56% (43/76)        remote: Compressing objects:  57% (44/76)        remote: Compressing objects:  59% (45/76)        remote: Compressing objects:  60% (46/76)        remote: Compressing objects:  61% (47/76)        remote: Compressing objects:  63% (48/76)        remote: Compressing objects:  64% (49/76)        remote: Compressing objects:  65% (50/76)        remote: Compressing objects:  67% (51/76)        remote: Compressing objects:  68% (52/76)        remote: Compressing objects:  69% (53/76)        remote: Compressing objects:  71% (54/76)        remote: Compressing objects:  72% (55/76)        remote: Compressing objects:  73% (56/76)        remote: Compressing objects:  75% (57/76)        remote: Compressing objects:  76% (58/76)        remote: Compressing objects:  77% (59/76)        remote: Compressing objects:  78% (60/76)        remote: Compressing objects:  80% (61/76)        remote: Compressing objects:  81% (62/76)        remote: Compressing objects:  82% (63/76)        remote: Compressing objects:  84% (64/76)        remote: Compressing objects:  85% (65/76)        remote: Compressing objects:  86% (66/76)        remote: Compressing objects:  88% (67/76)        remote: Compressing objects:  89% (68/76)        remote: Compressing objects:  90% (69/76)        remote: Compressing objects:  92% (70/76)        remote: Compressing objects:  93% (71/76)        remote: Compressing objects:  94% (72/76)        remote: Compressing objects:  96% (73/76)        remote: Compressing objects:  97% (74/76)        remote: Compressing objects:  98% (75/76)        remote: Compressing objects: 100% (76/76)        remote: Compressing objects: 100% (76/76), done.
[1m[90m[DEBUG][39m[0m:   	Receiving objects:   0% (1/8545)Receiving objects:   1% (86/8545)Receiving objects:   2% (171/8545)Receiving objects:   3% (257/8545)Receiving objects:   4% (342/8545)Receiving objects:   5% (428/8545)Receiving objects:   6% (513/8545)Receiving objects:   7% (599/8545)Receiving objects:   8% (684/8545)Receiving objects:   9% (770/8545)Receiving objects:  10% (855/8545)Receiving objects:  11% (940/8545)Receiving objects:  12% (1026/8545)Receiving objects:  13% (1111/8545)Receiving objects:  14% (1197/8545)Receiving objects:  15% (1282/8545)Receiving objects:  16% (1368/8545)Receiving objects:  17% (1453/8545)Receiving objects:  18% (1539/8545)Receiving objects:  19% (1624/8545)Receiving objects:  20% (1709/8545)Receiving objects:  21% (1795/8545)Receiving objects:  22% (1880/8545)Receiving objects:  23% (1966/8545)Receiving objects:  24% (2051/8545)Receiving objects:  25% (2137/8545)Receiving objects:  26% (2222/8545)Receiving objects:  27% (2308/8545)Receiving objects:  28% (2393/8545)Receiving objects:  29% (2479/8545)Receiving objects:  30% (2564/8545)Receiving objects:  31% (2649/8545)Receiving objects:  32% (2735/8545)Receiving objects:  33% (2820/8545)Receiving objects:  34% (2906/8545)Receiving objects:  35% (2991/8545)Receiving objects:  36% (3077/8545)Receiving objects:  37% (3162/8545)Receiving objects:  38% (3248/8545)Receiving objects:  39% (3333/8545)Receiving objects:  40% (3418/8545)Receiving objects:  41% (3504/8545)Receiving objects:  42% (3589/8545)Receiving objects:  43% (3675/8545)Receiving objects:  44% (3760/8545)Receiving objects:  45% (3846/8545)Receiving objects:  46% (3931/8545)Receiving objects:  47% (4017/8545)Receiving objects:  48% (4102/8545)Receiving objects:  49% (4188/8545)Receiving objects:  50% (4273/8545)Receiving objects:  51% (4358/8545)Receiving objects:  52% (4444/8545)Receiving objects:  53% (4529/8545)Receiving objects:  54% (4615/8545)Receiving objects:  55% (4700/8545)Receiving objects:  56% (4786/8545)Receiving objects:  57% (4871/8545)Receiving objects:  58% (4957/8545)Receiving objects:  59% (5042/8545)Receiving objects:  60% (5127/8545)Receiving objects:  61% (5213/8545)Receiving objects:  62% (5298/8545)Receiving objects:  63% (5384/8545)Receiving objects:  64% (5469/8545)Receiving objects:  65% (5555/8545)Receiving objects:  66% (5640/8545)Receiving objects:  67% (5726/8545)Receiving objects:  68% (5811/8545)Receiving objects:  69% (5897/8545)Receiving objects:  70% (5982/8545)Receiving objects:  71% (6067/8545)Receiving objects:  72% (6153/8545)Receiving objects:  73% (6238/8545)Receiving objects:  74% (6324/8545)Receiving objects:  75% (6409/8545)Receiving objects:  76% (6495/8545)Receiving objects:  77% (6580/8545)Receiving objects:  78% (6666/8545)Receiving objects:  79% (6751/8545)Receiving objects:  80% (6836/8545)Receiving objects:  81% (6922/8545)Receiving objects:  82% (7007/8545)Receiving objects:  83% (7093/8545)Receiving objects:  84% (7178/8545)Receiving objects:  85% (7264/8545)Receiving objects:  86% (7349/8545)Receiving objects:  87% (7435/8545)Receiving objects:  88% (7520/8545)Receiving objects:  89% (7606/8545)Receiving objects:  90% (7691/8545)Receiving objects:  91% (7776/8545)Receiving objects:  92% (7862/8545)Receiving objects:  93% (7947/8545)Receiving objects:  94% (8033/8545)Receiving objects:  95% (8118/8545)Receiving objects:  96% (8204/8545)Receiving objects:  97% (8289/8545)Receiving objects:  98% (8375/8545)Receiving objects:  99% (8460/8545)remote: Total 8545 (delta 107), reused 106 (delta 106), pack-reused 8363 (from 2)
[1m[90m[DEBUG][39m[0m:   	Receiving objects: 100% (8545/8545)Receiving objects: 100% (8545/8545), 5.01 MiB | 14.65 MiB/s, done.
[1m[90m[DEBUG][39m[0m:   	Resolving deltas:   0% (0/5994)Resolving deltas:   1% (60/5994)Resolving deltas:   2% (120/5994)Resolving deltas:   3% (180/5994)Resolving deltas:   4% (240/5994)Resolving deltas:   5% (300/5994)Resolving deltas:   6% (360/5994)Resolving deltas:   7% (420/5994)Resolving deltas:   8% (480/5994)Resolving deltas:   9% (540/5994)Resolving deltas:  10% (600/5994)Resolving deltas:  11% (660/5994)Resolving deltas:  12% (720/5994)Resolving deltas:  13% (780/5994)Resolving deltas:  14% (840/5994)Resolving deltas:  15% (900/5994)Resolving deltas:  16% (960/5994)Resolving deltas:  17% (1019/5994)Resolving deltas:  18% (1079/5994)Resolving deltas:  19% (1139/5994)Resolving deltas:  20% (1199/5994)Resolving deltas:  21% (1259/5994)Resolving deltas:  22% (1319/5994)Resolving deltas:  23% (1379/5994)Resolving deltas:  24% (1439/5994)Resolving deltas:  25% (1499/5994)Resolving deltas:  26% (1559/5994)Resolving deltas:  27% (1619/5994)Resolving deltas:  28% (1679/5994)Resolving deltas:  29% (1739/5994)Resolving deltas:  30% (1799/5994)Resolving deltas:  31% (1859/5994)Resolving deltas:  32% (1919/5994)Resolving deltas:  33% (1979/5994)Resolving deltas:  34% (2038/5994)Resolving deltas:  35% (2098/5994)Resolving deltas:  36% (2158/5994)Resolving deltas:  37% (2218/5994)Resolving deltas:  38% (2278/5994)Resolving deltas:  39% (2338/5994)Resolving deltas:  40% (2398/5994)Resolving deltas:  41% (2458/5994)Resolving deltas:  42% (2518/5994)Resolving deltas:  43% (2578/5994)Resolving deltas:  44% (2638/5994)Resolving deltas:  45% (2698/5994)Resolving deltas:  46% (2758/5994)Resolving deltas:  47% (2818/5994)Resolving deltas:  48% (2878/5994)Resolving deltas:  49% (2938/5994)Resolving deltas:  50% (2997/5994)Resolving deltas:  51% (3057/5994)Resolving deltas:  52% (3117/5994)Resolving deltas:  53% (3177/5994)Resolving deltas:  54% (3237/5994)Resolving deltas:  55% (3297/5994)Resolving deltas:  56% (3357/5994)Resolving deltas:  57% (3417/5994)Resolving deltas:  58% (3477/5994)Resolving deltas:  59% (3537/5994)Resolving deltas:  60% (3597/5994)Resolving deltas:  61% (3657/5994)Resolving deltas:  62% (3717/5994)Resolving deltas:  63% (3777/5994)Resolving deltas:  64% (3837/5994)Resolving deltas:  65% (3897/5994)Resolving deltas:  66% (3957/5994)Resolving deltas:  67% (4016/5994)Resolving deltas:  68% (4076/5994)Resolving deltas:  69% (4136/5994)Resolving deltas:  70% (4196/5994)Resolving deltas:  71% (4256/5994)Resolving deltas:  72% (4316/5994)Resolving deltas:  73% (4376/5994)Resolving deltas:  74% (4436/5994)Resolving deltas:  75% (4496/5994)Resolving deltas:  76% (4556/5994)Resolving deltas:  77% (4616/5994)Resolving deltas:  78% (4676/5994)Resolving deltas:  79% (4736/5994)Resolving deltas:  80% (4796/5994)Resolving deltas:  81% (4856/5994)Resolving deltas:  82% (4916/5994)Resolving deltas:  83% (4976/5994)Resolving deltas:  84% (5035/5994)Resolving deltas:  85% (5095/5994)Resolving deltas:  86% (5155/5994)Resolving deltas:  87% (5215/5994)Resolving deltas:  88% (5275/5994)Resolving deltas:  89% (5335/5994)Resolving deltas:  90% (5395/5994)Resolving deltas:  91% (5455/5994)Resolving deltas:  92% (5515/5994)Resolving deltas:  93% (5575/5994)Resolving deltas:  94% (5635/5994)Resolving deltas:  95% (5695/5994)Resolving deltas:  96% (5755/5994)Resolving deltas:  97% (5815/5994)Resolving deltas:  98% (5875/5994)Resolving deltas:  99% (5935/5994)Resolving deltas: 100% (5994/5994)Resolving deltas: 100% (5994/5994), done.
[1m[90m[DEBUG][39m[0m:   	Cloning into 'external/libjxl'...
[1m[90m[DEBUG][39m[0m:   	remote: Enumerating objects: 38287, done.
[1m[90m[DEBUG][39m[0m:   	remote: Counting objects:   0% (1/421)        remote: Counting objects:   1% (5/421)        remote: Counting objects:   2% (9/421)        remote: Counting objects:   3% (13/421)        remote: Counting objects:   4% (17/421)        remote: Counting objects:   5% (22/421)        remote: Counting objects:   6% (26/421)        remote: Counting objects:   7% (30/421)        remote: Counting objects:   8% (34/421)        remote: Counting objects:   9% (38/421)        remote: Counting objects:  10% (43/421)        remote: Counting objects:  11% (47/421)        remote: Counting objects:  12% (51/421)        remote: Counting objects:  13% (55/421)        remote: Counting objects:  14% (59/421)        remote: Counting objects:  15% (64/421)        remote: Counting objects:  16% (68/421)        remote: Counting objects:  17% (72/421)        remote: Counting objects:  18% (76/421)        remote: Counting objects:  19% (80/421)        remote: Counting objects:  20% (85/421)        remote: Counting objects:  21% (89/421)        remote: Counting objects:  22% (93/421)        remote: Counting objects:  23% (97/421)        remote: Counting objects:  24% (102/421)        remote: Counting objects:  25% (106/421)        remote: Counting objects:  26% (110/421)        remote: Counting objects:  27% (114/421)        remote: Counting objects:  28% (118/421)        remote: Counting objects:  29% (123/421)        remote: Counting objects:  30% (127/421)        remote: Counting objects:  31% (131/421)        remote: Counting objects:  32% (135/421)        remote: Counting objects:  33% (139/421)        remote: Counting objects:  34% (144/421)        remote: Counting objects:  35% (148/421)        remote: Counting objects:  36% (152/421)        remote: Counting objects:  37% (156/421)        remote: Counting objects:  38% (160/421)        remote: Counting objects:  39% (165/421)        remote: Counting objects:  40% (169/421)        remote: Counting objects:  41% (173/421)        remote: Counting objects:  42% (177/421)        remote: Counting objects:  43% (182/421)        remote: Counting objects:  44% (186/421)        remote: Counting objects:  45% (190/421)        remote: Counting objects:  46% (194/421)        remote: Counting objects:  47% (198/421)        remote: Counting objects:  48% (203/421)        remote: Counting objects:  49% (207/421)        remote: Counting objects:  50% (211/421)        remote: Counting objects:  51% (215/421)        remote: Counting objects:  52% (219/421)        remote: Counting objects:  53% (224/421)        remote: Counting objects:  54% (228/421)        remote: Counting objects:  55% (232/421)        remote: Counting objects:  56% (236/421)        remote: Counting objects:  57% (240/421)        remote: Counting objects:  58% (245/421)        remote: Counting objects:  59% (249/421)        remote: Counting objects:  60% (253/421)        remote: Counting objects:  61% (257/421)        remote: Counting objects:  62% (262/421)        remote: Counting objects:  63% (266/421)        remote: Counting objects:  64% (270/421)        remote: Counting objects:  65% (274/421)        remote: Counting objects:  66% (278/421)        remote: Counting objects:  67% (283/421)        remote: Counting objects:  68% (287/421)        remote: Counting objects:  69% (291/421)        remote: Counting objects:  70% (295/421)        remote: Counting objects:  71% (299/421)        remote: Counting objects:  72% (304/421)        remote: Counting objects:  73% (308/421)        remote: Counting objects:  74% (312/421)        remote: Counting objects:  75% (316/421)        remote: Counting objects:  76% (320/421)        remote: Counting objects:  77% (325/421)        remote: Counting objects:  78% (329/421)        remote: Counting objects:  79% (333/421)        remote: Counting objects:  80% (337/421)        remote: Counting objects:  81% (342/421)        remote: Counting objects:  82% (346/421)        remote: Counting objects:  83% (350/421)        remote: Counting objects:  84% (354/421)        remote: Counting objects:  85% (358/421)        remote: Counting objects:  86% (363/421)        remote: Counting objects:  87% (367/421)        remote: Counting objects:  88% (371/421)        remote: Counting objects:  89% (375/421)        remote: Counting objects:  90% (379/421)        remote: Counting objects:  91% (384/421)        remote: Counting objects:  92% (388/421)        remote: Counting objects:  93% (392/421)        remote: Counting objects:  94% (396/421)        remote: Counting objects:  95% (400/421)        remote: Counting objects:  96% (405/421)        remote: Counting objects:  97% (409/421)        remote: Counting objects:  98% (413/421)        remote: Counting objects:  99% (417/421)        remote: Counting objects: 100% (421/421)        remote: Counting objects: 100% (421/421), done.
[1m[90m[DEBUG][39m[0m:   	remote: Compressing objects:   0% (1/235)        remote: Compressing objects:   1% (3/235)        remote: Compressing objects:   2% (5/235)        remote: Compressing objects:   3% (8/235)        remote: Compressing objects:   4% (10/235)        remote: Compressing objects:   5% (12/235)        remote: Compressing objects:   6% (15/235)        remote: Compressing objects:   7% (17/235)        remote: Compressing objects:   8% (19/235)        remote: Compressing objects:   9% (22/235)        remote: Compressing objects:  10% (24/235)        remote: Compressing objects:  11% (26/235)        remote: Compressing objects:  12% (29/235)        remote: Compressing objects:  13% (31/235)        remote: Compressing objects:  14% (33/235)        remote: Compressing objects:  15% (36/235)        remote: Compressing objects:  16% (38/235)        remote: Compressing objects:  17% (40/235)        remote: Compressing objects:  18% (43/235)        remote: Compressing objects:  19% (45/235)        remote: Compressing objects:  20% (47/235)        remote: Compressing objects:  21% (50/235)        remote: Compressing objects:  22% (52/235)        remote: Compressing objects:  23% (55/235)        remote: Compressing objects:  24% (57/235)        remote: Compressing objects:  25% (59/235)        remote: Compressing objects:  26% (62/235)        remote: Compressing objects:  27% (64/235)        remote: Compressing objects:  28% (66/235)        remote: Compressing objects:  29% (69/235)        remote: Compressing objects:  30% (71/235)        remote: Compressing objects:  31% (73/235)        remote: Compressing objects:  32% (76/235)        remote: Compressing objects:  33% (78/235)        remote: Compressing objects:  34% (80/235)        remote: Compressing objects:  35% (83/235)        remote: Compressing objects:  36% (85/235)        remote: Compressing objects:  37% (87/235)        remote: Compressing objects:  38% (90/235)        remote: Compressing objects:  39% (92/235)        remote: Compressing objects:  40% (94/235)        remote: Compressing objects:  41% (97/235)        remote: Compressing objects:  42% (99/235)        remote: Compressing objects:  43% (102/235)        remote: Compressing objects:  44% (104/235)        remote: Compressing objects:  45% (106/235)        remote: Compressing objects:  46% (109/235)        remote: Compressing objects:  47% (111/235)        remote: Compressing objects:  48% (113/235)        remote: Compressing objects:  49% (116/235)        remote: Compressing objects:  50% (118/235)        remote: Compressing objects:  51% (120/235)        remote: Compressing objects:  52% (123/235)        remote: Compressing objects:  53% (125/235)        remote: Compressing objects:  54% (127/235)        remote: Compressing objects:  55% (130/235)        remote: Compressing objects:  56% (132/235)        remote: Compressing objects:  57% (134/235)        remote: Compressing objects:  58% (137/235)        remote: Compressing objects:  59% (139/235)        remote: Compressing objects:  60% (141/235)        remote: Compressing objects:  61% (144/235)        remote: Compressing objects:  62% (146/235)        remote: Compressing objects:  63% (149/235)        remote: Compressing objects:  64% (151/235)        remote: Compressing objects:  65% (153/235)        remote: Compressing objects:  66% (156/235)        remote: Compressing objects:  67% (158/235)        remote: Compressing objects:  68% (160/235)        remote: Compressing objects:  69% (163/235)        remote: Compressing objects:  70% (165/235)        remote: Compressing objects:  71% (167/235)        remote: Compressing objects:  72% (170/235)        remote: Compressing objects:  73% (172/235)        remote: Compressing objects:  74% (174/235)        remote: Compressing objects:  75% (177/235)        remote: Compressing objects:  76% (179/235)        remote: Compressing objects:  77% (181/235)        remote: Compressing objects:  78% (184/235)        remote: Compressing objects:  79% (186/235)        remote: Compressing objects:  80% (188/235)        remote: Compressing objects:  81% (191/235)        remote: Compressing objects:  82% (193/235)        remote: Compressing objects:  83% (196/235)        remote: Compressing objects:  84% (198/235)        remote: Compressing objects:  85% (200/235)        remote: Compressing objects:  86% (203/235)        remote: Compressing objects:  87% (205/235)        remote: Compressing objects:  88% (207/235)        remote: Compressing objects:  89% (210/235)        remote: Compressing objects:  90% (212/235)        remote: Compressing objects:  91% (214/235)        remote: Compressing objects:  92% (217/235)        remote: Compressing objects:  93% (219/235)        remote: Compressing objects:  94% (221/235)        remote: Compressing objects:  95% (224/235)        remote: Compressing objects:  96% (226/235)        remote: Compressing objects:  97% (228/235)        remote: Compressing objects:  98% (231/235)        remote: Compressing objects:  99% (233/235)        remote: Compressing objects: 100% (235/235)        remote: Compressing objects: 100% (235/235), done.
[1m[90m[DEBUG][39m[0m:   	Receiving objects:   0% (1/38287)Receiving objects:   1% (383/38287)Receiving objects:   2% (766/38287)Receiving objects:   3% (1149/38287)Receiving objects:   4% (1532/38287)Receiving objects:   5% (1915/38287)Receiving objects:   6% (2298/38287)Receiving objects:   7% (2681/38287)Receiving objects:   8% (3063/38287)Receiving objects:   9% (3446/38287)Receiving objects:  10% (3829/38287)Receiving objects:  11% (4212/38287)Receiving objects:  12% (4595/38287)Receiving objects:  13% (4978/38287)Receiving objects:  14% (5361/38287)Receiving objects:  15% (5744/38287)Receiving objects:  16% (6126/38287)Receiving objects:  17% (6509/38287)Receiving objects:  18% (6892/38287)Receiving objects:  19% (7275/38287)Receiving objects:  19% (7519/38287), 7.29 MiB | 11.33 MiB/sReceiving objects:  20% (7658/38287), 15.07 MiB | 13.19 MiB/sReceiving objects:  21% (8041/38287), 15.07 MiB | 13.19 MiB/sReceiving objects:  22% (8424/38287), 15.07 MiB | 13.19 MiB/sReceiving objects:  23% (8807/38287), 15.07 MiB | 13.19 MiB/sReceiving objects:  24% (9189/38287), 15.07 MiB | 13.19 MiB/sReceiving objects:  25% (9572/38287), 15.07 MiB | 13.19 MiB/sReceiving objects:  26% (9955/38287), 15.07 MiB | 13.19 MiB/sReceiving objects:  27% (10338/38287), 15.07 MiB | 13.19 MiB/sReceiving objects:  28% (10721/38287), 15.07 MiB | 13.19 MiB/sReceiving objects:  29% (11104/38287), 15.07 MiB | 13.19 MiB/sReceiving objects:  30% (11487/38287), 22.36 MiB | 12.64 MiB/sReceiving objects:  31% (11869/38287), 22.36 MiB | 12.64 MiB/sReceiving objects:  32% (12252/38287), 22.36 MiB | 12.64 MiB/sReceiving objects:  33% (12635/38287), 22.36 MiB | 12.64 MiB/sReceiving objects:  34% (13018/38287), 22.36 MiB | 12.64 MiB/sReceiving objects:  35% (13401/38287), 22.36 MiB | 12.64 MiB/sReceiving objects:  36% (13784/38287), 22.36 MiB | 12.64 MiB/sReceiving objects:  37% (14167/38287), 22.36 MiB | 12.64 MiB/sReceiving objects:  37% (14470/38287), 22.36 MiB | 12.64 MiB/sReceiving objects:  38% (14550/38287), 22.36 MiB | 12.64 MiB/sReceiving objects:  39% (14932/38287), 22.36 MiB | 12.64 MiB/sReceiving objects:  40% (15315/38287), 22.36 MiB | 12.64 MiB/sReceiving objects:  41% (15698/38287), 22.36 MiB | 12.64 MiB/sReceiving objects:  42% (16081/38287), 22.36 MiB | 12.64 MiB/sReceiving objects:  43% (16464/38287), 22.36 MiB | 12.64 MiB/sReceiving objects:  44% (16847/38287), 29.43 MiB | 12.97 MiB/sReceiving objects:  45% (17230/38287), 29.43 MiB | 12.97 MiB/sReceiving objects:  46% (17613/38287), 29.43 MiB | 12.97 MiB/sReceiving objects:  47% (17995/38287), 29.43 MiB | 12.97 MiB/sReceiving objects:  48% (18378/38287), 29.43 MiB | 12.97 MiB/sReceiving objects:  49% (18761/38287), 29.43 MiB | 12.97 MiB/sReceiving objects:  50% (19144/38287), 29.43 MiB | 12.97 MiB/sReceiving objects:  51% (19527/38287), 29.43 MiB | 12.97 MiB/sReceiving objects:  52% (19910/38287), 29.43 MiB | 12.97 MiB/sReceiving objects:  53% (20293/38287), 29.43 MiB | 12.97 MiB/sReceiving objects:  54% (20675/38287), 29.43 MiB | 12.97 MiB/sReceiving objects:  55% (21058/38287), 29.43 MiB | 12.97 MiB/sReceiving objects:  56% (21441/38287), 29.43 MiB | 12.97 MiB/sReceiving objects:  57% (21824/38287), 29.43 MiB | 12.97 MiB/sReceiving objects:  58% (22207/38287), 29.43 MiB | 12.97 MiB/sReceiving objects:  59% (22590/38287), 29.43 MiB | 12.97 MiB/sReceiving objects:  60% (22973/38287), 29.43 MiB | 12.97 MiB/sReceiving objects:  61% (23356/38287), 29.43 MiB | 12.97 MiB/sReceiving objects:  62% (23738/38287), 29.43 MiB | 12.97 MiB/sReceiving objects:  63% (24121/38287), 29.43 MiB | 12.97 MiB/sReceiving objects:  64% (24504/38287), 29.43 MiB | 12.97 MiB/sReceiving objects:  65% (24887/38287), 29.43 MiB | 12.97 MiB/sReceiving objects:  66% (25270/38287), 29.43 MiB | 12.97 MiB/sReceiving objects:  67% (25653/38287), 29.43 MiB | 12.97 MiB/sReceiving objects:  68% (26036/38287), 29.43 MiB | 12.97 MiB/sReceiving objects:  69% (26419/38287), 29.43 MiB | 12.97 MiB/sReceiving objects:  70% (26801/38287), 29.43 MiB | 12.97 MiB/sReceiving objects:  71% (27184/38287), 29.43 MiB | 12.97 MiB/sReceiving objects:  72% (27567/38287), 29.43 MiB | 12.97 MiB/sReceiving objects:  73% (27950/38287), 29.43 MiB | 12.97 MiB/sReceiving objects:  74% (28333/38287), 29.43 MiB | 12.97 MiB/sReceiving objects:  75% (28716/38287), 29.43 MiB | 12.97 MiB/sReceiving objects:  76% (29099/38287), 29.43 MiB | 12.97 MiB/sReceiving objects:  77% (29481/38287), 29.43 MiB | 12.97 MiB/sReceiving objects:  78% (29864/38287), 29.43 MiB | 12.97 MiB/sReceiving objects:  79% (30247/38287), 29.43 MiB | 12.97 MiB/sReceiving objects:  80% (30630/38287), 29.43 MiB | 12.97 MiB/sReceiving objects:  81% (31013/38287), 29.43 MiB | 12.97 MiB/sReceiving objects:  82% (31396/38287), 29.43 MiB | 12.97 MiB/sReceiving objects:  83% (31779/38287), 29.43 MiB | 12.97 MiB/sReceiving objects:  84% (32162/38287), 29.43 MiB | 12.97 MiB/sReceiving objects:  85% (32544/38287), 29.43 MiB | 12.97 MiB/sReceiving objects:  86% (32927/38287), 35.36 MiB | 12.20 MiB/sReceiving objects:  87% (33310/38287), 35.36 MiB | 12.20 MiB/sReceiving objects:  88% (33693/38287), 35.36 MiB | 12.20 MiB/sReceiving objects:  89% (34076/38287), 35.36 MiB | 12.20 MiB/sReceiving objects:  90% (34459/38287), 35.36 MiB | 12.20 MiB/sReceiving objects:  91% (34842/38287), 35.36 MiB | 12.20 MiB/sReceiving objects:  92% (35225/38287), 35.36 MiB | 12.20 MiB/sReceiving objects:  93% (35607/38287), 35.36 MiB | 12.20 MiB/sReceiving objects:  94% (35990/38287), 35.36 MiB | 12.20 MiB/sReceiving objects:  95% (36373/38287), 35.36 MiB | 12.20 MiB/sReceiving objects:  96% (36756/38287), 35.36 MiB | 12.20 MiB/sReceiving objects:  97% (37139/38287), 35.36 MiB | 12.20 MiB/sReceiving objects:  98% (37522/38287), 35.36 MiB | 12.20 MiB/sReceiving objects:  98% (37692/38287), 35.36 MiB | 12.20 MiB/sReceiving objects:  99% (37905/38287), 35.36 MiB | 12.20 MiB/sremote: Total 38287 (delta 339), reused 186 (delta 186), pack-reused 37866 (from 3)
[1m[90m[DEBUG][39m[0m:   	Receiving objects: 100% (38287/38287), 35.36 MiB | 12.20 MiB/sReceiving objects: 100% (38287/38287), 38.50 MiB | 12.28 MiB/s, done.
[1m[90m[DEBUG][39m[0m:   	Resolving deltas:   0% (0/31364)Resolving deltas:   1% (314/31364)Resolving deltas:   2% (628/31364)Resolving deltas:   3% (941/31364)Resolving deltas:   4% (1255/31364)Resolving deltas:   5% (1569/31364)Resolving deltas:   6% (1882/31364)Resolving deltas:   7% (2196/31364)Resolving deltas:   8% (2510/31364)Resolving deltas:   9% (2823/31364)Resolving deltas:  10% (3137/31364)Resolving deltas:  11% (3451/31364)Resolving deltas:  12% (3764/31364)Resolving deltas:  13% (4078/31364)Resolving deltas:  14% (4391/31364)Resolving deltas:  15% (4705/31364)Resolving deltas:  16% (5019/31364)Resolving deltas:  17% (5332/31364)Resolving deltas:  18% (5646/31364)Resolving deltas:  19% (5960/31364)Resolving deltas:  20% (6273/31364)Resolving deltas:  21% (6587/31364)Resolving deltas:  22% (6901/31364)Resolving deltas:  23% (7214/31364)Resolving deltas:  24% (7528/31364)Resolving deltas:  25% (7841/31364)Resolving deltas:  26% (8155/31364)Resolving deltas:  27% (8469/31364)Resolving deltas:  28% (8782/31364)Resolving deltas:  29% (9096/31364)Resolving deltas:  30% (9410/31364)Resolving deltas:  31% (9723/31364)Resolving deltas:  32% (10037/31364)Resolving deltas:  33% (10351/31364)Resolving deltas:  34% (10664/31364)Resolving deltas:  35% (10978/31364)Resolving deltas:  36% (11292/31364)Resolving deltas:  37% (11605/31364)Resolving deltas:  38% (11919/31364)Resolving deltas:  39% (12232/31364)Resolving deltas:  40% (12546/31364)Resolving deltas:  41% (12860/31364)Resolving deltas:  42% (13173/31364)Resolving deltas:  43% (13487/31364)Resolving deltas:  44% (13801/31364)Resolving deltas:  45% (14114/31364)Resolving deltas:  46% (14428/31364)Resolving deltas:  47% (14742/31364)Resolving deltas:  48% (15055/31364)Resolving deltas:  49% (15369/31364)Resolving deltas:  50% (15682/31364)Resolving deltas:  51% (15996/31364)Resolving deltas:  52% (16310/31364)Resolving deltas:  53% (16623/31364)Resolving deltas:  54% (16937/31364)Resolving deltas:  55% (17251/31364)Resolving deltas:  56% (17564/31364)Resolving deltas:  57% (17878/31364)Resolving deltas:  58% (18192/31364)Resolving deltas:  59% (18505/31364)Resolving deltas:  60% (18819/31364)Resolving deltas:  61% (19133/31364)Resolving deltas:  62% (19446/31364)Resolving deltas:  63% (19760/31364)Resolving deltas:  64% (20073/31364)Resolving deltas:  65% (20387/31364)Resolving deltas:  66% (20701/31364)Resolving deltas:  67% (21014/31364)Resolving deltas:  68% (21328/31364)Resolving deltas:  69% (21642/31364)Resolving deltas:  70% (21955/31364)Resolving deltas:  71% (22269/31364)Resolving deltas:  72% (22583/31364)Resolving deltas:  73% (22896/31364)Resolving deltas:  74% (23210/31364)Resolving deltas:  75% (23523/31364)Resolving deltas:  76% (23837/31364)Resolving deltas:  77% (24151/31364)Resolving deltas:  78% (24464/31364)Resolving deltas:  79% (24778/31364)Resolving deltas:  80% (25092/31364)Resolving deltas:  81% (25405/31364)Resolving deltas:  82% (25719/31364)Resolving deltas:  83% (26033/31364)Resolving deltas:  84% (26346/31364)Resolving deltas:  85% (26660/31364)Resolving deltas:  86% (26974/31364)Resolving deltas:  87% (27287/31364)Resolving deltas:  88% (27601/31364)Resolving deltas:  89% (27914/31364)Resolving deltas:  90% (28228/31364)Resolving deltas:  91% (28542/31364)Resolving deltas:  92% (28855/31364)Resolving deltas:  93% (29169/31364)Resolving deltas:  94% (29483/31364)Resolving deltas:  95% (29796/31364)Resolving deltas:  96% (30110/31364)Resolving deltas:  97% (30424/31364)Resolving deltas:  98% (30737/31364)Resolving deltas:  99% (31051/31364)Resolving deltas: 100% (31364/31364)Resolving deltas: 100% (31364/31364), done.
[1m[90m[DEBUG][39m[0m:   	Submodule 'third_party/brotli' (https://github.com/libsdl-org/brotli.git) registered for path 'third_party/brotli'
[1m[90m[DEBUG][39m[0m:   	Submodule 'third_party/googletest' (https://github.com/google/googletest) registered for path 'third_party/googletest'
[1m[90m[DEBUG][39m[0m:   	Submodule 'third_party/highway' (https://github.com/libsdl-org/highway.git) registered for path 'third_party/highway'
[1m[90m[DEBUG][39m[0m:   	Submodule 'third_party/lcms' (https://github.com/mm2/Little-CMS) registered for path 'third_party/lcms'
[1m[90m[DEBUG][39m[0m:   	Submodule 'third_party/lodepng' (https://github.com/lvandeve/lodepng) registered for path 'third_party/lodepng'
[1m[90m[DEBUG][39m[0m:   	Submodule 'third_party/sjpeg' (https://github.com/webmproject/sjpeg.git) registered for path 'third_party/sjpeg'
[1m[90m[DEBUG][39m[0m:   	Submodule 'third_party/skcms' (https://skia.googlesource.com/skcms) registered for path 'third_party/skcms'
[1m[90m[DEBUG][39m[0m:   	Cloning into '/home/admin/openclaw/workspace/loan-assistant/.buildozer/android/platform/build-arm64-v8a_armeabi-v7a/build/bootstrap_builds/sdl2/jni/SDL2_image/external/libjxl/third_party/brotli'...
[1m[90m[DEBUG][39m[0m:   	remote: Enumerating objects: 9041, done.
[1m[90m[DEBUG][39m[0m:   	remote: Counting objects:   3% (1/29)        remote: Counting objects:   6% (2/29)        remote: Counting objects:  10% (3/29)        remote: Counting objects:  13% (4/29)        remote: Counting objects:  17% (5/29)        remote: Counting objects:  20% (6/29)        remote: Counting objects:  24% (7/29)        remote: Counting objects:  27% (8/29)        remote: Counting objects:  31% (9/29)        remote: Counting objects:  34% (10/29)        remote: Counting objects:  37% (11/29)        remote: Counting objects:  41% (12/29)        remote: Counting objects:  44% (13/29)        remote: Counting objects:  48% (14/29)        remote: Counting objects:  51% (15/29)        remote: Counting objects:  55% (16/29)        remote: Counting objects:  58% (17/29)        remote: Counting objects:  62% (18/29)        remote: Counting objects:  65% (19/29)        remote: Counting objects:  68% (20/29)        remote: Counting objects:  72% (21/29)        remote: Counting objects:  75% (22/29)        remote: Counting objects:  79% (23/29)        remote: Counting objects:  82% (24/29)        remote: Counting objects:  86% (25/29)        remote: Counting objects:  89% (26/29)        remote: Counting objects:  93% (27/29)        remote: Counting objects:  96% (28/29)        remote: Counting objects: 100% (29/29)        remote: Counting objects: 100% (29/29), done.
[1m[90m[DEBUG][39m[0m:   	remote: Compressing objects:   6% (1/15)        remote: Compressing objects:  13% (2/15)        remote: Compressing objects:  20% (3/15)        remote: Compressing objects:  26% (4/15)        remote: Compressing objects:  33% (5/15)        remote: Compressing objects:  40% (6/15)        remote: Compressing objects:  46% (7/15)        remote: Compressing objects:  53% (8/15)        remote: Compressing objects:  60% (9/15)        remote: Compressing objects:  66% (10/15)        remote: Compressing objects:  73% (11/15)        remote: Compressing objects:  80% (12/15)        remote: Compressing objects:  86% (13/15)        remote: Compressing objects:  93% (14/15)        remote: Compressing objects: 100% (15/15)        remote: Compressing objects: 100% (15/15), done.
[1m[90m[DEBUG][39m[0m:   	Receiving objects:   0% (1/9041)Receiving objects:   1% (91/9041)Receiving objects:   2% (181/9041)Receiving objects:   3% (272/9041)Receiving objects:   4% (362/9041)Receiving objects:   5% (453/9041)Receiving objects:   6% (543/9041)Receiving objects:   7% (633/9041)Receiving objects:   8% (724/9041)Receiving objects:   9% (814/9041)Receiving objects:  10% (905/9041)Receiving objects:  11% (995/9041)Receiving objects:  12% (1085/9041)Receiving objects:  13% (1176/9041)Receiving objects:  14% (1266/9041)Receiving objects:  15% (1357/9041)Receiving objects:  16% (1447/9041)Receiving objects:  17% (1537/9041)Receiving objects:  18% (1628/9041)Receiving objects:  19% (1718/9041)Receiving objects:  20% (1809/9041)Receiving objects:  21% (1899/9041), 1.45 MiB | 2.27 MiB/sReceiving objects:  21% (1989/9041), 1.45 MiB | 2.27 MiB/sReceiving objects:  22% (1990/9041), 8.43 MiB | 7.42 MiB/sReceiving objects:  23% (2080/9041), 8.43 MiB | 7.42 MiB/sReceiving objects:  23% (2146/9041), 14.96 MiB | 8.78 MiB/sReceiving objects:  24% (2170/9041), 14.96 MiB | 8.78 MiB/sReceiving objects:  25% (2261/9041), 22.75 MiB | 10.25 MiB/sReceiving objects:  26% (2351/9041), 22.75 MiB | 10.25 MiB/sReceiving objects:  27% (2442/9041), 22.75 MiB | 10.25 MiB/sReceiving objects:  28% (2532/9041), 30.19 MiB | 10.88 MiB/sReceiving objects:  29% (2622/9041), 30.19 MiB | 10.88 MiB/sReceiving objects:  30% (2713/9041), 30.19 MiB | 10.88 MiB/sReceiving objects:  31% (2803/9041), 30.19 MiB | 10.88 MiB/sReceiving objects:  31% (2880/9041), 30.19 MiB | 10.88 MiB/sReceiving objects:  32% (2894/9041), 30.19 MiB | 10.88 MiB/sReceiving objects:  33% (2984/9041), 30.19 MiB | 10.88 MiB/sReceiving objects:  34% (3074/9041), 30.19 MiB | 10.88 MiB/sReceiving objects:  35% (3165/9041), 30.19 MiB | 10.88 MiB/sReceiving objects:  36% (3255/9041), 30.19 MiB | 10.88 MiB/sReceiving objects:  37% (3346/9041), 30.19 MiB | 10.88 MiB/sReceiving objects:  38% (3436/9041), 30.19 MiB | 10.88 MiB/sReceiving objects:  39% (3526/9041), 30.19 MiB | 10.88 MiB/sReceiving objects:  40% (3617/9041), 30.19 MiB | 10.88 MiB/sReceiving objects:  41% (3707/9041), 30.19 MiB | 10.88 MiB/sReceiving objects:  42% (3798/9041), 30.19 MiB | 10.88 MiB/sReceiving objects:  43% (3888/9041), 30.19 MiB | 10.88 MiB/sReceiving objects:  44% (3979/9041), 30.19 MiB | 10.88 MiB/sReceiving objects:  45% (4069/9041), 30.19 MiB | 10.88 MiB/sReceiving objects:  46% (4159/9041), 30.19 MiB | 10.88 MiB/sReceiving objects:  47% (4250/9041), 30.19 MiB | 10.88 MiB/sReceiving objects:  48% (4340/9041), 30.19 MiB | 10.88 MiB/sReceiving objects:  49% (4431/9041), 30.19 MiB | 10.88 MiB/sReceiving objects:  50% (4521/9041), 30.19 MiB | 10.88 MiB/sReceiving objects:  51% (4611/9041), 30.19 MiB | 10.88 MiB/sReceiving objects:  52% (4702/9041), 30.19 MiB | 10.88 MiB/sReceiving objects:  53% (4792/9041), 30.19 MiB | 10.88 MiB/sReceiving objects:  54% (4883/9041), 30.19 MiB | 10.88 MiB/sReceiving objects:  55% (4973/9041), 30.19 MiB | 10.88 MiB/sReceiving objects:  56% (5063/9041), 30.19 MiB | 10.88 MiB/sReceiving objects:  57% (5154/9041), 30.19 MiB | 10.88 MiB/sReceiving objects:  58% (5244/9041), 30.19 MiB | 10.88 MiB/sReceiving objects:  59% (5335/9041), 30.19 MiB | 10.88 MiB/sReceiving objects:  60% (5425/9041), 30.19 MiB | 10.88 MiB/sReceiving objects:  61% (5516/9041), 30.19 MiB | 10.88 MiB/sReceiving objects:  62% (5606/9041), 30.19 MiB | 10.88 MiB/sReceiving objects:  63% (5696/9041), 37.94 MiB | 11.58 MiB/sReceiving objects:  64% (5787/9041), 37.94 MiB | 11.58 MiB/sReceiving objects:  65% (5877/9041), 37.94 MiB | 11.58 MiB/sReceiving objects:  66% (5968/9041), 37.94 MiB | 11.58 MiB/sReceiving objects:  67% (6058/9041), 37.94 MiB | 11.58 MiB/sReceiving objects:  68% (6148/9041), 37.94 MiB | 11.58 MiB/sReceiving objects:  69% (6239/9041), 37.94 MiB | 11.58 MiB/sReceiving objects:  70% (6329/9041), 37.94 MiB | 11.58 MiB/sReceiving objects:  71% (6420/9041), 37.94 MiB | 11.58 MiB/sReceiving objects:  72% (6510/9041), 37.94 MiB | 11.58 MiB/sReceiving objects:  73% (6600/9041), 37.94 MiB | 11.58 MiB/sReceiving objects:  74% (6691/9041), 37.94 MiB | 11.58 MiB/sReceiving objects:  75% (6781/9041), 37.94 MiB | 11.58 MiB/sReceiving objects:  76% (6872/9041), 37.94 MiB | 11.58 MiB/sReceiving objects:  77% (6962/9041), 37.94 MiB | 11.58 MiB/sReceiving objects:  78% (7052/9041), 37.94 MiB | 11.58 MiB/sReceiving objects:  79% (7143/9041), 37.94 MiB | 11.58 MiB/sReceiving objects:  80% (7233/9041), 37.94 MiB | 11.58 MiB/sReceiving objects:  81% (7324/9041), 37.94 MiB | 11.58 MiB/sReceiving objects:  82% (7414/9041), 37.94 MiB | 11.58 MiB/sReceiving objects:  83% (7505/9041), 37.94 MiB | 11.58 MiB/sReceiving objects:  84% (7595/9041), 37.94 MiB | 11.58 MiB/sReceiving objects:  85% (7685/9041), 37.94 MiB | 11.58 MiB/sReceiving objects:  86% (7776/9041), 37.94 MiB | 11.58 MiB/sReceiving objects:  87% (7866/9041), 37.94 MiB | 11.58 MiB/sReceiving objects:  88% (7957/9041), 37.94 MiB | 11.58 MiB/sReceiving objects:  89% (8047/9041), 37.94 MiB | 11.58 MiB/sReceiving objects:  90% (8137/9041), 37.94 MiB | 11.58 MiB/sReceiving objects:  91% (8228/9041), 37.94 MiB | 11.58 MiB/sReceiving objects:  92% (8318/9041), 37.94 MiB | 11.58 MiB/sReceiving objects:  93% (8409/9041), 37.94 MiB | 11.58 MiB/sReceiving objects:  94% (8499/9041), 37.94 MiB | 11.58 MiB/sReceiving objects:  95% (8589/9041), 37.94 MiB | 11.58 MiB/sReceiving objects:  96% (8680/9041), 37.94 MiB | 11.58 MiB/sReceiving objects:  97% (8770/9041), 37.94 MiB | 11.58 MiB/sReceiving objects:  98% (8861/9041), 37.94 MiB | 11.58 MiB/sReceiving objects:  99% (8951/9041), 37.94 MiB | 11.58 MiB/sremote: Total 9041 (delta 18), reused 14 (delta 14), pack-reused 9012 (from 2)
[1m[90m[DEBUG][39m[0m:   	Receiving objects: 100% (9041/9041), 37.94 MiB | 11.58 MiB/sReceiving objects: 100% (9041/9041), 41.58 MiB | 11.82 MiB/s, done.
[1m[90m[DEBUG][39m[0m:   	Resolving deltas:   0% (0/5906)Resolving deltas:   1% (60/5906)Resolving deltas:   2% (119/5906)Resolving deltas:   3% (178/5906)Resolving deltas:   4% (237/5906)Resolving deltas:   5% (296/5906)Resolving deltas:   6% (355/5906)Resolving deltas:   7% (414/5906)Resolving deltas:   8% (473/5906)Resolving deltas:   9% (532/5906)Resolving deltas:  10% (591/5906)Resolving deltas:  11% (650/5906)Resolving deltas:  12% (709/5906)Resolving deltas:  13% (768/5906)Resolving deltas:  14% (827/5906)Resolving deltas:  15% (886/5906)Resolving deltas:  16% (945/5906)Resolving deltas:  17% (1005/5906)Resolving deltas:  18% (1064/5906)Resolving deltas:  19% (1123/5906)Resolving deltas:  20% (1182/5906)Resolving deltas:  21% (1241/5906)Resolving deltas:  22% (1300/5906)Resolving deltas:  23% (1359/5906)Resolving deltas:  24% (1418/5906)Resolving deltas:  25% (1477/5906)Resolving deltas:  26% (1536/5906)Resolving deltas:  27% (1595/5906)Resolving deltas:  28% (1654/5906)Resolving deltas:  29% (1713/5906)Resolving deltas:  30% (1772/5906)Resolving deltas:  31% (1831/5906)Resolving deltas:  32% (1890/5906)Resolving deltas:  33% (1949/5906)Resolving deltas:  34% (2009/5906)Resolving deltas:  35% (2068/5906)Resolving deltas:  36% (2127/5906)Resolving deltas:  37% (2186/5906)Resolving deltas:  38% (2245/5906)Resolving deltas:  39% (2304/5906)Resolving deltas:  40% (2363/5906)Resolving deltas:  41% (2422/5906)Resolving deltas:  42% (2481/5906)Resolving deltas:  43% (2540/5906)Resolving deltas:  44% (2599/5906)Resolving deltas:  45% (2658/5906)Resolving deltas:  46% (2717/5906)Resolving deltas:  47% (2776/5906)Resolving deltas:  48% (2835/5906)Resolving deltas:  49% (2894/5906)Resolving deltas:  50% (2953/5906)Resolving deltas:  51% (3013/5906)Resolving deltas:  52% (3072/5906)Resolving deltas:  53% (3131/5906)Resolving deltas:  54% (3190/5906)Resolving deltas:  55% (3249/5906)Resolving deltas:  56% (3308/5906)Resolving deltas:  57% (3367/5906)Resolving deltas:  58% (3426/5906)Resolving deltas:  59% (3485/5906)Resolving deltas:  60% (3544/5906)Resolving deltas:  61% (3603/5906)Resolving deltas:  62% (3662/5906)Resolving deltas:  63% (3721/5906)Resolving deltas:  64% (3780/5906)Resolving deltas:  65% (3839/5906)Resolving deltas:  66% (3898/5906)Resolving deltas:  67% (3958/5906)Resolving deltas:  68% (4017/5906)Resolving deltas:  69% (4076/5906)Resolving deltas:  70% (4135/5906)Resolving deltas:  71% (4194/5906)Resolving deltas:  72% (4253/5906)Resolving deltas:  73% (4312/5906)Resolving deltas:  74% (4371/5906)Resolving deltas:  75% (4430/5906)Resolving deltas:  76% (4489/5906)Resolving deltas:  77% (4548/5906)Resolving deltas:  78% (4607/5906)Resolving deltas:  79% (4666/5906)Resolving deltas:  80% (4725/5906)Resolving deltas:  81% (4784/5906)Resolving deltas:  82% (4843/5906)Resolving deltas:  83% (4902/5906)Resolving deltas:  84% (4962/5906)Resolving deltas:  85% (5021/5906)Resolving deltas:  86% (5080/5906)Resolving deltas:  87% (5139/5906)Resolving deltas:  88% (5198/5906)Resolving deltas:  89% (5257/5906)Resolving deltas:  90% (5316/5906)Resolving deltas:  91% (5375/5906)Resolving deltas:  92% (5434/5906)Resolving deltas:  93% (5493/5906)Resolving deltas:  94% (5552/5906)Resolving deltas:  95% (5611/5906)Resolving deltas:  96% (5670/5906)Resolving deltas:  97% (5729/5906)Resolving deltas:  98% (5788/5906)Resolving deltas:  99% (5847/5906)Resolving deltas: 100% (5906/5906)Resolving deltas: 100% (5906/5906), done.
[1m[90m[DEBUG][39m[0m:   	Cloning into '/home/admin/openclaw/workspace/loan-assistant/.buildozer/android/platform/build-arm64-v8a_armeabi-v7a/build/bootstrap_builds/sdl2/jni/SDL2_image/external/libjxl/third_party/googletest'...
[1m[90m[DEBUG][39m[0m:   	remote: Enumerating objects: 28606, done.
[1m[90m[DEBUG][39m[0m:   	remote: Counting objects:   3% (1/33)        remote: Counting objects:   6% (2/33)        remote: Counting objects:   9% (3/33)        remote: Counting objects:  12% (4/33)        remote: Counting objects:  15% (5/33)        remote: Counting objects:  18% (6/33)        remote: Counting objects:  21% (7/33)        remote: Counting objects:  24% (8/33)        remote: Counting objects:  27% (9/33)        remote: Counting objects:  30% (10/33)        remote: Counting objects:  33% (11/33)        remote: Counting objects:  36% (12/33)        remote: Counting objects:  39% (13/33)        remote: Counting objects:  42% (14/33)        remote: Counting objects:  45% (15/33)        remote: Counting objects:  48% (16/33)        remote: Counting objects:  51% (17/33)        remote: Counting objects:  54% (18/33)        remote: Counting objects:  57% (19/33)        remote: Counting objects:  60% (20/33)        remote: Counting objects:  63% (21/33)        remote: Counting objects:  66% (22/33)        remote: Counting objects:  69% (23/33)        remote: Counting objects:  72% (24/33)        remote: Counting objects:  75% (25/33)        remote: Counting objects:  78% (26/33)        remote: Counting objects:  81% (27/33)        remote: Counting objects:  84% (28/33)        remote: Counting objects:  87% (29/33)        remote: Counting objects:  90% (30/33)        remote: Counting objects:  93% (31/33)        remote: Counting objects:  96% (32/33)        remote: Counting objects: 100% (33/33)        remote: Counting objects: 100% (33/33), done.
[1m[90m[DEBUG][39m[0m:   	remote: Compressing objects:   3% (1/28)        remote: Compressing objects:   7% (2/28)        remote: Compressing objects:  10% (3/28)        remote: Compressing objects:  14% (4/28)        remote: Compressing objects:  17% (5/28)        remote: Compressing objects:  21% (6/28)        remote: Compressing objects:  25% (7/28)        remote: Compressing objects:  28% (8/28)        remote: Compressing objects:  32% (9/28)        remote: Compressing objects:  35% (10/28)        remote: Compressing objects:  39% (11/28)        remote: Compressing objects:  42% (12/28)        remote: Compressing objects:  46% (13/28)        remote: Compressing objects:  50% (14/28)        remote: Compressing objects:  53% (15/28)        remote: Compressing objects:  57% (16/28)        remote: Compressing objects:  60% (17/28)        remote: Compressing objects:  64% (18/28)        remote: Compressing objects:  67% (19/28)        remote: Compressing objects:  71% (20/28)        remote: Compressing objects:  75% (21/28)        remote: Compressing objects:  78% (22/28)        remote: Compressing objects:  82% (23/28)        remote: Compressing objects:  85% (24/28)        remote: Compressing objects:  89% (25/28)        remote: Compressing objects:  92% (26/28)        remote: Compressing objects:  96% (27/28)        remote: Compressing objects: 100% (28/28)        remote: Compressing objects: 100% (28/28), done.
[1m[90m[DEBUG][39m[0m:   	Receiving objects:   0% (1/28606)Receiving objects:   1% (287/28606)Receiving objects:   2% (573/28606)Receiving objects:   3% (859/28606)Receiving objects:   4% (1145/28606)Receiving objects:   5% (1431/28606)Receiving objects:   6% (1717/28606)Receiving objects:   7% (2003/28606), 588.01 KiB | 902.00 KiB/sReceiving objects:   8% (2289/28606), 588.01 KiB | 902.00 KiB/sReceiving objects:   9% (2575/28606), 588.01 KiB | 902.00 KiB/sReceiving objects:  10% (2861/28606), 588.01 KiB | 902.00 KiB/sReceiving objects:  11% (3147/28606), 588.01 KiB | 902.00 KiB/sReceiving objects:  12% (3433/28606), 588.01 KiB | 902.00 KiB/sReceiving objects:  13% (3719/28606), 588.01 KiB | 902.00 KiB/sReceiving objects:  14% (4005/28606), 588.01 KiB | 902.00 KiB/sReceiving objects:  15% (4291/28606), 588.01 KiB | 902.00 KiB/sReceiving objects:  16% (4577/28606), 588.01 KiB | 902.00 KiB/sReceiving objects:  17% (4864/28606), 588.01 KiB | 902.00 KiB/sReceiving objects:  17% (5100/28606), 588.01 KiB | 902.00 KiB/sReceiving objects:  18% (5150/28606), 588.01 KiB | 902.00 KiB/sReceiving objects:  19% (5436/28606), 588.01 KiB | 902.00 KiB/sReceiving objects:  20% (5722/28606), 3.17 MiB | 2.77 MiB/s    Receiving objects:  21% (6008/28606), 3.17 MiB | 2.77 MiB/sReceiving objects:  22% (6294/28606), 3.17 MiB | 2.77 MiB/sReceiving objects:  23% (6580/28606), 3.17 MiB | 2.77 MiB/sReceiving objects:  24% (6866/28606), 3.17 MiB | 2.77 MiB/sReceiving objects:  25% (7152/28606), 3.17 MiB | 2.77 MiB/sReceiving objects:  26% (7438/28606), 3.17 MiB | 2.77 MiB/sReceiving objects:  27% (7724/28606), 3.17 MiB | 2.77 MiB/sReceiving objects:  28% (8010/28606), 3.17 MiB | 2.77 MiB/sReceiving objects:  29% (8296/28606), 3.17 MiB | 2.77 MiB/sReceiving objects:  30% (8582/28606), 3.17 MiB | 2.77 MiB/sReceiving objects:  31% (8868/28606), 3.17 MiB | 2.77 MiB/sReceiving objects:  32% (9154/28606), 3.17 MiB | 2.77 MiB/sReceiving objects:  33% (9440/28606), 3.17 MiB | 2.77 MiB/sReceiving objects:  34% (9727/28606), 3.17 MiB | 2.77 MiB/sReceiving objects:  35% (10013/28606), 3.17 MiB | 2.77 MiB/sReceiving objects:  36% (10299/28606), 3.17 MiB | 2.77 MiB/sReceiving objects:  37% (10585/28606), 3.17 MiB | 2.77 MiB/sReceiving objects:  38% (10871/28606), 3.17 MiB | 2.77 MiB/sReceiving objects:  39% (11157/28606), 3.17 MiB | 2.77 MiB/sReceiving objects:  40% (11443/28606), 3.17 MiB | 2.77 MiB/sReceiving objects:  41% (11729/28606), 3.17 MiB | 2.77 MiB/sReceiving objects:  42% (12015/28606), 3.17 MiB | 2.77 MiB/sReceiving objects:  43% (12301/28606), 3.17 MiB | 2.77 MiB/sReceiving objects:  44% (12587/28606), 3.17 MiB | 2.77 MiB/sReceiving objects:  45% (12873/28606), 3.17 MiB | 2.77 MiB/sReceiving objects:  46% (13159/28606), 3.17 MiB | 2.77 MiB/sReceiving objects:  47% (13445/28606), 3.17 MiB | 2.77 MiB/sReceiving objects:  48% (13731/28606), 3.17 MiB | 2.77 MiB/sReceiving objects:  49% (14017/28606), 3.17 MiB | 2.77 MiB/sReceiving objects:  50% (14303/28606), 3.17 MiB | 2.77 MiB/sReceiving objects:  51% (14590/28606), 3.17 MiB | 2.77 MiB/sReceiving objects:  52% (14876/28606), 10.36 MiB | 6.30 MiB/sReceiving objects:  53% (15162/28606), 10.36 MiB | 6.30 MiB/sReceiving objects:  54% (15448/28606), 10.36 MiB | 6.30 MiB/sReceiving objects:  55% (15734/28606), 10.36 MiB | 6.30 MiB/sReceiving objects:  56% (16020/28606), 10.36 MiB | 6.30 MiB/sReceiving objects:  57% (16306/28606), 10.36 MiB | 6.30 MiB/sReceiving objects:  58% (16592/28606), 10.36 MiB | 6.30 MiB/sReceiving objects:  59% (16878/28606), 10.36 MiB | 6.30 MiB/sReceiving objects:  60% (17164/28606), 10.36 MiB | 6.30 MiB/sReceiving objects:  61% (17450/28606), 10.36 MiB | 6.30 MiB/sReceiving objects:  62% (17736/28606), 10.36 MiB | 6.30 MiB/sReceiving objects:  63% (18022/28606), 10.36 MiB | 6.30 MiB/sReceiving objects:  64% (18308/28606), 10.36 MiB | 6.30 MiB/sReceiving objects:  65% (18594/28606), 10.36 MiB | 6.30 MiB/sReceiving objects:  66% (18880/28606), 10.36 MiB | 6.30 MiB/sReceiving objects:  67% (19167/28606), 10.36 MiB | 6.30 MiB/sReceiving objects:  68% (19453/28606), 10.36 MiB | 6.30 MiB/sReceiving objects:  69% (19739/28606), 10.36 MiB | 6.30 MiB/sReceiving objects:  70% (20025/28606), 10.36 MiB | 6.30 MiB/sReceiving objects:  71% (20311/28606), 10.36 MiB | 6.30 MiB/sReceiving objects:  72% (20597/28606), 10.36 MiB | 6.30 MiB/sReceiving objects:  73% (20883/28606), 10.36 MiB | 6.30 MiB/sReceiving objects:  74% (21169/28606), 10.36 MiB | 6.30 MiB/sReceiving objects:  75% (21455/28606), 10.36 MiB | 6.30 MiB/sReceiving objects:  76% (21741/28606), 10.36 MiB | 6.30 MiB/sReceiving objects:  77% (22027/28606), 10.36 MiB | 6.30 MiB/sReceiving objects:  78% (22313/28606), 10.36 MiB | 6.30 MiB/sReceiving objects:  79% (22599/28606), 10.36 MiB | 6.30 MiB/sReceiving objects:  80% (22885/28606), 10.36 MiB | 6.30 MiB/sReceiving objects:  81% (23171/28606), 10.36 MiB | 6.30 MiB/sReceiving objects:  82% (23457/28606), 10.36 MiB | 6.30 MiB/sReceiving objects:  83% (23743/28606), 10.36 MiB | 6.30 MiB/sReceiving objects:  84% (24030/28606), 10.36 MiB | 6.30 MiB/sReceiving objects:  85% (24316/28606), 10.36 MiB | 6.30 MiB/sReceiving objects:  86% (24602/28606), 10.36 MiB | 6.30 MiB/sReceiving objects:  87% (24888/28606), 10.36 MiB | 6.30 MiB/sReceiving objects:  88% (25174/28606), 10.36 MiB | 6.30 MiB/sReceiving objects:  89% (25460/28606), 10.36 MiB | 6.30 MiB/sReceiving objects:  90% (25746/28606), 10.36 MiB | 6.30 MiB/sReceiving objects:  91% (26032/28606), 10.36 MiB | 6.30 MiB/sReceiving objects:  92% (26318/28606), 10.36 MiB | 6.30 MiB/sReceiving objects:  93% (26604/28606), 10.36 MiB | 6.30 MiB/sReceiving objects:  94% (26890/28606), 10.36 MiB | 6.30 MiB/sReceiving objects:  95% (27176/28606), 10.36 MiB | 6.30 MiB/sReceiving objects:  96% (27462/28606), 10.36 MiB | 6.30 MiB/sReceiving objects:  97% (27748/28606), 10.36 MiB | 6.30 MiB/sReceiving objects:  98% (28034/28606), 10.36 MiB | 6.30 MiB/sReceiving objects:  99% (28320/28606), 10.36 MiB | 6.30 MiB/sremote: Total 28606 (delta 16), reused 5 (delta 5), pack-reused 28573 (from 3)
[1m[90m[DEBUG][39m[0m:   	Receiving objects: 100% (28606/28606), 10.36 MiB | 6.30 MiB/sReceiving objects: 100% (28606/28606), 13.65 MiB | 7.29 MiB/s, done.
[1m[90m[DEBUG][39m[0m:   	Resolving deltas:   0% (0/21258)Resolving deltas:   1% (213/21258)Resolving deltas:   2% (426/21258)Resolving deltas:   3% (638/21258)Resolving deltas:   4% (851/21258)Resolving deltas:   5% (1063/21258)Resolving deltas:   6% (1276/21258)Resolving deltas:   7% (1489/21258)Resolving deltas:   8% (1701/21258)Resolving deltas:   9% (1914/21258)Resolving deltas:  10% (2126/21258)Resolving deltas:  11% (2339/21258)Resolving deltas:  12% (2551/21258)Resolving deltas:  13% (2764/21258)Resolving deltas:  14% (2977/21258)Resolving deltas:  15% (3189/21258)Resolving deltas:  16% (3402/21258)Resolving deltas:  17% (3614/21258)Resolving deltas:  18% (3827/21258)Resolving deltas:  19% (4040/21258)Resolving deltas:  20% (4252/21258)Resolving deltas:  21% (4465/21258)Resolving deltas:  22% (4677/21258)Resolving deltas:  23% (4890/21258)Resolving deltas:  24% (5102/21258)Resolving deltas:  25% (5315/21258)Resolving deltas:  26% (5528/21258)Resolving deltas:  27% (5740/21258)Resolving deltas:  28% (5953/21258)Resolving deltas:  29% (6165/21258)Resolving deltas:  30% (6378/21258)Resolving deltas:  31% (6590/21258)Resolving deltas:  32% (6803/21258)Resolving deltas:  33% (7016/21258)Resolving deltas:  34% (7228/21258)Resolving deltas:  35% (7441/21258)Resolving deltas:  36% (7653/21258)Resolving deltas:  37% (7866/21258)Resolving deltas:  38% (8079/21258)Resolving deltas:  39% (8291/21258)Resolving deltas:  40% (8504/21258)Resolving deltas:  41% (8716/21258)Resolving deltas:  42% (8929/21258)Resolving deltas:  43% (9141/21258)Resolving deltas:  44% (9354/21258)Resolving deltas:  45% (9567/21258)Resolving deltas:  46% (9779/21258)Resolving deltas:  47% (9992/21258)Resolving deltas:  48% (10204/21258)Resolving deltas:  49% (10417/21258)Resolving deltas:  50% (10629/21258)Resolving deltas:  51% (10842/21258)Resolving deltas:  52% (11055/21258)Resolving deltas:  53% (11267/21258)Resolving deltas:  54% (11480/21258)Resolving deltas:  55% (11692/21258)Resolving deltas:  56% (11905/21258)Resolving deltas:  57% (12118/21258)Resolving deltas:  58% (12330/21258)Resolving deltas:  59% (12543/21258)Resolving deltas:  60% (12755/21258)Resolving deltas:  61% (12968/21258)Resolving deltas:  62% (13180/21258)Resolving deltas:  63% (13393/21258)Resolving deltas:  64% (13606/21258)Resolving deltas:  65% (13818/21258)Resolving deltas:  66% (14031/21258)Resolving deltas:  67% (14243/21258)Resolving deltas:  68% (14456/21258)Resolving deltas:  69% (14670/21258)Resolving deltas:  70% (14881/21258)Resolving deltas:  71% (15094/21258)Resolving deltas:  72% (15306/21258)Resolving deltas:  73% (15519/21258)Resolving deltas:  74% (15731/21258)Resolving deltas:  75% (15944/21258)Resolving deltas:  76% (16157/21258)Resolving deltas:  77% (16369/21258)Resolving deltas:  78% (16582/21258)Resolving deltas:  79% (16794/21258)Resolving deltas:  80% (17007/21258)Resolving deltas:  81% (17219/21258)Resolving deltas:  82% (17432/21258)Resolving deltas:  83% (17646/21258)Resolving deltas:  84% (17857/21258)Resolving deltas:  85% (18070/21258)Resolving deltas:  86% (18282/21258)Resolving deltas:  87% (18495/21258)Resolving deltas:  88% (18708/21258)Resolving deltas:  89% (18920/21258)Resolving deltas:  90% (19133/21258)Resolving deltas:  91% (19345/21258)Resolving deltas:  92% (19558/21258)Resolving deltas:  93% (19770/21258)Resolving deltas:  94% (19983/21258)Resolving deltas:  95% (20196/21258)Resolving deltas:  96% (20408/21258)Resolving deltas:  97% (20621/21258)Resolving deltas:  98% (20833/21258)Resolving deltas:  99% (21046/21258)Resolving deltas: 100% (21258/21258)Resolving deltas: 100% (21258/21258), done.
[1m[90m[DEBUG][39m[0m:   	Cloning into '/home/admin/openclaw/workspace/loan-assistant/.buildozer/android/platform/build-arm64-v8a_armeabi-v7a/build/bootstrap_builds/sdl2/jni/SDL2_image/external/libjxl/third_party/highway'...
[1m[90m[DEBUG][39m[0m:   	remote: Enumerating objects: 22425, done.
[1m[90m[DEBUG][39m[0m:   	remote: Counting objects:  12% (1/8)        remote: Counting objects:  25% (2/8)        remote: Counting objects:  37% (3/8)        remote: Counting objects:  50% (4/8)        remote: Counting objects:  62% (5/8)        remote: Counting objects:  75% (6/8)        remote: Counting objects:  87% (7/8)        remote: Counting objects: 100% (8/8)        remote: Counting objects: 100% (8/8), done.
[1m[90m[DEBUG][39m[0m:   	remote: Compressing objects:  14% (1/7)        remote: Compressing objects:  28% (2/7)        remote: Compressing objects:  42% (3/7)        remote: Compressing objects:  57% (4/7)        remote: Compressing objects:  71% (5/7)        remote: Compressing objects:  85% (6/7)        remote: Compressing objects: 100% (7/7)        remote: Compressing objects: 100% (7/7), done.
[1m[90m[DEBUG][39m[0m:   	Receiving objects:   0% (1/22425)Receiving objects:   1% (225/22425)Receiving objects:   2% (449/22425)Receiving objects:   3% (673/22425)Receiving objects:   4% (897/22425)Receiving objects:   5% (1122/22425)Receiving objects:   6% (1346/22425)Receiving objects:   7% (1570/22425)Receiving objects:   8% (1794/22425)Receiving objects:   9% (2019/22425)Receiving objects:  10% (2243/22425)Receiving objects:  11% (2467/22425)Receiving objects:  12% (2691/22425)Receiving objects:  13% (2916/22425)Receiving objects:  14% (3140/22425)Receiving objects:  15% (3364/22425)Receiving objects:  16% (3588/22425)Receiving objects:  17% (3813/22425)Receiving objects:  18% (4037/22425)Receiving objects:  19% (4261/22425)Receiving objects:  20% (4485/22425)Receiving objects:  21% (4710/22425), 7.76 MiB | 15.51 MiB/sReceiving objects:  22% (4934/22425), 7.76 MiB | 15.51 MiB/sReceiving objects:  23% (5158/22425), 7.76 MiB | 15.51 MiB/sReceiving objects:  24% (5382/22425), 7.76 MiB | 15.51 MiB/sReceiving objects:  25% (5607/22425), 7.76 MiB | 15.51 MiB/sReceiving objects:  26% (5831/22425), 7.76 MiB | 15.51 MiB/sReceiving objects:  27% (6055/22425), 7.76 MiB | 15.51 MiB/sReceiving objects:  28% (6279/22425), 7.76 MiB | 15.51 MiB/sReceiving objects:  29% (6504/22425), 7.76 MiB | 15.51 MiB/sReceiving objects:  30% (6728/22425), 7.76 MiB | 15.51 MiB/sReceiving objects:  31% (6952/22425), 7.76 MiB | 15.51 MiB/sReceiving objects:  32% (7176/22425), 7.76 MiB | 15.51 MiB/sReceiving objects:  33% (7401/22425), 7.76 MiB | 15.51 MiB/sReceiving objects:  34% (7625/22425), 7.76 MiB | 15.51 MiB/sReceiving objects:  35% (7849/22425), 7.76 MiB | 15.51 MiB/sReceiving objects:  36% (8073/22425), 7.76 MiB | 15.51 MiB/sReceiving objects:  36% (8181/22425), 16.10 MiB | 15.20 MiB/sReceiving objects:  37% (8298/22425), 16.10 MiB | 15.20 MiB/sReceiving objects:  38% (8522/22425), 16.10 MiB | 15.20 MiB/sReceiving objects:  39% (8746/22425), 16.10 MiB | 15.20 MiB/sReceiving objects:  40% (8970/22425), 16.10 MiB | 15.20 MiB/sReceiving objects:  41% (9195/22425), 16.10 MiB | 15.20 MiB/sReceiving objects:  42% (9419/22425), 16.10 MiB | 15.20 MiB/sReceiving objects:  43% (9643/22425), 16.10 MiB | 15.20 MiB/sReceiving objects:  44% (9867/22425), 16.10 MiB | 15.20 MiB/sReceiving objects:  45% (10092/22425), 16.10 MiB | 15.20 MiB/sReceiving objects:  46% (10316/22425), 16.10 MiB | 15.20 MiB/sReceiving objects:  47% (10540/22425), 16.10 MiB | 15.20 MiB/sReceiving objects:  48% (10764/22425), 16.10 MiB | 15.20 MiB/sReceiving objects:  49% (10989/22425), 16.10 MiB | 15.20 MiB/sReceiving objects:  50% (11213/22425), 16.10 MiB | 15.20 MiB/sReceiving objects:  51% (11437/22425), 16.10 MiB | 15.20 MiB/sReceiving objects:  52% (11661/22425), 16.10 MiB | 15.20 MiB/sReceiving objects:  53% (11886/22425), 16.10 MiB | 15.20 MiB/sReceiving objects:  54% (12110/22425), 16.10 MiB | 15.20 MiB/sReceiving objects:  55% (12334/22425), 16.10 MiB | 15.20 MiB/sReceiving objects:  56% (12558/22425), 16.10 MiB | 15.20 MiB/sReceiving objects:  57% (12783/22425), 16.10 MiB | 15.20 MiB/sReceiving objects:  58% (13007/22425), 16.10 MiB | 15.20 MiB/sReceiving objects:  59% (13231/22425), 16.10 MiB | 15.20 MiB/sReceiving objects:  60% (13455/22425), 16.10 MiB | 15.20 MiB/sReceiving objects:  61% (13680/22425), 16.10 MiB | 15.20 MiB/sReceiving objects:  62% (13904/22425), 16.10 MiB | 15.20 MiB/sReceiving objects:  63% (14128/22425), 16.10 MiB | 15.20 MiB/sReceiving objects:  64% (14352/22425), 16.10 MiB | 15.20 MiB/sReceiving objects:  65% (14577/22425), 16.10 MiB | 15.20 MiB/sReceiving objects:  66% (14801/22425), 16.10 MiB | 15.20 MiB/sReceiving objects:  67% (15025/22425), 16.10 MiB | 15.20 MiB/sReceiving objects:  68% (15249/22425), 16.10 MiB | 15.20 MiB/sReceiving objects:  69% (15474/22425), 16.10 MiB | 15.20 MiB/sReceiving objects:  70% (15698/22425), 16.10 MiB | 15.20 MiB/sReceiving objects:  71% (15922/22425), 16.10 MiB | 15.20 MiB/sReceiving objects:  72% (16146/22425), 16.10 MiB | 15.20 MiB/sReceiving objects:  73% (16371/22425), 16.10 MiB | 15.20 MiB/sReceiving objects:  74% (16595/22425), 16.10 MiB | 15.20 MiB/sReceiving objects:  75% (16819/22425), 16.10 MiB | 15.20 MiB/sReceiving objects:  76% (17043/22425), 16.10 MiB | 15.20 MiB/sReceiving objects:  77% (17268/22425), 16.10 MiB | 15.20 MiB/sReceiving objects:  78% (17492/22425), 16.10 MiB | 15.20 MiB/sReceiving objects:  79% (17716/22425), 16.10 MiB | 15.20 MiB/sReceiving objects:  80% (17940/22425), 16.10 MiB | 15.20 MiB/sReceiving objects:  81% (18165/22425), 24.74 MiB | 15.87 MiB/sReceiving objects:  82% (18389/22425), 24.74 MiB | 15.87 MiB/sReceiving objects:  83% (18613/22425), 24.74 MiB | 15.87 MiB/sReceiving objects:  84% (18837/22425), 24.74 MiB | 15.87 MiB/sReceiving objects:  85% (19062/22425), 24.74 MiB | 15.87 MiB/sReceiving objects:  86% (19286/22425), 24.74 MiB | 15.87 MiB/sReceiving objects:  87% (19510/22425), 24.74 MiB | 15.87 MiB/sReceiving objects:  88% (19734/22425), 24.74 MiB | 15.87 MiB/sReceiving objects:  89% (19959/22425), 24.74 MiB | 15.87 MiB/sReceiving objects:  90% (20183/22425), 24.74 MiB | 15.87 MiB/sReceiving objects:  91% (20407/22425), 24.74 MiB | 15.87 MiB/sReceiving objects:  92% (20631/22425), 24.74 MiB | 15.87 MiB/sReceiving objects:  93% (20856/22425), 24.74 MiB | 15.87 MiB/sReceiving objects:  94% (21080/22425), 24.74 MiB | 15.87 MiB/sReceiving objects:  95% (21304/22425), 24.74 MiB | 15.87 MiB/sReceiving objects:  96% (21528/22425), 24.74 MiB | 15.87 MiB/sReceiving objects:  97% (21753/22425), 24.74 MiB | 15.87 MiB/sReceiving objects:  98% (21977/22425), 24.74 MiB | 15.87 MiB/sReceiving objects:  99% (22201/22425), 24.74 MiB | 15.87 MiB/sremote: Total 22425 (delta 2), reused 1 (delta 1), pack-reused 22417 (from 2)
[1m[90m[DEBUG][39m[0m:   	Receiving objects: 100% (22425/22425), 24.74 MiB | 15.87 MiB/sReceiving objects: 100% (22425/22425), 27.22 MiB | 13.95 MiB/s, done.
[1m[90m[DEBUG][39m[0m:   	Resolving deltas:   0% (0/17560)Resolving deltas:   1% (176/17560)Resolving deltas:   2% (352/17560)Resolving deltas:   3% (527/17560)Resolving deltas:   4% (703/17560)Resolving deltas:   5% (878/17560)Resolving deltas:   6% (1054/17560)Resolving deltas:   7% (1230/17560)Resolving deltas:   8% (1405/17560)Resolving deltas:   9% (1581/17560)Resolving deltas:  10% (1756/17560)Resolving deltas:  11% (1932/17560)Resolving deltas:  12% (2108/17560)Resolving deltas:  13% (2283/17560)Resolving deltas:  14% (2459/17560)Resolving deltas:  15% (2634/17560)Resolving deltas:  16% (2810/17560)Resolving deltas:  17% (2986/17560)Resolving deltas:  18% (3161/17560)Resolving deltas:  19% (3337/17560)Resolving deltas:  20% (3512/17560)Resolving deltas:  21% (3688/17560)Resolving deltas:  22% (3864/17560)Resolving deltas:  23% (4039/17560)Resolving deltas:  24% (4215/17560)Resolving deltas:  25% (4390/17560)Resolving deltas:  26% (4566/17560)Resolving deltas:  27% (4742/17560)Resolving deltas:  28% (4917/17560)Resolving deltas:  29% (5093/17560)Resolving deltas:  30% (5268/17560)Resolving deltas:  31% (5444/17560)Resolving deltas:  32% (5620/17560)Resolving deltas:  33% (5795/17560)Resolving deltas:  34% (5971/17560)Resolving deltas:  35% (6146/17560)Resolving deltas:  36% (6322/17560)Resolving deltas:  37% (6498/17560)Resolving deltas:  38% (6673/17560)Resolving deltas:  39% (6849/17560)Resolving deltas:  40% (7024/17560)Resolving deltas:  41% (7200/17560)Resolving deltas:  42% (7376/17560)Resolving deltas:  43% (7551/17560)Resolving deltas:  44% (7727/17560)Resolving deltas:  45% (7902/17560)Resolving deltas:  46% (8078/17560)Resolving deltas:  47% (8254/17560)Resolving deltas:  48% (8429/17560)Resolving deltas:  48% (8490/17560)Resolving deltas:  49% (8605/17560)Resolving deltas:  50% (8780/17560)Resolving deltas:  51% (8956/17560)Resolving deltas:  52% (9132/17560)Resolving deltas:  53% (9307/17560)Resolving deltas:  54% (9483/17560)Resolving deltas:  55% (9658/17560)Resolving deltas:  56% (9834/17560)Resolving deltas:  57% (10010/17560)Resolving deltas:  58% (10185/17560)Resolving deltas:  59% (10361/17560)Resolving deltas:  60% (10536/17560)Resolving deltas:  61% (10712/17560)Resolving deltas:  62% (10888/17560)Resolving deltas:  63% (11063/17560)Resolving deltas:  64% (11239/17560)Resolving deltas:  65% (11414/17560)Resolving deltas:  66% (11590/17560)Resolving deltas:  67% (11766/17560)Resolving deltas:  68% (11941/17560)Resolving deltas:  69% (12117/17560)Resolving deltas:  70% (12292/17560)Resolving deltas:  71% (12468/17560)Resolving deltas:  72% (12644/17560)Resolving deltas:  73% (12819/17560)Resolving deltas:  74% (12995/17560)Resolving deltas:  75% (13170/17560)Resolving deltas:  76% (13346/17560)Resolving deltas:  77% (13522/17560)Resolving deltas:  78% (13697/17560)Resolving deltas:  79% (13873/17560)Resolving deltas:  80% (14048/17560)Resolving deltas:  81% (14224/17560)Resolving deltas:  82% (14400/17560)Resolving deltas:  83% (14575/17560)Resolving deltas:  84% (14751/17560)Resolving deltas:  85% (14926/17560)Resolving deltas:  86% (15102/17560)Resolving deltas:  87% (15278/17560)Resolving deltas:  88% (15453/17560)Resolving deltas:  89% (15629/17560)Resolving deltas:  90% (15804/17560)Resolving deltas:  91% (15980/17560)Resolving deltas:  92% (16156/17560)Resolving deltas:  93% (16331/17560)Resolving deltas:  94% (16507/17560)Resolving deltas:  95% (16682/17560)Resolving deltas:  96% (16858/17560)Resolving deltas:  97% (17034/17560)Resolving deltas:  98% (17209/17560)Resolving deltas:  99% (17385/17560)Resolving deltas: 100% (17560/17560)Resolving deltas: 100% (17560/17560), done.
[1m[90m[DEBUG][39m[0m:   	Cloning into '/home/admin/openclaw/workspace/loan-assistant/.buildozer/android/platform/build-arm64-v8a_armeabi-v7a/build/bootstrap_builds/sdl2/jni/SDL2_image/external/libjxl/third_party/lcms'...
[1m[90m[DEBUG][39m[0m:   	remote: Enumerating objects: 9129, done.
[1m[90m[DEBUG][39m[0m:   	remote: Counting objects:   0% (1/3291)        remote: Counting objects:   1% (33/3291)        remote: Counting objects:   2% (66/3291)        remote: Counting objects:   3% (99/3291)        remote: Counting objects:   4% (132/3291)        remote: Counting objects:   5% (165/3291)        remote: Counting objects:   6% (198/3291)        remote: Counting objects:   7% (231/3291)        remote: Counting objects:   8% (264/3291)        remote: Counting objects:   9% (297/3291)        remote: Counting objects:  10% (330/3291)        remote: Counting objects:  11% (363/3291)        remote: Counting objects:  12% (395/3291)        remote: Counting objects:  13% (428/3291)        remote: Counting objects:  14% (461/3291)        remote: Counting objects:  15% (494/3291)        remote: Counting objects:  16% (527/3291)        remote: Counting objects:  17% (560/3291)        remote: Counting objects:  18% (593/3291)        remote: Counting objects:  19% (626/3291)        remote: Counting objects:  20% (659/3291)        remote: Counting objects:  21% (692/3291)        remote: Counting objects:  22% (725/3291)        remote: Counting objects:  23% (757/3291)        remote: Counting objects:  24% (790/3291)        remote: Counting objects:  25% (823/3291)        remote: Counting objects:  26% (856/3291)        remote: Counting objects:  27% (889/3291)        remote: Counting objects:  28% (922/3291)        remote: Counting objects:  29% (955/3291)        remote: Counting objects:  30% (988/3291)        remote: Counting objects:  31% (1021/3291)        remote: Counting objects:  32% (1054/3291)        remote: Counting objects:  33% (1087/3291)        remote: Counting objects:  34% (1119/3291)        remote: Counting objects:  35% (1152/3291)        remote: Counting objects:  36% (1185/3291)        remote: Counting objects:  37% (1218/3291)        remote: Counting objects:  38% (1251/3291)        remote: Counting objects:  39% (1284/3291)        remote: Counting objects:  40% (1317/3291)        remote: Counting objects:  41% (1350/3291)        remote: Counting objects:  42% (1383/3291)        remote: Counting objects:  43% (1416/3291)        remote: Counting objects:  44% (1449/3291)        remote: Counting objects:  45% (1481/3291)        remote: Counting objects:  46% (1514/3291)        remote: Counting objects:  47% (1547/3291)        remote: Counting objects:  48% (1580/3291)        remote: Counting objects:  49% (1613/3291)        remote: Counting objects:  50% (1646/3291)        remote: Counting objects:  51% (1679/3291)        remote: Counting objects:  52% (1712/3291)        remote: Counting objects:  53% (1745/3291)        remote: Counting objects:  54% (1778/3291)        remote: Counting objects:  55% (1811/3291)        remote: Counting objects:  56% (1843/3291)        remote: Counting objects:  57% (1876/3291)        remote: Counting objects:  58% (1909/3291)        remote: Counting objects:  59% (1942/3291)        remote: Counting objects:  60% (1975/3291)        remote: Counting objects:  61% (2008/3291)        remote: Counting objects:  62% (2041/3291)        remote: Counting objects:  63% (2074/3291)        remote: Counting objects:  64% (2107/3291)        remote: Counting objects:  65% (2140/3291)        remote: Counting objects:  66% (2173/3291)        remote: Counting objects:  67% (2205/3291)        remote: Counting objects:  68% (2238/3291)        remote: Counting objects:  69% (2271/3291)        remote: Counting objects:  70% (2304/3291)        remote: Counting objects:  71% (2337/3291)        remote: Counting objects:  72% (2370/3291)        remote: Counting objects:  73% (2403/3291)        remote: Counting objects:  74% (2436/3291)        remote: Counting objects:  75% (2469/3291)        remote: Counting objects:  76% (2502/3291)        remote: Counting objects:  77% (2535/3291)        remote: Counting objects:  78% (2567/3291)        remote: Counting objects:  79% (2600/3291)        remote: Counting objects:  80% (2633/3291)        remote: Counting objects:  81% (2666/3291)        remote: Counting objects:  82% (2699/3291)        remote: Counting objects:  83% (2732/3291)        remote: Counting objects:  84% (2765/3291)        remote: Counting objects:  85% (2798/3291)        remote: Counting objects:  86% (2831/3291)        remote: Counting objects:  87% (2864/3291)        remote: Counting objects:  88% (2897/3291)        remote: Counting objects:  89% (2929/3291)        remote: Counting objects:  90% (2962/3291)        remote: Counting objects:  91% (2995/3291)        remote: Counting objects:  92% (3028/3291)        remote: Counting objects:  93% (3061/3291)        remote: Counting objects:  94% (3094/3291)        remote: Counting objects:  95% (3127/3291)        remote: Counting objects:  96% (3160/3291)        remote: Counting objects:  97% (3193/3291)        remote: Counting objects:  98% (3226/3291)        remote: Counting objects:  99% (3259/3291)        remote: Counting objects: 100% (3291/3291)        remote: Counting objects: 100% (3291/3291), done.
[1m[90m[DEBUG][39m[0m:   	remote: Compressing objects:   0% (1/849)        remote: Compressing objects:   1% (9/849)        remote: Compressing objects:   2% (17/849)        remote: Compressing objects:   3% (26/849)        remote: Compressing objects:   4% (34/849)        remote: Compressing objects:   5% (43/849)        remote: Compressing objects:   6% (51/849)        remote: Compressing objects:   7% (60/849)        remote: Compressing objects:   8% (68/849)        remote: Compressing objects:   9% (77/849)        remote: Compressing objects:  10% (85/849)        remote: Compressing objects:  11% (94/849)        remote: Compressing objects:  12% (102/849)        remote: Compressing objects:  13% (111/849)        remote: Compressing objects:  14% (119/849)        remote: Compressing objects:  15% (128/849)        remote: Compressing objects:  16% (136/849)        remote: Compressing objects:  17% (145/849)        remote: Compressing objects:  18% (153/849)        remote: Compressing objects:  19% (162/849)        remote: Compressing objects:  20% (170/849)        remote: Compressing objects:  21% (179/849)        remote: Compressing objects:  22% (187/849)        remote: Compressing objects:  23% (196/849)        remote: Compressing objects:  24% (204/849)        remote: Compressing objects:  25% (213/849)        remote: Compressing objects:  26% (221/849)        remote: Compressing objects:  27% (230/849)        remote: Compressing objects:  28% (238/849)        remote: Compressing objects:  29% (247/849)        remote: Compressing objects:  30% (255/849)        remote: Compressing objects:  31% (264/849)        remote: Compressing objects:  32% (272/849)        remote: Compressing objects:  33% (281/849)        remote: Compressing objects:  34% (289/849)        remote: Compressing objects:  35% (298/849)        remote: Compressing objects:  36% (306/849)        remote: Compressing objects:  37% (315/849)        remote: Compressing objects:  38% (323/849)        remote: Compressing objects:  39% (332/849)        remote: Compressing objects:  40% (340/849)        remote: Compressing objects:  41% (349/849)        remote: Compressing objects:  42% (357/849)        remote: Compressing objects:  43% (366/849)        remote: Compressing objects:  44% (374/849)        remote: Compressing objects:  45% (383/849)        remote: Compressing objects:  46% (391/849)        remote: Compressing objects:  47% (400/849)        remote: Compressing objects:  48% (408/849)        remote: Compressing objects:  49% (417/849)        remote: Compressing objects:  50% (425/849)        remote: Compressing objects:  51% (433/849)        remote: Compressing objects:  52% (442/849)        remote: Compressing objects:  53% (450/849)        remote: Compressing objects:  54% (459/849)        remote: Compressing objects:  55% (467/849)        remote: Compressing objects:  56% (476/849)        remote: Compressing objects:  57% (484/849)        remote: Compressing objects:  58% (493/849)        remote: Compressing objects:  59% (501/849)        remote: Compressing objects:  60% (510/849)        remote: Compressing objects:  61% (518/849)        remote: Compressing objects:  62% (527/849)        remote: Compressing objects:  63% (535/849)        remote: Compressing objects:  64% (544/849)        remote: Compressing objects:  65% (552/849)        remote: Compressing objects:  66% (561/849)        remote: Compressing objects:  67% (569/849)        remote: Compressing objects:  68% (578/849)        remote: Compressing objects:  69% (586/849)        remote: Compressing objects:  70% (595/849)        remote: Compressing objects:  71% (603/849)        remote: Compressing objects:  72% (612/849)        remote: Compressing objects:  73% (620/849)        remote: Compressing objects:  74% (629/849)        remote: Compressing objects:  75% (637/849)        remote: Compressing objects:  76% (646/849)        remote: Compressing objects:  77% (654/849)        remote: Compressing objects:  78% (663/849)        remote: Compressing objects:  79% (671/849)        remote: Compressing objects:  80% (680/849)        remote: Compressing objects:  81% (688/849)        remote: Compressing objects:  82% (697/849)        remote: Compressing objects:  83% (705/849)        remote: Compressing objects:  84% (714/849)        remote: Compressing objects:  85% (722/849)        remote: Compressing objects:  86% (731/849)        remote: Compressing objects:  87% (739/849)        remote: Compressing objects:  88% (748/849)        remote: Compressing objects:  89% (756/849)        remote: Compressing objects:  90% (765/849)        remote: Compressing objects:  91% (773/849)        remote: Compressing objects:  92% (782/849)        remote: Compressing objects:  93% (790/849)        remote: Compressing objects:  94% (799/849)        remote: Compressing objects:  95% (807/849)        remote: Compressing objects:  96% (816/849)        remote: Compressing objects:  97% (824/849)        remote: Compressing objects:  98% (833/849)        remote: Compressing objects:  99% (841/849)        remote: Compressing objects: 100% (849/849)        remote: Compressing objects: 100% (849/849), done.
[1m[90m[DEBUG][39m[0m:   	Receiving objects:   0% (1/9129)Receiving objects:   1% (92/9129)Receiving objects:   2% (183/9129)Receiving objects:   3% (274/9129)Receiving objects:   4% (366/9129)Receiving objects:   5% (457/9129)Receiving objects:   6% (548/9129)Receiving objects:   7% (640/9129)Receiving objects:   8% (731/9129)Receiving objects:   9% (822/9129)Receiving objects:  10% (913/9129)Receiving objects:  11% (1005/9129)Receiving objects:  12% (1096/9129)Receiving objects:  13% (1187/9129), 8.14 MiB | 16.26 MiB/sReceiving objects:  14% (1279/9129), 8.14 MiB | 16.26 MiB/sReceiving objects:  15% (1370/9129), 8.14 MiB | 16.26 MiB/sReceiving objects:  16% (1461/9129), 8.14 MiB | 16.26 MiB/sReceiving objects:  17% (1552/9129), 8.14 MiB | 16.26 MiB/sReceiving objects:  18% (1644/9129), 8.14 MiB | 16.26 MiB/sReceiving objects:  19% (1735/9129), 8.14 MiB | 16.26 MiB/sReceiving objects:  20% (1826/9129), 8.14 MiB | 16.26 MiB/sReceiving objects:  21% (1918/9129), 8.14 MiB | 16.26 MiB/sReceiving objects:  21% (2003/9129), 16.48 MiB | 15.22 MiB/sReceiving objects:  22% (2009/9129), 16.48 MiB | 15.22 MiB/sReceiving objects:  23% (2100/9129), 16.48 MiB | 15.22 MiB/sReceiving objects:  24% (2191/9129), 16.48 MiB | 15.22 MiB/sReceiving objects:  25% (2283/9129), 16.48 MiB | 15.22 MiB/sReceiving objects:  25% (2351/9129), 24.79 MiB | 15.66 MiB/sReceiving objects:  26% (2374/9129), 33.45 MiB | 16.06 MiB/sReceiving objects:  27% (2465/9129), 33.45 MiB | 16.06 MiB/sReceiving objects:  28% (2557/9129), 33.45 MiB | 16.06 MiB/sReceiving objects:  29% (2648/9129), 33.45 MiB | 16.06 MiB/sReceiving objects:  30% (2739/9129), 41.00 MiB | 15.46 MiB/sReceiving objects:  30% (2818/9129), 41.00 MiB | 15.46 MiB/sReceiving objects:  31% (2830/9129), 41.00 MiB | 15.46 MiB/sReceiving objects:  32% (2922/9129), 49.81 MiB | 15.81 MiB/sReceiving objects:  33% (3013/9129), 49.81 MiB | 15.81 MiB/sReceiving objects:  34% (3104/9129), 49.81 MiB | 15.81 MiB/sReceiving objects:  35% (3196/9129), 49.81 MiB | 15.81 MiB/sReceiving objects:  36% (3287/9129), 58.53 MiB | 16.03 MiB/sReceiving objects:  37% (3378/9129), 58.53 MiB | 16.03 MiB/sReceiving objects:  37% (3441/9129), 58.53 MiB | 16.03 MiB/sReceiving objects:  38% (3470/9129), 58.53 MiB | 16.03 MiB/sReceiving objects:  39% (3561/9129), 66.48 MiB | 15.76 MiB/sReceiving objects:  40% (3652/9129), 66.48 MiB | 15.76 MiB/sReceiving objects:  41% (3743/9129), 66.48 MiB | 15.76 MiB/sReceiving objects:  42% (3835/9129), 66.48 MiB | 15.76 MiB/sReceiving objects:  43% (3926/9129), 66.48 MiB | 15.76 MiB/sReceiving objects:  44% (4017/9129), 66.48 MiB | 15.76 MiB/sReceiving objects:  45% (4109/9129), 66.48 MiB | 15.76 MiB/sReceiving objects:  46% (4200/9129), 66.48 MiB | 15.76 MiB/sReceiving objects:  47% (4291/9129), 66.48 MiB | 15.76 MiB/sReceiving objects:  48% (4382/9129), 66.48 MiB | 15.76 MiB/sReceiving objects:  49% (4474/9129), 66.48 MiB | 15.76 MiB/sReceiving objects:  50% (4565/9129), 66.48 MiB | 15.76 MiB/sReceiving objects:  51% (4656/9129), 75.63 MiB | 16.03 MiB/sReceiving objects:  52% (4748/9129), 75.63 MiB | 16.03 MiB/sReceiving objects:  52% (4792/9129), 75.63 MiB | 16.03 MiB/sReceiving objects:  53% (4839/9129), 75.63 MiB | 16.03 MiB/sReceiving objects:  54% (4930/9129), 75.63 MiB | 16.03 MiB/sReceiving objects:  55% (5021/9129), 75.63 MiB | 16.03 MiB/sReceiving objects:  56% (5113/9129), 75.63 MiB | 16.03 MiB/sReceiving objects:  57% (5204/9129), 75.63 MiB | 16.03 MiB/sReceiving objects:  58% (5295/9129), 84.18 MiB | 16.11 MiB/sReceiving objects:  59% (5387/9129), 84.18 MiB | 16.11 MiB/sReceiving objects:  60% (5478/9129), 84.18 MiB | 16.11 MiB/sReceiving objects:  61% (5569/9129), 84.18 MiB | 16.11 MiB/sReceiving objects:  62% (5660/9129), 84.18 MiB | 16.11 MiB/sReceiving objects:  63% (5752/9129), 84.18 MiB | 16.11 MiB/sReceiving objects:  64% (5843/9129), 92.78 MiB | 16.21 MiB/sReceiving objects:  65% (5934/9129), 92.78 MiB | 16.21 MiB/sReceiving objects:  66% (6026/9129), 92.78 MiB | 16.21 MiB/sReceiving objects:  67% (6117/9129), 92.78 MiB | 16.21 MiB/sReceiving objects:  68% (6208/9129), 92.78 MiB | 16.21 MiB/sReceiving objects:  69% (6300/9129), 92.78 MiB | 16.21 MiB/sReceiving objects:  70% (6391/9129), 92.78 MiB | 16.21 MiB/sReceiving objects:  71% (6482/9129), 92.78 MiB | 16.21 MiB/sReceiving objects:  72% (6573/9129), 92.78 MiB | 16.21 MiB/sReceiving objects:  73% (6665/9129), 92.78 MiB | 16.21 MiB/sReceiving objects:  74% (6756/9129), 92.78 MiB | 16.21 MiB/sReceiving objects:  75% (6847/9129), 92.78 MiB | 16.21 MiB/sReceiving objects:  76% (6939/9129), 92.78 MiB | 16.21 MiB/sReceiving objects:  77% (7030/9129), 92.78 MiB | 16.21 MiB/sReceiving objects:  78% (7121/9129), 92.78 MiB | 16.21 MiB/sReceiving objects:  79% (7212/9129), 92.78 MiB | 16.21 MiB/sReceiving objects:  80% (7304/9129), 92.78 MiB | 16.21 MiB/sReceiving objects:  81% (7395/9129), 92.78 MiB | 16.21 MiB/sReceiving objects:  82% (7486/9129), 92.78 MiB | 16.21 MiB/sReceiving objects:  83% (7578/9129), 92.78 MiB | 16.21 MiB/sReceiving objects:  84% (7669/9129), 92.78 MiB | 16.21 MiB/sReceiving objects:  85% (7760/9129), 92.78 MiB | 16.21 MiB/sReceiving objects:  86% (7851/9129), 92.78 MiB | 16.21 MiB/sReceiving objects:  87% (7943/9129), 92.78 MiB | 16.21 MiB/sReceiving objects:  88% (8034/9129), 92.78 MiB | 16.21 MiB/sReceiving objects:  89% (8125/9129), 92.78 MiB | 16.21 MiB/sReceiving objects:  90% (8217/9129), 92.78 MiB | 16.21 MiB/sReceiving objects:  91% (8308/9129), 92.78 MiB | 16.21 MiB/sReceiving objects:  92% (8399/9129), 92.78 MiB | 16.21 MiB/sReceiving objects:  93% (8490/9129), 92.78 MiB | 16.21 MiB/sReceiving objects:  94% (8582/9129), 92.78 MiB | 16.21 MiB/sReceiving objects:  95% (8673/9129), 92.78 MiB | 16.21 MiB/sReceiving objects:  96% (8764/9129), 92.78 MiB | 16.21 MiB/sReceiving objects:  97% (8856/9129), 92.78 MiB | 16.21 MiB/sReceiving objects:  98% (8947/9129), 92.78 MiB | 16.21 MiB/sReceiving objects:  99% (9038/9129), 92.78 MiB | 16.21 MiB/sremote: Total 9129 (delta 2744), reused 2454 (delta 2442), pack-reused 5838 (from 4)
[1m[90m[DEBUG][39m[0m:   	Receiving objects: 100% (9129/9129), 92.78 MiB | 16.21 MiB/sReceiving objects: 100% (9129/9129), 96.19 MiB | 16.26 MiB/s, done.
[1m[90m[DEBUG][39m[0m:   	Resolving deltas:   0% (0/6389)Resolving deltas:   1% (64/6389)Resolving deltas:   2% (128/6389)Resolving deltas:   3% (192/6389)Resolving deltas:   4% (256/6389)Resolving deltas:   5% (320/6389)Resolving deltas:   6% (384/6389)Resolving deltas:   7% (448/6389)Resolving deltas:   8% (512/6389)Resolving deltas:   9% (576/6389)Resolving deltas:  10% (639/6389)Resolving deltas:  11% (703/6389)Resolving deltas:  12% (767/6389)Resolving deltas:  13% (831/6389)Resolving deltas:  14% (895/6389)Resolving deltas:  15% (959/6389)Resolving deltas:  16% (1023/6389)Resolving deltas:  17% (1087/6389)Resolving deltas:  18% (1151/6389)Resolving deltas:  19% (1214/6389)Resolving deltas:  20% (1278/6389)Resolving deltas:  21% (1342/6389)Resolving deltas:  22% (1406/6389)Resolving deltas:  23% (1470/6389)Resolving deltas:  24% (1534/6389)Resolving deltas:  25% (1598/6389)Resolving deltas:  26% (1662/6389)Resolving deltas:  27% (1726/6389)Resolving deltas:  28% (1789/6389)Resolving deltas:  29% (1853/6389)Resolving deltas:  30% (1917/6389)Resolving deltas:  31% (1981/6389)Resolving deltas:  32% (2045/6389)Resolving deltas:  33% (2109/6389)Resolving deltas:  34% (2173/6389)Resolving deltas:  35% (2237/6389)Resolving deltas:  36% (2301/6389)Resolving deltas:  37% (2364/6389)Resolving deltas:  38% (2428/6389)Resolving deltas:  39% (2492/6389)Resolving deltas:  40% (2556/6389)Resolving deltas:  41% (2620/6389)Resolving deltas:  42% (2684/6389)Resolving deltas:  43% (2748/6389)Resolving deltas:  44% (2812/6389)Resolving deltas:  45% (2876/6389)Resolving deltas:  46% (2939/6389)Resolving deltas:  47% (3003/6389)Resolving deltas:  48% (3067/6389)Resolving deltas:  49% (3131/6389)Resolving deltas:  50% (3195/6389)Resolving deltas:  51% (3259/6389)Resolving deltas:  52% (3323/6389)Resolving deltas:  53% (3387/6389)Resolving deltas:  54% (3451/6389)Resolving deltas:  55% (3514/6389)Resolving deltas:  56% (3578/6389)Resolving deltas:  57% (3642/6389)Resolving deltas:  58% (3706/6389)Resolving deltas:  59% (3770/6389)Resolving deltas:  60% (3834/6389)Resolving deltas:  61% (3898/6389)Resolving deltas:  62% (3962/6389)Resolving deltas:  63% (4026/6389)Resolving deltas:  64% (4089/6389)Resolving deltas:  65% (4153/6389)Resolving deltas:  66% (4217/6389)Resolving deltas:  67% (4281/6389)Resolving deltas:  68% (4345/6389)Resolving deltas:  69% (4409/6389)Resolving deltas:  70% (4473/6389)Resolving deltas:  71% (4537/6389)Resolving deltas:  72% (4601/6389)Resolving deltas:  73% (4664/6389)Resolving deltas:  74% (4728/6389)Resolving deltas:  75% (4792/6389)Resolving deltas:  76% (4856/6389)Resolving deltas:  77% (4920/6389)Resolving deltas:  78% (4984/6389)Resolving deltas:  79% (5048/6389)Resolving deltas:  80% (5112/6389)Resolving deltas:  81% (5176/6389)Resolving deltas:  82% (5239/6389)Resolving deltas:  83% (5303/6389)Resolving deltas:  84% (5367/6389)Resolving deltas:  85% (5431/6389)Resolving deltas:  86% (5495/6389)Resolving deltas:  87% (5559/6389)Resolving deltas:  88% (5623/6389)Resolving deltas:  89% (5687/6389)Resolving deltas:  90% (5751/6389)Resolving deltas:  91% (5814/6389)Resolving deltas:  92% (5878/6389)Resolving deltas:  93% (5942/6389)Resolving deltas:  94% (6006/6389)Resolving deltas:  95% (6070/6389)Resolving deltas:  96% (6134/6389)Resolving deltas:  97% (6198/6389)Resolving deltas:  98% (6262/6389)Resolving deltas:  99% (6326/6389)Resolving deltas: 100% (6389/6389)Resolving deltas: 100% (6389/6389), done.
[1m[90m[DEBUG][39m[0m:   	Cloning into '/home/admin/openclaw/workspace/loan-assistant/.buildozer/android/platform/build-arm64-v8a_armeabi-v7a/build/bootstrap_builds/sdl2/jni/SDL2_image/external/libjxl/third_party/lodepng'...
[1m[90m[DEBUG][39m[0m:   	remote: Enumerating objects: 2803, done.
[1m[90m[DEBUG][39m[0m:   	remote: Counting objects:   0% (1/371)        remote: Counting objects:   1% (4/371)        remote: Counting objects:   2% (8/371)        remote: Counting objects:   3% (12/371)        remote: Counting objects:   4% (15/371)        remote: Counting objects:   5% (19/371)        remote: Counting objects:   6% (23/371)        remote: Counting objects:   7% (26/371)        remote: Counting objects:   8% (30/371)        remote: Counting objects:   9% (34/371)        remote: Counting objects:  10% (38/371)        remote: Counting objects:  11% (41/371)        remote: Counting objects:  12% (45/371)        remote: Counting objects:  13% (49/371)        remote: Counting objects:  14% (52/371)        remote: Counting objects:  15% (56/371)        remote: Counting objects:  16% (60/371)        remote: Counting objects:  17% (64/371)        remote: Counting objects:  18% (67/371)        remote: Counting objects:  19% (71/371)        remote: Counting objects:  20% (75/371)        remote: Counting objects:  21% (78/371)        remote: Counting objects:  22% (82/371)        remote: Counting objects:  23% (86/371)        remote: Counting objects:  24% (90/371)        remote: Counting objects:  25% (93/371)        remote: Counting objects:  26% (97/371)        remote: Counting objects:  27% (101/371)        remote: Counting objects:  28% (104/371)        remote: Counting objects:  29% (108/371)        remote: Counting objects:  30% (112/371)        remote: Counting objects:  31% (116/371)        remote: Counting objects:  32% (119/371)        remote: Counting objects:  33% (123/371)        remote: Counting objects:  34% (127/371)        remote: Counting objects:  35% (130/371)        remote: Counting objects:  36% (134/371)        remote: Counting objects:  37% (138/371)        remote: Counting objects:  38% (141/371)        remote: Counting objects:  39% (145/371)        remote: Counting objects:  40% (149/371)        remote: Counting objects:  41% (153/371)        remote: Counting objects:  42% (156/371)        remote: Counting objects:  43% (160/371)        remote: Counting objects:  44% (164/371)        remote: Counting objects:  45% (167/371)        remote: Counting objects:  46% (171/371)        remote: Counting objects:  47% (175/371)        remote: Counting objects:  48% (179/371)        remote: Counting objects:  49% (182/371)        remote: Counting objects:  50% (186/371)        remote: Counting objects:  51% (190/371)        remote: Counting objects:  52% (193/371)        remote: Counting objects:  53% (197/371)        remote: Counting objects:  54% (201/371)        remote: Counting objects:  55% (205/371)        remote: Counting objects:  56% (208/371)        remote: Counting objects:  57% (212/371)        remote: Counting objects:  58% (216/371)        remote: Counting objects:  59% (219/371)        remote: Counting objects:  60% (223/371)        remote: Counting objects:  61% (227/371)        remote: Counting objects:  62% (231/371)        remote: Counting objects:  63% (234/371)        remote: Counting objects:  64% (238/371)        remote: Counting objects:  65% (242/371)        remote: Counting objects:  66% (245/371)        remote: Counting objects:  67% (249/371)        remote: Counting objects:  68% (253/371)        remote: Counting objects:  69% (256/371)        remote: Counting objects:  70% (260/371)        remote: Counting objects:  71% (264/371)        remote: Counting objects:  72% (268/371)        remote: Counting objects:  73% (271/371)        remote: Counting objects:  74% (275/371)        remote: Counting objects:  75% (279/371)        remote: Counting objects:  76% (282/371)        remote: Counting objects:  77% (286/371)        remote: Counting objects:  78% (290/371)        remote: Counting objects:  79% (294/371)        remote: Counting objects:  80% (297/371)        remote: Counting objects:  81% (301/371)        remote: Counting objects:  82% (305/371)        remote: Counting objects:  83% (308/371)        remote: Counting objects:  84% (312/371)        remote: Counting objects:  85% (316/371)        remote: Counting objects:  86% (320/371)        remote: Counting objects:  87% (323/371)        remote: Counting objects:  88% (327/371)        remote: Counting objects:  89% (331/371)        remote: Counting objects:  90% (334/371)        remote: Counting objects:  91% (338/371)        remote: Counting objects:  92% (342/371)        remote: Counting objects:  93% (346/371)        remote: Counting objects:  94% (349/371)        remote: Counting objects:  95% (353/371)        remote: Counting objects:  96% (357/371)        remote: Counting objects:  97% (360/371)        remote: Counting objects:  98% (364/371)        remote: Counting objects:  99% (368/371)        remote: Counting objects: 100% (371/371)        remote: Counting objects: 100% (371/371), done.
[1m[90m[DEBUG][39m[0m:   	remote: Compressing objects:   0% (1/115)        remote: Compressing objects:   1% (2/115)        remote: Compressing objects:   2% (3/115)        remote: Compressing objects:   3% (4/115)        remote: Compressing objects:   4% (5/115)        remote: Compressing objects:   5% (6/115)        remote: Compressing objects:   6% (7/115)        remote: Compressing objects:   7% (9/115)        remote: Compressing objects:   8% (10/115)        remote: Compressing objects:   9% (11/115)        remote: Compressing objects:  10% (12/115)        remote: Compressing objects:  11% (13/115)        remote: Compressing objects:  12% (14/115)        remote: Compressing objects:  13% (15/115)        remote: Compressing objects:  14% (17/115)        remote: Compressing objects:  15% (18/115)        remote: Compressing objects:  16% (19/115)        remote: Compressing objects:  17% (20/115)        remote: Compressing objects:  18% (21/115)        remote: Compressing objects:  19% (22/115)        remote: Compressing objects:  20% (23/115)        remote: Compressing objects:  21% (25/115)        remote: Compressing objects:  22% (26/115)        remote: Compressing objects:  23% (27/115)        remote: Compressing objects:  24% (28/115)        remote: Compressing objects:  25% (29/115)        remote: Compressing objects:  26% (30/115)        remote: Compressing objects:  27% (32/115)        remote: Compressing objects:  28% (33/115)        remote: Compressing objects:  29% (34/115)        remote: Compressing objects:  30% (35/115)        remote: Compressing objects:  31% (36/115)        remote: Compressing objects:  32% (37/115)        remote: Compressing objects:  33% (38/115)        remote: Compressing objects:  34% (40/115)        remote: Compressing objects:  35% (41/115)        remote: Compressing objects:  36% (42/115)        remote: Compressing objects:  37% (43/115)        remote: Compressing objects:  38% (44/115)        remote: Compressing objects:  39% (45/115)        remote: Compressing objects:  40% (46/115)        remote: Compressing objects:  41% (48/115)        remote: Compressing objects:  42% (49/115)        remote: Compressing objects:  43% (50/115)        remote: Compressing objects:  44% (51/115)        remote: Compressing objects:  45% (52/115)        remote: Compressing objects:  46% (53/115)        remote: Compressing objects:  47% (55/115)        remote: Compressing objects:  48% (56/115)        remote: Compressing objects:  49% (57/115)        remote: Compressing objects:  50% (58/115)        remote: Compressing objects:  51% (59/115)        remote: Compressing objects:  52% (60/115)        remote: Compressing objects:  53% (61/115)        remote: Compressing objects:  54% (63/115)        remote: Compressing objects:  55% (64/115)        remote: Compressing objects:  56% (65/115)        remote: Compressing objects:  57% (66/115)        remote: Compressing objects:  58% (67/115)        remote: Compressing objects:  59% (68/115)        remote: Compressing objects:  60% (69/115)        remote: Compressing objects:  61% (71/115)        remote: Compressing objects:  62% (72/115)        remote: Compressing objects:  63% (73/115)        remote: Compressing objects:  64% (74/115)        remote: Compressing objects:  65% (75/115)        remote: Compressing objects:  66% (76/115)        remote: Compressing objects:  67% (78/115)        remote: Compressing objects:  68% (79/115)        remote: Compressing objects:  69% (80/115)        remote: Compressing objects:  70% (81/115)        remote: Compressing objects:  71% (82/115)        remote: Compressing objects:  72% (83/115)        remote: Compressing objects:  73% (84/115)        remote: Compressing objects:  74% (86/115)        remote: Compressing objects:  75% (87/115)        remote: Compressing objects:  76% (88/115)        remote: Compressing objects:  77% (89/115)        remote: Compressing objects:  78% (90/115)        remote: Compressing objects:  79% (91/115)        remote: Compressing objects:  80% (92/115)        remote: Compressing objects:  81% (94/115)        remote: Compressing objects:  82% (95/115)        remote: Compressing objects:  83% (96/115)        remote: Compressing objects:  84% (97/115)        remote: Compressing objects:  85% (98/115)        remote: Compressing objects:  86% (99/115)        remote: Compressing objects:  87% (101/115)        remote: Compressing objects:  88% (102/115)        remote: Compressing objects:  89% (103/115)        remote: Compressing objects:  90% (104/115)        remote: Compressing objects:  91% (105/115)        remote: Compressing objects:  92% (106/115)        remote: Compressing objects:  93% (107/115)        remote: Compressing objects:  94% (109/115)        remote: Compressing objects:  95% (110/115)        remote: Compressing objects:  96% (111/115)        remote: Compressing objects:  97% (112/115)        remote: Compressing objects:  98% (113/115)        remote: Compressing objects:  99% (114/115)        remote: Compressing objects: 100% (115/115)        remote: Compressing objects: 100% (115/115), done.
[1m[90m[DEBUG][39m[0m:   	Receiving objects:   0% (1/2803)Receiving objects:   1% (29/2803)Receiving objects:   2% (57/2803)Receiving objects:   3% (85/2803)Receiving objects:   4% (113/2803)Receiving objects:   5% (141/2803)Receiving objects:   6% (169/2803)Receiving objects:   7% (197/2803)Receiving objects:   8% (225/2803)Receiving objects:   9% (253/2803)Receiving objects:  10% (281/2803)Receiving objects:  11% (309/2803)Receiving objects:  12% (337/2803)Receiving objects:  13% (365/2803)Receiving objects:  14% (393/2803)Receiving objects:  15% (421/2803)Receiving objects:  16% (449/2803)Receiving objects:  17% (477/2803)Receiving objects:  18% (505/2803)Receiving objects:  19% (533/2803)Receiving objects:  20% (561/2803)Receiving objects:  21% (589/2803)Receiving objects:  22% (617/2803)Receiving objects:  23% (645/2803)Receiving objects:  24% (673/2803)Receiving objects:  25% (701/2803)Receiving objects:  26% (729/2803)Receiving objects:  27% (757/2803)Receiving objects:  28% (785/2803)Receiving objects:  29% (813/2803)Receiving objects:  30% (841/2803)Receiving objects:  31% (869/2803)Receiving objects:  32% (897/2803)Receiving objects:  33% (925/2803)Receiving objects:  34% (954/2803)Receiving objects:  35% (982/2803)Receiving objects:  36% (1010/2803)Receiving objects:  37% (1038/2803)Receiving objects:  38% (1066/2803)Receiving objects:  39% (1094/2803)Receiving objects:  40% (1122/2803)Receiving objects:  41% (1150/2803)Receiving objects:  42% (1178/2803)Receiving objects:  43% (1206/2803)Receiving objects:  44% (1234/2803)Receiving objects:  45% (1262/2803)Receiving objects:  46% (1290/2803)Receiving objects:  47% (1318/2803)Receiving objects:  48% (1346/2803)Receiving objects:  49% (1374/2803)Receiving objects:  50% (1402/2803)Receiving objects:  51% (1430/2803)Receiving objects:  52% (1458/2803)Receiving objects:  53% (1486/2803)Receiving objects:  54% (1514/2803)Receiving objects:  55% (1542/2803)Receiving objects:  56% (1570/2803)Receiving objects:  57% (1598/2803)Receiving objects:  58% (1626/2803)Receiving objects:  59% (1654/2803)Receiving objects:  60% (1682/2803)Receiving objects:  61% (1710/2803)Receiving objects:  62% (1738/2803)Receiving objects:  63% (1766/2803)Receiving objects:  64% (1794/2803)Receiving objects:  65% (1822/2803)Receiving objects:  66% (1850/2803)Receiving objects:  67% (1879/2803)Receiving objects:  68% (1907/2803)Receiving objects:  69% (1935/2803)Receiving objects:  70% (1963/2803)Receiving objects:  71% (1991/2803)Receiving objects:  72% (2019/2803)Receiving objects:  73% (2047/2803)Receiving objects:  74% (2075/2803)Receiving objects:  75% (2103/2803)Receiving objects:  76% (2131/2803)Receiving objects:  77% (2159/2803)Receiving objects:  78% (2187/2803)Receiving objects:  79% (2215/2803)Receiving objects:  80% (2243/2803)Receiving objects:  81% (2271/2803)Receiving objects:  82% (2299/2803)Receiving objects:  83% (2327/2803)Receiving objects:  84% (2355/2803)Receiving objects:  85% (2383/2803)Receiving objects:  86% (2411/2803)Receiving objects:  87% (2439/2803)Receiving objects:  88% (2467/2803)Receiving objects:  89% (2495/2803)Receiving objects:  90% (2523/2803)Receiving objects:  91% (2551/2803)Receiving objects:  92% (2579/2803)Receiving objects:  93% (2607/2803)Receiving objects:  94% (2635/2803)Receiving objects:  95% (2663/2803)Receiving objects:  96% (2691/2803)Receiving objects:  97% (2719/2803)Receiving objects:  98% (2747/2803)remote: Total 2803 (delta 287), reused 256 (delta 256), pack-reused 2432 (from 4)
[1m[90m[DEBUG][39m[0m:   	Receiving objects:  99% (2775/2803)Receiving objects: 100% (2803/2803)Receiving objects: 100% (2803/2803), 1.82 MiB | 7.95 MiB/s, done.
[1m[90m[DEBUG][39m[0m:   	Resolving deltas:   0% (0/1232)Resolving deltas:   1% (13/1232)Resolving deltas:   2% (25/1232)Resolving deltas:   3% (37/1232)Resolving deltas:   4% (50/1232)Resolving deltas:   5% (62/1232)Resolving deltas:   6% (74/1232)Resolving deltas:   7% (87/1232)Resolving deltas:   8% (99/1232)Resolving deltas:   9% (111/1232)Resolving deltas:  10% (124/1232)Resolving deltas:  11% (136/1232)Resolving deltas:  12% (148/1232)Resolving deltas:  13% (161/1232)Resolving deltas:  14% (173/1232)Resolving deltas:  15% (185/1232)Resolving deltas:  16% (198/1232)Resolving deltas:  17% (210/1232)Resolving deltas:  18% (222/1232)Resolving deltas:  19% (235/1232)Resolving deltas:  20% (247/1232)Resolving deltas:  21% (259/1232)Resolving deltas:  22% (272/1232)Resolving deltas:  23% (284/1232)Resolving deltas:  24% (296/1232)Resolving deltas:  25% (308/1232)Resolving deltas:  26% (321/1232)Resolving deltas:  27% (333/1232)Resolving deltas:  28% (345/1232)Resolving deltas:  29% (358/1232)Resolving deltas:  30% (370/1232)Resolving deltas:  31% (382/1232)Resolving deltas:  32% (395/1232)Resolving deltas:  33% (407/1232)Resolving deltas:  34% (419/1232)Resolving deltas:  35% (432/1232)Resolving deltas:  36% (444/1232)Resolving deltas:  37% (456/1232)Resolving deltas:  38% (469/1232)Resolving deltas:  39% (481/1232)Resolving deltas:  40% (493/1232)Resolving deltas:  41% (506/1232)Resolving deltas:  42% (518/1232)Resolving deltas:  43% (530/1232)Resolving deltas:  44% (543/1232)Resolving deltas:  45% (555/1232)Resolving deltas:  46% (567/1232)Resolving deltas:  47% (580/1232)Resolving deltas:  48% (592/1232)Resolving deltas:  49% (604/1232)Resolving deltas:  50% (616/1232)Resolving deltas:  51% (629/1232)Resolving deltas:  52% (641/1232)Resolving deltas:  53% (653/1232)Resolving deltas:  54% (666/1232)Resolving deltas:  55% (678/1232)Resolving deltas:  56% (690/1232)Resolving deltas:  57% (703/1232)Resolving deltas:  58% (715/1232)Resolving deltas:  59% (727/1232)Resolving deltas:  60% (740/1232)Resolving deltas:  61% (752/1232)Resolving deltas:  62% (764/1232)Resolving deltas:  63% (777/1232)Resolving deltas:  64% (789/1232)Resolving deltas:  65% (801/1232)Resolving deltas:  66% (814/1232)Resolving deltas:  67% (826/1232)Resolving deltas:  68% (838/1232)Resolving deltas:  69% (851/1232)Resolving deltas:  70% (863/1232)Resolving deltas:  71% (875/1232)Resolving deltas:  72% (888/1232)Resolving deltas:  73% (900/1232)Resolving deltas:  74% (912/1232)Resolving deltas:  75% (924/1232)Resolving deltas:  76% (937/1232)Resolving deltas:  77% (949/1232)Resolving deltas:  78% (961/1232)Resolving deltas:  79% (974/1232)Resolving deltas:  80% (986/1232)Resolving deltas:  81% (998/1232)Resolving deltas:  82% (1011/1232)Resolving deltas:  83% (1023/1232)Resolving deltas:  84% (1035/1232)Resolving deltas:  85% (1048/1232)Resolving deltas:  86% (1060/1232)Resolving deltas:  87% (1072/1232)Resolving deltas:  88% (1085/1232)Resolving deltas:  89% (1097/1232)Resolving deltas:  90% (1109/1232)Resolving deltas:  91% (1122/1232)Resolving deltas:  92% (1134/1232)Resolving deltas:  93% (1146/1232)Resolving deltas:  94% (1159/1232)Resolving deltas:  95% (1171/1232)Resolving deltas:  96% (1183/1232)Resolving deltas:  97% (1196/1232)Resolving deltas:  98% (1208/1232)Resolving deltas:  99% (1220/1232)Resolving deltas: 100% (1232/1232)Resolving deltas: 100% (1232/1232), done.
[1m[90m[DEBUG][39m[0m:   	Cloning into '/home/admin/openclaw/workspace/loan-assistant/.buildozer/android/platform/build-arm64-v8a_armeabi-v7a/build/bootstrap_builds/sdl2/jni/SDL2_image/external/libjxl/third_party/sjpeg'...
[1m[90m[DEBUG][39m[0m:   	remote: Enumerating objects: 1017, done.
[1m[90m[DEBUG][39m[0m:   	remote: Counting objects:   1% (1/83)        remote: Counting objects:   2% (2/83)        remote: Counting objects:   3% (3/83)        remote: Counting objects:   4% (4/83)        remote: Counting objects:   6% (5/83)        remote: Counting objects:   7% (6/83)        remote: Counting objects:   8% (7/83)        remote: Counting objects:   9% (8/83)        remote: Counting objects:  10% (9/83)        remote: Counting objects:  12% (10/83)        remote: Counting objects:  13% (11/83)        remote: Counting objects:  14% (12/83)        remote: Counting objects:  15% (13/83)        remote: Counting objects:  16% (14/83)        remote: Counting objects:  18% (15/83)        remote: Counting objects:  19% (16/83)        remote: Counting objects:  20% (17/83)        remote: Counting objects:  21% (18/83)        remote: Counting objects:  22% (19/83)        remote: Counting objects:  24% (20/83)        remote: Counting objects:  25% (21/83)        remote: Counting objects:  26% (22/83)        remote: Counting objects:  27% (23/83)        remote: Counting objects:  28% (24/83)        remote: Counting objects:  30% (25/83)        remote: Counting objects:  31% (26/83)        remote: Counting objects:  32% (27/83)        remote: Counting objects:  33% (28/83)        remote: Counting objects:  34% (29/83)        remote: Counting objects:  36% (30/83)        remote: Counting objects:  37% (31/83)        remote: Counting objects:  38% (32/83)        remote: Counting objects:  39% (33/83)        remote: Counting objects:  40% (34/83)        remote: Counting objects:  42% (35/83)        remote: Counting objects:  43% (36/83)        remote: Counting objects:  44% (37/83)        remote: Counting objects:  45% (38/83)        remote: Counting objects:  46% (39/83)        remote: Counting objects:  48% (40/83)        remote: Counting objects:  49% (41/83)        remote: Counting objects:  50% (42/83)        remote: Counting objects:  51% (43/83)        remote: Counting objects:  53% (44/83)        remote: Counting objects:  54% (45/83)        remote: Counting objects:  55% (46/83)        remote: Counting objects:  56% (47/83)        remote: Counting objects:  57% (48/83)        remote: Counting objects:  59% (49/83)        remote: Counting objects:  60% (50/83)        remote: Counting objects:  61% (51/83)        remote: Counting objects:  62% (52/83)        remote: Counting objects:  63% (53/83)        remote: Counting objects:  65% (54/83)        remote: Counting objects:  66% (55/83)        remote: Counting objects:  67% (56/83)        remote: Counting objects:  68% (57/83)        remote: Counting objects:  69% (58/83)        remote: Counting objects:  71% (59/83)        remote: Counting objects:  72% (60/83)        remote: Counting objects:  73% (61/83)        remote: Counting objects:  74% (62/83)        remote: Counting objects:  75% (63/83)        remote: Counting objects:  77% (64/83)        remote: Counting objects:  78% (65/83)        remote: Counting objects:  79% (66/83)        remote: Counting objects:  80% (67/83)        remote: Counting objects:  81% (68/83)        remote: Counting objects:  83% (69/83)        remote: Counting objects:  84% (70/83)        remote: Counting objects:  85% (71/83)        remote: Counting objects:  86% (72/83)        remote: Counting objects:  87% (73/83)        remote: Counting objects:  89% (74/83)        remote: Counting objects:  90% (75/83)        remote: Counting objects:  91% (76/83)        remote: Counting objects:  92% (77/83)        remote: Counting objects:  93% (78/83)        remote: Counting objects:  95% (79/83)        remote: Counting objects:  96% (80/83)        remote: Counting objects:  97% (81/83)        remote: Counting objects:  98% (82/83)        remote: Counting objects: 100% (83/83)        remote: Counting objects: 100% (83/83), done.
[1m[90m[DEBUG][39m[0m:   	remote: Compressing objects:   2% (1/43)        remote: Compressing objects:   4% (2/43)        remote: Compressing objects:   6% (3/43)        remote: Compressing objects:   9% (4/43)        remote: Compressing objects:  11% (5/43)        remote: Compressing objects:  13% (6/43)        remote: Compressing objects:  16% (7/43)        remote: Compressing objects:  18% (8/43)        remote: Compressing objects:  20% (9/43)        remote: Compressing objects:  23% (10/43)        remote: Compressing objects:  25% (11/43)        remote: Compressing objects:  27% (12/43)        remote: Compressing objects:  30% (13/43)        remote: Compressing objects:  32% (14/43)        remote: Compressing objects:  34% (15/43)        remote: Compressing objects:  37% (16/43)        remote: Compressing objects:  39% (17/43)        remote: Compressing objects:  41% (18/43)        remote: Compressing objects:  44% (19/43)        remote: Compressing objects:  46% (20/43)        remote: Compressing objects:  48% (21/43)        remote: Compressing objects:  51% (22/43)        remote: Compressing objects:  53% (23/43)        remote: Compressing objects:  55% (24/43)        remote: Compressing objects:  58% (25/43)        remote: Compressing objects:  60% (26/43)        remote: Compressing objects:  62% (27/43)        remote: Compressing objects:  65% (28/43)        remote: Compressing objects:  67% (29/43)        remote: Compressing objects:  69% (30/43)        remote: Compressing objects:  72% (31/43)        remote: Compressing objects:  74% (32/43)        remote: Compressing objects:  76% (33/43)        remote: Compressing objects:  79% (34/43)        remote: Compressing objects:  81% (35/43)        remote: Compressing objects:  83% (36/43)        remote: Compressing objects:  86% (37/43)        remote: Compressing objects:  88% (38/43)        remote: Compressing objects:  90% (39/43)        remote: Compressing objects:  93% (40/43)        remote: Compressing objects:  95% (41/43)        remote: Compressing objects:  97% (42/43)        remote: Compressing objects: 100% (43/43)        remote: Compressing objects: 100% (43/43), done.
[1m[90m[DEBUG][39m[0m:   	Receiving objects:   0% (1/1017)Receiving objects:   1% (11/1017)Receiving objects:   2% (21/1017)Receiving objects:   3% (31/1017)Receiving objects:   4% (41/1017)Receiving objects:   5% (51/1017)Receiving objects:   6% (62/1017)Receiving objects:   7% (72/1017)Receiving objects:   8% (82/1017)Receiving objects:   9% (92/1017)Receiving objects:  10% (102/1017)Receiving objects:  11% (112/1017)Receiving objects:  12% (123/1017)Receiving objects:  13% (133/1017)Receiving objects:  14% (143/1017)Receiving objects:  15% (153/1017)Receiving objects:  16% (163/1017)Receiving objects:  17% (173/1017)Receiving objects:  18% (184/1017)Receiving objects:  19% (194/1017)Receiving objects:  20% (204/1017)Receiving objects:  21% (214/1017)Receiving objects:  22% (224/1017)Receiving objects:  23% (234/1017)Receiving objects:  24% (245/1017)Receiving objects:  25% (255/1017)Receiving objects:  26% (265/1017)Receiving objects:  27% (275/1017)Receiving objects:  28% (285/1017)Receiving objects:  29% (295/1017)Receiving objects:  30% (306/1017)Receiving objects:  31% (316/1017)Receiving objects:  32% (326/1017)Receiving objects:  33% (336/1017)Receiving objects:  34% (346/1017)Receiving objects:  35% (356/1017)Receiving objects:  36% (367/1017)Receiving objects:  37% (377/1017)Receiving objects:  38% (387/1017)Receiving objects:  39% (397/1017)Receiving objects:  40% (407/1017)Receiving objects:  41% (417/1017)Receiving objects:  42% (428/1017)Receiving objects:  43% (438/1017)Receiving objects:  44% (448/1017)Receiving objects:  45% (458/1017)Receiving objects:  46% (468/1017)Receiving objects:  47% (478/1017)Receiving objects:  48% (489/1017)Receiving objects:  49% (499/1017)Receiving objects:  50% (509/1017)Receiving objects:  51% (519/1017)Receiving objects:  52% (529/1017)Receiving objects:  53% (540/1017)Receiving objects:  54% (550/1017)Receiving objects:  55% (560/1017)Receiving objects:  56% (570/1017)Receiving objects:  57% (580/1017)Receiving objects:  58% (590/1017)Receiving objects:  59% (601/1017)Receiving objects:  60% (611/1017)Receiving objects:  61% (621/1017)Receiving objects:  62% (631/1017)Receiving objects:  63% (641/1017)Receiving objects:  64% (651/1017)Receiving objects:  65% (662/1017)Receiving objects:  66% (672/1017)Receiving objects:  67% (682/1017)Receiving objects:  68% (692/1017)Receiving objects:  69% (702/1017)Receiving objects:  70% (712/1017)Receiving objects:  71% (723/1017)Receiving objects:  72% (733/1017)Receiving objects:  73% (743/1017)Receiving objects:  74% (753/1017)Receiving objects:  75% (763/1017)Receiving objects:  76% (773/1017)Receiving objects:  77% (784/1017)Receiving objects:  78% (794/1017)Receiving objects:  79% (804/1017)Receiving objects:  80% (814/1017)Receiving objects:  81% (824/1017)Receiving objects:  82% (834/1017)Receiving objects:  83% (845/1017)Receiving objects:  84% (855/1017)Receiving objects:  85% (865/1017)Receiving objects:  86% (875/1017)Receiving objects:  87% (885/1017)Receiving objects:  88% (895/1017)Receiving objects:  89% (906/1017)Receiving objects:  90% (916/1017)Receiving objects:  91% (926/1017)Receiving objects:  92% (936/1017)Receiving objects:  93% (946/1017)Receiving objects:  94% (956/1017)Receiving objects:  95% (967/1017)Receiving objects:  96% (977/1017)Receiving objects:  97% (987/1017)Receiving objects:  98% (997/1017)remote: Total 1017 (delta 53), reused 43 (delta 40), pack-reused 934 (from 2)
[1m[90m[DEBUG][39m[0m:   	Receiving objects:  99% (1007/1017)Receiving objects: 100% (1017/1017)Receiving objects: 100% (1017/1017), 2.76 MiB | 8.87 MiB/s, done.
[1m[90m[DEBUG][39m[0m:   	Resolving deltas:   0% (0/625)Resolving deltas:   1% (7/625)Resolving deltas:   2% (13/625)Resolving deltas:   3% (19/625)Resolving deltas:   4% (25/625)Resolving deltas:   5% (32/625)Resolving deltas:   6% (38/625)Resolving deltas:   7% (44/625)Resolving deltas:   8% (50/625)Resolving deltas:   9% (57/625)Resolving deltas:  10% (63/625)Resolving deltas:  11% (69/625)Resolving deltas:  12% (75/625)Resolving deltas:  13% (82/625)Resolving deltas:  14% (88/625)Resolving deltas:  15% (94/625)Resolving deltas:  16% (100/625)Resolving deltas:  17% (107/625)Resolving deltas:  18% (113/625)Resolving deltas:  19% (119/625)Resolving deltas:  20% (125/625)Resolving deltas:  21% (132/625)Resolving deltas:  22% (138/625)Resolving deltas:  23% (144/625)Resolving deltas:  24% (150/625)Resolving deltas:  25% (157/625)Resolving deltas:  26% (163/625)Resolving deltas:  27% (169/625)Resolving deltas:  28% (175/625)Resolving deltas:  29% (182/625)Resolving deltas:  30% (188/625)Resolving deltas:  31% (194/625)Resolving deltas:  32% (200/625)Resolving deltas:  33% (207/625)Resolving deltas:  34% (213/625)Resolving deltas:  35% (219/625)Resolving deltas:  36% (225/625)Resolving deltas:  37% (232/625)Resolving deltas:  38% (238/625)Resolving deltas:  39% (244/625)Resolving deltas:  40% (250/625)Resolving deltas:  41% (257/625)Resolving deltas:  42% (263/625)Resolving deltas:  43% (269/625)Resolving deltas:  44% (275/625)Resolving deltas:  45% (282/625)Resolving deltas:  46% (288/625)Resolving deltas:  47% (294/625)Resolving deltas:  48% (300/625)Resolving deltas:  49% (307/625)Resolving deltas:  50% (313/625)Resolving deltas:  51% (319/625)Resolving deltas:  52% (325/625)Resolving deltas:  53% (332/625)Resolving deltas:  54% (338/625)Resolving deltas:  55% (344/625)Resolving deltas:  56% (350/625)Resolving deltas:  57% (357/625)Resolving deltas:  58% (363/625)Resolving deltas:  59% (369/625)Resolving deltas:  60% (375/625)Resolving deltas:  61% (382/625)Resolving deltas:  62% (388/625)Resolving deltas:  63% (394/625)Resolving deltas:  64% (400/625)Resolving deltas:  65% (407/625)Resolving deltas:  66% (413/625)Resolving deltas:  67% (419/625)Resolving deltas:  68% (425/625)Resolving deltas:  69% (432/625)Resolving deltas:  70% (438/625)Resolving deltas:  71% (444/625)Resolving deltas:  72% (450/625)Resolving deltas:  73% (457/625)Resolving deltas:  74% (463/625)Resolving deltas:  75% (469/625)Resolving deltas:  76% (475/625)Resolving deltas:  77% (482/625)Resolving deltas:  78% (488/625)Resolving deltas:  79% (494/625)Resolving deltas:  80% (500/625)Resolving deltas:  81% (507/625)Resolving deltas:  82% (513/625)Resolving deltas:  83% (519/625)Resolving deltas:  84% (525/625)Resolving deltas:  85% (532/625)Resolving deltas:  86% (538/625)Resolving deltas:  87% (544/625)Resolving deltas:  88% (550/625)Resolving deltas:  89% (557/625)Resolving deltas:  90% (563/625)Resolving deltas:  91% (569/625)Resolving deltas:  92% (575/625)Resolving deltas:  93% (582/625)Resolving deltas:  94% (588/625)Resolving deltas:  95% (594/625)Resolving deltas:  96% (600/625)Resolving deltas:  97% (607/625)Resolving deltas:  98% (613/625)Resolving deltas:  99% (619/625)Resolving deltas: 100% (625/625)Resolving deltas: 100% (625/625), done.
[1m[90m[DEBUG][39m[0m:   	Cloning into '/home/admin/openclaw/workspace/loan-assistant/.buildozer/android/platform/build-arm64-v8a_armeabi-v7a/build/bootstrap_builds/sdl2/jni/SDL2_image/external/libjxl/third_party/skcms'...
[1m[90m[DEBUG][39m[0m:   	fatal: unable to access 'http://skia.googlesource.com/skcms/': Empty reply from server
[1m[90m[DEBUG][39m[0m:   	fatal: clone of 'https://skia.googlesource.com/skcms' into submodule path '/home/admin/openclaw/workspace/loan-assistant/.buildozer/android/platform/build-arm64-v8a_armeabi-v7a/build/bootstrap_builds/sdl2/jni/SDL2_image/external/libjxl/third_party/skcms' failed
[1m[90m[DEBUG][39m[0m:   	Failed to clone 'third_party/skcms'. Retry scheduled
[1m[90m[DEBUG][39m[0m:   	Cloning into '/home/admin/openclaw/workspace/loan-assistant/.buildozer/android/platform/build-arm64-v8a_armeabi-v7a/build/bootstrap_builds/sdl2/jni/SDL2_image/external/libjxl/third_party/skcms'...
[1m[90m[DEBUG][39m[0m:   	fatal: unable to access 'http://skia.googlesource.com/skcms/': Empty reply from server
[1m[90m[DEBUG][39m[0m:   	fatal: clone of 'https://skia.googlesource.com/skcms' into submodule path '/home/admin/openclaw/workspace/loan-assistant/.buildozer/android/platform/build-arm64-v8a_armeabi-v7a/build/bootstrap_builds/sdl2/jni/SDL2_image/external/libjxl/third_party/skcms' failed
[1m[90m[DEBUG][39m[0m:   	Failed to clone 'third_party/skcms' a second time, aborting
Exception in thread background thread for pid 308360:
Traceback (most recent call last):
  File "/usr/lib/python3.10/threading.py", line 1016, in _bootstrap_inner
    self.run()
  File "/usr/lib/python3.10/threading.py", line 953, in run
    self._target(*self._args, **self._kwargs)
  File "/home/admin/.local/lib/python3.10/site-packages/sh.py", line 1641, in wrap
    fn(*rgs, **kwargs)
  File "/home/admin/.local/lib/python3.10/site-packages/sh.py", line 2569, in background_thread
    handle_exit_code(exit_code)
  File "/home/admin/.local/lib/python3.10/site-packages/sh.py", line 2269, in fn
    return self.command.handle_command_exit_code(exit_code)
  File "/home/admin/.local/lib/python3.10/site-packages/sh.py", line 869, in handle_command_exit_code
    raise exc
sh.ErrorReturnCode_1: 

  RAN: /home/admin/openclaw/workspace/loan-assistant/.buildozer/android/platform/build-arm64-v8a_armeabi-v7a/build/bootstrap_builds/sdl2/jni/SDL2_image/external/download.sh

  STDOUT:
Cloning into 'external/jpeg'...
remote: Enumerating objects: 417, done.        
remote: Counting objects:   0% (1/417)        remote: Counting objects:   1% (5/417)        remote: Counting objects:   2% (9/417)        remote: Counting objects:   3% (13/417)        remote: Counting objects:   4% (17/417)        remote: Counting objects:   5% (21/417)        remote: Counting objects:   6% (26/417)        remote: Counting objects:   7% (30/417)        remote: Counting objects:   8% (34/417)        remote: Counting objects:   9% (38/417)        remote: Counting objects:  10% (42/417)        remote: Counting objects:  11% (46/417)        remote: Counting objects:  12% (51/417)        remote: Counting objects:  13% (55/417)        remote: Counting objects:  14% (59/417)        remote: Counting objects:  15% (63/417)        remote: Counting objects:  16% (67/417)        remote: Counting objects:  17% (71/417)        remote: Counting objects:  18% (76/417)        remote: Counting objects:  19% (80/417)        remote: Counting objects:  20% (84/417)        remote: Counting objects:  21% (88/417)        remote: Counting objects:  22% (92/417)        remote: Counting objects:  23% (96/417)        remote: Counting objects:  24% (101/417)        remote: Counting objects:  25% (105/417)        remote: Counting objects:  26% (109/417)        remote: Counting objects:  27% (113/417)        remote: Counting objects:  28% (117/417)        remote: Counting objects:  29% (121/417)        remote: Counting objects:  30% (126/417)        remote: Counting objects:  31% (130/417)        remote: Counting objects:  32% (134/417)        remote: Counting objects:  33% (138/417)        remote: Counting objects:  34% (142/417)        remote: Counting objects:  35% (146/417)        remote: Counting objects:  36% (151/417)        remote: Counting objects:  37% (155/417)        remote: Counting objects:  38% (159/417)        remote: Counting objects:  39% (163/417)        remote: Counting objects:  40% (167/417)        remote: Counting objects:  41% (171/417)        remote: Counting objects:  42% (176/417)        remote: Counting objects:  43% (180/417)        remote: Counting objects:  44% (184/417)        remote: Counting objects:  45% (188/417)        remote: Counting objects:  46% (192/417)        remote: Counting objects:  47% (196/417)        remote: Counting objects:  48% (201/417)        remote: Counting objects:  49% (205/417)        remote: Counting objects:  50% (209/417)        remote: Counting objects:  51% (213/417)        remote: Counting objects:  52% (217/417)        remote: Counting objects:  53% (222/417)        remote: Counting objects:  54% (226/417)        remote: Counting objects:  55% (230/417)        remote: Counting objects:  56% (234/417)        remote: Counting objects:  57% (238/417)        remote: Counting objects:  58% (242/417)        remote: Counting objects:  59% (247/417)        remote: Counting objects:  60% (251/417)        remote: Counting objects:  61% (255/417)        remote: Counting objects:  62% (259/417)        remote: Counting objects:  63% (263/417)        remote: Counting objects:  64% (267/417)        remote: Counting objects:  65% (272/417)        remote: Counting objects:  66% (276/417)        remote: Counting objects:  67% (280/417)        remote: Counting objects:  68% (284/417)        remote: Counting objects:  69% (288/417)        remote: Counting objects:  70% (292/417)        remote: Counting objects:  71% (297/417)        remote: Counting objects:  72% (301/417)        remote: Counting objects:  73% (305/417)        remote: Counting objects:  74% (309/417)        remote: Counting objects:  75% (313/417)        remote: Counting objects:  76% (317/417)        remote: Counting objects:  77% (322/417)        remote: Counting objects:  78% (326/417)        remote: Counting objects:  79% (330/417)        remote: Counting objects:  80% (334/417)        remote: Counting objects:  81% (338/417)        remote: Counting objects:  82% (342/417)        remote: Counting objects:  83% (347/417)        remote: Counting objects:  84% (351/417)        remote: Counting objects:  85% (355/417)        remote: Counting objects:  86% (359/417)        remote: Counting objects:  87% (363/417)        remote: Counting objects:  88% (367/417)        remote: Counting objects:  89% (372/417)        remote: Counting objects:  90% (376/417)        remote: Counting objects:  91% (380/417)        remote: Counting objects:  92% (384/417)        remote: Counting objects:  93% (388/417)        remote: Counting objects:  94% (392/417)        remote: Counting objects:  95% (397/417)        remote: Counting objects:  96% (401/417)        remote: Counting objects:  97% (405/417)        remote: Counting objects:  98% (409/417)        remote: Counting objects:  99% (413/417)        remote: Counting objects: 100% (417/417)        remote: Counting objects: 100% (417/417), done.        
remote: Compressing objects:   0% (1/252)        remote: Compressing objects:   1% (3/252)        remote: Compressing objects:   2% (6/252)        remote: Compressing objects:   3% (8/252)        remote: Compressing objects:   4% (11/252)        remote: Compressing objects:   5% (13/252)        remote: Compressing objects:   6% (16/252)        remote: Compressing objects:   7% (18/252)        remote: Compressing objects:   8% (21/252)        remote: Compressing objects:   9% (23/252)        remote: Compressing objects:  10% (26/252)        remote: Compressing objects:  11% (28/252)        remote: Compressing objects:  12% (31/252)        remote: Compressing objects:  13% (33/252)        remote: Compressing objects:  14% (36/252)        remote: Compressing objects:  15% (38/252)        remote: Compressing objects:  16% (41/252)        remote: Compressing objects:  17% (43/252)        remote: Compressing objects:  18% (46/252)        remote: Compressing objects:  19% (48/252)        remote: Compressing objects:  20% (51/252)        remote: Compressing objects:  21% (53/252)        remote: Compressing objects:  22% (56/252)        remote: Compressing objects:  23% (58/252)        remote: Compressing objects:  24% (61/252)        remote: Compressing objects:  25% (63/252)        remote: Compressing objects:  26% (66/252)        remote: Compressing objects:  27% (69/252)        remote: Compressing objects:  28% (71/252)        remote: Compressing objects:  29% (74/252)        remote: Compressing objects:  30% (76/252)        remote: Compressing objects:  31% (79/252)        remote: Compressing objects:  32% (81/252)        remote: Compressing objects:  33% (84/252)        remote: Compressing objects:  34% (86/252)        remote: Compressing objects:  35% (89/252)        remote: Compressing objects:  36% (91/252)        remote: Compressing objects:  37% (94/252)        remote: Compressing objects:  38% (96/252)        remote: Compressing objects:  39% (99/252)        remote: Compressing objects:  40% (101/252)        remote: Compressing objects:  41% (104/252)        remote: Compressing objects:  42% (106/252)        remote: Compressing objects:  43% (109/252)        remote: Compressing objects:  44% (111/252)        remote: Compressing objects:  45% (114/252)        remote: Compressing objects:  46% (116/252)        remote: Compressing objects:  47% (119/252)        remote: Compressing objects:  48% (121/252)        remote: Compressing objects:  49% (124/252)        remote: Compressing objects:  50% (126/252)        remote: Compressing objects:  51% (129/252)        remote: Compressing objects:  52% (132/252)        remote: Compressing objects:  53% (134/252)        remote: Compressing objects:  54% (137/252)        remote: Compressing objects:  55% (139/252)        remote: Compressing objects:  56% (142/252)        remote: Compressing objects:  57% (144/252)        remote: Compressing objects:  58% (147/252)        remote: Compressing objects:  59% (149/252)        remote: Compressing objects:  60% (152/252)        remote: Compressing objects:  61% (154/252)        remote: Compressing objects:  62% (157/252)        remote: Compressing objects:  63% (159/252)        remote: Compressing objects:  64% (162/252)        remote: Compressing objects:  65% (164/252)        remote: Compressing objects:  66% (167/252)        remote: Compressing objects:  67% (169/252)        remote: Compressing objects:  68% (172/252)        remote: Compressing objects:  69% (174/252)        remote: Compressing objects:  70% (177/252)        remote: Compressing objects:  71% (179/252)        remote: Compressing objects:  72% (182/252)        remote: Compressing objects:  73% (184/252)        remote: Compressing objects:  74% (187/252)        remote: Compressing objects:  75% (189/252)        remote: Compressing objects:  76% (192/252)        remote: Compressing objects:  77% (195/252)        remote: Compressing objects:  78% (197/252)        remote: Compressing objects:  79% (200/252)        remote: Compressing objects:  80% (202/252)        remote: Compressing objects:  81% (205/252)        remote: Compressing objects:  82% (207/252)        remote: Compressing objects:  83% (210/252)        remote: Compressing objects:  84% (212/252)        remote: Compressing objects:  85% (215/252)        remote: Compressing objects:  86% (217/252)        remote: Compressing objects:  87% (220/252)        remote: Compressing objects:  88% (222/252)        remote: Compressing objects:  89% (225/252)        remote: Compressing objects:  90% (227/252)        remote: Compressing objects:  91% (230/252)        remote: Compressing objects:  92% (232/252)        remote: Compressing objects:  93% (235/252)        remote: Compressing objects:  94% (237/252)        remote: Compressing objects:  95% (240/252)        remote: Compressing objects:  96% (242/252)        remote: Compressing objects:  97% (245/252)        remote: Compressing objects:  98% (247/252)        remote: Compressing objects:  99% (250/252)        remote: Compressing objects: 100% (252/252)        remote: Compressing objects: 100% (252/252), done.        
Receiving objects:   0% (1/417)Receiving objects:   1% (5/417)Receiving objects:   2% (9/417)Receiving objects:   3% (13/417)Receiving objects:   4% (17/417)Receiving objects:   5% (21/417)Receiving objects:   6% (26/417)Receiving objects:   7% (30/417)Receiving objects:   8% (34/417)Receiving objects:   9% (38/417)Receiving objects:  10% (42/417)Receiving objects:  11% (46/417)Receiving objects:  12% (51/417)Receiving objects:  13% (55/417)Receiving objects:  14% (59/417)Receiving objects:  15% (63/417)Receiving objects:  16% (67/417)Receiving objects:  17% (71/417)Receiving objects:  18% (76/417)Receiving objects:  19% (80/417)Receiving objects:  20% (84/417)Receiving objects:  21% (88/417)Receiving objects:  22% (92/417)Receiving objects:  23% (96/417)Receiving objects:  24% (101/417)Receiving objects:  25% (105/417)Receiving objects:  26% (109/417)Receiving objects:  27% (113/417)Receiving objects:  28% (117/417)Receiving objects:  29% (121/417)Receiving objects:  30% (126/417)Receiving objects:  31% (130/417)Receiving objects:  32% (134/417)Receiving objects:  33% (138/417)Receiving objects:  34% (142/417)Receiving objects:  35% (146/417)Receiving objects:  36% (151/417)Receiving objects:  37% (155/417)Receiving objects:  38% (159/417)Receiving objects:  39% (163/417)Receiving objects:  40% (167/417)Receiving objects:  41% (171/417)Receiving objects:  42% (176/417)Receiving objects:  43% (180/417)Receiving objects:  44% (184/417)Receiving objects:  45% (188/417)Receiving objects:  46% (192/417)Receiving objects:  47% (196/417)Receiving objects:  48% (201/417)Receiving objects:  49% (205/417)Receiving objects:  50% (209/417)Receiving objects:  51% (213/417)Receiving objects:  52% (217/417)Receiving objects:  53% (222/417)Receiving objects:  54% (226/417)Receiving objects:  55% (230/417)Receiving objects:  56% (234/417)Receiving objects:  57% (238/417)Receiving objects:  58% (242/417)Receiving objects:  59% (247/417)Receiving objects:  60% (251/417)Receiving objects:  61% (255/417)Receiving objects:  62% (259/417)Receiving objects:  63% (263/417)Receiving objects:  64% (267/417)Receiving objects:  65% (272/417)Receiving objects:  66% (276/417)Receiving objects:  67% (280/417)Receiving objects:  68% (284/417)Receiving objects:  69% (288/417)Receiving objects:  70% (292/417)Receiving objects:  71% (297/417)Receiving objects:  72% (301/417)Receiving objects:  73% (305/417)Receiving objects:  74% (309/417)Receiving objects:  75% (313/417)Receiving objects:  76% (317/417)Receiving objects:  77% (322/417)Receiving objects:  78% (326/417)Receiving objects:  79% (330/417)Receiving objects:  80% (334/417)Receiving objects:  81% (338/417)Receiving objects:  82% (342/417)Receiving objects:  83% (347/417)Receiving objects:  84% (351/417)Receiving objects:  85% (355/417)Receiving objects:  86% (359/417)Receiving objects:  87% (363/417)Receiving objects:  88% (367/417)Receiving objects:  89% (372/417)Receiving objects:  90% (376/417)Receiving objects:  91% (380/417)Receiving objects:  92% (384/417)Receiving objects:  93% (388/417)Receiving objects:  94% (392/417)Receiving objects:  95% (397/417)remote: Total 417 (delta 234), reused 342 (delta 161), pack-reused 0 (from 0)        
Receiving objects:  96% (401/417)Receiving objects:  97% (405/417)Receiving objects:  98% (409/417)Receiving objects:  99% (413/417)Receiving objects: 100% (417/417)Receiving objects: 100% (417/417), 1.21 MiB | 5.03 MiB/s, done.
Resolving deltas:   0% (0/234)Resolving deltas:   1% (3/234)Resolving deltas:   2% (5/234)Resolving deltas:   3% (8/234)Resolving deltas:   4% (10/234)Resolving deltas:   5% (12/234)Resolving deltas:   6% (15/234)Resolving deltas:   7% (17/234)Resolving deltas:   8% (19/234)Resolving deltas:   9% (22/234)Resolving deltas:  10% (24/234)Resolving deltas:  11% (26/234)Resolving deltas:  12% (29/234)Resolving deltas:  13% (31/234)Resolving deltas:  14% (33/234)Resolving deltas:  15% (36/234)Resolving deltas:  16% (38/234)Resolving deltas:  17% (40/234)Resolving deltas:  18% (43/234)Resolving deltas:  19% (45/234)Resolving deltas:  20% (47/234)Resolving deltas:  21% (50/234)Resolving deltas:  22% (52/234)Resolving deltas:  23% (54/234)Resolving deltas:  24% (57/234)Resolving deltas:  25% (59/234)Resolving deltas:  26% (61/234)Resolving deltas:  27% (64/234)Resolving deltas:  28% (66/234)Resolving deltas:  29% (68/234)Resolving deltas:  30% (71/234)Resolving deltas:  31% (73/234)Resolving deltas:  32% (75/234)Resolving deltas:  33% (78/234)Resolving deltas:  34% (80/234)Resolving deltas:  35% (82/234)Resolving deltas:  36% (85/234)Resolving deltas:  37% (87/234)Resolving deltas:  38% (89/234)Resolving deltas:  39% (92/234)Resolving deltas:  40% (94/234)Resolving deltas:  41% (96/234)Resolving deltas:  42% (99/234)Resolving deltas:  43% (101/234)Resolving deltas:  44% (103/234)Resolving deltas:  45% (106/234)Resolving deltas:  46% (108/234)Resolving deltas:  47% (110/234)Resolving deltas:  48% (113/234)Resolving deltas:  49% (115/234)Resolving deltas:  50% (117/234)Resolving deltas:  51% (120/234)Resolving deltas:  52% (122/234)Resolving deltas:  53% (125/234)Resolving deltas:  54% (127/234)Resolving deltas:  55% (129/234)Resolving deltas:  56% (132/234)Resolving deltas:  57% (134/234)Resolving deltas:  58% (136/234)Resolving deltas:  59% (139/234)Resolving deltas:  60% (141/234)Resolving deltas:  61% (143/234)Resolving deltas:  62% (146/234)Resolving deltas:  63% (148/234)Resolving deltas:  64% (150/234)Resolving deltas:  65% (153/234)Resolving deltas:  66% (155/234)Resolving deltas:  67% (157/234)Resolving deltas:  68% (160/234)Resolving deltas:  69% (162/234)Resolving deltas:  70% (164/234)Resolving deltas:  71% (167/234)Resolving deltas:  72% (169/234)Resolving deltas:  73% (171/234)Resolving deltas:  74% (174/234)Resolving deltas:  75% (176/234)Resolving deltas:  76% (178/234)Resolving deltas:  77% (181/234)Resolving deltas:  78% (183/234)Resolving deltas:  79% (185/234)Resolving deltas:  80% (188/234)Resolving deltas:  81% (190/234)Resolving deltas:  82% (192/234)Resolving deltas:  83% (195/234)Resolving deltas:  84% (197/234)Resolving deltas:  85% (199/234)Resolving deltas:  86% (202/234)Resolving deltas:  87% (204/234)Resolving deltas:  88% (206/234)Resolving deltas:  89% (209/234)Resolving deltas:  90% (211/234)Resolving deltas:  91% (213/234)Resolving deltas:  92% (216/234)Resolving deltas:  93% (218/234)Resolving deltas:  94% (220/234)Resolving deltas:  95% (223/234)Resolving deltas:  96% (225/234)Resolving deltas:  97% (227/234)Resolving deltas:  98% (230/234)Resolving deltas:  99% (232/234)Resolving deltas: 100% (234/234)Resolving deltas: 100% (234/234), done.
Cloning into 'external/libpng'...
remote: Enumerating objects: 111477, done.        
remote: Counting objects:   0% (1/551)        remote: Counting objects:   1% (6/551)        remote: Counting objects:   2% (12/551)        remote: Counting objects:   3% (17/551)        remote: Counting objects:   4% (23/551)        remote: Counting objects:   5% (28/551)        remote: Counting objects:   6% (34/551)        remote: Counting objects:   7% (39/551)        remote: Counting objects:   8% (45/551)        remote: Counting objects:   9% (50/551)        remote: Counting objects:  10% (56/551)        remote: Counting objects:  11% (61/551)        remote: Counting objects:  12% (67/551)        remote: Counting objects:  13% (72/551)        remote: Counting objects:  14% (78/551)        remote: Counting objects:  15% (83/551)        remote: Counting objects:  16% (89/551)        remote: Counting objects:  17% (94/551)        remote: Counting objects:  18% (100/551)        remote: Counting objects:  19% (105/551)        remote: Counting objects:  20% (111/551)        remote: Counting objects:  21% (116/551)        remote: Counting objects:  22% (122/551)        remote: Counting objects:  23% (127/551)        remote: Counting objects:  24% (133/551)        remote: Counting objects:  25% (138/551)        remote: Counting objects:  26% (144/551)        remote: Counting objects:  27% (149/551)        remote: Counting objects:  28% (155/551)        remote: Counting objects:  29% (160/551)        remote: Counting objects:  30% (166/551)        remote: Counting objects:  31% (171/551)        remote: Counting objects:  32% (177/551)        remote: Counting objects:  33% (182/551)        remote: Counting objects:  34% (188/551)        remote: Counting objects:  35% (193/551)        remote: Counting objects:  36% (199/551)        remote: Counting objects:  37% (204/551)        remote: Counting objects:  38% (210/551)        remote: Counting objects:  39% (215/551)        remote: Counting objects:  40% (221/551)        remote: Counting objects:  41% (226/551)        remote: Counting objects:  42% (232/551)        remote: Counting objects:  43% (237/551)        remote: Counting objects:  44% (243/551)        remote: Counting objects:  45% (248/551)        remote: Counting objects:  46% (254/551)        remote: Counting objects:  47% (259/551)        remote: Counting objects:  48% (265/551)        remote: Counting objects:  49% (270/551)        remote: Counting objects:  50% (276/551)        remote: Counting objects:  51% (282/551)        remote: Counting objects:  52% (287/551)        remote: Counting objects:  53% (293/551)        remote: Counting objects:  54% (298/551)        remote: Counting objects:  55% (304/551)        remote: Counting objects:  56% (309/551)        remote: Counting objects:  57% (315/551)        remote: Counting objects:  58% (320/551)        remote: Counting objects:  59% (326/551)        remote: Counting objects:  60% (331/551)        remote: Counting objects:  61% (337/551)        remote: Counting objects:  62% (342/551)        remote: Counting objects:  63% (348/551)        remote: Counting objects:  64% (353/551)        remote: Counting objects:  65% (359/551)        remote: Counting objects:  66% (364/551)        remote: Counting objects:  67% (370/551)        remote: Counting objects:  68% (375/551)        remote: Counting objects:  69% (381/551)        remote: Counting objects:  70% (386/551)        remote: Counting objects:  71% (392/551)        remote: Counting objects:  72% (397/551)        remote: Counting objects:  73% (403/551)        remote: Counting objects:  74% (408/551)        remote: Counting objects:  75% (414/551)        remote: Counting objects:  76% (419/551)        remote: Counting objects:  77% (425/551)        remote: Counting objects:  78% (430/551)        remote: Counting objects:  79% (436/551)        remote: Counting objects:  80% (441/551)        remote: Counting objects:  81% (447/551)        remote: Counting objects:  82% (452/551)        remote: Counting objects:  83% (458/551)        remote: Counting objects:  84% (463/551)        remote: Counting objects:  85% (469/551)        remote: Counting objects:  86% (474/551)        remote: Counting objects:  87% (480/551)        remote: Counting objects:  88% (485/551)        remote: Counting objects:  89% (491/551)        remote: Counting objects:  90% (496/551)        remote: Counting objects:  91% (502/551)        remote: Counting objects:  92% (507/551)        remote: Counting objects:  93% (513/551)        remote: Counting objects:  94% (518/551)        remote: Counting objects:  95% (524/551)        remote: Counting objects:  96% (529/551)        remote: Counting objects:  97% (535/551)        remote: Counting objects:  98% (540/551)        remote: Counting objects:  99% (546/551)        remote: Counting objects: 100% (551/551)        remote: Counting objects: 100% (551/551), done.        
remote: Compressing objects:   0% (1/224)        remote: Compressing objects:   1% (3/224)        remote: Compressing objects:   2% (5/224)        remote: Compressing objects:   3% (7/224)        remote: Compressing objects:   4% (9/224)        remote: Compressing objects:   5% (12/224)        remote: Compressing objects:   6% (14/224)        remote: Compressing objects:   7% (16/224)        remote: Compressing objects:   8% (18/224)        remote: Compressing objects:   9% (21/224)        remote: Compressing objects:  10% (23/224)        remote: Compressing objects:  11% (25/224)        remote: Compressing objects:  12% (27/224)        remote: Compressing objects:  13% (30/224)        remote: Compressing objects:  14% (32/224)        remote: Compressing objects:  15% (34/224)        remote: Compressing objects:  16% (36/224)        remote: Compressing objects:  17% (39/224)        remote: Compressing objects:  18% (41/224)        remote: Compressing objects:  19% (43/224)        remote: Compressing objects:  20% (45/224)        remote: Compressing objects:  21% (48/224)        remote: Compressing objects:  22% (50/224)        remote: Compressing objects:  23% (52/224)        remote: Compressing objects:  24% (54/224)        remote: Compressing objects:  25% (56/224)        remote: Compressing objects:  26% (59/224)        remote: Compressing objects:  27% (61/224)        remote: Compressing objects:  28% (63/224)        remote: Compressing objects:  29% (65/224)        remote: Compressing objects:  30% (68/224)        remote: Compressing objects:  31% (70/224)        remote: Compressing objects:  32% (72/224)        remote: Compressing objects:  33% (74/224)        remote: Compressing objects:  34% (77/224)        remote: Compressing objects:  35% (79/224)        remote: Compressing objects:  36% (81/224)        remote: Compressing objects:  37% (83/224)        remote: Compressing objects:  38% (86/224)        remote: Compressing objects:  39% (88/224)        remote: Compressing objects:  40% (90/224)        remote: Compressing objects:  41% (92/224)        remote: Compressing objects:  42% (95/224)        remote: Compressing objects:  43% (97/224)        remote: Compressing objects:  44% (99/224)        remote: Compressing objects:  45% (101/224)        remote: Compressing objects:  46% (104/224)        remote: Compressing objects:  47% (106/224)        remote: Compressing objects:  48% (108/224)        remote: Compressing objects:  49% (110/224)        remote: Compressing objects:  50% (112/224)        remote: Compressing objects:  51% (115/224)        remote: Compressing objects:  52% (117/224)        remote: Compressing objects:  53% (119/224)        remote: Compressing objects:  54% (121/224)        remote: Compressing objects:  55% (124/224)        remote: Compressing objects:  56% (126/224)        remote: Compressing objects:  57% (128/224)        remote: Compressing objects:  58% (130/224)        remote: Compressing objects:  59% (133/224)        remote: Compressing objects:  60% (135/224)        remote: Compressing objects:  61% (137/224)        remote: Compressing objects:  62% (139/224)        remote: Compressing objects:  63% (142/224)        remote: Compressing objects:  64% (144/224)        remote: Compressing objects:  65% (146/224)        remote: Compressing objects:  66% (148/224)        remote: Compressing objects:  67% (151/224)        remote: Compressing objects:  68% (153/224)        remote: Compressing objects:  69% (155/224)        remote: Compressing objects:  70% (157/224)        remote: Compressing objects:  71% (160/224)        remote: Compressing objects:  72% (162/224)        remote: Compressing objects:  73% (164/224)        remote: Compressing objects:  74% (166/224)        remote: Compressing objects:  75% (168/224)        remote: Compressing objects:  76% (171/224)        remote: Compressing objects:  77% (173/224)        remote: Compressing objects:  78% (175/224)        remote: Compressing objects:  79% (177/224)        remote: Compressing objects:  80% (180/224)        remote: Compressing objects:  81% (182/224)        remote: Compressing objects:  82% (184/224)        remote: Compressing objects:  83% (186/224)        remote: Compressing objects:  84% (189/224)        remote: Compressing objects:  85% (191/224)        remote: Compressing objects:  86% (193/224)        remote: Compressing objects:  87% (195/224)        remote: Compressing objects:  88% (198/224)        remote: Compressing objects:  89% (200/224)        remote: Compressing objects:  90% (202/224)        remote: Compressing objects:  91% (204/224)        remote: Compressing objects:  92% (207/224)        remote: Compressing objects:  93% (209/224)        remote: Compressing objects:  94% (211/224)        remote: Compressing objects:  95% (213/224)        remote: Compressing objects:  96% (216/224)        remote: Compressing objects:  97% (218/224)        remote: Compressing objects:  98% (220/224)        remote: Compressing objects:  99% (222/224)        remote: Compressing objects: 100% (224/224)        remote: Compressing objects: 100% (224/224), done.        
Receiving objects:   0% (1/111477)Receiving objects:   1% (1115/111477)Receiving objects:   2% (2230/111477)Receiving objects:   3% (3345/111477)Receiving objects:   4% (4460/111477)Receiving objects:   5% (5574/111477)Receiving objects:   6% (6689/111477)Receiving objects:   7% (7804/111477)Receiving objects:   8% (8919/111477)Receiving objects:   9% (10033/111477)Receiving objects:  10% (11148/111477), 6.93 MiB | 13.85 MiB/sReceiving objects:  11% (12263/111477), 6.93 MiB | 13.85 MiB/sReceiving objects:  12% (13378/111477), 6.93 MiB | 13.85 MiB/sReceiving objects:  13% (14493/111477), 6.93 MiB | 13.85 MiB/sReceiving objects:  14% (15607/111477), 6.93 MiB | 13.85 MiB/sReceiving objects:  15% (16722/111477), 6.93 MiB | 13.85 MiB/sReceiving objects:  16% (17837/111477), 6.93 MiB | 13.85 MiB/sReceiving objects:  17% (18952/111477), 6.93 MiB | 13.85 MiB/sReceiving objects:  18% (20066/111477), 6.93 MiB | 13.85 MiB/sReceiving objects:  19% (21181/111477), 6.93 MiB | 13.85 MiB/sReceiving objects:  20% (22296/111477), 6.93 MiB | 13.85 MiB/sReceiving objects:  21% (23411/111477), 6.93 MiB | 13.85 MiB/sReceiving objects:  21% (23671/111477), 15.21 MiB | 14.61 MiB/sReceiving objects:  22% (24525/111477), 15.21 MiB | 14.61 MiB/sReceiving objects:  23% (25640/111477), 15.21 MiB | 14.61 MiB/sReceiving objects:  24% (26755/111477), 15.21 MiB | 14.61 MiB/sReceiving objects:  25% (27870/111477), 15.21 MiB | 14.61 MiB/sReceiving objects:  26% (28985/111477), 15.21 MiB | 14.61 MiB/sReceiving objects:  27% (30099/111477), 15.21 MiB | 14.61 MiB/sReceiving objects:  28% (31214/111477), 15.21 MiB | 14.61 MiB/sReceiving objects:  29% (32329/111477), 15.21 MiB | 14.61 MiB/sReceiving objects:  30% (33444/111477), 15.21 MiB | 14.61 MiB/sReceiving objects:  31% (34558/111477), 15.21 MiB | 14.61 MiB/sReceiving objects:  32% (35673/111477), 15.21 MiB | 14.61 MiB/sReceiving objects:  33% (36788/111477), 15.21 MiB | 14.61 MiB/sReceiving objects:  34% (37903/111477), 15.21 MiB | 14.61 MiB/sReceiving objects:  35% (39017/111477), 15.21 MiB | 14.61 MiB/sReceiving objects:  36% (40132/111477), 15.21 MiB | 14.61 MiB/sReceiving objects:  37% (41247/111477), 15.21 MiB | 14.61 MiB/sReceiving objects:  38% (42362/111477), 15.21 MiB | 14.61 MiB/sReceiving objects:  39% (43477/111477), 15.21 MiB | 14.61 MiB/sReceiving objects:  40% (44591/111477), 15.21 MiB | 14.61 MiB/sReceiving objects:  41% (45706/111477), 15.21 MiB | 14.61 MiB/sReceiving objects:  42% (46821/111477), 15.21 MiB | 14.61 MiB/sReceiving objects:  43% (47936/111477), 15.21 MiB | 14.61 MiB/sReceiving objects:  44% (49050/111477), 15.21 MiB | 14.61 MiB/sReceiving objects:  45% (50165/111477), 15.21 MiB | 14.61 MiB/sReceiving objects:  46% (51280/111477), 15.21 MiB | 14.61 MiB/sReceiving objects:  47% (52395/111477), 15.21 MiB | 14.61 MiB/sReceiving objects:  48% (53509/111477), 15.21 MiB | 14.61 MiB/sReceiving objects:  49% (54624/111477), 15.21 MiB | 14.61 MiB/sReceiving objects:  50% (55739/111477), 15.21 MiB | 14.61 MiB/sReceiving objects:  51% (56854/111477), 23.82 MiB | 15.46 MiB/sReceiving objects:  52% (57969/111477), 23.82 MiB | 15.46 MiB/sReceiving objects:  53% (59083/111477), 23.82 MiB | 15.46 MiB/sReceiving objects:  54% (60198/111477), 23.82 MiB | 15.46 MiB/sReceiving objects:  55% (61313/111477), 23.82 MiB | 15.46 MiB/sReceiving objects:  56% (62428/111477), 23.82 MiB | 15.46 MiB/sReceiving objects:  57% (63542/111477), 23.82 MiB | 15.46 MiB/sReceiving objects:  58% (64657/111477), 23.82 MiB | 15.46 MiB/sReceiving objects:  58% (65718/111477), 23.82 MiB | 15.46 MiB/sReceiving objects:  59% (65772/111477), 23.82 MiB | 15.46 MiB/sReceiving objects:  60% (66887/111477), 23.82 MiB | 15.46 MiB/sReceiving objects:  61% (68001/111477), 32.94 MiB | 16.10 MiB/sReceiving objects:  62% (69116/111477), 32.94 MiB | 16.10 MiB/sReceiving objects:  63% (70231/111477), 32.94 MiB | 16.10 MiB/sReceiving objects:  64% (71346/111477), 32.94 MiB | 16.10 MiB/sReceiving objects:  65% (72461/111477), 32.94 MiB | 16.10 MiB/sReceiving objects:  66% (73575/111477), 32.94 MiB | 16.10 MiB/sReceiving objects:  67% (74690/111477), 32.94 MiB | 16.10 MiB/sReceiving objects:  68% (75805/111477), 32.94 MiB | 16.10 MiB/sReceiving objects:  69% (76920/111477), 32.94 MiB | 16.10 MiB/sReceiving objects:  70% (78034/111477), 32.94 MiB | 16.10 MiB/sReceiving objects:  71% (79149/111477), 32.94 MiB | 16.10 MiB/sReceiving objects:  72% (80264/111477), 32.94 MiB | 16.10 MiB/sReceiving objects:  73% (81379/111477), 32.94 MiB | 16.10 MiB/sReceiving objects:  74% (82493/111477), 32.94 MiB | 16.10 MiB/sReceiving objects:  75% (83608/111477), 32.94 MiB | 16.10 MiB/sReceiving objects:  76% (84723/111477), 32.94 MiB | 16.10 MiB/sReceiving objects:  77% (85838/111477), 32.94 MiB | 16.10 MiB/sReceiving objects:  78% (86953/111477), 32.94 MiB | 16.10 MiB/sReceiving objects:  79% (88067/111477), 32.94 MiB | 16.10 MiB/sReceiving objects:  80% (89182/111477), 32.94 MiB | 16.10 MiB/sReceiving objects:  81% (90297/111477), 32.94 MiB | 16.10 MiB/sReceiving objects:  82% (91412/111477), 32.94 MiB | 16.10 MiB/sReceiving objects:  83% (92526/111477), 32.94 MiB | 16.10 MiB/sReceiving objects:  84% (93641/111477), 32.94 MiB | 16.10 MiB/sReceiving objects:  85% (94756/111477), 32.94 MiB | 16.10 MiB/sReceiving objects:  86% (95871/111477), 40.93 MiB | 15.88 MiB/sReceiving objects:  87% (96985/111477), 40.93 MiB | 15.88 MiB/sReceiving objects:  88% (98100/111477), 40.93 MiB | 15.88 MiB/sReceiving objects:  89% (99215/111477), 40.93 MiB | 15.88 MiB/sReceiving objects:  90% (100330/111477), 40.93 MiB | 15.88 MiB/sReceiving objects:  91% (101445/111477), 40.93 MiB | 15.88 MiB/sReceiving objects:  92% (102559/111477), 40.93 MiB | 15.88 MiB/sReceiving objects:  93% (103674/111477), 40.93 MiB | 15.88 MiB/sReceiving objects:  94% (104789/111477), 40.93 MiB | 15.88 MiB/sReceiving objects:  95% (105904/111477), 40.93 MiB | 15.88 MiB/sReceiving objects:  96% (107018/111477), 40.93 MiB | 15.88 MiB/sReceiving objects:  97% (108133/111477), 40.93 MiB | 15.88 MiB/sReceiving objects:  98% (109248/111477), 40.93 MiB | 15.88 MiB/sReceiving objects:  99% (110363/111477), 40.93 MiB | 15.88 MiB/sremote: Total 111477 (delta 440), reused 327 (delta 327), pack-reused 110926 (from 3)        
Receiving objects: 100% (111477/111477), 40.93 MiB | 15.88 MiB/sReceiving objects: 100% (111477/111477), 43.56 MiB | 16.26 MiB/s, done.
Resolving deltas:   0% (0/99993)Resolving deltas:   1% (1000/99993)Resolving deltas:   2% (2000/99993)Resolving deltas:   3% (3000/99993)Resolving deltas:   4% (4000/99993)Resolving deltas:   5% (5000/99993)Resolving deltas:   6% (6000/99993)Resolving deltas:   7% (7000/99993)Resolving deltas:   8% (8000/99993)Resolving deltas:   9% (9000/99993)Resolving deltas:   9% (9853/99993)Resolving deltas:  10% (10000/99993)Resolving deltas:  11% (11000/99993)Resolving deltas:  12% (12000/99993)Resolving deltas:  13% (13000/99993)Resolving deltas:  14% (14000/99993)Resolving deltas:  15% (14999/99993)Resolving deltas:  16% (15999/99993)Resolving deltas:  17% (16999/99993)Resolving deltas:  18% (17999/99993)Resolving deltas:  19% (18999/99993)Resolving deltas:  20% (19999/99993)Resolving deltas:  21% (20999/99993)Resolving deltas:  22% (21999/99993)Resolving deltas:  22% (22670/99993)Resolving deltas:  23% (22999/99993)Resolving deltas:  24% (23999/99993)Resolving deltas:  25% (24999/99993)Resolving deltas:  25% (25571/99993)Resolving deltas:  26% (25999/99993)Resolving deltas:  27% (26999/99993)Resolving deltas:  28% (27999/99993)Resolving deltas:  28% (28394/99993)Resolving deltas:  29% (28998/99993)Resolving deltas:  30% (29998/99993)Resolving deltas:  31% (30998/99993)Resolving deltas:  32% (31998/99993)Resolving deltas:  33% (32998/99993)Resolving deltas:  34% (33998/99993)Resolving deltas:  35% (34998/99993)Resolving deltas:  36% (35998/99993)Resolving deltas:  37% (36998/99993)Resolving deltas:  38% (37998/99993)Resolving deltas:  39% (38998/99993)Resolving deltas:  40% (39998/99993)Resolving deltas:  41% (40998/99993)Resolving deltas:  42% (41998/99993)Resolving deltas:  43% (42997/99993)Resolving deltas:  44% (43997/99993)Resolving deltas:  45% (44997/99993)Resolving deltas:  46% (45997/99993)Resolving deltas:  47% (46997/99993)Resolving deltas:  47% (47635/99993)Resolving deltas:  48% (47997/99993)Resolving deltas:  49% (48997/99993)Resolving deltas:  50% (49997/99993)Resolving deltas:  51% (50997/99993)Resolving deltas:  52% (51997/99993)Resolving deltas:  53% (52997/99993)Resolving deltas:  54% (53997/99993)Resolving deltas:  55% (54997/99993)Resolving deltas:  56% (55997/99993)Resolving deltas:  57% (56997/99993)Resolving deltas:  58% (57996/99993)Resolving deltas:  59% (58996/99993)Resolving deltas:  60% (59996/99993)Resolving deltas:  60% (60276/99993)Resolving deltas:  61% (60996/99993)Resolving deltas:  62% (61996/99993)Resolving deltas:  63% (62996/99993)Resolving deltas:  64% (63996/99993)Resolving deltas:  65% (64996/99993)Resolving deltas:  66% (65996/99993)Resolving deltas:  67% (66996/99993)Resolving deltas:  68% (67996/99993)Resolving deltas:  69% (68996/99993)Resolving deltas:  70% (69996/99993)Resolving deltas:  71% (70996/99993)Resolving deltas:  72% (71995/99993)Resolving deltas:  73% (72995/99993)Resolving deltas:  74% (73995/99993)Resolving deltas:  75% (74995/99993)Resolving deltas:  76% (75995/99993)Resolving deltas:  77% (76995/99993)Resolving deltas:  78% (77995/99993)Resolving deltas:  78% (78759/99993)Resolving deltas:  79% (78995/99993)Resolving deltas:  80% (79995/99993)Resolving deltas:  81% (80995/99993)Resolving deltas:  82% (81995/99993)Resolving deltas:  83% (82995/99993)Resolving deltas:  84% (83995/99993)Resolving deltas:  85% (84995/99993)Resolving deltas:  86% (85994/99993)Resolving deltas:  87% (86994/99993)Resolving deltas:  88% (87994/99993)Resolving deltas:  89% (88994/99993)Resolving deltas:  90% (89994/99993)Resolving deltas:  91% (90994/99993)Resolving deltas:  92% (91994/99993)Resolving deltas:  93% (92994/99993)Resolving deltas:  94% (93994/99993)Resolving deltas:  95% (94994/99993)Resolving deltas:  96% (95994/99993)Resolving deltas:  97% (96994/99993)Resolving deltas:  98% (97994/99993)Resolving deltas:  99% (98994/99993)Resolving deltas: 100% (99993/99993)Resolving deltas: 100% (99993/99993), done.
Cloning into 'external/libwebp'...
remote: Enumerating objects: 30374, done.        
remote: Counting objects:   0% (1/465)        remote: Counting objects:   1% (5/465)        remote: Counting objects:   2% (10/465)        remote: Counting objects:   3% (14/465)        remote: Counting objects:   4% (19/465)        remote: Counting objects:   5% (24/465)        remote: Counting objects:   6% (28/465)        remote: Counting objects:   7% (33/465)        remote: Counting objects:   8% (38/465)        remote: Counting objects:   9% (42/465)        remote: Counting objects:  10% (47/465)        remote: Counting objects:  11% (52/465)        remote: Counting objects:  12% (56/465)        remote: Counting objects:  13% (61/465)        remote: Counting objects:  14% (66/465)        remote: Counting objects:  15% (70/465)        remote: Counting objects:  16% (75/465)        remote: Counting objects:  17% (80/465)        remote: Counting objects:  18% (84/465)        remote: Counting objects:  19% (89/465)        remote: Counting objects:  20% (93/465)        remote: Counting objects:  21% (98/465)        remote: Counting objects:  22% (103/465)        remote: Counting objects:  23% (107/465)        remote: Counting objects:  24% (112/465)        remote: Counting objects:  25% (117/465)        remote: Counting objects:  26% (121/465)        remote: Counting objects:  27% (126/465)        remote: Counting objects:  28% (131/465)        remote: Counting objects:  29% (135/465)        remote: Counting objects:  30% (140/465)        remote: Counting objects:  31% (145/465)        remote: Counting objects:  32% (149/465)        remote: Counting objects:  33% (154/465)        remote: Counting objects:  34% (159/465)        remote: Counting objects:  35% (163/465)        remote: Counting objects:  36% (168/465)        remote: Counting objects:  37% (173/465)        remote: Counting objects:  38% (177/465)        remote: Counting objects:  39% (182/465)        remote: Counting objects:  40% (186/465)        remote: Counting objects:  41% (191/465)        remote: Counting objects:  42% (196/465)        remote: Counting objects:  43% (200/465)        remote: Counting objects:  44% (205/465)        remote: Counting objects:  45% (210/465)        remote: Counting objects:  46% (214/465)        remote: Counting objects:  47% (219/465)        remote: Counting objects:  48% (224/465)        remote: Counting objects:  49% (228/465)        remote: Counting objects:  50% (233/465)        remote: Counting objects:  51% (238/465)        remote: Counting objects:  52% (242/465)        remote: Counting objects:  53% (247/465)        remote: Counting objects:  54% (252/465)        remote: Counting objects:  55% (256/465)        remote: Counting objects:  56% (261/465)        remote: Counting objects:  57% (266/465)        remote: Counting objects:  58% (270/465)        remote: Counting objects:  59% (275/465)        remote: Counting objects:  60% (279/465)        remote: Counting objects:  61% (284/465)        remote: Counting objects:  62% (289/465)        remote: Counting objects:  63% (293/465)        remote: Counting objects:  64% (298/465)        remote: Counting objects:  65% (303/465)        remote: Counting objects:  66% (307/465)        remote: Counting objects:  67% (312/465)        remote: Counting objects:  68% (317/465)        remote: Counting objects:  69% (321/465)        remote: Counting objects:  70% (326/465)        remote: Counting objects:  71% (331/465)        remote: Counting objects:  72% (335/465)        remote: Counting objects:  73% (340/465)        remote: Counting objects:  74% (345/465)        remote: Counting objects:  75% (349/465)        remote: Counting objects:  76% (354/465)        remote: Counting objects:  77% (359/465)        remote: Counting objects:  78% (363/465)        remote: Counting objects:  79% (368/465)        remote: Counting objects:  80% (372/465)        remote: Counting objects:  81% (377/465)        remote: Counting objects:  82% (382/465)        remote: Counting objects:  83% (386/465)        remote: Counting objects:  84% (391/465)        remote: Counting objects:  85% (396/465)        remote: Counting objects:  86% (400/465)        remote: Counting objects:  87% (405/465)        remote: Counting objects:  88% (410/465)        remote: Counting objects:  89% (414/465)        remote: Counting objects:  90% (419/465)        remote: Counting objects:  91% (424/465)        remote: Counting objects:  92% (428/465)        remote: Counting objects:  93% (433/465)        remote: Counting objects:  94% (438/465)        remote: Counting objects:  95% (442/465)        remote: Counting objects:  96% (447/465)        remote: Counting objects:  97% (452/465)        remote: Counting objects:  98% (456/465)        remote: Counting objects:  99% (461/465)        remote: Counting objects: 100% (465/465)        remote: Counting objects: 100% (465/465), done.        
remote: Compressing objects:   0% (1/200)        remote: Compressing objects:   1% (2/200)        remote: Compressing objects:   2% (4/200)        remote: Compressing objects:   3% (6/200)        remote: Compressing objects:   4% (8/200)        remote: Compressing objects:   5% (10/200)        remote: Compressing objects:   6% (12/200)        remote: Compressing objects:   7% (14/200)        remote: Compressing objects:   8% (16/200)        remote: Compressing objects:   9% (18/200)        remote: Compressing objects:  10% (20/200)        remote: Compressing objects:  11% (22/200)        remote: Compressing objects:  12% (24/200)        remote: Compressing objects:  13% (26/200)        remote: Compressing objects:  14% (28/200)        remote: Compressing objects:  15% (30/200)        remote: Compressing objects:  16% (32/200)        remote: Compressing objects:  17% (34/200)        remote: Compressing objects:  18% (36/200)        remote: Compressing objects:  19% (38/200)        remote: Compressing objects:  20% (40/200)        remote: Compressing objects:  21% (42/200)        remote: Compressing objects:  22% (44/200)        remote: Compressing objects:  23% (46/200)        remote: Compressing objects:  24% (48/200)        remote: Compressing objects:  25% (50/200)        remote: Compressing objects:  26% (52/200)        remote: Compressing objects:  27% (54/200)        remote: Compressing objects:  28% (56/200)        remote: Compressing objects:  29% (58/200)        remote: Compressing objects:  30% (60/200)        remote: Compressing objects:  31% (62/200)        remote: Compressing objects:  32% (64/200)        remote: Compressing objects:  33% (66/200)        remote: Compressing objects:  34% (68/200)        remote: Compressing objects:  35% (70/200)        remote: Compressing objects:  36% (72/200)        remote: Compressing objects:  37% (74/200)        remote: Compressing objects:  38% (76/200)        remote: Compressing objects:  39% (78/200)        remote: Compressing objects:  40% (80/200)        remote: Compressing objects:  41% (82/200)        remote: Compressing objects:  42% (84/200)        remote: Compressing objects:  43% (86/200)        remote: Compressing objects:  44% (88/200)        remote: Compressing objects:  45% (90/200)        remote: Compressing objects:  46% (92/200)        remote: Compressing objects:  47% (94/200)        remote: Compressing objects:  48% (96/200)        remote: Compressing objects:  49% (98/200)        remote: Compressing objects:  50% (100/200)        remote: Compressing objects:  51% (102/200)        remote: Compressing objects:  52% (104/200)        remote: Compressing objects:  53% (106/200)        remote: Compressing objects:  54% (108/200)        remote: Compressing objects:  55% (110/200)        remote: Compressing objects:  56% (112/200)        remote: Compressing objects:  57% (114/200)        remote: Compressing objects:  58% (116/200)        remote: Compressing objects:  59% (118/200)        remote: Compressing objects:  60% (120/200)        remote: Compressing objects:  61% (122/200)        remote: Compressing objects:  62% (124/200)        remote: Compressing objects:  63% (126/200)        remote: Compressing objects:  64% (128/200)        remote: Compressing objects:  65% (130/200)        remote: Compressing objects:  66% (132/200)        remote: Compressing objects:  67% (134/200)        remote: Compressing objects:  68% (136/200)        remote: Compressing objects:  69% (138/200)        remote: Compressing objects:  70% (140/200)        remote: Compressing objects:  71% (142/200)        remote: Compressing objects:  72% (144/200)        remote: Compressing objects:  73% (146/200)        remote: Compressing objects:  74% (148/200)        remote: Compressing objects:  75% (150/200)        remote: Compressing objects:  76% (152/200)        remote: Compressing objects:  77% (154/200)        remote: Compressing objects:  78% (156/200)        remote: Compressing objects:  79% (158/200)        remote: Compressing objects:  80% (160/200)        remote: Compressing objects:  81% (162/200)        remote: Compressing objects:  82% (164/200)        remote: Compressing objects:  83% (166/200)        remote: Compressing objects:  84% (168/200)        remote: Compressing objects:  85% (170/200)        remote: Compressing objects:  86% (172/200)        remote: Compressing objects:  87% (174/200)        remote: Compressing objects:  88% (176/200)        remote: Compressing objects:  89% (178/200)        remote: Compressing objects:  90% (180/200)        remote: Compressing objects:  91% (182/200)        remote: Compressing objects:  92% (184/200)        remote: Compressing objects:  93% (186/200)        remote: Compressing objects:  94% (188/200)        remote: Compressing objects:  95% (190/200)        remote: Compressing objects:  96% (192/200)        remote: Compressing objects:  97% (194/200)        remote: Compressing objects:  98% (196/200)        remote: Compressing objects:  99% (198/200)        remote: Compressing objects: 100% (200/200)        remote: Compressing objects: 100% (200/200), done.        
Receiving objects:   0% (1/30374)Receiving objects:   1% (304/30374)Receiving objects:   2% (608/30374)Receiving objects:   3% (912/30374)Receiving objects:   4% (1215/30374)Receiving objects:   5% (1519/30374)Receiving objects:   6% (1823/30374)Receiving objects:   7% (2127/30374)Receiving objects:   8% (2430/30374)Receiving objects:   9% (2734/30374), 788.01 KiB | 1.21 MiB/sReceiving objects:  10% (3038/30374), 788.01 KiB | 1.21 MiB/sReceiving objects:  11% (3342/30374), 788.01 KiB | 1.21 MiB/sReceiving objects:  12% (3645/30374), 788.01 KiB | 1.21 MiB/sReceiving objects:  13% (3949/30374), 788.01 KiB | 1.21 MiB/sReceiving objects:  14% (4253/30374), 788.01 KiB | 1.21 MiB/sReceiving objects:  15% (4557/30374), 788.01 KiB | 1.21 MiB/sReceiving objects:  16% (4860/30374), 788.01 KiB | 1.21 MiB/sReceiving objects:  17% (5164/30374), 788.01 KiB | 1.21 MiB/sReceiving objects:  18% (5468/30374), 788.01 KiB | 1.21 MiB/sReceiving objects:  19% (5772/30374), 788.01 KiB | 1.21 MiB/sReceiving objects:  20% (6075/30374), 788.01 KiB | 1.21 MiB/sReceiving objects:  20% (6280/30374), 788.01 KiB | 1.21 MiB/sReceiving objects:  21% (6379/30374), 788.01 KiB | 1.21 MiB/sReceiving objects:  22% (6683/30374), 788.01 KiB | 1.21 MiB/sReceiving objects:  23% (6987/30374), 788.01 KiB | 1.21 MiB/sReceiving objects:  24% (7290/30374), 4.89 MiB | 4.31 MiB/s  Receiving objects:  25% (7594/30374), 4.89 MiB | 4.31 MiB/sReceiving objects:  26% (7898/30374), 4.89 MiB | 4.31 MiB/sReceiving objects:  27% (8201/30374), 4.89 MiB | 4.31 MiB/sReceiving objects:  28% (8505/30374), 4.89 MiB | 4.31 MiB/sReceiving objects:  29% (8809/30374), 4.89 MiB | 4.31 MiB/sReceiving objects:  30% (9113/30374), 4.89 MiB | 4.31 MiB/sReceiving objects:  31% (9416/30374), 4.89 MiB | 4.31 MiB/sReceiving objects:  32% (9720/30374), 4.89 MiB | 4.31 MiB/sReceiving objects:  33% (10024/30374), 4.89 MiB | 4.31 MiB/sReceiving objects:  34% (10328/30374), 4.89 MiB | 4.31 MiB/sReceiving objects:  35% (10631/30374), 4.89 MiB | 4.31 MiB/sReceiving objects:  36% (10935/30374), 4.89 MiB | 4.31 MiB/sReceiving objects:  37% (11239/30374), 4.89 MiB | 4.31 MiB/sReceiving objects:  38% (11543/30374), 4.89 MiB | 4.31 MiB/sReceiving objects:  39% (11846/30374), 4.89 MiB | 4.31 MiB/sReceiving objects:  40% (12150/30374), 4.89 MiB | 4.31 MiB/sReceiving objects:  41% (12454/30374), 4.89 MiB | 4.31 MiB/sReceiving objects:  42% (12758/30374), 4.89 MiB | 4.31 MiB/sReceiving objects:  43% (13061/30374), 4.89 MiB | 4.31 MiB/sReceiving objects:  44% (13365/30374), 4.89 MiB | 4.31 MiB/sReceiving objects:  45% (13669/30374), 4.89 MiB | 4.31 MiB/sReceiving objects:  46% (13973/30374), 4.89 MiB | 4.31 MiB/sReceiving objects:  47% (14276/30374), 4.89 MiB | 4.31 MiB/sReceiving objects:  48% (14580/30374), 4.89 MiB | 4.31 MiB/sReceiving objects:  49% (14884/30374), 4.89 MiB | 4.31 MiB/sReceiving objects:  50% (15187/30374), 4.89 MiB | 4.31 MiB/sReceiving objects:  51% (15491/30374), 4.89 MiB | 4.31 MiB/sReceiving objects:  52% (15795/30374), 4.89 MiB | 4.31 MiB/sReceiving objects:  53% (16099/30374), 4.89 MiB | 4.31 MiB/sReceiving objects:  54% (16402/30374), 4.89 MiB | 4.31 MiB/sReceiving objects:  55% (16706/30374), 4.89 MiB | 4.31 MiB/sReceiving objects:  56% (17010/30374), 4.89 MiB | 4.31 MiB/sReceiving objects:  57% (17314/30374), 4.89 MiB | 4.31 MiB/sReceiving objects:  58% (17617/30374), 4.89 MiB | 4.31 MiB/sReceiving objects:  59% (17921/30374), 4.89 MiB | 4.31 MiB/sReceiving objects:  60% (18225/30374), 4.89 MiB | 4.31 MiB/sReceiving objects:  61% (18529/30374), 4.89 MiB | 4.31 MiB/sReceiving objects:  62% (18832/30374), 4.89 MiB | 4.31 MiB/sReceiving objects:  63% (19136/30374), 4.89 MiB | 4.31 MiB/sReceiving objects:  64% (19440/30374), 4.89 MiB | 4.31 MiB/sReceiving objects:  65% (19744/30374), 4.89 MiB | 4.31 MiB/sReceiving objects:  66% (20047/30374), 4.89 MiB | 4.31 MiB/sReceiving objects:  67% (20351/30374), 4.89 MiB | 4.31 MiB/sReceiving objects:  68% (20655/30374), 4.89 MiB | 4.31 MiB/sReceiving objects:  69% (20959/30374), 4.89 MiB | 4.31 MiB/sReceiving objects:  70% (21262/30374), 4.89 MiB | 4.31 MiB/sReceiving objects:  71% (21566/30374), 4.89 MiB | 4.31 MiB/sReceiving objects:  72% (21870/30374), 4.89 MiB | 4.31 MiB/sReceiving objects:  73% (22174/30374), 4.89 MiB | 4.31 MiB/sReceiving objects:  74% (22477/30374), 4.89 MiB | 4.31 MiB/sReceiving objects:  75% (22781/30374), 4.89 MiB | 4.31 MiB/sReceiving objects:  76% (23085/30374), 4.89 MiB | 4.31 MiB/sReceiving objects:  77% (23388/30374), 4.89 MiB | 4.31 MiB/sReceiving objects:  78% (23692/30374), 4.89 MiB | 4.31 MiB/sReceiving objects:  79% (23996/30374), 4.89 MiB | 4.31 MiB/sReceiving objects:  80% (24300/30374), 4.89 MiB | 4.31 MiB/sReceiving objects:  81% (24603/30374), 4.89 MiB | 4.31 MiB/sReceiving objects:  82% (24907/30374), 4.89 MiB | 4.31 MiB/sReceiving objects:  83% (25211/30374), 4.89 MiB | 4.31 MiB/sReceiving objects:  84% (25515/30374), 4.89 MiB | 4.31 MiB/sReceiving objects:  85% (25818/30374), 4.89 MiB | 4.31 MiB/sReceiving objects:  86% (26122/30374), 4.89 MiB | 4.31 MiB/sReceiving objects:  87% (26426/30374), 4.89 MiB | 4.31 MiB/sReceiving objects:  88% (26730/30374), 4.89 MiB | 4.31 MiB/sReceiving objects:  89% (27033/30374), 4.89 MiB | 4.31 MiB/sReceiving objects:  90% (27337/30374), 4.89 MiB | 4.31 MiB/sReceiving objects:  91% (27641/30374), 4.89 MiB | 4.31 MiB/sReceiving objects:  92% (27945/30374), 4.89 MiB | 4.31 MiB/sReceiving objects:  93% (28248/30374), 4.89 MiB | 4.31 MiB/sReceiving objects:  94% (28552/30374), 4.89 MiB | 4.31 MiB/sReceiving objects:  95% (28856/30374), 4.89 MiB | 4.31 MiB/sReceiving objects:  96% (29160/30374), 12.57 MiB | 7.29 MiB/sReceiving objects:  97% (29463/30374), 12.57 MiB | 7.29 MiB/sReceiving objects:  98% (29767/30374), 12.57 MiB | 7.29 MiB/sReceiving objects:  99% (30071/30374), 12.57 MiB | 7.29 MiB/sremote: Total 30374 (delta 315), reused 269 (delta 265), pack-reused 29909 (from 3)        
Receiving objects: 100% (30374/30374), 12.57 MiB | 7.29 MiB/sReceiving objects: 100% (30374/30374), 13.53 MiB | 7.68 MiB/s, done.
Resolving deltas:   0% (0/23108)Resolving deltas:   1% (232/23108)Resolving deltas:   2% (463/23108)Resolving deltas:   3% (694/23108)Resolving deltas:   4% (925/23108)Resolving deltas:   5% (1156/23108)Resolving deltas:   6% (1387/23108)Resolving deltas:   7% (1618/23108)Resolving deltas:   8% (1849/23108)Resolving deltas:   9% (2080/23108)Resolving deltas:  10% (2311/23108)Resolving deltas:  11% (2542/23108)Resolving deltas:  12% (2773/23108)Resolving deltas:  13% (3005/23108)Resolving deltas:  14% (3236/23108)Resolving deltas:  15% (3467/23108)Resolving deltas:  16% (3698/23108)Resolving deltas:  17% (3929/23108)Resolving deltas:  18% (4160/23108)Resolving deltas:  19% (4391/23108)Resolving deltas:  20% (4622/23108)Resolving deltas:  21% (4853/23108)Resolving deltas:  22% (5084/23108)Resolving deltas:  23% (5315/23108)Resolving deltas:  24% (5546/23108)Resolving deltas:  25% (5777/23108)Resolving deltas:  26% (6009/23108)Resolving deltas:  27% (6240/23108)Resolving deltas:  28% (6471/23108)Resolving deltas:  29% (6702/23108)Resolving deltas:  30% (6933/23108)Resolving deltas:  31% (7164/23108)Resolving deltas:  32% (7395/23108)Resolving deltas:  33% (7626/23108)Resolving deltas:  34% (7857/23108)Resolving deltas:  35% (8088/23108)Resolving deltas:  36% (8319/23108)Resolving deltas:  37% (8550/23108)Resolving deltas:  38% (8782/23108)Resolving deltas:  39% (9013/23108)Resolving deltas:  40% (9244/23108)Resolving deltas:  41% (9475/23108)Resolving deltas:  42% (9706/23108)Resolving deltas:  43% (9937/23108)Resolving deltas:  44% (10168/23108)Resolving deltas:  45% (10399/23108)Resolving deltas:  46% (10630/23108)Resolving deltas:  47% (10861/23108)Resolving deltas:  48% (11092/23108)Resolving deltas:  49% (11323/23108)Resolving deltas:  50% (11554/23108)Resolving deltas:  51% (11786/23108)Resolving deltas:  52% (12017/23108)Resolving deltas:  53% (12248/23108)Resolving deltas:  54% (12479/23108)Resolving deltas:  55% (12710/23108)Resolving deltas:  56% (12941/23108)Resolving deltas:  57% (13172/23108)Resolving deltas:  58% (13403/23108)Resolving deltas:  59% (13634/23108)Resolving deltas:  60% (13865/23108)Resolving deltas:  61% (14096/23108)Resolving deltas:  62% (14327/23108)Resolving deltas:  63% (14559/23108)Resolving deltas:  64% (14790/23108)Resolving deltas:  65% (15021/23108)Resolving deltas:  66% (15252/23108)Resolving deltas:  67% (15483/23108)Resolving deltas:  68% (15714/23108)Resolving deltas:  69% (15945/23108)Resolving deltas:  70% (16176/23108)Resolving deltas:  71% (16407/23108)Resolving deltas:  72% (16638/23108)Resolving deltas:  73% (16869/23108)Resolving deltas:  74% (17100/23108)Resolving deltas:  75% (17331/23108)Resolving deltas:  76% (17563/23108)Resolving deltas:  77% (17795/23108)Resolving deltas:  78% (18025/23108)Resolving deltas:  79% (18256/23108)Resolving deltas:  80% (18487/23108)Resolving deltas:  81% (18718/23108)Resolving deltas:  82% (18949/23108)Resolving deltas:  83% (19180/23108)Resolving deltas:  84% (19411/23108)Resolving deltas:  85% (19642/23108)Resolving deltas:  86% (19873/23108)Resolving deltas:  87% (20104/23108)Resolving deltas:  88% (20336/23108)Resolving deltas:  89% (20567/23108)Resolving deltas:  90% (20798/23108)Resolving deltas:  91% (21029/23108)Resolving deltas:  92% (21260/23108)Resolving deltas:  93% (21491/23108)Resolving deltas:  94% (21722/23108)Resolving deltas:  95% (21953/23108)Resolving deltas:  96% (22184/23108)Resolving deltas:  97% (22415/23108)Resolving deltas:  98% (22646/23108)Resolving deltas:  99% (22877/23108)Resolving deltas: 100% (23108/23108)Resolving deltas: 100% (23108/23108), done.
Cloning into 'external/libtiff'...
remote: Enumerating objects: 33325, done.        
remote: Counting objects:   0% (1/2898)        remote: Counting objects:   1% (29/2898)        remote: Counting objects:   2% (58/2898)        remote: Counting objects:   3% (87/2898)        remote: Counting objects:   4% (116/2898)        remote: Counting objects:   5% (145/2898)        remote: Counting objects:   6% (174/2898)        remote: Counting objects:   7% (203/2898)        remote: Counting objects:   8% (232/2898)        remote: Counting objects:   9% (261/2898)        remote: Counting objects:  10% (290/2898)        remote: Counting objects:  11% (319/2898)        remote: Counting objects:  12% (348/2898)        remote: Counting objects:  13% (377/2898)        remote: Counting objects:  14% (406/2898)        remote: Counting objects:  15% (435/2898)        remote: Counting objects:  16% (464/2898)        remote: Counting objects:  17% (493/2898)        remote: Counting objects:  18% (522/2898)        remote: Counting objects:  19% (551/2898)        remote: Counting objects:  20% (580/2898)        remote: Counting objects:  21% (609/2898)        remote: Counting objects:  22% (638/2898)        remote: Counting objects:  23% (667/2898)        remote: Counting objects:  24% (696/2898)        remote: Counting objects:  25% (725/2898)        remote: Counting objects:  26% (754/2898)        remote: Counting objects:  27% (783/2898)        remote: Counting objects:  28% (812/2898)        remote: Counting objects:  29% (841/2898)        remote: Counting objects:  30% (870/2898)        remote: Counting objects:  31% (899/2898)        remote: Counting objects:  32% (928/2898)        remote: Counting objects:  33% (957/2898)        remote: Counting objects:  34% (986/2898)        remote: Counting objects:  35% (1015/2898)        remote: Counting objects:  36% (1044/2898)        remote: Counting objects:  37% (1073/2898)        remote: Counting objects:  38% (1102/2898)        remote: Counting objects:  39% (1131/2898)        remote: Counting objects:  40% (1160/2898)        remote: Counting objects:  41% (1189/2898)        remote: Counting objects:  42% (1218/2898)        remote: Counting objects:  43% (1247/2898)        remote: Counting objects:  44% (1276/2898)        remote: Counting objects:  45% (1305/2898)        remote: Counting objects:  46% (1334/2898)        remote: Counting objects:  47% (1363/2898)        remote: Counting objects:  48% (1392/2898)        remote: Counting objects:  49% (1421/2898)        remote: Counting objects:  50% (1449/2898)        remote: Counting objects:  51% (1478/2898)        remote: Counting objects:  52% (1507/2898)        remote: Counting objects:  53% (1536/2898)        remote: Counting objects:  54% (1565/2898)        remote: Counting objects:  55% (1594/2898)        remote: Counting objects:  56% (1623/2898)        remote: Counting objects:  57% (1652/2898)        remote: Counting objects:  58% (1681/2898)        remote: Counting objects:  59% (1710/2898)        remote: Counting objects:  60% (1739/2898)        remote: Counting objects:  61% (1768/2898)        remote: Counting objects:  62% (1797/2898)        remote: Counting objects:  63% (1826/2898)        remote: Counting objects:  64% (1855/2898)        remote: Counting objects:  65% (1884/2898)        remote: Counting objects:  66% (1913/2898)        remote: Counting objects:  67% (1942/2898)        remote: Counting objects:  68% (1971/2898)        remote: Counting objects:  69% (2000/2898)        remote: Counting objects:  70% (2029/2898)        remote: Counting objects:  71% (2058/2898)        remote: Counting objects:  72% (2087/2898)        remote: Counting objects:  73% (2116/2898)        remote: Counting objects:  74% (2145/2898)        remote: Counting objects:  75% (2174/2898)        remote: Counting objects:  76% (2203/2898)        remote: Counting objects:  77% (2232/2898)        remote: Counting objects:  78% (2261/2898)        remote: Counting objects:  79% (2290/2898)        remote: Counting objects:  80% (2319/2898)        remote: Counting objects:  81% (2348/2898)        remote: Counting objects:  82% (2377/2898)        remote: Counting objects:  83% (2406/2898)        remote: Counting objects:  84% (2435/2898)        remote: Counting objects:  85% (2464/2898)        remote: Counting objects:  86% (2493/2898)        remote: Counting objects:  87% (2522/2898)        remote: Counting objects:  88% (2551/2898)        remote: Counting objects:  89% (2580/2898)        remote: Counting objects:  90% (2609/2898)        remote: Counting objects:  91% (2638/2898)        remote: Counting objects:  92% (2667/2898)        remote: Counting objects:  93% (2696/2898)        remote: Counting objects:  94% (2725/2898)        remote: Counting objects:  95% (2754/2898)        remote: Counting objects:  96% (2783/2898)        remote: Counting objects:  97% (2812/2898)        remote: Counting objects:  98% (2841/2898)        remote: Counting objects:  99% (2870/2898)        remote: Counting objects: 100% (2898/2898)        remote: Counting objects: 100% (2898/2898), done.        
remote: Compressing objects:   0% (1/554)        remote: Compressing objects:   1% (6/554)        remote: Compressing objects:   2% (12/554)        remote: Compressing objects:   3% (17/554)        remote: Compressing objects:   4% (23/554)        remote: Compressing objects:   5% (28/554)        remote: Compressing objects:   6% (34/554)        remote: Compressing objects:   7% (39/554)        remote: Compressing objects:   8% (45/554)        remote: Compressing objects:   9% (50/554)        remote: Compressing objects:  10% (56/554)        remote: Compressing objects:  11% (61/554)        remote: Compressing objects:  12% (67/554)        remote: Compressing objects:  13% (73/554)        remote: Compressing objects:  14% (78/554)        remote: Compressing objects:  15% (84/554)        remote: Compressing objects:  16% (89/554)        remote: Compressing objects:  17% (95/554)        remote: Compressing objects:  18% (100/554)        remote: Compressing objects:  19% (106/554)        remote: Compressing objects:  20% (111/554)        remote: Compressing objects:  21% (117/554)        remote: Compressing objects:  22% (122/554)        remote: Compressing objects:  23% (128/554)        remote: Compressing objects:  24% (133/554)        remote: Compressing objects:  25% (139/554)        remote: Compressing objects:  26% (145/554)        remote: Compressing objects:  27% (150/554)        remote: Compressing objects:  28% (156/554)        remote: Compressing objects:  29% (161/554)        remote: Compressing objects:  30% (167/554)        remote: Compressing objects:  31% (172/554)        remote: Compressing objects:  32% (178/554)        remote: Compressing objects:  33% (183/554)        remote: Compressing objects:  34% (189/554)        remote: Compressing objects:  35% (194/554)        remote: Compressing objects:  36% (200/554)        remote: Compressing objects:  37% (205/554)        remote: Compressing objects:  38% (211/554)        remote: Compressing objects:  39% (217/554)        remote: Compressing objects:  40% (222/554)        remote: Compressing objects:  41% (228/554)        remote: Compressing objects:  42% (233/554)        remote: Compressing objects:  43% (239/554)        remote: Compressing objects:  44% (244/554)        remote: Compressing objects:  45% (250/554)        remote: Compressing objects:  46% (255/554)        remote: Compressing objects:  47% (261/554)        remote: Compressing objects:  48% (266/554)        remote: Compressing objects:  49% (272/554)        remote: Compressing objects:  50% (277/554)        remote: Compressing objects:  51% (283/554)        remote: Compressing objects:  52% (289/554)        remote: Compressing objects:  53% (294/554)        remote: Compressing objects:  54% (300/554)        remote: Compressing objects:  55% (305/554)        remote: Compressing objects:  56% (311/554)        remote: Compressing objects:  57% (316/554)        remote: Compressing objects:  58% (322/554)        remote: Compressing objects:  59% (327/554)        remote: Compressing objects:  60% (333/554)        remote: Compressing objects:  61% (338/554)        remote: Compressing objects:  62% (344/554)        remote: Compressing objects:  63% (350/554)        remote: Compressing objects:  64% (355/554)        remote: Compressing objects:  65% (361/554)        remote: Compressing objects:  66% (366/554)        remote: Compressing objects:  67% (372/554)        remote: Compressing objects:  68% (377/554)        remote: Compressing objects:  69% (383/554)        remote: Compressing objects:  70% (388/554)        remote: Compressing objects:  71% (394/554)        remote: Compressing objects:  72% (399/554)        remote: Compressing objects:  73% (405/554)        remote: Compressing objects:  74% (410/554)        remote: Compressing objects:  75% (416/554)        remote: Compressing objects:  76% (422/554)        remote: Compressing objects:  77% (427/554)        remote: Compressing objects:  78% (433/554)        remote: Compressing objects:  79% (438/554)        remote: Compressing objects:  80% (444/554)        remote: Compressing objects:  81% (449/554)        remote: Compressing objects:  82% (455/554)        remote: Compressing objects:  83% (460/554)        remote: Compressing objects:  84% (466/554)        remote: Compressing objects:  85% (471/554)        remote: Compressing objects:  86% (477/554)        remote: Compressing objects:  87% (482/554)        remote: Compressing objects:  88% (488/554)        remote: Compressing objects:  89% (494/554)        remote: Compressing objects:  90% (499/554)        remote: Compressing objects:  91% (505/554)        remote: Compressing objects:  92% (510/554)        remote: Compressing objects:  93% (516/554)        remote: Compressing objects:  94% (521/554)        remote: Compressing objects:  95% (527/554)        remote: Compressing objects:  96% (532/554)        remote: Compressing objects:  97% (538/554)        remote: Compressing objects:  98% (543/554)        remote: Compressing objects:  99% (549/554)        remote: Compressing objects: 100% (554/554)        remote: Compressing objects: 100% (554/554), done.        
Receiving objects:   0% (1/33325)Receiving objects:   1% (334/33325)Receiving objects:   2% (667/33325)Receiving objects:   3% (1000/33325)Receiving objects:   4% (1333/33325)Receiving objects:   5% (1667/33325)Receiving objects:   6% (2000/33325)Receiving objects:   7% (2333/33325)Receiving objects:   8% (2666/33325)Receiving objects:   9% (3000/33325)Receiving objects:  10% (3333/33325)Receiving objects:  11% (3666/33325)Receiving objects:  12% (3999/33325)Receiving objects:  13% (4333/33325)Receiving objects:  14% (4666/33325)Receiving objects:  15% (4999/33325)Receiving objects:  16% (5332/33325)Receiving objects:  17% (5666/33325)Receiving objects:  18% (5999/33325)Receiving objects:  19% (6332/33325)Receiving objects:  20% (6665/33325)Receiving objects:  21% (6999/33325)Receiving objects:  22% (7332/33325)Receiving objects:  23% (7665/33325)Receiving objects:  24% (7998/33325)Receiving objects:  25% (8332/33325)Receiving objects:  26% (8665/33325)Receiving objects:  27% (8998/33325), 3.23 MiB | 6.44 MiB/sReceiving objects:  28% (9331/33325), 3.23 MiB | 6.44 MiB/sReceiving objects:  29% (9665/33325), 3.23 MiB | 6.44 MiB/sReceiving objects:  30% (9998/33325), 3.23 MiB | 6.44 MiB/sReceiving objects:  31% (10331/33325), 3.23 MiB | 6.44 MiB/sReceiving objects:  32% (10664/33325), 3.23 MiB | 6.44 MiB/sReceiving objects:  33% (10998/33325), 3.23 MiB | 6.44 MiB/sReceiving objects:  34% (11331/33325), 3.23 MiB | 6.44 MiB/sReceiving objects:  35% (11664/33325), 3.23 MiB | 6.44 MiB/sReceiving objects:  36% (11997/33325), 3.23 MiB | 6.44 MiB/sReceiving objects:  37% (12331/33325), 3.23 MiB | 6.44 MiB/sReceiving objects:  38% (12664/33325), 3.23 MiB | 6.44 MiB/sReceiving objects:  39% (12997/33325), 3.23 MiB | 6.44 MiB/sReceiving objects:  40% (13330/33325), 3.23 MiB | 6.44 MiB/sReceiving objects:  41% (13664/33325), 3.23 MiB | 6.44 MiB/sReceiving objects:  42% (13997/33325), 3.23 MiB | 6.44 MiB/sReceiving objects:  43% (14330/33325), 3.23 MiB | 6.44 MiB/sReceiving objects:  44% (14663/33325), 3.23 MiB | 6.44 MiB/sReceiving objects:  45% (14997/33325), 3.23 MiB | 6.44 MiB/sReceiving objects:  46% (15330/33325), 3.23 MiB | 6.44 MiB/sReceiving objects:  47% (15663/33325), 3.23 MiB | 6.44 MiB/sReceiving objects:  48% (15996/33325), 3.23 MiB | 6.44 MiB/sReceiving objects:  49% (16330/33325), 3.23 MiB | 6.44 MiB/sReceiving objects:  50% (16663/33325), 3.23 MiB | 6.44 MiB/sReceiving objects:  51% (16996/33325), 3.23 MiB | 6.44 MiB/sReceiving objects:  52% (17329/33325), 3.23 MiB | 6.44 MiB/sReceiving objects:  53% (17663/33325), 3.23 MiB | 6.44 MiB/sReceiving objects:  54% (17996/33325), 3.23 MiB | 6.44 MiB/sReceiving objects:  55% (18329/33325), 3.23 MiB | 6.44 MiB/sReceiving objects:  56% (18662/33325), 3.23 MiB | 6.44 MiB/sReceiving objects:  57% (18996/33325), 3.23 MiB | 6.44 MiB/sReceiving objects:  58% (19329/33325), 3.23 MiB | 6.44 MiB/sReceiving objects:  59% (19662/33325), 3.23 MiB | 6.44 MiB/sReceiving objects:  60% (19995/33325), 3.23 MiB | 6.44 MiB/sReceiving objects:  61% (20329/33325), 3.23 MiB | 6.44 MiB/sReceiving objects:  62% (20662/33325), 3.23 MiB | 6.44 MiB/sReceiving objects:  63% (20995/33325), 3.23 MiB | 6.44 MiB/sReceiving objects:  64% (21328/33325), 3.23 MiB | 6.44 MiB/sReceiving objects:  65% (21662/33325), 3.23 MiB | 6.44 MiB/sReceiving objects:  66% (21995/33325), 3.23 MiB | 6.44 MiB/sReceiving objects:  67% (22328/33325), 3.23 MiB | 6.44 MiB/sReceiving objects:  68% (22661/33325), 3.23 MiB | 6.44 MiB/sReceiving objects:  69% (22995/33325), 3.23 MiB | 6.44 MiB/sReceiving objects:  70% (23328/33325), 3.23 MiB | 6.44 MiB/sReceiving objects:  71% (23661/33325), 3.23 MiB | 6.44 MiB/sReceiving objects:  72% (23994/33325), 3.23 MiB | 6.44 MiB/sReceiving objects:  73% (24328/33325), 3.23 MiB | 6.44 MiB/sReceiving objects:  74% (24661/33325), 3.23 MiB | 6.44 MiB/sReceiving objects:  75% (24994/33325), 3.23 MiB | 6.44 MiB/sReceiving objects:  76% (25327/33325), 3.23 MiB | 6.44 MiB/sReceiving objects:  77% (25661/33325), 3.23 MiB | 6.44 MiB/sReceiving objects:  78% (25994/33325), 3.23 MiB | 6.44 MiB/sReceiving objects:  79% (26327/33325), 3.23 MiB | 6.44 MiB/sReceiving objects:  80% (26660/33325), 3.23 MiB | 6.44 MiB/sReceiving objects:  81% (26994/33325), 3.23 MiB | 6.44 MiB/sReceiving objects:  82% (27327/33325), 3.23 MiB | 6.44 MiB/sReceiving objects:  83% (27660/33325), 3.23 MiB | 6.44 MiB/sReceiving objects:  84% (27993/33325), 3.23 MiB | 6.44 MiB/sReceiving objects:  84% (28051/33325), 3.23 MiB | 6.44 MiB/sReceiving objects:  85% (28327/33325), 10.97 MiB | 10.96 MiB/sReceiving objects:  86% (28660/33325), 10.97 MiB | 10.96 MiB/sReceiving objects:  87% (28993/33325), 10.97 MiB | 10.96 MiB/sReceiving objects:  88% (29326/33325), 10.97 MiB | 10.96 MiB/sReceiving objects:  89% (29660/33325), 10.97 MiB | 10.96 MiB/sReceiving objects:  90% (29993/33325), 10.97 MiB | 10.96 MiB/sReceiving objects:  91% (30326/33325), 10.97 MiB | 10.96 MiB/sReceiving objects:  92% (30659/33325), 10.97 MiB | 10.96 MiB/sReceiving objects:  93% (30993/33325), 10.97 MiB | 10.96 MiB/sReceiving objects:  94% (31326/33325), 10.97 MiB | 10.96 MiB/sReceiving objects:  95% (31659/33325), 10.97 MiB | 10.96 MiB/sReceiving objects:  96% (31992/33325), 10.97 MiB | 10.96 MiB/sReceiving objects:  97% (32326/33325), 10.97 MiB | 10.96 MiB/sReceiving objects:  98% (32659/33325), 10.97 MiB | 10.96 MiB/sReceiving objects:  99% (32992/33325), 10.97 MiB | 10.96 MiB/sremote: Total 33325 (delta 2512), reused 2435 (delta 2344), pack-reused 30427 (from 2)        
Receiving objects: 100% (33325/33325), 10.97 MiB | 10.96 MiB/sReceiving objects: 100% (33325/33325), 14.12 MiB | 10.87 MiB/s, done.
Resolving deltas:   0% (0/25954)Resolving deltas:   1% (260/25954)Resolving deltas:   2% (520/25954)Resolving deltas:   3% (779/25954)Resolving deltas:   4% (1039/25954)Resolving deltas:   5% (1298/25954)Resolving deltas:   6% (1558/25954)Resolving deltas:   7% (1817/25954)Resolving deltas:   8% (2077/25954)Resolving deltas:   9% (2336/25954)Resolving deltas:  10% (2596/25954)Resolving deltas:  11% (2855/25954)Resolving deltas:  12% (3115/25954)Resolving deltas:  13% (3375/25954)Resolving deltas:  14% (3634/25954)Resolving deltas:  15% (3894/25954)Resolving deltas:  16% (4153/25954)Resolving deltas:  17% (4413/25954)Resolving deltas:  18% (4672/25954)Resolving deltas:  19% (4932/25954)Resolving deltas:  20% (5191/25954)Resolving deltas:  21% (5451/25954)Resolving deltas:  22% (5711/25954)Resolving deltas:  23% (5970/25954)Resolving deltas:  24% (6229/25954)Resolving deltas:  25% (6489/25954)Resolving deltas:  26% (6749/25954)Resolving deltas:  27% (7008/25954)Resolving deltas:  28% (7268/25954)Resolving deltas:  29% (7527/25954)Resolving deltas:  30% (7787/25954)Resolving deltas:  31% (8046/25954)Resolving deltas:  32% (8306/25954)Resolving deltas:  33% (8565/25954)Resolving deltas:  34% (8825/25954)Resolving deltas:  35% (9084/25954)Resolving deltas:  36% (9344/25954)Resolving deltas:  37% (9603/25954)Resolving deltas:  38% (9863/25954)Resolving deltas:  39% (10123/25954)Resolving deltas:  40% (10382/25954)Resolving deltas:  41% (10642/25954)Resolving deltas:  42% (10901/25954)Resolving deltas:  43% (11161/25954)Resolving deltas:  44% (11420/25954)Resolving deltas:  45% (11680/25954)Resolving deltas:  46% (11939/25954)Resolving deltas:  47% (12199/25954)Resolving deltas:  48% (12458/25954)Resolving deltas:  49% (12718/25954)Resolving deltas:  50% (12977/25954)Resolving deltas:  51% (13237/25954)Resolving deltas:  52% (13497/25954)Resolving deltas:  53% (13756/25954)Resolving deltas:  54% (14016/25954)Resolving deltas:  55% (14275/25954)Resolving deltas:  56% (14535/25954)Resolving deltas:  57% (14794/25954)Resolving deltas:  58% (15054/25954)Resolving deltas:  59% (15313/25954)Resolving deltas:  60% (15573/25954)Resolving deltas:  61% (15832/25954)Resolving deltas:  62% (16092/25954)Resolving deltas:  63% (16352/25954)Resolving deltas:  64% (16611/25954)Resolving deltas:  65% (16871/25954)Resolving deltas:  66% (17130/25954)Resolving deltas:  67% (17390/25954)Resolving deltas:  68% (17649/25954)Resolving deltas:  69% (17909/25954)Resolving deltas:  70% (18168/25954)Resolving deltas:  71% (18428/25954)Resolving deltas:  72% (18687/25954)Resolving deltas:  73% (18947/25954)Resolving deltas:  73% (19200/25954)Resolving deltas:  74% (19206/25954)Resolving deltas:  75% (19466/25954)Resolving deltas:  76% (19727/25954)Resolving deltas:  77% (19985/25954)Resolving deltas:  78% (20245/25954)Resolving deltas:  79% (20504/25954)Resolving deltas:  80% (20764/25954)Resolving deltas:  81% (21023/25954)Resolving deltas:  82% (21283/25954)Resolving deltas:  83% (21542/25954)Resolving deltas:  84% (21802/25954)Resolving deltas:  85% (22061/25954)Resolving deltas:  86% (22321/25954)Resolving deltas:  87% (22580/25954)Resolving deltas:  88% (22840/25954)Resolving deltas:  89% (23100/25954)Resolving deltas:  90% (23359/25954)Resolving deltas:  91% (23619/25954)Resolving deltas:  92% (23878/25954)Resolving deltas:  93% (24138/25954)Resolving deltas:  94% (24397/25954)Resolving deltas:  95% (24657/25954)Resolving deltas:  96% (24916/25954)Resolving deltas:  97% (25176/25954)Resolving deltas:  98% (25435/25954)Resolving deltas:  99% (25695/25954)Resolving deltas: 100% (25954/25954)Resolving deltas: 100% (25954/25954), done.
Cloning into 'external/zlib'...
remote: Enumerating objects: 8545, done.        
remote: Counting objects:   0% (1/182)        remote: Counting objects:   1% (2/182)        remote: Counting objects:   2% (4/182)        remote: Counting objects:   3% (6/182)        remote: Counting objects:   4% (8/182)        remote: Counting objects:   5% (10/182)        remote: Counting objects:   6% (11/182)        remote: Counting objects:   7% (13/182)        remote: Counting objects:   8% (15/182)        remote: Counting objects:   9% (17/182)        remote: Counting objects:  10% (19/182)        remote: Counting objects:  11% (21/182)        remote: Counting objects:  12% (22/182)        remote: Counting objects:  13% (24/182)        remote: Counting objects:  14% (26/182)        remote: Counting objects:  15% (28/182)        remote: Counting objects:  16% (30/182)        remote: Counting objects:  17% (31/182)        remote: Counting objects:  18% (33/182)        remote: Counting objects:  19% (35/182)        remote: Counting objects:  20% (37/182)        remote: Counting objects:  21% (39/182)        remote: Counting objects:  22% (41/182)        remote: Counting objects:  23% (42/182)        remote: Counting objects:  24% (44/182)        remote: Counting objects:  25% (46/182)        remote: Counting objects:  26% (48/182)        remote: Counting objects:  27% (50/182)        remote: Counting objects:  28% (51/182)        remote: Counting objects:  29% (53/182)        remote: Counting objects:  30% (55/182)        remote: Counting objects:  31% (57/182)        remote: Counting objects:  32% (59/182)        remote: Counting objects:  33% (61/182)        remote: Counting objects:  34% (62/182)        remote: Counting objects:  35% (64/182)        remote: Counting objects:  36% (66/182)        remote: Counting objects:  37% (68/182)        remote: Counting objects:  38% (70/182)        remote: Counting objects:  39% (71/182)        remote: Counting objects:  40% (73/182)        remote: Counting objects:  41% (75/182)        remote: Counting objects:  42% (77/182)        remote: Counting objects:  43% (79/182)        remote: Counting objects:  44% (81/182)        remote: Counting objects:  45% (82/182)        remote: Counting objects:  46% (84/182)        remote: Counting objects:  47% (86/182)        remote: Counting objects:  48% (88/182)        remote: Counting objects:  49% (90/182)        remote: Counting objects:  50% (91/182)        remote: Counting objects:  51% (93/182)        remote: Counting objects:  52% (95/182)        remote: Counting objects:  53% (97/182)        remote: Counting objects:  54% (99/182)        remote: Counting objects:  55% (101/182)        remote: Counting objects:  56% (102/182)        remote: Counting objects:  57% (104/182)        remote: Counting objects:  58% (106/182)        remote: Counting objects:  59% (108/182)        remote: Counting objects:  60% (110/182)        remote: Counting objects:  61% (112/182)        remote: Counting objects:  62% (113/182)        remote: Counting objects:  63% (115/182)        remote: Counting objects:  64% (117/182)        remote: Counting objects:  65% (119/182)        remote: Counting objects:  66% (121/182)        remote: Counting objects:  67% (122/182)        remote: Counting objects:  68% (124/182)        remote: Counting objects:  69% (126/182)        remote: Counting objects:  70% (128/182)        remote: Counting objects:  71% (130/182)        remote: Counting objects:  72% (132/182)        remote: Counting objects:  73% (133/182)        remote: Counting objects:  74% (135/182)        remote: Counting objects:  75% (137/182)        remote: Counting objects:  76% (139/182)        remote: Counting objects:  77% (141/182)        remote: Counting objects:  78% (142/182)        remote: Counting objects:  79% (144/182)        remote: Counting objects:  80% (146/182)        remote: Counting objects:  81% (148/182)        remote: Counting objects:  82% (150/182)        remote: Counting objects:  83% (152/182)        remote: Counting objects:  84% (153/182)        remote: Counting objects:  85% (155/182)        remote: Counting objects:  86% (157/182)        remote: Counting objects:  87% (159/182)        remote: Counting objects:  88% (161/182)        remote: Counting objects:  89% (162/182)        remote: Counting objects:  90% (164/182)        remote: Counting objects:  91% (166/182)        remote: Counting objects:  92% (168/182)        remote: Counting objects:  93% (170/182)        remote: Counting objects:  94% (172/182)        remote: Counting objects:  95% (173/182)        remote: Counting objects:  96% (175/182)        remote: Counting objects:  97% (177/182)        remote: Counting objects:  98% (179/182)        remote: Counting objects:  99% (181/182)        remote: Counting objects: 100% (182/182)        remote: Counting objects: 100% (182/182), done.        
remote: Compressing objects:   1% (1/76)        remote: Compressing objects:   2% (2/76)        remote: Compressing objects:   3% (3/76)        remote: Compressing objects:   5% (4/76)        remote: Compressing objects:   6% (5/76)        remote: Compressing objects:   7% (6/76)        remote: Compressing objects:   9% (7/76)        remote: Compressing objects:  10% (8/76)        remote: Compressing objects:  11% (9/76)        remote: Compressing objects:  13% (10/76)        remote: Compressing objects:  14% (11/76)        remote: Compressing objects:  15% (12/76)        remote: Compressing objects:  17% (13/76)        remote: Compressing objects:  18% (14/76)        remote: Compressing objects:  19% (15/76)        remote: Compressing objects:  21% (16/76)        remote: Compressing objects:  22% (17/76)        remote: Compressing objects:  23% (18/76)        remote: Compressing objects:  25% (19/76)        remote: Compressing objects:  26% (20/76)        remote: Compressing objects:  27% (21/76)        remote: Compressing objects:  28% (22/76)        remote: Compressing objects:  30% (23/76)        remote: Compressing objects:  31% (24/76)        remote: Compressing objects:  32% (25/76)        remote: Compressing objects:  34% (26/76)        remote: Compressing objects:  35% (27/76)        remote: Compressing objects:  36% (28/76)        remote: Compressing objects:  38% (29/76)        remote: Compressing objects:  39% (30/76)        remote: Compressing objects:  40% (31/76)        remote: Compressing objects:  42% (32/76)        remote: Compressing objects:  43% (33/76)        remote: Compressing objects:  44% (34/76)        remote: Compressing objects:  46% (35/76)        remote: Compressing objects:  47% (36/76)        remote: Compressing objects:  48% (37/76)        remote: Compressing objects:  50% (38/76)        remote: Compressing objects:  51% (39/76)        remote: Compressing objects:  52% (40/76)        remote: Compressing objects:  53% (41/76)        remote: Compressing objects:  55% (42/76)        remote: Compressing objects:  56% (43/76)        remote: Compressing objects:  57% (44/76)        remote: Compressing objects:  59% (45/76)        remote: Compressing objects:  60% (46/76)        remote: Compressing objects:  61% (47/76)        remote: Compressing objects:  63% (48/76)        remote: Compressing objects:  64% (49/76)        remote: Compressing objects:  65% (50/76)        remote: Compressing objects:  67% (51/76)        remote: Compressing objects:  68% (52/76)        remote: Compressing objects:  69% (53/76)        remote: Compressing objects:  71% (54/76)        remote: Compressing objects:  72% (55/76)        remote: Compressing objects:  73% (56/76)        remote: Compressing objects:  75% (57/76)        remote: Compressing objects:  76% (58/76)        remote: Compressing objects:  77% (59/76)        remote: Compressing objects:  78% (60/76)        remote: Compressing objects:  80% (61/76)        remote: Compressing objects:  81% (62/76)        remote: Compressing objects:  82% (63/76)        remote: Compressing objects:  84% (64/76)        remote: Compressing objects:  85% (65/76)        remote: Compressing objects:  86% (66/76)        remote: Compressing objects:  88% (67/76)        remote: Compressing objects:  89% (68/76)        remote: Compressing objects:  90% (69/76)        remote: Compressing objects:  92% (70/76)        remote: Compressing objects:  93% (71/76)        remote: Compressing objects:  94% (72/76)        remote: Compressing objects:  96% (73/76)        remote: Compressing objects:  97% (74/76)        remote: Compressing objects:  98% (75/76)        remote: Compressing objects: 100% (76/76)        remote: Compressing objects: 100% (76/76), done.        
Receiving objects:   0% (1/8545)Receiving objects:   1% (86/8545)Receiving objects:   2% (171/8545)Receiving objects:   3% (257/8545)Receiving objects:   4% (342/8545)Receiving objects:   5% (428/8545)Receiving objects:   6% (513/8545)Receiving objects:   7% (599/8545)Receiving objects:   8% (684/8545)Receiving objects:   9% (770/8545)Receiving objects:  10% (855/8545)Receiving objects:  11% (940/8545)Receiving objects:  12% (1026/8545)Receiving objects:  13% (1111/8545)Receiving objects:  14% (1197/8545)Receiving objects:  15% (1282/8545)Receiving objects:  16% (1368/8545)Receiving objects:  17% (1453/8545)Receiving objects:  18% (1539/8545)Receiving objects:  19% (1624/8545)Receiving objects:  20% (1709/8545)Receiving objects:  21% (1795/8545)Receiving objects:  22% (1880/8545)Receiving objects:  23% (1966/8545)Receiving objects:  24% (2051/8545)Receiving objects:  25% (2137/8545)Receiving objects:  26% (2222/8545)Receiving objects:  27% (2308/8545)Receiving objects:  28% (2393/8545)Receiving objects:  29% (2479/8545)Receiving objects:  30% (2564/8545)Receiving objects:  31% (2649/8545)Receiving objects:  32% (2735/8545)Receiving objects:  33% (2820/8545)Receiving objects:  34% (2906/8545)Receiving objects:  35% (2991/8545)Receiving objects:  36% (3077/8545)Receiving objects:  37% (3162/8545)Receiving objects:  38% (3248/8545)Receiving objects:  39% (3333/8545)Receiving objects:  40% (3418/8545)Receiving objects:  41% (3504/8545)Receiving objects:  42% (3589/8545)Receiving objects:  43% (3675/8545)Receiving objects:  44% (3760/8545)Receiving objects:  45% (3846/8545)Receiving objects:  46% (3931/8545)Receiving objects:  47% (4017/8545)Receiving objects:  48% (4102/8545)Receiving objects:  49% (4188/8545)Receiving objects:  50% (4273/8545)Receiving objects:  51% (4358/8545)Receiving objects:  52% (4444/8545)Receiving objects:  53% (4529/8545)Receiving objects:  54% (4615/8545)Receiving objects:  55% (4700/8545)Receiving objects:  56% (4786/8545)Receiving objects:  57% (4871/8545)Receiving objects:  58% (4957/8545)Receiving objects:  59% (5042/8545)Receiving objects:  60% (5127/8545)Receiving objects:  61% (5213/8545)Receiving objects:  62% (5298/8545)Receiving objects:  63% (5384/8545)Receiving objects:  64% (5469/8545)Receiving objects:  65% (5555/8545)Receiving objects:  66% (5640/8545)Receiving objects:  67% (5726/8545)Receiving objects:  68% (5811/8545)Receiving objects:  69% (5897/8545)Receiving objects:  70% (5982/8545)Receiving objects:  71% (6067/8545)Receiving objects:  72% (6153/8545)Receiving objects:  73% (6238/8545)Receiving objects:  74% (6324/8545)Receiving objects:  75% (6409/8545)Receiving objects:  76% (6495/8545)Receiving objects:  77% (6580/8545)Receiving objects:  78% (6666/8545)Receiving objects:  79% (6751/8545)Receiving objects:  80% (6836/8545)Receiving objects:  81% (6922/8545)Receiving objects:  82% (7007/8545)Receiving objects:  83% (7093/8545)Receiving objects:  84% (7178/8545)Receiving objects:  85% (7264/8545)Receiving objects:  86% (7349/8545)Receiving objects:  87% (7435/8545)Receiving objects:  88% (7520/8545)Receiving objects:  89% (7606/8545)Receiving objects:  90% (7691/8545)Receiving objects:  91% (7776/8545)Receiving objects:  92% (7862/8545)Receiving objects:  93% (7947/8545)Receiving objects:  94% (8033/8545)Receiving objects:  95% (8118/8545)Receiving objects:  96% (8204/8545)Receiving objects:  97% (8289/8545)Receiving objects:  98% (8375/8545)Receiving objects:  99% (8460/8545)remote: Total 8545 (delta 107), reused 106 (delta 106), pack-reused 8363 (from 2)        
Receiving objects: 100% (8545/8545)Receiving objects: 100% (8545/8545), 5.01 MiB | 14.65 MiB/s, done.
Resolving deltas:   0% (0/5994)Resolving deltas:   1% (60/5994)Resolving deltas:   2% (120/5994)Resolving deltas:   3% (180/5994)Resolving deltas:   4% (240/5994)Resolving deltas:   5% (300/5994)Resolving deltas:   6% (360/5994)Resolving deltas:   7% (420/5994)Resolving deltas:   8% (480/5994)Resolving deltas:   9% (540/5994)Resolving deltas:  10% (600/5994)Resolving deltas:  11% (660/5994)Resolving deltas:  12% (720/5994)Resolving deltas:  13% (780/5994)Resolving deltas:  14% (840/5994)Resolving deltas:  15% (900/5994)Resolving deltas:  16% (960/5994)Resolving deltas:  17% (1019/5994)Resolving deltas:  18% (1079/5994)Resolving deltas:  19% (1139/5994)Resolving deltas:  20% (1199/5994)Resolving deltas:  21% (1259/5994)Resolving deltas:  22% (1319/5994)Resolving deltas:  23% (1379/5994)Resolving deltas:  24% (1439/5994)Resolving deltas:  25% (1499/5994)Resolving deltas:  26% (1559/5994)Resolving deltas:  27% (1619/5994)Resolving deltas:  28% (1679/5994)Resolving deltas:  29% (1739/5994)Resolving deltas:  30% (1799/5994)Resolving deltas:  31% (1859/5994)Resolving deltas:  32% (1919/5994)Resolving deltas:  33% (1979/5994)Resolving deltas:  34% (2038/5994)Resolving deltas:  35% (2098/5994)Resolving deltas:  36% (2158/5994)Resolving deltas:  37% (2218/5994)Resolving deltas:  38% (2278/5994)Resolving deltas:  39% (2338/5994)Resolving deltas:  40% (2398/5994)Resolving deltas:  41% (2458/5994)Resolving deltas:  42% (2518/5994)Resolving deltas:  43% (2578/5994)Resolving deltas:  44% (2638/5994)Resolving deltas:  45% (2698/5994)Resolving deltas:  46% (2758/5994)Resolving deltas:  47% (2818/5994)Resolving deltas:  48% (2878/5994)Resolving deltas:  49% (2938/5994)Resolving deltas:  50% (2997/5994)Resolving deltas:  51% (3057/5994)Resolving deltas:  52% (3117/5994)Resolving deltas:  53% (3177/5994)Resolving deltas:  54% (3237/5994)Resolving deltas:  55% (3297/5994)Resolving deltas:  56% (3357/5994)Resolving deltas:  57% (3417/5994)Resolving deltas:  58% (3477/5994)Resolving deltas:  59% (3537/5994)Resolving deltas:  60% (3597/5994)Resolving deltas:  61% (3657/5994)Resolving deltas:  62% (3717/5994)Resolving deltas:  63% (3777/5994)Resolving deltas:  64% (3837/5994)Resolving deltas:  65% (3897/5994)Resolving deltas:  66% (3957/5994)Resolving deltas:  67% (4016/5994)Resolving deltas:  68% (4076/5994)Resolving deltas:  69% (4136/5994)Resolving deltas:  70% (4196/5994)Resolving deltas:  71% (4256/5994)Resolving deltas:  72% (4316/5994)Resolving deltas:  73% (4376/5994)Resolving deltas:  74% (4436/5994)Resolving deltas:  75% (4496/5994)Resolving deltas:  76% (4556/5994)Resolving deltas:  77% (4616/5994)Resolving deltas:  78% (4676/5994)Resolving deltas:  79% (4736/5994)Resolving deltas:  80% (4796/5994)Resolving deltas:  81% (4856/5994)Resolving deltas:  82% (4916/5994)Resolving deltas:  83% (4976/5994)Resolving deltas:  84% (5035/5994)Resolving deltas:  85% (5095/5994)Resolving deltas:  86% (5155/5994)Resolving deltas:  87% (5215/5994)Resolving deltas:  88% (5275/5994)Resolving deltas:  89% (5335/5994)Resolving deltas:  90% (5395/5994)Resolving deltas:  91% (5455/5994)Resolving deltas:  92% (5515/5994)Resolving deltas:  93% (5575/5994)Resolving deltas:  94% (5635/5994)Resolving deltas:  95% (5695/5994)Resolving deltas:  96% (5755/5994)Resolving deltas:  97% (5815/5994)Resolving deltas:  98% (5875/5994)Resolving deltas:  99% (5935/5994)Resolving deltas: 100% (5994/5994)Resolving deltas: 100% (5994/5994), done.
Cloning into 'external/libjxl'...
remote: Enumerating objects: 38287, done.        
remote: Counting objects:   0% (1/421)        remote: Counting objects:   1% (5/421)        remote: Counting objects:   2% (9/421)        remote: Counting objects:   3% (13/421)        remote: Counting objects:   4% (17/421)        remote: Counting objects:   5% (22/421)        remote: Counting objects:   6% (26/421)        remote: Counting objects:   7% (30/421)        remote: Counting objects:   8% (34/421)        remote: Counting objects:   9% (38/421)        remote: Counting objects:  10% (43/421)        remote: Counting objects:  11% (47/421)        remote: Counting objects:  12% (51/421)        remote: Counting objects:  13% (55/421)        remote: Counting objects:  14% (59/421)        remote: Counting objects:  15% (64/421)        remote: Counting objects:  16% (68/421)        remote: Counting objects:  17% (72/421)        remote: Counting objects:  18% (76/421)        remote: Counting objects:  19% (80/421)        remote: Counting objects:  20% (85/421)        remote: Counting objects:  21% (89/421)        remote: Counting objects:  22% (93/421)        remote: Counting objects:  23% (97/421)        remote: Counting objects:  24% (102/421)        remote: Counting objects:  25% (106/421)        remote: Counting objects:  26% (110/421)        remote: Counting objects:  27% (114/421)        remote: Counting objects:  28% (118/421)        remote: Counting objects:  29% (123/421)        remote: Counting objects:  30% (127/421)        remote: Counting objects:  31% (131/421)        remote: Counting objects:  32% (135/421)        remote: Counting objects:  33% (139/421)        remote: Counting objects:  34% (144/421)        remote: Counting objects:  35% (148/421)        remote: Counting objects:  36% (152/421)        remote: Counting objects:  37% (156/421)        remote: Counting objects:  38% (160/421)        remote: Counting objects:  39% (165/421)        remote: Counting objects:  40% (169/421)        remote: Counting objects:  41% (173/421)        remote: Counting objects:  42% (177/421)        remote: Counting objects:  43% (182/421)        remote: Counting objects:  44% (186/421)        remote: Counting objects:  45% (190/421)        remote: Counting objects:  46% (194/421)        remote: Counting objects:  47% (198/421)        remote: Counting objects:  48% (203/421)        remote: Counting objects:  49% (207/421)        remote: Counting objects:  50% (211/421)        remote: Counting objects:  51% (215/421)        remote: Counting objects:  52% (219/421)        remote: Counting objects:  53% (224/421)        remote: Counting objects:  54% (228/421)        remote: Counting objects:  55% (232/421)        remote: Counting objects:  56% (236/421)        remote: Counting objects:  57% (240/421)        remote: Counting objects:  58% (245/421)        remote: Counting objects:  59% (249/421)        remote: Counting objects:  60% (253/421)        remote: Counting objects:  61% (257/421)        remote: Counting objects:  62% (262/421)        remote: Counting objects:  63% (266/421)        remote: Counting objects:  64% (270/421)        remote: Counting objects:  65% (274/421)        remote: Counting objects:  66% (278/421)        remote: Counting objects:  67% (283/421)        remote: Counting objects:  68% (287/421)        remote: Counting objects:  69% (291/421)        remote: Counting objects:  70% (295/421)        remote: Counting objects:  71% (299/421)        remote: Counting objects:  72% (304/421)        remote: Counting objects:  73% (308/421)        remote: Counting objects:  74% (312/421)        remote: Counting objects:  75% (316/421)        remote: Counting objects:  76% (320/421)        remote: Counting objects:  77% (325/421)        remote: Counting objects:  78% (329/421)        remote: Counting objects:  79% (333/421)        remote: Counting objects:  80% (337/421)        remote: Counting objects:  81% (342/421)        remote: Counting objects:  82% (346/421)        remote: Counting objects:  83% (350/421)        remote: Counting objects:  84% (354/421)        remote: Counting objects:  85% (358/421)        remote: Counting objects:  86% (363/421)        remote: Counting objects:  87% (367/421)        remote: Counting objects:  88% (371/421)        remote: Counting objects:  89% (375/421)        remote: Counting objects:  90% (379/421)        remote: Counting objects:  91% (384/421)        remote: Counting objects:  92% (388/421)        remote: Counting objects:  93% (392/421)        remote: Counting objects:  94% (396/421)        remote: Counting objects:  95% (400/421)        remote: Counting objects:  96% (405/421)        remote: Counting objects:  97% (409/421)        remote: Counting objects:  98% (413/421)        remote: Counting objects:  99% (417/421)        remote: Counting objects: 100% (421/421)        remote: Counting objects: 100% (421/421), done.        
remote: Compressing objects:   0% (1/235)        remote: Compressing objects:   1% (3/235)        remote: Compressing objects:   2% (5/235)        remote: Compressing objects:   3% (8/235)        remote: Compressing objects:   4% (10/235)        remote: Compressing objects:   5% (12/235)        remote: Compressing objects:   6% (15/235)        remote: Compressing objects:   7% (17/235)        remote: Compressing objects:   8% (19/235)        remote: Compressing objects:   9% (22/235)        remote: Compressing objects:  10% (24/235)        remote: Compressing objects:  11% (26/235)        remote: Compressing objects:  12% (29/235)        remote: Compressing objects:  13% (31/235)        remote: Compressing objects:  14% (33/235)        remote: Compressing objects:  15% (36/235)        remote: Compressing objects:  16% (38/235)        remote: Compressing objects:  17% (40/235)        remote: Compressing objects:  18% (43/235)        remote: Compressing objects:  19% (45/235)        remote: Compressing objects:  20% (47/235)        remote: Compressing objects:  21% (50/235)        remote: Compressing objects:  22% (52/235)        remote: Compressing objects:  23% (55/235)        remote: Compressing objects:  24% (57/235)        remote: Compressing objects:  25% (59/235)        remote: Compressing objects:  26% (62/235)        remote: Compressing objects:  27% (64/235)        remote: Compressing objects:  28% (66/235)        remote: Compressing objects:  29% (69/235)        remote: Compressing objects:  30% (71/235)        remote: Compressing objects:  31% (73/235)        remote: Compressing objects:  32% (76/235)        remote: Compressing objects:  33% (78/235)        remote: Compressing objects:  34% (80/235)        remote: Compressing objects:  35% (83/235)        remote: Compressing objects:  36% (85/235)        remote: Compressing objects:  37% (87/235)        remote: Compressing objects:  38% (90/235)        remote: Compressing objects:  39% (92/235)        remote: Compressing objects:  40% (94/235)        remote: Compressing objects:  41% (97/235)        remote: Compressing objects:  42% (99/235)        remote: Compressing objects:  43% (102/235)        remote: Compressing objects:  44% (104/235)        remote: Compressing objects:  45% (106/235)        remote: Compressing objects:  46% (109/235)        remote: Compressing objects:  47% (111/235)        remote: Compressing objects:  48% (113/235)        remote: Compressing objects:  49% (116/235)        remote: Compressing objects:  50% (118/235)        remote: Compressing objects:  51% (120/235)        remote: Compressing objects:  52% (123/235)        remote: Compressing objects:  53% (125/235)        remote: Compressing objects:  54% (127/235)        remote: Compressing objects:  55% (130/235)        remote: Compressing objects:  56% (132/235)        remote: Compressing objects:  57% (134/235)        remote: Compressing objects:  58% (137/235)        remote: Compressing objects:  59% (139/235)        remote: Compressing objects:  60% (141/235)        remote: Compressing objects:  61% (144/235)        remote: Compressing objects:  62% (146/235)        remote: Compressing objects:  63% (149/235)        remote: Compressing objects:  64% (151/235)        remote: Compressing objects:  65% (153/235)        remote: Compressing objects:  66% (156/235)        remote: Compressing objects:  67% (158/235)        remote: Compressing objects:  68% (160/235)        remote: Compressing objects:  69% (163/235)        remote: Compressing objects:  70% (165/235)        remote: Compressing objects:  71% (167/235)        remote: Compressing objects:  72% (170/235)        remote: Compressing objects:  73% (172/235)        remote: Compressing objects:  74% (174/235)        remote: Compressing objects:  75% (177/235)        remote: Compressing objects:  76% (179/235)        remote: Compressing objects:  77% (181/235)        remote: Compressing objects:  78% (184/235)        remote: Compressing objects:  79% (186/235)        remote: Compressing objects:  80% (188/235)        remote: Compressing objects:  81% (191/235)        remote: Compressing objects:  82% (193/235)        remote: Compressing objects:  83% (196/235)        remote: Compressing objects:  84% (198/235)        remote: Compressing objects:  85% (200/235)        remote: Compressing objects:  86% (203/235)        remote: Compressing objects:  87% (205/235)        remote: Compressing objects:  88% (207/235)        remote: Compressing objects:  89% (210/235)        remote: Compressing objects:  90% (212/235)        remote: Compressing objects:  91% (214/235)        remote: Compressing objects:  92% (217/235)        remote: Compressing objects:  93% (219/235)        remote: Compressing objects:  94% (221/235)        remote: Compressing objects:  95% (224/235)        remote: Compressing objects:  96% (226/235)        remote: Compressing objects:  97% (228/235)        remote: Compressing objects:  98% (231/235)        remote: Compressing objects:  99% (233/235)        remote: Compressing objects: 100% (235/235)        remote: Compressing objects: 100% (235/235), done.        
Receiving objects:   0% (1/38287)Receiving objects:   1% (383/38287)Receiving objects:   2% (766/38287)Receiving objects:   3% (1149/38287)Receiving objects:   4% (1532/38287)Receiving objects:   5% (1915/38287)Receiving objects:   6% (2298/38287)Receiving objects:   7% (2681/38287)Receiving objects:   8% (3063/38287)Receiving objects:   9% (3446/38287)Receiving objects:  10% (3829/38287)Receiving objects:  11% (4212/38287)Receiving objects:  12% (4595/38287)Receiving objects:  13% (4978/38287)Receiving objects:  14% (5361/38287)Receiving objects:  15% (5744/38287)Receiving objects:  16% (6126/38287)Receiving objects:  17% (6509/38287)Receiving objects:  18% (6892/38287)Receiving objects:  19% (7275/38287)Receiving objects:  19% (7519/38287), 7.29 MiB | 11.33 MiB/sReceiving objects:  20% (7658/38287), 15.07 MiB | 13.19 MiB/sReceiving objects:  21% (8041/38287), 15.07 MiB | 13.19 MiB/sReceiving objects:  22% (8424/38287), 15.07 MiB | 13.19 MiB/sReceiving objects:  23% (8807/38287), 15.07 MiB | 13.19 MiB/sReceiving objects:  24% (9189/38287), 15.07 MiB | 13.19 MiB/sReceiving objects:  25% (9572/38287), 15.07 MiB | 13.19 MiB/sReceiving objects:  26% (9955/38287), 15.07 MiB | 13.19 MiB/sReceiving objects:  27% (10338/38287), 15.07 MiB | 13.19 MiB/sReceiving objects:  28% (10721/38287), 15.07 MiB | 13.19 MiB/sReceiving objects:  29% (11104/38287), 15.07 MiB | 13.19 MiB/sReceiving objects:  30% (11487/38287), 22.36 MiB | 12.64 MiB/sReceiving objects:  31% (11869/38287), 22.36 MiB | 12.64 MiB/sReceiving objects:  32% (12252/38287), 22.36 MiB | 12.64 MiB/sReceiving objects:  33% (12635/38287), 22.36 MiB | 12.64 MiB/sReceiving objects:  34% (13018/38287), 22.36 MiB | 12.64 MiB/sReceiving objects:  35% (13401/38287), 22.36 MiB | 12.64 MiB/sReceiving objects:  36% (13784/38287), 22.36 MiB | 12.64 MiB/sReceiving objects:  37% (14167/38287), 22.36 MiB | 12.64 MiB/sReceiving objects:  37% (14470/38287), 22.36 MiB | 12.64 MiB/sReceiving objects:  38% (14550/38287), 22.36 MiB | 12.64 MiB/sReceiving objects:  39% (14932/38287), 22.36 MiB | 12.64 MiB/sReceiving objects:  40% (15315/38287), 22.36 MiB | 12.64 MiB/sReceiving objects:  41% (15698/38287), 22.36 MiB | 12.64 MiB/sReceiving objects:  42% (16081/38287), 22.36 MiB | 12.64 MiB/sReceiving objects:  43% (16464/38287), 22.36 MiB | 12.64 MiB/sReceiving objects:  44% (16847/38287), 29.43 MiB | 12.97 MiB/sReceiving objects:  45% (17230/38287), 29.43 MiB | 12.97 MiB/sReceiving objects:  46% (17613/38287), 29.43 MiB | 12.97 MiB/sReceiving objects:  47% (17995/38287), 29.43 MiB | 12.97 MiB/sReceiving objects:  48% (18378/38287), 29.43 MiB | 12.97 MiB/sReceiving objects:  49% (18761/38287), 29.43 MiB | 12.97 MiB/sReceiving objects:  50% (19144/38287), 29.43 MiB | 12.97 MiB/sReceiving objects:  51% (19527/38287), 29.43 MiB | 12.97 MiB/sReceiving objects:  52% (19910/38287), 29.43 MiB | 12.97 MiB/sReceiving objects:  53% (20293/38287), 29.43 MiB | 12.97 MiB/sReceiving objects:  54% (20675/38287), 29.43 MiB | 12.97 MiB/sReceiving objects:  55% (21058/38287), 29.43 MiB | 12.97 MiB/sReceiving objects:  56% (21441/38287), 29.43 MiB | 12.97 MiB/sReceiving objects:  57% (21824/38287), 29.43 MiB | 12.97 MiB/sReceiving objects:  58% (22207/38287), 29.43 MiB | 12.97 MiB/sReceiving objects:  59% (22590/38287), 29.43 MiB | 12.97 MiB/sReceiving objects:  60% (22973/38287), 29.43 MiB | 12.97 MiB/sReceiving objects:  61% (23356/38287), 29.43 MiB | 12.97 MiB/sReceiving objects:  62% (23738/38287), 29.43 MiB | 12.97 MiB/sReceiving objects:  63% (24121/38287), 29.43 MiB | 12.97 MiB/sReceiving objects:  64% (24504/38287), 29.43 MiB | 12.97 MiB/sReceiving objects:  65% (24887/38287), 29.43 MiB | 12.97 MiB/sReceiving objects:  66% (25270/38287), 29.43 MiB | 12.97 MiB/sReceiving objects:  67% (25653/38287), 29.43 MiB | 12.97 MiB/sReceiving objects:  68% (26036/38287), 29.43 MiB | 12.97 MiB/sReceiving objects:  69% (26419/38287), 29.43 MiB | 12.97 MiB/sReceiving objects:  70% (26801/38287), 29.43 MiB | 12.97 MiB/sReceiving objects:  71% (27184/38287), 29.43 MiB | 12.97 MiB/sReceiving objects:  72% (27567/38287), 29.43 MiB | 12.97 MiB/sReceiving objects:  73% (27950/38287), 29.43 MiB | 12.97 MiB/sReceiving objects:  74% (28333/38287), 29.43 MiB | 12.97 MiB/sReceiving objects:  75% (28716/38287), 29.43 MiB | 12.97 MiB/sReceiving objects:  76% (29099/38287), 29.43 MiB | 12.97 MiB/sReceiving objects:  77% (29481/38287), 29.43 MiB | 12.97 MiB/sReceiving objects:  78% (29864/38287), 29.43 MiB | 12.97 MiB/sReceiving objects:  79% (30247/38287), 29.43 MiB | 12.97 MiB/sReceiving objects:  80% (30630/38287), 29.43 MiB | 12.97 MiB/sReceiving objects:  81% (31013/38287), 29.43 MiB | 12.97 MiB/sReceiving objects:  82% (31396/38287), 29.43 MiB | 12.97 MiB/sReceiving objects:  83% (31779/38287), 29.43 MiB | 12.97 MiB/sReceiving objects:  84% (32162/38287), 29.43 MiB | 12.97 MiB/sReceiving objects:  85% (32544/38287), 29.43 MiB | 12.97 MiB/sReceiving objects:  86% (32927/38287), 35.36 MiB | 12.20 MiB/sReceiving objects:  87% (33310/38287), 35.36 MiB | 12.20 MiB/sReceiving objects:  88% (33693/38287), 35.36 MiB | 12.20 MiB/sReceiving objects:  89% (34076/38287), 35.36 MiB | 12.20 MiB/sReceiving objects:  90% (34459/38287), 35.36 MiB | 12.20 MiB/sReceiving objects:  91% (34842/38287), 35.36 MiB | 12.20 MiB/sReceiving objects:  92% (35225/38287), 35.36 MiB | 12.20 MiB/sReceiving objects:  93% (35607/38287), 35.36 MiB | 12.20 MiB/sReceiving objects:  94% (35990/38287), 35.36 MiB | 12.20 MiB/sReceiving objects:  95% (36373/38287), 35.36 MiB | 12.20 MiB/sReceiving objects:  96% (36756/38287), 35.36 MiB | 12.20 MiB/sReceiving objects:  97% (37139/38287), 35.36 MiB | 12.20 MiB/sReceiving objects:  98% (37522/38287), 35.36 MiB | 12.20 MiB/sReceiving objects:  98% (37692/38287), 35.36 MiB | 12.20 MiB/sReceiving objects:  99% (37905/38287), 35.36 MiB | 12.20 MiB/sremote: Total 38287 (delta 339), reused 186 (delta 186), pack-reused 37866 (from 3)        
Receiving objects: 100% (38287/38287), 35.36 MiB | 12.20 MiB/sReceiving objects: 100% (38287/38287), 38.50 MiB | 12.28 MiB/s, done.
Resolving deltas:   0% (0/31364)Resolving deltas:   1% (314/31364)Resolving deltas:   2% (628/31364)Resolving deltas:   3% (941/31364)Resolving deltas:   4% (1255/31364)Resolving deltas:   5% (1569/31364)Resolving deltas:   6% (1882/31364)Resolving deltas:   7% (2196/31364)Resolving deltas:   8% (2510/31364)Resolving deltas:   9% (2823/31364)Resolving deltas:  10% (3137/31364)Resolving deltas:  11% (3451/31364)Resolving deltas:  12% (3764/31364)Resolving deltas:  13% (4078/31364)Resolving deltas:  14% (4391/31364)Resolving deltas:  15% (4705/31364)Resolving deltas:  16% (5019/31364)Resolving deltas:  17% (5332/31364)Resolving deltas:  18% (5646/31364)Resolving deltas:  19% (5960/31364)Resolving deltas:  20% (6273/31364)Resolving deltas:  21% (6587/31364)Resolving deltas:  22% (6901/31364)Resolving deltas:  23% (7214/31364)Resolving deltas:  24% (7528/31364)Resolving deltas:  25% (7841/31364)Resolving deltas:  26% (8155/31364)Resolving deltas:  27% (8469/31364)Resolving deltas:  28% (8782/31364)Resolving deltas:  29% (9096/31364)Resolving deltas:  30% (9410/31364)Resolving deltas:  31% (9723/31364)Resolving deltas:  32% (10037/31364)Resolving deltas:  33% (10351/31364)Resolving deltas:  34% (10664/31364)Resolving deltas:  35% (10978/31364)Resolving deltas:  36% (11292/31364)Resolving deltas:  37% (11605/31364)Resolving deltas:  38% (11919/31364)Resolving deltas:  39% (12232/31364)Resolving deltas:  40% (12546/31364)Resolving deltas:  41% (12860/31364)Resolving deltas:  42% (13173/31364)Resolving deltas:  43% (13487/31364)Resolving deltas:  44% (13801/31364)Resolving deltas:  45% (14114/31364)Resolving deltas:  46% (14428/31364)Resolving deltas:  47% (14742/31364)Resolving deltas:  48% (15055/31364)Resolving deltas:  49% (15369/31364)Resolving deltas:  50% (15682/31364)Resolving deltas:  51% (15996/31364)Resolving deltas:  52% (16310/31364)Resolving deltas:  53% (16623/31364)Resolving deltas:  54% (16937/31364)Resolving deltas:  55% (17251/31364)Resolving deltas:  56% (17564/31364)Resolving deltas:  57% (17878/31364)Resolving deltas:  58% (18192/31364)Resolving deltas:  59% (18505/31364)Resolving deltas:  60% (18819/31364)Resolving deltas:  61% (19133/31364)Resolving deltas:  62% (19446/31364)Resolving deltas:  63% (19760/31364)Resolving deltas:  64% (20073/31364)Resolving deltas:  65% (20387/31364)Resolving deltas:  66% (20701/31364)Resolving deltas:  67% (21014/31364)Resolving deltas:  68% (21328/31364)Resolving deltas:  69% (21642/31364)Resolving deltas:  70% (21955/31364)Resolving deltas:  71% (22269/31364)Resolving deltas:  72% (22583/31364)Resolving deltas:  73% (22896/31364)Resolving deltas:  74% (23210/31364)Resolving deltas:  75% (23523/31364)Resolving deltas:  76% (23837/31364)Resolving deltas:  77% (24151/31364)Resolving deltas:  78% (24464/31364)Resolving deltas:  79% (24778/31364)Resolving deltas:  80% (25092/31364)Resolving deltas:  81% (25405/31364)Resolving deltas:  82% (25719/31364)Resolving deltas:  83% (26033/31364)Resolving deltas:  84% (26346/31364)Resolving deltas:  85% (26660/31364)Resolving deltas:  86% (26974/31364)Resolving deltas:  87% (27287/31364)Resolving deltas:  88% (27601/31364)Resolving deltas:  89% (27914/31364)Resolving deltas:  90% (28228/31364)Resolving deltas:  91% (28542/31364)Resolving deltas:  92% (28855/31364)Resolving deltas:  93% (29169/31364)Resolving deltas:  94% (29483/31364)Resolving deltas:  95% (29796/31364)Resolving deltas:  96% (30110/31364)Resolving deltas:  97% (30424/31364)Resolving deltas:  98% (30737/31364)Resolving deltas:  99% (31051/31364)Resolving deltas: 100% (31364/31364)Resolving deltas: 100% (31364/31364), done.
Submodule 'third_party/brotli' (https://github.com/libsdl-org/brotli.git) registered for path 'third_party/brotli'
Submodule 'third_party/googletest' (https://github.com/google/googletest) registered for path 'third_party/googletest'
Submodule 'third_party/highway' (https://github.com/libsdl-org/highway.git) registered for path 'third_party/highway'
Submodule 'third_party/lcms' (https://github.com/mm2/Little-CMS) registered for path 'third_party/lcms'
Submodule 'third_party/lodepng' (https://github.com/lvandeve/lodepng) registered for path 'third_party/lodepng'
Submodule 'third_party/sjpeg' (https://github.com/webmproject/sjpeg.git) registered for path 'third_party/sjpeg'
Submodule 'third_party/skcms' (https://skia.googlesource.com/skcms) registered for path 'third_party/skcms'
Cloning into '/home/admin/openclaw/workspace/loan-assistant/.buildozer/android/platform/build-arm64-v8a_armeabi-v7a/build/bootstrap_builds/sdl2/jni/SDL2_image/external/libjxl/third_party/brotli'...
remote: Enumerating objects: 9041, done.        
remote: Counting objects:   3% (1/29)        remote: Counting objects:   6% (2/29)        remote: Counting objects:  10% (3/29)        remote: Counting objects:  13% (4/29)        remote: Counting objects:  17% (5/29)        remote: Counting objects:  20% (6/29)        remote: Counting objects:  24% (7/29)        remote: Counting objects:  27% (8/29)        remote: Counting objects:  31% (9/29)        remote: Counting objects:  34% (10/29)        remote: Counting objects:  37% (11/29)        remote: Counting objects:  41% (12/29)        remote: Counting objects:  44% (13/29)        remote: Counting objects:  48% (14/29)        remote: Counting objects:  51% (15/29)        remote: Counting objects:  55% (16/29)        remote: Counting objects:  58% (17/29)        remote: Counting objects:  62% (18/29)        remote: Counting objects:  65% (19/29)        remote: Counting objects:  68% (20/29)        remote: Counting objects:  72% (21/29)        remote: Counting objects:  75% (22/29)        remote: Counting objects:  79% (23/29)        remote: Counting objects:  82% (24/29)        remote: Counting objects:  86% (25/29)        remote: Counting objects:  89% (26/29)        remote: Counting objects:  93% (27/29)        remote: Counting objects:  96% (28/29)        remote: Counting objects: 100% (29/29)        remote: Counting objects: 100% (29/29), done.        
remote: Compressing objects:   6% (1/15)        remote: Compressing objects:  13% (2/15)        remote: Compressing objects:  20% (3/15)        remote: Compressing objects:  26% (4/15)        remote: Compressing objects:  33% (5/15)        remote: Compressing objects:  40% (6/15)        remote: Compressing objects:  46% (7/15)        remote: Compressing objects:  53% (8/15)        remote: Compressing objects:  60% (9/15)        remote: Compressing objects:  66% (10/15)        remote: Compressing objects:  73% (11/15)        remote: Compressing objects:  80% (12/15)        remote: Compressing objects:  86% (13/15)        remote: Compressing objects:  93% (14/15)        remote: Compressing objects: 100% (15/15)        remote: Compressing objects: 100% (15/15), done.        
Receiving objects:   0% (1/9041)Receiving objects:   1% (91/9041)Receiving objects:   2% (181/9041)Receiving objects:   3% (272/9041)Receiving objects:   4% (362/9041)Receiving objects:   5% (453/9041)Receiving objects:   6% (543/9041)Receiving objects:   7% (633/9041)Receiving objects:   8% (724/9041)Receiving objects:   9% (814/9041)Receiving objects:  10% (905/9041)Receiving objects:  11% (995/9041)Receiving objects:  12% (1085/9041)Receiving objects:  13% (1176/9041)Receiving objects:  14% (1266/9041)Receiving objects:  15% (1357/9041)Receiving objects:  16% (1447/9041)Receiving objects:  17% (1537/9041)Receiving objects:  18% (1628/9041)Receiving objects:  19% (1718/9041)Receiving objects:  20% (1809/9041)Receiving objects:  21% (1899/9041), 1.45 MiB | 2.27 MiB/sReceiving objects:  21% (1989/9041), 1.45 MiB | 2.27 MiB/sReceiving objects:  22% (1990/9041), 8.43 MiB | 7.42 MiB/sReceiving objects:  23% (2080/9041), 8.43 MiB | 7.42 MiB/sReceiving objects:  23% (2146/9041), 14.96 MiB | 8.78 MiB/sReceiving objects:  24% (2170/9041), 14.96 MiB | 8.78 MiB/sReceiving objects:  25% (2261/9041), 22.75 MiB | 10.25 MiB/sReceiving objects:  26% (2351/9041), 22.75 MiB | 10.25 MiB/sReceiving objects:  27% (2442/9041), 22.75 MiB | 10.25 MiB/sReceiving objects:  28% (2532/9041), 30.19 MiB | 10.88 MiB/sReceiving objects:  29% (2622/9041), 30.19 MiB | 10.88 MiB/sReceiving objects:  30% (2713/9041), 30.19 MiB | 10.88 MiB/sReceiving objects:  31% (2803/9041), 30.19 MiB | 10.88 MiB/sReceiving objects:  31% (2880/9041), 30.19 MiB | 10.88 MiB/sReceiving objects:  32% (2894/9041), 30.19 MiB | 10.88 MiB/sReceiving objects:  33% (2984/9041), 30.19 MiB | 10.88 MiB/sReceiving objects:  34% (3074/9041), 30.19 MiB | 10.88 MiB/sReceiving objects:  35% (3165/9041), 30.19 MiB | 10.88 MiB/sReceiving objects:  36% (3255/9041), 30.19 MiB | 10.88 MiB/sReceiving objects:  37% (3346/9041), 30.19 MiB | 10.88 MiB/sReceiving objects:  38% (3436/9041), 30.19 MiB | 10.88 MiB/sReceiving objects:  39% (3526/9041), 30.19 MiB | 10.88 MiB/sReceiving objects:  40% (3617/9041), 30.19 MiB | 10.88 MiB/sReceiving objects:  41% (3707/9041), 30.19 MiB | 10.88 MiB/sReceiving objects:  42% (3798/9041), 30.19 MiB | 10.88 MiB/sReceiving objects:  43% (3888/9041), 30.19 MiB | 10.88 MiB/sReceiving objects:  44% (3979/9041), 30.19 MiB | 10.88 MiB/sReceiving objects:  45% (4069/9041), 30.19 MiB | 10.88 MiB/sReceiving objects:  46% (4159/9041), 30.19 MiB | 10.88 MiB/sReceiving objects:  47% (4250/9041), 30.19 MiB | 10.88 MiB/sReceiving objects:  48% (4340/9041), 30.19 MiB | 10.88 MiB/sReceiving objects:  49% (4431/9041), 30.19 MiB | 10.88 MiB/sReceiving objects:  50% (4521/9041), 30.19 MiB | 10.88 MiB/sReceiving objects:  51% (4611/9041), 30.19 MiB | 10.88 MiB/sReceiving objects:  52% (4702/9041), 30.19 MiB | 10.88 MiB/sReceiving objects:  53% (4792/9041), 30.19 MiB | 10.88 MiB/sReceiving objects:  54% (4883/9041), 30.19 MiB | 10.88 MiB/sReceiving objects:  55% (4973/9041), 30.19 MiB | 10.88 MiB/sReceiving objects:  56% (5063/9041), 30.19 MiB | 10.88 MiB/sReceiving objects:  57% (5154/9041), 30.19 MiB | 10.88 MiB/sReceiving objects:  58% (5244/9041), 30.19 MiB | 10.88 MiB/sReceiving objects:  59% (5335/9041), 30.19 MiB | 10.88 MiB/sReceiving objects:  60% (5425/9041), 30.19 MiB | 10.88 MiB/sReceiving objects:  61% (5516/9041), 30.19 MiB | 10.88 MiB/sReceiving objects:  62% (5606/9041), 30.19 MiB | 10.88 MiB/sReceiving objects:  63% (5696/9041), 37.94 MiB | 11.58 MiB/sReceiving objects:  64% (5787/9041), 37.94 MiB | 11.58 MiB/sReceiving objects:  65% (5877/9041), 37.94 MiB | 11.58 MiB/sReceiving objects:  66% (5968/9041), 37.94 MiB | 11.58 MiB/sReceiving objects:  67% (6058/9041), 37.94 MiB | 11.58 MiB/sReceiving objects:  68% (6148/9041), 37.94 MiB | 11.58 MiB/sReceiving objects:  69% (6239/9041), 37.94 MiB | 11.58 MiB/sReceiving objects:  70% (6329/9041), 37.94 MiB | 11.58 MiB/sReceiving objects:  71% (6420/9041), 37.94 MiB | 11.58 MiB/sReceiving objects:  72% (6510/9041), 37.94 MiB | 11.58 MiB/sReceiving objects:  73% (6600/9041), 37.94 MiB | 11.58 MiB/sReceiving objects:  74% (6691/9041), 37.94 MiB | 11.58 MiB/sReceiving objects:  75% (6781/9041), 37.94 MiB | 11.58 MiB/sReceiving objects:  76% (6872/9041), 37.94 MiB | 11.58 MiB/sReceiving objects:  77% (6962/9041), 37.94 MiB | 11.58 MiB/sReceiving objects:  78% (7052/9041), 37.94 MiB | 11.58 MiB/sReceiving objects:  79% (7143/9041), 37.94 MiB | 11.58 MiB/sReceiving objects:  80% (7233/9041), 37.94 MiB | 11.58 MiB/sReceiving objects:  81% (7324/9041), 37.94 MiB | 11.58 MiB/sReceiving objects:  82% (7414/9041), 37.94 MiB | 11.58 MiB/sReceiving objects:  83% (7505/9041), 37.94 MiB | 11.58 MiB/sReceiving objects:  84% (7595/9041), 37.94 MiB | 11.58 MiB/sReceiving objects:  85% (7685/9041), 37.94 MiB | 11.58 MiB/sReceiving objects:  86% (7776/9041), 37.94 MiB | 11.58 MiB/sReceiving objects:  87% (7866/9041), 37.94 MiB | 11.58 MiB/sReceiving objects:  88% (7957/9041), 37.94 MiB | 11.58 MiB/sReceiving objects:  89% (8047/9041), 37.94 MiB | 11.58 MiB/sReceiving objects:  90% (8137/9041), 37.94 MiB | 11.58 MiB/sReceiving objects:  91% (8228/9041), 37.94 MiB | 11.58 MiB/sReceiving objects:  92% (8318/9041), 37.94 MiB | 11.58 MiB/sReceiving objects:  93% (8409/9041), 37.94 MiB | 11.58 MiB/sReceiving objects:  94% (8499/9041), 37.94 MiB | 11.58 MiB/sReceiving objects:  95% (8589/9041), 37.94 MiB | 11.58 MiB/sReceiving objects:  96% (8680/9041), 37.94 MiB | 11.58 MiB/sReceiving objects:  97% (8770/9041), 37.94 MiB | 11.58 MiB/sReceiving objects:  98% (8861/9041), 37.94 MiB | 11.58 MiB/sReceiving objects:  99% (8951/9041), 37.94 MiB | 11.58 MiB/sremote: Total 9041 (delta 18), reused 14 (delta 14), pack-reused 9012 (from 2)        
Receiving objects: 100% (9041/9041), 37.94 MiB | 11.58 MiB/sReceiving objects: 100% (9041/9041), 41.58 MiB | 11.82 MiB/s, done.
Resolving deltas:   0% (0/5906)Resolving deltas:   1% (60/5906)Resolving deltas:   2% (119/5906)Resolving deltas:   3% (178/5906)Resolving deltas:   4% (237/5906)Resolving deltas:   5% (296/5906)Resolving deltas:   6% (355/5906)Resolving deltas:   7% (414/5906)Resolving deltas:   8% (473/5906)Resolving deltas:   9% (532/5906)Resolving deltas:  10% (591/5906)Resolving deltas:  11% (650/5906)Resolving deltas:  12% (709/5906)Resolving deltas:  13% (768/5906)Resolving deltas:  14% (827/5906)Resolving deltas:  15% (886/5906)Resolving deltas:  16% (945/5906)Resolving deltas:  17% (1005/5906)Resolving deltas:  18% (1064/5906)Resolving deltas:  19% (1123/5906)Resolving deltas:  20% (1182/5906)Resolving deltas:  21% (1241/5906)Resolving deltas:  22% (1300/5906)Resolving deltas:  23% (1359/5906)Resolving deltas:  24% (1418/5906)Resolving deltas:  25% (1477/5906)Resolving deltas:  26% (1536/5906)Resolving deltas:  27% (1595/5906)Resolving deltas:  28% (1654/5906)Resolving deltas:  29% (1713/5906)Resolving deltas:  30% (1772/5906)Resolving deltas:  31% (1831/5906)Resolving deltas:  32% (1890/5906)Resolving deltas:  33% (1949/5906)Resolving deltas:  34% (2009/5906)Resolving deltas:  35% (2068/5906)Resolving deltas:  36% (2127/5906)Resolving deltas:  37% (2186/5906)Resolving deltas:  38% (2245/5906)Resolving deltas:  39% (2304/5906)Resolving deltas:  40% (2363/5906)Resolving deltas:  41% (2422/5906)Resolving deltas:  42% (2481/5906)Resolving deltas:  43% (2540/5906)Resolving deltas:  44% (2599/5906)Resolving deltas:  45% (2658/5906)Resolving deltas:  46% (2717/5906)Resolving deltas:  47% (2776/5906)Resolving deltas:  48% (2835/5906)Resolving deltas:  49% (2894/5906)Resolving deltas:  50% (2953/5906)Resolving deltas:  51% (3013/5906)Resolving deltas:  52% (3072/5906)Resolving deltas:  53% (3131/5906)Resolving deltas:  54% (3190/5906)Resolving deltas:  55% (3249/5906)Resolving deltas:  56% (3308/5906)Resolving deltas:  57% (3367/5906)Resolving deltas:  58% (3426/5906)Resolving deltas:  59% (3485/5906)Resolving deltas:  60% (3544/5906)Resolving deltas:  61% (3603/5906)Resolving deltas:  62% (3662/5906)Resolving deltas:  63% (3721/5906)Resolving deltas:  64% (3780/5906)Resolving deltas:  65% (3839/5906)Resolving deltas:  66% (3898/5906)Resolving deltas:  67% (3958/5906)Resolving deltas:  68% (4017/5906)Resolving deltas:  69% (4076/5906)Resolving deltas:  70% (4135/5906)Resolving deltas:  71% (4194/5906)Resolving deltas:  72% (4253/5906)Resolving deltas:  73% (4312/5906)Resolving deltas:  74% (4371/5906)Resolving deltas:  75% (4430/5906)Resolving deltas:  76% (4489/5906)Resolving deltas:  77% (4548/5906)Resolving deltas:  78% (4607/5906)Resolving deltas:  79% (4666/5906)Resolving deltas:  80% (4725/5906)Resolving deltas:  81% (4784/5906)Resolving deltas:  82% (4843/5906)Resolving deltas:  83% (4902/5906)Resolving deltas:  84% (4962/5906)Resolving deltas:  85% (5021/5906)Resolving deltas:  86% (5080/5906)Resolving deltas:  87% (5139/5906)Resolving deltas:  88% (5198/5906)Resolving deltas:  89% (5257/5906)Resolving deltas:  90% (5316/5906)Resolving deltas:  91% (5375/5906)Resolving deltas:  92% (5434/5906)Resolving deltas:  93% (5493/5906)Resolving deltas:  94% (5552/5906)Resolving deltas:  95% (5611/5906)Resolving deltas:  96% (5670/5906)Resolving deltas:  97% (5729/5906)Resolving deltas:  98% (5788/5906)Resolving deltas:  99% (5847/5906)Resolving deltas: 100% (5906/5906)Resolving deltas: 100% (5906/5906), done.
Cloning into '/home/admin/openclaw/workspace/loan-assistant/.buildozer/android/platform/build-arm64-v8a_armeabi-v7a/build/bootstrap_builds/sdl2/jni/SDL2_image/external/libjxl/third_party/googletest'...
remote: Enumerating objects: 28606, done.        
remote: Counting objects:   3% (1/33)        remote: Counting objects:   6% (2/33)        remote: Counting objects:   9% (3/33)        remote: Counting objects:  12% (4/33)        remote: Counting objects:  15% (5/33)        remote: Counting objects:  18% (6/33)        remote: Counting objects:  21% (7/33)        remote: Counting objects:  24% (8/33)        remote: Counting objects:  27% (9/33)        remote: Counting objects:  30% (10/33)        remote: Counting objects:  33% (11/33)        remote: Counting objects:  36% (12/33)        remote: Counting objects:  39% (13/33)        remote: Counting objects:  42% (14/33)        remote: Counting objects:  45% (15/33)        remote: Counting objects:  48% (16/33)        remote: Counting objects:  51% (17/33)        remote: Counting objects:  54% (18/33)        remote: Counting objects:  57% (19/33)        remote: Counting objects:  60% (20/33)        remote: Counting objects:  63% (21/33)        remote: Counting objects:  66% (22/33)        remote: Counting objects:  69% (23/33)        remote: Counting objects:  72% (24/33)        remote: Counting objects:  75% (25/33)        remote: Counting objects:  78% (26/33)        remote: Counting objects:  81% (27/33)        remote: Counting objects:  84% (28/33)        remote: Counting objects:  87% (29/33)        remote: Counting objects:  90% (30/33)        remote: Counting objects:  93% (31/33)        remote: Counting objects:  96% (32/33)        remote: Counting objects: 100% (33/33)        remote: Counting objects: 100% (33/33), done.        
remote: Compressing objects:   3% (1/28)        remote: Compressing objects:   7% (2/28)        remote: Compressing objects:  10% (3/28)        remote: Compressing objects:  14% (4/28)        remote: Compressing objects:  17% (5/28)        remote: Compressing objects:  21% (6/28)        remote: Compressing objects:  25% (7/28)        remote: Compressing objects:  28% (8/28)        remote: Compressing objects:  32% (9/28)        remote: Compressing objects:  35% (10/28)        remote: Compressing objects:  39% (11/28)        remote: Compressing objects:  42% (12/28)        remote: Compressing objects:  46% (13/28)        remote: Compressing objects:  50% (14/28)        remote: Compressing objects:  53% (15/28)        remote: Compressing objects:  57% (16/28)        remote: Compressing objects:  60% (17/28)        remote: Compressing objects:  64% (18/28)        remote: Compressing objects:  67% (19/28)        remote: Compressing objects:  71% (20/28)        remote: Compressing objects:  75% (21/28)        remote: Compressing objects:  78% (22/28)        remote: Compressing objects:  82% (23/28)        remote: Compressing objects:  85% (24/28)        remote: Compressing objects:  89% (25/28)        remote: Compressing objects:  92% (26/28)        remote: Compressing objects:  96% (27/28)        remote: Compressing objects: 100% (28/28)        remote: Compressing objects: 100% (28/28), done.        
Receiving objects:   0% (1/28606)Receiving objects:   1% (287/28606)Receiving objects:   2% (573/28606)Receiving objects:   3% (859/28606)Receiving objects:   4% (1145/28606)Receiving objects:   5% (1431/28606)Receiving objects:   6% (1717/28606)Receiving objects:   7% (2003/28606), 588.01 KiB | 902.00 KiB/sReceiving objects:   8% (2289/28606), 588.01 KiB | 902.00 KiB/sReceiving objects:   9% (2575/28606), 588.01 KiB | 902.00 KiB/sReceiving objects:  10% (2861/28606), 588.01 KiB | 902.00 KiB/sReceiving objects:  11% (3147/28606), 588.01 KiB | 902.00 KiB/sReceiving objects:  12% (3433/28606), 588.01 KiB | 902.00 KiB/sReceiving objects:  13% (3719/28606), 588.01 KiB | 902.00 KiB/sReceiving objects:  14% (4005/28606), 588.01 KiB | 902.00 KiB/sReceiving objects:  15% (4291/28606), 588.01 KiB | 902.00 KiB/sReceiving objects:  16% (4577/28606), 588.01 KiB | 902.00 KiB/sReceiving objects:  17% (4864/28606), 588.01 KiB | 902.00 KiB/sReceiving objects:  17% (5100/28606), 588.01 KiB | 902.00 KiB/sReceiving objects:  18% (5150/28606), 588.01 KiB | 902.00 KiB/sReceiving objects:  19% (5436/28606), 588.01 KiB | 902.00 KiB/sReceiving objects:  20% (5722/28606), 3.17 MiB | 2.77 MiB/s    Receiving objects:  21% (6008/28606), 3.17 MiB | 2.77 MiB/sReceiving objects:  22% (6294/28606), 3.17 MiB | 2.77 MiB/sReceiving objects:  23% (6580/28606), 3.17 MiB | 2.77 MiB/sReceiving objects:  24% (6866/28606), 3.17 MiB | 2.77 MiB/sReceiving objects:  25% (7152/28606), 3.17 MiB | 2.77 MiB/sReceiving objects:  26% (7438/28606), 3.17 MiB | 2.77 MiB/sReceiving objects:  27% (7724/28606), 3.17 MiB | 2.77 MiB/sReceiving objects:  28% (8010/28606), 3.17 MiB | 2.77 MiB/sReceiving objects:  29% (8296/28606), 3.17 MiB | 2.77 MiB/sReceiving objects:  30% (8582/28606), 3.17 MiB | 2.77 MiB/sReceiving objects:  31% (8868/28606), 3.17 MiB | 2.77 MiB/sReceiving objects:  32% (9154/28606), 3.17 MiB | 2.77 MiB/sReceiving objects:  33% (9440/28606), 3.17 MiB | 2.77 MiB/sReceiving objects:  34% (9727/28606), 3.17 MiB | 2.77 MiB/sReceiving objects:  35% (10013/28606), 3.17 MiB | 2.77 MiB/sReceiving objects:  36% (10299/28606), 3.17 MiB | 2.77 MiB/sReceiving objects:  37% (10585/28606), 3.17 MiB | 2.77 MiB/sReceiving objects:  38% (10871/28606), 3.17 MiB | 2.77 MiB/sReceiving objects:  39% (11157/28606), 3.17 MiB | 2.77 MiB/sReceiving objects:  40% (11443/28606), 3.17 MiB | 2.77 MiB/sReceiving objects:  41% (11729/28606), 3.17 MiB | 2.77 MiB/sReceiving objects:  42% (12015/28606), 3.17 MiB | 2.77 MiB/sReceiving objects:  43% (12301/28606), 3.17 MiB | 2.77 MiB/sReceiving objects:  44% (12587/28606), 3.17 MiB | 2.77 MiB/sReceiving objects:  45% (12873/28606), 3.17 MiB | 2.77 MiB/sReceiving objects:  46% (13159/28606), 3.17 MiB | 2.77 MiB/sReceiving objects:  47% (13445/28606), 3.17 MiB | 2.77 MiB/sReceiving objects:  48% (13731/28606), 3.17 MiB | 2.77 MiB/sReceiving objects:  49% (14017/28606), 3.17 MiB | 2.77 MiB/sReceiving objects:  50% (14303/28606), 3.17 MiB | 2.77 MiB/sReceiving objects:  51% (14590/28606), 3.17 MiB | 2.77 MiB/sReceiving objects:  52% (14876/28606), 10.36 MiB | 6.30 MiB/sReceiving objects:  53% (15162/28606), 10.36 MiB | 6.30 MiB/sReceiving objects:  54% (15448/28606), 10.36 MiB | 6.30 MiB/sReceiving objects:  55% (15734/28606), 10.36 MiB | 6.30 MiB/sReceiving objects:  56% (16020/28606), 10.36 MiB | 6.30 MiB/sReceiving objects:  57% (16306/28606), 10.36 MiB | 6.30 MiB/sReceiving objects:  58% (16592/28606), 10.36 MiB | 6.30 MiB/sReceiving objects:  59% (16878/28606), 10.36 MiB | 6.30 MiB/sReceiving objects:  60% (17164/28606), 10.36 MiB | 6.30 MiB/sReceiving objects:  61% (17450/28606), 10.36 MiB | 6.30 MiB/sReceiving objects:  62% (17736/28606), 10.36 MiB | 6.30 MiB/sReceiving objects:  63% (18022/28606), 10.36 MiB | 6.30 MiB/sReceiving objects:  64% (18308/28606), 10.36 MiB | 6.30 MiB/sReceiving objects:  65% (18594/28606), 10.36 MiB | 6.30 MiB/sReceiving objects:  66% (18880/28606), 10.36 MiB | 6.30 MiB/sReceiving objects:  67% (19167/28606), 10.36 MiB | 6.30 MiB/sReceiving objects:  68% (19453/28606), 10.36 MiB | 6.30 MiB/sReceiving objects:  69% (19739/28606), 10.36 MiB | 6.30 MiB/sReceiving objects:  70% (20025/28606), 10.36 MiB | 6.30 MiB/sReceiving objects:  71% (20311/28606), 10.36 MiB | 6.30 MiB/sReceiving objects:  72% (20597/28606), 10.36 MiB | 6.30 MiB/sReceiving objects:  73% (20883/28606), 10.36 MiB | 6.30 MiB/sReceiving objects:  74% (21169/28606), 10.36 MiB | 6.30 MiB/sReceiving objects:  75% (21455/28606), 10.36 MiB | 6.30 MiB/sReceiving objects:  76% (21741/28606), 10.36 MiB | 6.30 MiB/sReceiving objects:  77% (22027/28606), 10.36 MiB | 6.30 MiB/sReceiving objects:  78% (22313/28606), 10.36 MiB | 6.30 MiB/sReceiving objects:  79% (22599/28606), 10.36 MiB | 6.30 MiB/sReceiving objects:  80% (22885/28606), 10.36 MiB | 6.30 MiB/sReceiving objects:  81% (23171/28606), 10.36 MiB | 6.30 MiB/sReceiving objects:  82% (23457/28606), 10.36 MiB | 6.30 MiB/sReceiving objects:  83% (23743/28606), 10.36 MiB | 6.30 MiB/sReceiving objects:  84% (24030/28606), 10.36 MiB | 6.30 MiB/sReceiving objects:  85% (24316/28606), 10.36 MiB | 6.30 MiB/sReceiving objects:  86% (24602/28606), 10.36 MiB | 6.30 MiB/sReceiving objects:  87% (24888/28606), 10.36 MiB | 6.30 MiB/sReceiving objects:  88% (25174/28606), 10.36 MiB | 6.30 MiB/sReceiving objects:  89% (25460/28606), 10.36 MiB | 6.30 MiB/sReceiving objects:  90% (25746/28606), 10.36 MiB | 6.30 MiB/sReceiving objects:  91% (26032/28606), 10.36 MiB | 6.30 MiB/sReceiving objects:  92% (26318/28606), 10.36 MiB | 6.30 MiB/sReceiving objects:  93% (26604/28606), 10.36 MiB | 6.30 MiB/sReceiving objects:  94% (26890/28606), 10.36 MiB | 6.30 MiB/sReceiving objects:  95% (27176/28606), 10.36 MiB | 6.30 MiB/sReceiving objects:  96% (27462/28606), 10.36 MiB | 6.30 MiB/sReceiving objects:  97% (27748/28606), 10.36 MiB | 6.30 MiB/sReceiving objects:  98% (28034/28606), 10.36 MiB | 6.30 MiB/sReceiving objects:  99% (28320/28606), 10.36 MiB | 6.30 MiB/sremote: Total 28606 (delta 16), reused 5 (delta 5), pack-reused 28573 (from 3)        
Receiving objects: 100% (28606/28606), 10.36 MiB | 6.30 MiB/sReceiving objects: 100% (28606/28606), 13.65 MiB | 7.29 MiB/s, done.
Resolving deltas:   0% (0/21258)Resolving deltas:   1% (213/21258)Resolving deltas:   2% (426/21258)Resolving deltas:   3% (638/21258)Resolving deltas:   4% (851/21258)Resolving deltas:   5% (1063/21258)Resolving deltas:   6% (1276/21258)Resolving deltas:   7% (1489/21258)Resolving deltas:   8% (1701/21258)Resolving deltas:   9% (1914/21258)Resolving deltas:  10% (2126/21258)Resolving deltas:  11% (2339/21258)Resolving deltas:  12% (2551/21258)Resolving deltas:  13% (2764/21258)Resolving deltas:  14% (2977/21258)Resolving deltas:  15% (3189/21258)Resolving deltas:  16% (3402/21258)Resolving deltas:  17% (3614/21258)Resolving deltas:  18% (3827/21258)Resolving deltas:  19% (4040/21258)Resolving deltas:  20% (4252/21258)Resolving deltas:  21% (4465/21258)Resolving deltas:  22% (4677/21258)Resolving deltas:  23% (4890/21258)Resolving deltas:  24% (5102/21258)Resolving deltas:  25% (5315/21258)Resolving deltas:  26% (5528/21258)Resolving deltas:  27% (5740/21258)Resolving deltas:  28% (5953/21258)Resolving deltas:  29% (6165/21258)Resolving deltas:  30% (6378/21258)Resolving deltas:  31% (6590/21258)Resolving deltas:  32% (6803/21258)Resolving deltas:  33% (7016/21258)Resolving deltas:  34% (7228/21258)Resolving deltas:  35% (7441/21258)Resolving deltas:  36% (7653/21258)Resolving deltas:  37% (7866/21258)Resolving deltas:  38% (8079/21258)Resolving deltas:  39% (8291/21258)Resolving deltas:  40% (8504/21258)Resolving deltas:  41% (8716/21258)Resolving deltas:  42% (8929/21258)Resolving deltas:  43% (9141/21258)Resolving deltas:  44% (9354/21258)Resolving deltas:  45% (9567/21258)Resolving deltas:  46% (9779/21258)Resolving deltas:  47% (9992/21258)Resolving deltas:  48% (10204/21258)Resolving deltas:  49% (10417/21258)Resolving deltas:  50% (10629/21258)Resolving deltas:  51% (10842/21258)Resolving deltas:  52% (11055/21258)Resolving deltas:  53% (11267/21258)Resolving deltas:  54% (11480/21258)Resolving deltas:  55% (11692/21258)Resolving deltas:  56% (11905/21258)Resolving deltas:  57% (12118/21258)Resolving deltas:  58% (12330/21258)Resolving deltas:  59% (12543/21258)Resolving deltas:  60% (12755/21258)Resolving deltas:  61% (12968/21258)Resolving deltas:  62% (13180/21258)Resolving deltas:  63% (13393/21258)Resolving deltas:  64% (13606/21258)Resolving deltas:  65% (13818/21258)Resolving deltas:  66% (14031/21258)Resolving deltas:  67% (14243/21258)Resolving deltas:  68% (14456/21258)Resolving deltas:  69% (14670/21258)Resolving deltas:  70% (14881/21258)Resolving deltas:  71% (15094/21258)Resolving deltas:  72% (15306/21258)Resolving deltas:  73% (15519/21258)Resolving deltas:  74% (15731/21258)Resolving deltas:  75% (15944/21258)Resolving deltas:  76% (16157/21258)Resolving deltas:  77% (16369/21258)Resolving deltas:  78% (16582/21258)Resolving deltas:  79% (16794/21258)Resolving deltas:  80% (17007/21258)Resolving deltas:  81% (17219/21258)Resolving deltas:  82% (17432/21258)Resolving deltas:  83% (17646/21258)Resolving deltas:  84% (17857/21258)Resolving deltas:  85% (18070/21258)Resolving deltas:  86% (18282/21258)Resolving deltas:  87% (18495/21258)Resolving deltas:  88% (18708/21258)Resolving deltas:  89% (18920/21258)Resolving deltas:  90% (19133/21258)Resolving deltas:  91% (19345/21258)Resolving deltas:  92% (19558/21258)Resolving deltas:  93% (19770/21258)Resolving deltas:  94% (19983/21258)Resolving deltas:  95% (20196/21258)Resolving deltas:  96% (20408/21258)Resolving deltas:  97% (20621/21258)Resolving deltas:  98% (20833/21258)Resolving deltas:  99% (21046/21258)Resolving deltas: 100% (21258/21258)Resolving deltas: 100% (21258/21258), done.
Cloning into '/home/admin/openclaw/workspace/loan-assistant/.buildozer/android/platform/build-arm64-v8a_armeabi-v7a/build/bootstrap_builds/sdl2/jni/SDL2_image/external/libjxl/third_party/highway'...
remote: Enumerating objects: 22425, done.        
remote: Counting objects:  12% (1/8)        remote: Counting objects:  25% (2/8)        remote: Counting objects:  37% (3/8)        remote: Counting objects:  50% (4/8)        remote: Counting objects:  62% (5/8)        remote: Counting objects:  75% (6/8)        remote: Counting objects:  87% (7/8)        remote: Counting objects: 100% (8/8)        remote: Counting objects: 100% (8/8), done.        
remote: Compressing objects:  14% (1/7)        remote: Compressing objects:  28% (2/7)        remote: Compressing objects:  42% (3/7)        remote: Compressing objects:  57% (4/7)        remote: Compressing objects:  71% (5/7)        remote: Compressing objects:  85% (6/7)        remote: Compressing objects: 100% (7/7)        remote: Compressing objects: 100% (7/7), done.        
Receiving objects:   0% (1/22425)Receiving objects:   1% (225/22425)Receiving objects:   2% (449/22425)Receiving objects:   3% (673/22425)Receiving objects:   4% (897/22425)Receiving objects:   5% (1122/22425)Receiving objects:   6% (1346/22425)Receiving objects:   7% (1570/22425)Receiving objects:   8% (1794/22425)Receiving objects:   9% (2019/22425)Receiving objects:  10% (2243/22425)Receiving objects:  11% (2467/22425)Receiving objects:  12% (2691/22425)Receiving objects:  13% (2916/22425)Receiving objects:  14% (3140/22425)Receiving objects:  15% (3364/22425)Receiving objects:  16% (3588/22425)Receiving objects:  17% (3813/22425)Receiving objects:  18% (4037/22425)Receiving objects:  19% (4261/22425)Receiving objects:  20% (4485/22425)Receiving objects:  21% (4710/22425), 7.76 MiB | 15.51 MiB/sReceiving objects:  22% (4934/22425), 7.76 MiB | 15.51 MiB/sReceiving objects:  23% (5158/22425), 7.76 MiB | 15.51 MiB/sReceiving objects:  24% (5382/22425), 7.76 MiB | 15.51 MiB/sReceiving objects:  25% (5607/22425), 7.76 MiB | 15.51 MiB/sReceiving objects:  26% (5831/22425), 7.76 MiB | 15.51 MiB/sReceiving objects:  27% (6055/22425), 7.76 MiB | 15.51 MiB/sReceiving objects:  28% (6279/22425), 7.76 MiB | 15.51 MiB/sReceiving objects:  29% (6504/22425), 7.76 MiB | 15.51 MiB/sReceiving objects:  30% (6728/22425), 7.76 MiB | 15.51 MiB/sReceiving objects:  31% (6952/22425), 7.76 MiB | 15.51 MiB/sReceiving objects:  32% (7176/22425), 7.76 MiB | 15.51 MiB/sReceiving objects:  33% (7401/22425), 7.76 MiB | 15.51 MiB/sReceiving objects:  34% (7625/22425), 7.76 MiB | 15.51 MiB/sReceiving objects:  35% (7849/22425), 7.76 MiB | 15.51 MiB/sReceiving objects:  36% (8073/22425), 7.76 MiB | 15.51 MiB/sReceiving objects:  36% (8181/22425), 16.10 MiB | 15.20 MiB/sReceiving objects:  37% (8298/22425), 16.10 MiB | 15.20 MiB/sReceiving objects:  38% (8522/22425), 16.10 MiB | 15.20 MiB/sReceiving objects:  39% (8746/22425), 16.10 MiB | 15.20 MiB/sReceiving objects:  40% (8970/22425), 16.10 MiB | 15.20 MiB/sReceiving objects:  41% (9195/22425), 16.10 MiB | 15.20 MiB/sReceiving objects:  42% (9419/22425), 16.10 MiB | 15.20 MiB/sReceiving objects:  43% (9643/22425), 16.10 MiB | 15.20 MiB/sReceiving objects:  44% (9867/22425), 16.10 MiB | 15.20 MiB/sReceiving objects:  45% (10092/22425), 16.10 MiB | 15.20 MiB/sReceiving objects:  46% (10316/22425), 16.10 MiB | 15.20 MiB/sReceiving objects:  47% (10540/22425), 16.10 MiB | 15.20 MiB/sReceiving objects:  48% (10764/22425), 16.10 MiB | 15.20 MiB/sReceiving objects:  49% (10989/22425), 16.10 MiB | 15.20 MiB/sReceiving objects:  50% (11213/22425), 16.10 MiB | 15.20 MiB/sReceiving objects:  51% (11437/22425), 16.10 MiB | 15.20 MiB/sReceiving objects:  52% (11661/22425), 16.10 MiB | 15.20 MiB/sReceiving objects:  53% (11886/22425), 16.10 MiB | 15.20 MiB/sReceiving objects:  54% (12110/22425), 16.10 MiB | 15.20 MiB/sReceiving objects:  55% (12334/22425), 16.10 MiB | 15.20 MiB/sReceiving objects:  56% (12558/22425), 16.10 MiB | 15.20 MiB/sReceiving objects:  57% (12783/22425), 16.10 MiB | 15.20 MiB/sReceiving objects:  58% (13007/22425), 16.10 MiB | 15.20 MiB/sReceiving objects:  59% (13231/22425), 16.10 MiB | 15.20 MiB/sReceiving objects:  60% (13455/22425), 16.10 MiB | 15.20 MiB/sReceiving objects:  61% (13680/22425), 16.10 MiB | 15.20 MiB/sReceiving objects:  62% (13904/22425), 16.10 MiB | 15.20 MiB/sReceiving objects:  63% (14128/22425), 16.10 MiB | 15.20 MiB/sReceiving objects:  64% (14352/22425), 16.10 MiB | 15.20 MiB/sReceiving objects:  65% (14577/22425), 16.10 MiB | 15.20 MiB/sReceiving objects:  66% (14801/22425), 16.10 MiB | 15.20 MiB/sReceiving objects:  67% (15025/22425), 16.10 MiB | 15.20 MiB/sReceiving objects:  68% (15249/22425), 16.10 MiB | 15.20 MiB/sReceiving objects:  69% (15474/22425), 16.10 MiB | 15.20 MiB/sReceiving objects:  70% (15698/22425), 16.10 MiB | 15.20 MiB/sReceiving objects:  71% (15922/22425), 16.10 MiB | 15.20 MiB/sReceiving objects:  72% (16146/22425), 16.10 MiB | 15.20 MiB/sReceiving objects:  73% (16371/22425), 16.10 MiB | 15.20 MiB/sReceiving objects:  74% (16595/22425), 16.10 MiB | 15.20 MiB/sReceiving objects:  75% (16819/22425), 16.10 MiB | 15.20 MiB/sReceiving objects:  76% (17043/22425), 16.10 MiB | 15.20 MiB/sReceiving objects:  77% (17268/22425), 16.10 MiB | 15.20 MiB/sReceiving objects:  78% (17492/22425), 16.10 MiB | 15.20 MiB/sReceiving objects:  79% (17716/22425), 16.10 MiB | 15.20 MiB/sReceiving objects:  80% (17940/22425), 16.10 MiB | 15.20 MiB/sReceiving objects:  81% (18165/22425), 24.74 MiB | 15.87 MiB/sReceiving objects:  82% (18389/22425), 24.74 MiB | 15.87 MiB/sReceiving objects:  83% (18613/22425), 24.74 MiB | 15.87 MiB/sReceiving objects:  84% (18837/22425), 24.74 MiB | 15.87 MiB/sReceiving objects:  85% (19062/22425), 24.74 MiB | 15.87 MiB/sReceiving objects:  86% (19286/22425), 24.74 MiB | 15.87 MiB/sReceiving objects:  87% (19510/22425), 24.74 MiB | 15.87 MiB/sReceiving objects:  88% (19734/22425), 24.74 MiB | 15.87 MiB/sReceiving objects:  89% (19959/22425), 24.74 MiB | 15.87 MiB/sReceiving objects:  90% (20183/22425), 24.74 MiB | 15.87 MiB/sReceiving objects:  91% (20407/22425), 24.74 MiB | 15.87 MiB/sReceiving objects:  92% (20631/22425), 24.74 MiB | 15.87 MiB/sReceiving objects:  93% (20856/22425), 24.74 MiB | 15.87 MiB/sReceiving objects:  94% (21080/22425), 24.74 MiB | 15.87 MiB/sReceiving objects:  95% (21304/22425), 24.74 MiB | 15.87 MiB/sReceiving objects:  96% (21528/22425), 24.74 MiB | 15.87 MiB/sReceiving objects:  97% (21753/22425), 24.74 MiB | 15.87 MiB/sReceiving objects:  98% (21977/22425), 24.74 MiB | 15.87 MiB/sReceiving objects:  99% (22201/22425), 24.74 MiB | 15.87 MiB/sremote: Total 22425 (delta 2), reused 1 (delta 1), pack-reused 22417 (from 2)        
Receiving objects: 100% (22425/22425), 24.74 MiB | 15.87 MiB/sReceiving objects: 100% (22425/22425), 27.22 MiB | 13.95 MiB/s, done.
Resolving deltas:   0% (0/17560)Resolving deltas:   1% (176/17560)Resolving deltas:   2% (352/17560)Resolving deltas:   3% (527/17560)Resolving deltas:   4% (703/17560)Resolving deltas:   5% (878/17560)Resolving deltas:   6% (1054/17560)Resolving deltas:   7% (1230/17560)Resolving deltas:   8% (1405/17560)Resolving deltas:   9% (1581/17560)Resolving deltas:  10% (1756/17560)Resolving deltas:  11% (1932/17560)Resolving deltas:  12% (2108/17560)Resolving deltas:  13% (2283/17560)Resolving deltas:  14% (2459/17560)Resolving deltas:  15% (2634/17560)Resolving deltas:  16% (2810/17560)Resolving deltas:  17% (2986/17560)Resolving deltas:  18% (3161/17560)Resolving deltas:  19% (3337/17560)Resolving deltas:  20% (3512/17560)Resolving deltas:  21% (3688/17560)Resolving deltas:  22% (3864/17560)Resolving deltas:  23% (4039/17560)Resolving deltas:  24% (4215/17560)Resolving deltas:  25% (4390/17560)Resolving deltas:  26% (4566/17560)Resolving deltas:  27% (4742/17560)Resolving deltas:  28% (4917/17560)Resolving deltas:  29% (5093/17560)Resolving deltas:  30% (5268/17560)Resolving deltas:  31% (5444/17560)Resolving deltas:  32% (5620/17560)Resolving deltas:  33% (5795/17560)Resolving deltas:  34% (5971/17560)Resolving deltas:  35% (6146/17560)Resolving deltas:  36% (6322/17560)Resolving deltas:  37% (6498/17560)Resolving deltas:  38% (6673/17560)Resolving deltas:  39% (6849/17560)Resolving deltas:  40% (7024/17560)Resolving deltas:  41% (7200/17560)Resolving deltas:  42% (7376/17560)Resolving deltas:  43% (7551/17560)Resolving deltas:  44% (7727/17560)Resolving deltas:  45% (7902/17560)Resolving deltas:  46% (8078/17560)Resolving deltas:  47% (8254/17560)Resolving deltas:  48% (8429/17560)Resolving deltas:  48% (8490/17560)Resolving deltas:  49% (8605/17560)Resolving deltas:  50% (8780/17560)Resolving deltas:  51% (8956/17560)Resolving deltas:  52% (9132/17560)Resolving deltas:  53% (9307/17560)Resolving deltas:  54% (9483/17560)Resolving deltas:  55% (9658/17560)Resolving deltas:  56% (9834/17560)Resolving deltas:  57% (10010/17560)Resolving deltas:  58% (10185/17560)Resolving deltas:  59% (10361/17560)Resolving deltas:  60% (10536/17560)Resolving deltas:  61% (10712/17560)Resolving deltas:  62% (10888/17560)Resolving deltas:  63% (11063/17560)Resolving deltas:  64% (11239/17560)Resolving deltas:  65% (11414/17560)Resolving deltas:  66% (11590/17560)Resolving deltas:  67% (11766/17560)Resolving deltas:  68% (11941/17560)Resolving deltas:  69% (12117/17560)Resolving deltas:  70% (12292/17560)Resolving deltas:  71% (12468/17560)Resolving deltas:  72% (12644/17560)Resolving deltas:  73% (12819/17560)Resolving deltas:  74% (12995/17560)Resolving deltas:  75% (13170/17560)Resolving deltas:  76% (13346/17560)Resolving deltas:  77% (13522/17560)Resolving deltas:  78% (13697/17560)Resolving deltas:  79% (13873/17560)Resolving deltas:  80% (14048/17560)Resolving deltas:  81% (14224/17560)Resolving deltas:  82% (14400/17560)Resolving deltas:  83% (14575/17560)Resolving deltas:  84% (14751/17560)Resolving deltas:  85% (14926/17560)Resolving deltas:  86% (15102/17560)Resolving deltas:  87% (15278/17560)Resolving deltas:  88% (15453/17560)Resolving deltas:  89% (15629/17560)Resolving deltas:  90% (15804/17560)Resolving deltas:  91% (15980/17560)Resolving deltas:  92% (16156/17560)Resolving deltas:  93% (16331/17560)Resolving deltas:  94% (16507/17560)Resolving deltas:  95% (16682/17560)Resolving deltas:  96% (16858/17560)Resolving deltas:  97% (17034/17560)Resolving deltas:  98% (17209/17560)Resolving deltas:  99% (17385/17560)Resolving deltas: 100% (17560/17560)Resolving deltas: 100% (17560/17560), done.
Cloning into '/home/admin/openclaw/workspace/loan-assistant/.buildozer/android/platform/build-arm64-v8a_armeabi-v7a/build/bootstrap_builds/sdl2/jni/SDL2_image/external/libjxl/third_party/lcms'...
remote: Enumerating objects: 9129, done.        
remote: Counting objects:   0% (1/3291)        remote: Counting objects:   1% (33/3291)        remote: Counting objects:   2% (66/3291)        remote: Counting objects:   3% (99/3291)        remote: Counting objects:   4% (132/3291)        remote: Counting objects:   5% (165/3291)        remote: Counting objects:   6% (198/3291)        remote: Counting objects:   7% (231/3291)        remote: Counting objects:   8% (264/3291)        remote: Counting objects:   9% (297/3291)        remote: Counting objects:  10% (330/3291)        remote: Counting objects:  11% (363/3291)        remote: Counting objects:  12% (395/3291)        remote: Counting objects:  13% (428/3291)        remote: Counting objects:  14% (461/3291)        remote: Counting objects:  15% (494/3291)        remote: Counting objects:  16% (527/3291)        remote: Counting objects:  17% (560/3291)        remote: Counting objects:  18% (593/3291)        remote: Counting objects:  19% (626/3291)        remote: Counting objects:  20% (659/3291)        remote: Counting objects:  21% (692/3291)        remote: Counting objects:  22% (725/3291)        remote: Counting objects:  23% (757/3291)        remote: Counting objects:  24% (790/3291)        remote: Counting objects:  25% (823/3291)        remote: Counting objects:  26% (856/3291)        remote: Counting objects:  27% (889/3291)        remote: Counting objects:  28% (922/3291)        remote: Counting objects:  29% (955/3291)        remote: Counting objects:  30% (988/3291)        remote: Counting objects:  31% (1021/3291)        remote: Counting objects:  32% (1054/3291)        remote: Counting objects:  33% (1087/3291)        remote: Counting objects:  34% (1119/3291)        remote: Counting objects:  35% (1152/3291)        remote: Counting objects:  36% (1185/3291)        remote: Counting objects:  37% (1218/3291)        remote: Counting objects:  38% (1251/3291)        remote: Counting objects:  39% (1284/3291)        remote: Counting objects:  40% (1317/3291)        remote: Counting objects:  41% (1350/3291)        remote: Counting objects:  42% (1383/3291)        remote: Counting objects:  43% (1416/3291)        remote: Counting objects:  44% (1449/3291)        remote: Counting objects:  45% (1481/3291)        remote: Counting objects:  46% (1514/3291)        remote: Counting objects:  47% (1547/3291)        remote: Counting objects:  48% (1580/3291)        remote: Counting objects:  49% (1613/3291)        remote: Counting objects:  50% (1646/3291)        remote: Counting objects:  51% (1679/3291)        remote: Counting objects:  52% (1712/3291)        remote: Counting objects:  53% (1745/3291)        remote: Counting objects:  54% (1778/3291)        remote: Counting objects:  55% (1811/3291)        remote: Counting objects:  56% (1843/3291)        remote: Counting objects:  57% (1876/3291)        remote: Counting objects:  58% (1909/3291)        remote: Counting objects:  59% (1942/3291)        remote: Counting objects:  60% (1975/3291)        remote: Counting objects:  61% (2008/3291)        remote: Counting objects:  62% (2041/3291)        remote: Counting objects:  63% (2074/3291)        remote: Counting objects:  64% (2107/3291)        remote: Counting objects:  65% (2140/3291)        remote: Counting objects:  66% (2173/3291)        remote: Counting objects:  67% (2205/3291)        remote: Counting objects:  68% (2238/3291)        remote: Counting objects:  69% (2271/3291)        remote: Counting objects:  70% (2304/3291)        remote: Counting objects:  71% (2337/3291)        remote: Counting objects:  72% (2370/3291)        remote: Counting objects:  73% (2403/3291)        remote: Counting objects:  74% (2436/3291)        remote: Counting objects:  75% (2469/3291)        remote: Counting objects:  76% (2502/3291)        remote: Counting objects:  77% (2535/3291)        remote: Counting objects:  78% (2567/3291)        remote: Counting objects:  79% (2600/3291)        remote: Counting objects:  80% (2633/3291)        remote: Counting objects:  81% (2666/3291)        remote: Counting objects:  82% (2699/3291)        remote: Counting objects:  83% (2732/3291)        remote: Counting objects:  84% (2765/3291)        remote: Counting objects:  85% (2798/3291)        remote: Counting objects:  86% (2831/3291)        remote: Counting objects:  87% (2864/3291)        remote: Counting objects:  88% (2897/3291)        remote: Counting objects:  89% (2929/3291)        remote: Counting objects:  90% (2962/3291)        remote: Counting objects:  91% (2995/3291)        remote: Counting objects:  92% (3028/3291)        remote: Counting objects:  93% (3061/3291)        remote: Counting objects:  94% (3094/3291)        remote: Counting objects:  95% (3127/3291)        remote: Counting objects:  96% (3160/3291)        remote: Counting objects:  97% (3193/3291)        remote: Counting objects:  98% (3226/3291)        remote: Counting objects:  99% (3259/3291)        remote: Counting objects: 100% (3291/3291)        remote: Counting objects: 100% (3291/3291), done.        
remote: Compressing objects:   0% (1/849)        remote: Compressing objects:   1% (9/849)        remote: Compressing objects:   2% (17/849)        remote: Compressing objects:   3% (26/849)        remote: Compressing objects:   4% (34/849)        remote: Compressing objects:   5% (43/849)        remote: Compressing objects:   6% (51/849)        remote: Compressing objects:   7% (60/849)        remote: Compressing objects:   8% (68/849)        remote: Compressing objects:   9% (77/849)        remote: Compressing objects:  10% (85/849)        remote: Compressing objects:  11% (94/849)        remote: Compressing objects:  12% (102/849)        remote: Compressing objects:  13% (111/849)        remote: Compressing objects:  14% (119/849)        remote: Compressing objects:  15% (128/849)        remote: Compressing objects:  16% (136/849)        remote: Compressing objects:  17% (145/849)        remote: Compressing objects:  18% (153/849)        remote: Compressing objects:  19% (162/849)        remote: Compressing objects:  20% (170/849)        remote: Compressing objects:  21% (179/849)        remote: Compressing objects:  22% (187/849)        remote: Compressing objects:  23% (196/849)        remote: Compressing objects:  24% (204/849)        remote: Compressing objects:  25% (213/849)        remote: Compressing objects:  26% (221/849)        remote: Compressing objects:  27% (230/849)        remote: Compressing objects:  28% (238/849)        remote: Compressing objects:  29% (247/849)        remote: Compressing objects:  30% (255/849)        remote: Compressing objects:  31% (264/849)        remote: Compressing objects:  32% (272/849)        remote: Compressing objects:  33% (281/849)        remote: Compressing objects:  34% (289/849)        remote: Compressing objects:  35% (298/849)        remote: Compressing objects:  36% (306/849)        remote: Compressing objects:  37% (315/849)        remote: Compressing objects:  38% (323/849)        remote: Compressing objects:  39% (332/849)        remote: Compressing objects:  40% (340/849)        remote: Compressing objects:  41% (349/849)        remote: Compressing objects:  42% (357/849)        remote: Compressing objects:  43% (366/849)        remote: Compressing objects:  44% (374/849)        remote: Compressing objects:  45% (383/849)        remote: Compressing objects:  46% (391/849)        remote: Compressing objects:  47% (400/849)        remote: Compressing objects:  48% (408/849)        remote: Compressing objects:  49% (417/849)        remote: Compressing objects:  50% (425/849)        remote: Compressing objects:  51% (433/849)        remote: Compressing objects:  52% (442/849)        remote: Compressing objects:  53% (450/849)        remote: Compressing objects:  54% (459/849)        remote: Compressing objects:  55% (467/849)        remote: Compressing objects:  56% (476/849)        remote: Compressing objects:  57% (484/849)        remote: Compressing objects:  58% (493/849)        remote: Compressing objects:  59% (501/849)        remote: Compressing objects:  60% (510/849)        remote: Compressing objects:  61% (518/849)        remote: Compressing objects:  62% (527/849)        remote: Compressing objects:  63% (535/849)        remote: Compressing objects:  64% (544/849)        remote: Compressing objects:  65% (552/849)        remote: Compressing objects:  66% (561/849)        remote: Compressing objects:  67% (569/849)        remote: Compressing objects:  68% (578/849)        remote: Compressing objects:  69% (586/849)        remote: Compressing objects:  70% (595/849)        remote: Compressing objects:  71% (603/849)        remote: Compressing objects:  72% (612/849)        remote: Compressing objects:  73% (620/849)        remote: Compressing objects:  74% (629/849)        remote: Compressing objects:  75% (637/849)        remote: Compressing objects:  76% (646/849)        remote: Compressing objects:  77% (654/849)        remote: Compressing objects:  78% (663/849)        remote: Compressing objects:  79% (671/849)        remote: Compressing objects:  80% (680/849)        remote: Compressing objects:  81% (688/849)        remote: Compressing objects:  82% (697/849)        remote: Compressing objects:  83% (705/849)        remote: Compressing objects:  84% (714/849)        remote: Compressing objects:  85% (722/849)        remote: Compressing objects:  86% (731/849)        remote: Compressing objects:  87% (739/849)        remote: Compressing objects:  88% (748/849)        remote: Compressing objects:  89% (756/849)        remote: Compressing objects:  90% (765/849)        remote: Compressing objects:  91% (773/849)        remote: Compressing objects:  92% (782/849)        remote: Compressing objects:  93% (790/849)        remote: Compressing objects:  94% (799/849)        remote: Compressing objects:  95% (807/849)        remote: Compressing objects:  96% (816/849)        remote: Compressing objects:  97% (824/849)        remote: Compressing objects:  98% (833/849)        remote: Compressing objects:  99% (841/849)        remote: Compressing objects: 100% (849/849)        remote: Compressing objects: 100% (849/849), done.        
Receiving objects:   0% (1/9129)Receiving objects:   1% (92/9129)Receiving objects:   2% (183/9129)Receiving objects:   3% (274/9129)Receiving objects:   4% (366/9129)Receiving objects:   5% (457/9129)Receiving objects:   6% (548/9129)Receiving objects:   7% (640/9129)Receiving objects:   8% (731/9129)Receiving objects:   9% (822/9129)Receiving objects:  10% (913/9129)Receiving objects:  11% (1005/9129)Receiving objects:  12% (1096/9129)Receiving objects:  13% (1187/9129), 8.14 MiB | 16.26 MiB/sReceiving objects:  14% (1279/9129), 8.14 MiB | 16.26 MiB/sReceiving objects:  15% (1370/9129), 8.14 MiB | 16.26 MiB/sReceiving objects:  16% (1461/9129), 8.14 MiB | 16.26 MiB/sReceiving objects:  17% (1552/9129), 8.14 MiB | 16.26 MiB/sReceiving objects:  18% (1644/9129), 8.14 MiB | 16.26 MiB/sReceiving objects:  19% (1735/9129), 8.14 MiB | 16.26 MiB/sReceiving objects:  20% (1826/9129), 8.14 MiB | 16.26 MiB/sReceiving objects:  21% (1918/9129), 8.14 MiB | 16.26 MiB/sReceiving objects:  21% (2003/9129), 16.48 MiB | 15.22 MiB/sReceiving objects:  22% (2009/9129), 16.48 MiB | 15.22 MiB/sReceiving objects:  23% (2100/9129), 16.48 MiB | 15.22 MiB/sReceiving objects:  24% (2191/9129), 16.48 MiB | 15.22 MiB/sReceiving objects:  25% (2283/9129), 16.48 MiB | 15.22 MiB/sReceiving objects:  25% (2351/9129), 24.79 MiB | 15.66 MiB/sReceiving objects:  26% (2374/9129), 33.45 MiB | 16.06 MiB/sReceiving objects:  27% (2465/9129), 33.45 MiB | 16.06 MiB/sReceiving objects:  28% (2557/9129), 33.45 MiB | 16.06 MiB/sReceiving objects:  29% (2648/9129), 33.45 MiB | 16.06 MiB/sReceiving objects:  30% (2739/9129), 41.00 MiB | 15.46 MiB/sReceiving objects:  30% (2818/9129), 41.00 MiB | 15.46 MiB/sReceiving objects:  31% (2830/9129), 41.00 MiB | 15.46 MiB/sReceiving objects:  32% (2922/9129), 49.81 MiB | 15.81 MiB/sReceiving objects:  33% (3013/9129), 49.81 MiB | 15.81 MiB/sReceiving objects:  34% (3104/9129), 49.81 MiB | 15.81 MiB/sReceiving objects:  35% (3196/9129), 49.81 MiB | 15.81 MiB/sReceiving objects:  36% (3287/9129), 58.53 MiB | 16.03 MiB/sReceiving objects:  37% (3378/9129), 58.53 MiB | 16.03 MiB/sReceiving objects:  37% (3441/9129), 58.53 MiB | 16.03 MiB/sReceiving objects:  38% (3470/9129), 58.53 MiB | 16.03 MiB/sReceiving objects:  39% (3561/9129), 66.48 MiB | 15.76 MiB/sReceiving objects:  40% (3652/9129), 66.48 MiB | 15.76 MiB/sReceiving objects:  41% (3743/9129), 66.48 MiB | 15.76 MiB/sReceiving objects:  42% (3835/9129), 66.48 MiB | 15.76 MiB/sReceiving objects:  43% (3926/9129), 66.48 MiB | 15.76 MiB/sReceiving objects:  44% (4017/9129), 66.48 MiB | 15.76 MiB/sReceiving objects:  45% (4109/9129), 66.48 MiB | 15.76 MiB/sReceiving objects:  46% (4200/9129), 66.48 MiB | 15.76 MiB/sReceiving objects:  47% (4291/9129), 66.48 MiB | 15.76 MiB/sReceiving objects:  48% (4382/9129), 66.48 MiB | 15.76 MiB/sReceiving objects:  49% (4474/9129), 66.48 MiB | 15.76 MiB/sReceiving objects:  50% (4565/9129), 66.48 MiB | 15.76 MiB/sReceiving objects:  51% (4656/9129), 75.63 MiB | 16.03 MiB/sReceiving objects:  52% (4748/9129), 75.63 MiB | 16.03 MiB/sReceiving objects:  52% (4792/9129), 75.63 MiB | 16.03 MiB/sReceiving objects:  53% (4839/9129), 75.63 MiB | 16.03 MiB/sReceiving objects:  54% (4930/9129), 75.63 MiB | 16.03 MiB/sReceiving objects:  55% (5021/9129), 75.63 MiB | 16.03 MiB/sReceiving objects:  56% (5113/9129), 75.63 MiB | 16.03 MiB/sReceiving objects:  57% (5204/9129), 75.63 MiB | 16.03 MiB/sReceiving objects:  58% (5295/9129), 84.18 MiB | 16.11 MiB/sReceiving objects:  59% (5387/9129), 84.18 MiB | 16.11 MiB/sReceiving objects:  60% (5478/9129), 84.18 MiB | 16.11 MiB/sReceiving objects:  61% (5569/9129), 84.18 MiB | 16.11 MiB/sReceiving objects:  62% (5660/9129), 84.18 MiB | 16.11 MiB/sReceiving objects:  63% (5752/9129), 84.18 MiB | 16.11 MiB/sReceiving objects:  64% (5843/9129), 92.78 MiB | 16.21 MiB/sReceiving objects:  65% (5934/9129), 92.78 MiB | 16.21 MiB/sReceiving objects:  66% (6026/9129), 92.78 MiB | 16.21 MiB/sReceiving objects:  67% (6117/9129), 92.78 MiB | 16.21 MiB/sReceiving objects:  68% (6208/9129), 92.78 MiB | 16.21 MiB/sReceiving objects:  69% (6300/9129), 92.78 MiB | 16.21 MiB/sReceiving objects:  70% (6391/9129), 92.78 MiB | 16.21 MiB/sReceiving objects:  71% (6482/9129), 92.78 MiB | 16.21 MiB/sReceiving objects:  72% (6573/9129), 92.78 MiB | 16.21 MiB/sReceiving objects:  73% (6665/9129), 92.78 MiB | 16.21 MiB/sReceiving objects:  74% (6756/9129), 92.78 MiB | 16.21 MiB/sReceiving objects:  75% (6847/9129), 92.78 MiB | 16.21 MiB/sReceiving objects:  76% (6939/9129), 92.78 MiB | 16.21 MiB/sReceiving objects:  77% (7030/9129), 92.78 MiB | 16.21 MiB/sReceiving objects:  78% (7121/9129), 92.78 MiB | 16.21 MiB/sReceiving objects:  79% (7212/9129), 92.78 MiB | 16.21 MiB/sReceiving objects:  80% (7304/9129), 92.78 MiB | 16.21 MiB/sReceiving objects:  81% (7395/9129), 92.78 MiB | 16.21 MiB/sReceiving objects:  82% (7486/9129), 92.78 MiB | 16.21 MiB/sReceiving objects:  83% (7578/9129), 92.78 MiB | 16.21 MiB/sReceiving objects:  84% (7669/9129), 92.78 MiB | 16.21 MiB/sReceiving objects:  85% (7760/9129), 92.78 MiB | 16.21 MiB/sReceiving objects:  86% (7851/9129), 92.78 MiB | 16.21 MiB/sReceiving objects:  87% (7943/9129), 92.78 MiB | 16.21 MiB/sReceiving objects:  88% (8034/9129), 92.78 MiB | 16.21 MiB/sReceiving objects:  89% (8125/9129), 92.78 MiB | 16.21 MiB/sReceiving objects:  90% (8217/9129), 92.78 MiB | 16.21 MiB/sReceiving objects:  91% (8308/9129), 92.78 MiB | 16.21 MiB/sReceiving objects:  92% (8399/9129), 92.78 MiB | 16.21 MiB/sReceiving objects:  93% (8490/9129), 92.78 MiB | 16.21 MiB/sReceiving objects:  94% (8582/9129), 92.78 MiB | 16.21 MiB/sReceiving objects:  95% (8673/9129), 92.78 MiB | 16.21 MiB/sReceiving objects:  96% (8764/9129), 92.78 MiB | 16.21 MiB/sReceiving objects:  97% (8856/9129), 92.78 MiB | 16.21 MiB/sReceiving objects:  98% (8947/9129), 92.78 MiB | 16.21 MiB/sReceiving objects:  99% (9038/9129), 92.78 MiB | 16.21 MiB/sremote: Total 9129 (delta 2744), reused 2454 (delta 2442), pack-reused 5838 (from 4)        
Receiving objects: 100% (9129/9129), 92.78 MiB | 16.21 MiB/sReceiving objects: 100% (9129/9129), 96.19 MiB | 16.26 MiB/s, done.
Resolving deltas:   0% (0/6389)Resolving deltas:   1% (64/6389)Resolving deltas:   2% (128/6389)Resolving deltas:   3% (192/6389)Resolving deltas:   4% (256/6389)Resolving deltas:   5% (320/6389)Resolving deltas:   6% (384/6389)Resolving deltas:   7% (448/6389)Resolving deltas:   8% (512/6389)Resolving deltas:   9% (576/6389)Resolving deltas:  10% (639/6389)Resolving deltas:  11% (703/6389)Resolving deltas:  12% (767/6389)Resolving deltas:  13% (831/6389)Resolving deltas:  14% (895/6389)Resolving deltas:  15% (959/6389)Resolving deltas:  16% (1023/6389)Resolving deltas:  17% (1087/6389)Resolving deltas:  18% (1151/6389)Resolving deltas:  19% (1214/6389)Resolving deltas:  20% (1278/6389)Resolving deltas:  21% (1342/6389)Resolving deltas:  22% (1406/6389)Resolving deltas:  23% (1470/6389)Resolving deltas:  24% (1534/6389)Resolving deltas:  25% (1598/6389)Resolving deltas:  26% (1662/6389)Resolving deltas:  27% (1726/6389)Resolving deltas:  28% (1789/6389)Resolving deltas:  29% (1853/6389)Resolving deltas:  30% (1917/6389)Resolving deltas:  31% (1981/6389)Resolving deltas:  32% (2045/6389)Resolving deltas:  33% (2109/6389)Resolving deltas:  34% (2173/6389)Resolving deltas:  35% (2237/6389)Resolving deltas:  36% (2301/6389)Resolving deltas:  37% (2364/6389)Resolving deltas:  38% (2428/6389)Resolving deltas:  39% (2492/6389)Resolving deltas:  40% (2556/6389)Resolving deltas:  41% (2620/6389)Resolving deltas:  42% (2684/6389)Resolving deltas:  43% (2748/6389)Resolving deltas:  44% (2812/6389)Resolving deltas:  45% (2876/6389)Resolving deltas:  46% (2939/6389)Resolving deltas:  47% (3003/6389)Resolving deltas:  48% (3067/6389)Resolving deltas:  49% (3131/6389)Resolving deltas:  50% (3195/6389)Resolving deltas:  51% (3259/6389)Resolving deltas:  52% (3323/6389)Resolving deltas:  53% (3387/6389)Resolving deltas:  54% (3451/6389)Resolving deltas:  55% (3514/6389)Resolving deltas:  56% (3578/6389)Resolving deltas:  57% (3642/6389)Resolving deltas:  58% (3706/6389)Resolving deltas:  59% (3770/6389)Resolving deltas:  60% (3834/6389)Resolving deltas:  61% (3898/6389)Resolving deltas:  62% (3962/6389)Resolving deltas:  63% (4026/6389)Resolving deltas:  64% (4089/6389)Resolving deltas:  65% (4153/6389)Resolving deltas:  66% (4217/6389)Resolving deltas:  67% (4281/6389)Resolving deltas:  68% (4345/6389)Resolving deltas:  69% (4409/6389)Resolving deltas:  70% (4473/6389)Resolving deltas:  71% (4537/6389)Resolving deltas:  72% (4601/6389)Resolving deltas:  73% (4664/6389)Resolving deltas:  74% (4728/6389)Resolving deltas:  75% (4792/6389)Resolving deltas:  76% (4856/6389)Resolving deltas:  77% (4920/6389)Resolving deltas:  78% (4984/6389)Resolving deltas:  79% (5048/6389)Resolving deltas:  80% (5112/6389)Resolving deltas:  81% (5176/6389)Resolving deltas:  82% (5239/6389)Resolving deltas:  83% (5303/6389)Resolving deltas:  84% (5367/6389)Resolving deltas:  85% (5431/6389)Resolving deltas:  86% (5495/6389)Resolving deltas:  87% (5559/6389)Resolving deltas:  88% (5623/6389)Resolving deltas:  89% (5687/6389)Resolving deltas:  90% (5751/6389)Resolving deltas:  91% (5814/6389)Resolving deltas:  92% (5878/6389)Resolving deltas:  93% (5942/6389)Resolving deltas:  94% (6006/6389)Resolving deltas:  95% (6070/6389)Resolving deltas:  96% (6134/6389)Resolving deltas:  97% (6198/6389)Resolving deltas:  98% (6262/6389)Resolving deltas:  99% (6326/6389)Resolving deltas: 100% (6389/6389)Resolving deltas: 100% (6389/6389), done.
Cloning into '/home/admin/openclaw/workspace/loan-assistant/.buildozer/android/platform/build-arm64-v8a_armeabi-v7a/build/bootstrap_builds/sdl2/jni/SDL2_image/external/libjxl/third_party/lodepng'...
remote: Enumerating objects: 2803, done.        
remote: Counting objects:   0% (1/371)        remote: Counting objects:   1% (4/371)        remote: Counting objects:   2% (8/371)        remote: Counting objects:   3% (12/371)        remote: Counting objects:   4% (15/371)        remote: Counting objects:   5% (19/371)        remote: Counting objects:   6% (23/371)        remote: Counting objects:   7% (26/371)        remote: Counting objects:   8% (30/371)        remote: Counting objects:   9% (34/371)        remote: Counting objects:  10% (38/371)        remote: Counting objects:  11% (41/371)        remote: Counting objects:  12% (45/371)        remote: Counting objects:  13% (49/371)        remote: Counting objects:  14% (52/371)        remote: Counting objects:  15% (56/371)        remote: Counting objects:  16% (60/371)        remote: Counting objects:  17% (64/371)        remote: Counting objects:  18% (67/371)        remote: Counting objects:  19% (71/371)        remote: Counting objects:  20% (75/371)        remote: Counting objects:  21% (78/371)        remote: Counting objects:  22% (82/371)        remote: Counting objects:  23% (86/371)        remote: Counting objects:  24% (90/371)        remote: Counting objects:  25% (93/371)        remote: Counting objects:  26% (97/371)        remote: Counting objects:  27% (101/371)        remote: Counting objects:  28% (104/371)        remote: Counting objects:  29% (108/371)        remote: Counting objects:  30% (112/371)        remote: Counting objects:  31% (116/371)        remote: Counting objects:  32% (119/371)        remote: Counting objects:  33% (123/371)        remote: Counting objects:  34% (127/371)        remote: Counting objects:  35% (130/371)        remote: Counting objects:  36% (134/371)        remote: Counting objects:  37% (138/371)        remote: Counting objects:  38% (141/371)        remote: Counting objects:  39% (145/371)        remote: Counting objects:  40% (149/371)        remote: Counting objects:  41% (153/371)        remote: Counting objects:  42% (156/371)        remote: Counting objects:  43% (160/371)        remote: Counting objects:  44% (164/371)        remote: Counting objects:  45% (167/371)        remote: Counting objects:  46% (171/371)        remote: Counting objects:  47% (175/371)        remote: Counting objects:  48% (179/371)        remote: Counting objects:  49% (182/371)        remote: Counting objects:  50% (186/371)        remote: Counting objects:  51% (190/371)        remote: Counting objects:  52% (193/371)        remote: Counting objects:  53% (197/371)        remote: Counting objects:  54% (201/371)        remote: Counting objects:  55% (205/371)        remote: Counting objects:  56% (208/371)        remote: Counting objects:  57% (212/371)        remote: Counting objects:  58% (216/371)        remote: Counting objects:  59% (219/371)        remote: Counting objects:  60% (223/371)        remote: Counting objects:  61% (227/371)        remote: Counting objects:  62% (231/371)        remote: Counting objects:  63% (234/371)        remote: Counting objects:  64% (238/371)        remote: Counting objects:  65% (242/371)        remote: Counting objects:  66% (245/371)        remote: Counting objects:  67% (249/371)        remote: Counting objects:  68% (253/371)        remote: Counting objects:  69% (256/371)        remote: Counting objects:  70% (260/371)        remote: Counting objects:  71% (264/371)        remote: Counting objects:  72% (268/371)        remote: Counting objects:  73% (271/371)        remote: Counting objects:  74% (275/371)        remote: Counting objects:  75% (279/371)        remote: Counting objects:  76% (282/371)        remote: Counting objects:  77% (286/371)        remote: Counting objects:  78% (290/371)        remote: Counting objects:  79% (294/371)        remote: Counting objects:  80% (297/371)        remote: Counting objects:  81% (301/371)        remote: Counting objects:  82% (305/371)        remote: Counting objects:  83% (308/371)        remote: Counting objects:  84% (312/371)        remote: Counting objects:  85% (316/371)        remote: Counting objects:  86% (320/371)        remote: Counting objects:  87% (323/371)        remote: Counting objects:  88% (327/371)        remote: Counting objects:  89% (331/371)        remote: Counting objects:  90% (334/371)        remote: Counting objects:  91% (338/371)        remote: Counting objects:  92% (342/371)        remote: Counting objects:  93% (346/371)        remote: Counting objects:  94% (349/371)        remote: Counting objects:  95% (353/371)        remote: Counting objects:  96% (357/371)        remote: Counting objects:  97% (360/371)        remote: Counting objects:  98% (364/371)        remote: Counting objects:  99% (368/371)        remote: Counting objects: 100% (371/371)        remote: Counting objects: 100% (371/371), done.        
remote: Compressing objects:   0% (1/115)        remote: Compressing objects:   1% (2/115)        remote: Compressing objects:   2% (3/115)        remote: Compressing objects:   3% (4/115)        remote: Compressing objects:   4% (5/115)        remote: Compressing objects:   5% (6/115)        remote: Compressing objects:   6% (7/115)        remote: Compressing objects:   7% (9/115)        remote: Compressing objects:   8% (10/115)        remote: Compressing objects:   9% (11/115)        remote: Compressing objects:  10% (12/115)        remote: Compressing objects:  11% (13/115)        remote: Compressing objects:  12% (14/115)        remote: Compressing objects:  13% (15/115)        remote: Compressing objects:  14% (17/115)        remote: Compressing objects:  15% (18/115)        remote: Compressing objects:  16% (19/115)        remote: Compressing objects:  17% (20/115)        remote: Compressing objects:  18% (21/115)        remote: Compressing objects:  19% (22/115)        remote: Compressing objects:  20% (23/115)        remote: Compressing objects:  21% (25/115)        remote: Compressing objects:  22% (26/115)        remote: Compressing objects:  23% (27/115)        remote: Compressing objects:  24% (28/115)        remote: Compressing objects:  25% (29/115)        remote: Compressing objects:  26% (30/115)        remote: Compressing objects:  27% (32/115)        remote: Compressing objects:  28% (33/115)        remote: Compressing objects:  29% (34/115)        remote: Compressing objects:  30% (35/115)        remote: Compressing objects:  31% (36/115)        remote: Compressing objects:  32% (37/115)        remote: Compressing objects:  33% (38/115)        remote: Compressing objects:  34% (40/115)        remote: Compressing objects:  35% (41/115)        remote: Compressing objects:  36% (42/115)        remote: Compressing objects:  37% (43/115)        remote: Compressing objects:  38% (44/115)        remote: Compressing objects:  39% (45/115)        remote: Compressing objects:  40% (46/115)        remote: Compressing objects:  41% (48/115)        remote: Compressing objects:  42% (49/115)        remote: Compressing objects:  43% (50/115)        remote: Compressing objects:  44% (51/115)        remote: Compressing objects:  45% (52/115)        remote: Compressing objects:  46% (53/115)        remote: Compressing objects:  47% (55/115)        remote: Compressing objects:  48% (56/115)        remote: Compressing objects:  49% (57/115)        remote: Compressing objects:  50% (58/115)        remote: Compressing objects:  51% (59/115)        remote: Compressing objects:  52% (60/115)        remote: Compressing objects:  53% (61/115)        remote: Compressing objects:  54% (63/115)        remote: Compressing objects:  55% (64/115)        remote: Compressing objects:  56% (65/115)        remote: Compressing objects:  57% (66/115)        remote: Compressing objects:  58% (67/115)        remote: Compressing objects:  59% (68/115)        remote: Compressing objects:  60% (69/115)        remote: Compressing objects:  61% (71/115)        remote: Compressing objects:  62% (72/115)        remote: Compressing objects:  63% (73/115)        remote: Compressing objects:  64% (74/115)        remote: Compressing objects:  65% (75/115)        remote: Compressing objects:  66% (76/115)        remote: Compressing objects:  67% (78/115)        remote: Compressing objects:  68% (79/115)        remote: Compressing objects:  69% (80/115)        remote: Compressing objects:  70% (81/115)        remote: Compressing objects:  71% (82/115)        remote: Compressing objects:  72% (83/115)        remote: Compressing objects:  73% (84/115)        remote: Compressing objects:  74% (86/115)        remote: Compressing objects:  75% (87/115)        remote: Compressing objects:  76% (88/115)        remote: Compressing objects:  77% (89/115)        remote: Compressing objects:  78% (90/115)        remote: Compressing objects:  79% (91/115)        remote: Compressing objects:  80% (92/115)        remote: Compressing objects:  81% (94/115)        remote: Compressing objects:  82% (95/115)        remote: Compressing objects:  83% (96/115)        remote: Compressing objects:  84% (97/115)        remote: Compressing objects:  85% (98/115)        remote: Compressing objects:  86% (99/115)        remote: Compressing objects:  87% (101/115)        remote: Compressing objects:  88% (102/115)        remote: Compressing objects:  89% (103/115)        remote: Compressing objects:  90% (104/115)        remote: Compressing objects:  91% (105/115)        remote: Compressing objects:  92% (106/115)        remote: Compressing objects:  93% (107/115)        remote: Compressing objects:  94% (109/115)        remote: Compressing objects:  95% (110/115)        remote: Compressing objects:  96% (111/115)        remote: Compressing objects:  97% (112/115)        remote: Compressing objects:  98% (113/115)        remote: Compressing objects:  99% (114/115)        remote: Compressing objects: 100% (115/115)        remote: Compressing objects: 100% (115/115), done.        
Receiving objects:   0% (1/2803)Receiving objects:   1% (29/2803)Receiving objects:   2% (57/2803)Receiving objects:   3% (85/2803)Receiving objects:   4% (113/2803)Receiving objects:   5% (141/2803)Receiving objects:   6% (169/2803)Receiving objects:   7% (197/2803)Receiving objects:   8% (225/2803)Receiving objects:   9% (253/2803)Receiving objects:  10% (281/2803)Receiving objects:  11% (309/2803)Receiving objects:  12% (337/2803)Receiving objects:  13% (365/2803)Receiving objects:  14% (393/2803)Receiving objects:  15% (421/2803)Receiving objects:  16% (449/2803)Receiving objects:  17% (477/2803)Receiving objects:  18% (505/2803)Receiving objects:  19% (533/2803)Receiving objects:  20% (561/2803)Receiving objects:  21% (589/2803)Receiving objects:  22% (617/2803)Receiving objects:  23% (645/2803)Receiving objects:  24% (673/2803)Receiving objects:  25% (701/2803)Receiving objects:  26% (729/2803)Receiving objects:  27% (757/2803)Receiving objects:  28% (785/2803)Receiving objects:  29% (813/2803)Receiving objects:  30% (841/2803)Receiving objects:  31% (869/2803)Receiving objects:  32% (897/2803)Receiving objects:  33% (925/2803)Receiving objects:  34% (954/2803)Receiving objects:  35% (982/2803)Receiving objects:  36% (1010/2803)Receiving objects:  37% (1038/2803)Receiving objects:  38% (1066/2803)Receiving objects:  39% (1094/2803)Receiving objects:  40% (1122/2803)Receiving objects:  41% (1150/2803)Receiving objects:  42% (1178/2803)Receiving objects:  43% (1206/2803)Receiving objects:  44% (1234/2803)Receiving objects:  45% (1262/2803)Receiving objects:  46% (1290/2803)Receiving objects:  47% (1318/2803)Receiving objects:  48% (1346/2803)Receiving objects:  49% (1374/2803)Receiving objects:  50% (1402/2803)Receiving objects:  51% (1430/2803)Receiving objects:  52% (1458/2803)Receiving objects:  53% (1486/2803)Receiving objects:  54% (1514/2803)Receiving objects:  55% (1542/2803)Receiving objects:  56% (1570/2803)Receiving objects:  57% (1598/2803)Receiving objects:  58% (1626/2803)Receiving objects:  59% (1654/2803)Receiving objects:  60% (1682/2803)Receiving objects:  61% (1710/2803)Receiving objects:  62% (1738/2803)Receiving objects:  63% (1766/2803)Receiving objects:  64% (1794/2803)Receiving objects:  65% (1822/2803)Receiving objects:  66% (1850/2803)Receiving objects:  67% (1879/2803)Receiving objects:  68% (1907/2803)Receiving objects:  69% (1935/2803)Receiving objects:  70% (1963/2803)Receiving objects:  71% (1991/2803)Receiving objects:  72% (2019/2803)Receiving objects:  73% (2047/2803)Receiving objects:  74% (2075/2803)Receiving objects:  75% (2103/2803)Receiving objects:  76% (2131/2803)Receiving objects:  77% (2159/2803)Receiving objects:  78% (2187/2803)Receiving objects:  79% (2215/2803)Receiving objects:  80% (2243/2803)Receiving objects:  81% (2271/2803)Receiving objects:  82% (2299/2803)Receiving objects:  83% (2327/2803)Receiving objects:  84% (2355/2803)Receiving objects:  85% (2383/2803)Receiving objects:  86% (2411/2803)Receiving objects:  87% (2439/2803)Receiving objects:  88% (2467/2803)Receiving objects:  89% (2495/2803)Receiving objects:  90% (2523/2803)Receiving objects:  91% (2551/2803)Receiving objects:  92% (2579/2803)Receiving objects:  93% (2607/2803)Receiving objects:  94% (2635/2803)Receiving objects:  95% (2663/2803)Receiving objects:  96% (2691/2803)Receiving objects:  97% (2719/2803)Receiving objects:  98% (2747/2803)remote: Total 2803 (delta 287), reused 256 (delta 256), pack-reused 2432 (from 4)        
Receiving objects:  99% (2775/2803)Receiving objects: 100% (2803/2803)Receiving objects: 100% (2803/2803), 1.82 MiB | 7.95 MiB/s, done.
Resolving deltas:   0% (0/1232)Resolving deltas:   1% (13/1232)Resolving deltas:   2% (25/1232)Resolving deltas:   3% (37/1232)Resolving deltas:   4% (50/1232)Resolving deltas:   5% (62/1232)Resolving deltas:   6% (74/1232)Resolving deltas:   7% (87/1232)Resolving deltas:   8% (99/1232)Resolving deltas:   9% (111/1232)Resolving deltas:  10% (124/1232)Resolving deltas:  11% (136/1232)Resolving deltas:  12% (148/1232)Resolving deltas:  13% (161/1232)Resolving deltas:  14% (173/1232)Resolving deltas:  15% (185/1232)Resolving deltas:  16% (198/1232)Resolving deltas:  17% (210/1232)Resolving deltas:  18% (222/1232)Resolving deltas:  19% (235/1232)Resolving deltas:  20% (247/1232)Resolving deltas:  21% (259/1232)Resolving deltas:  22% (272/1232)Resolving deltas:  23% (284/1232)Resolving deltas:  24% (296/1232)Resolving deltas:  25% (308/1232)Resolving deltas:  26% (321/1232)Resolving deltas:  27% (333/1232)Resolving deltas:  28% (345/1232)Resolving deltas:  29% (358/1232)Resolving deltas:  30% (370/1232)Resolving deltas:  31% (382/1232)Resolving deltas:  32% (395/1232)Resolving deltas:  33% (407/1232)Resolving deltas:  34% (419/1232)Resolving deltas:  35% (432/1232)Resolving deltas:  36% (444/1232)Resolving deltas:  37% (456/1232)Resolving deltas:  38% (469/1232)Resolving deltas:  39% (481/1232)Resolving deltas:  40% (493/1232)Resolving deltas:  41% (506/1232)Resolving deltas:  42% (518/1232)Resolving deltas:  43% (530/1232)Resolving deltas:  44% (543/1232)Resolving deltas:  45% (555/1232)Resolving deltas:  46% (567/1232)Resolving deltas:  47% (580/1232)Resolving deltas:  48% (592/1232)Resolving deltas:  49% (604/1232)Resolving deltas:  50% (616/1232)Resolving deltas:  51% (629/1232)Resolving deltas:  52% (641/1232)Resolving deltas:  53% (653/1232)Resolving deltas:  54% (666/1232)Resolving deltas:  55% (678/1232)Resolving deltas:  56% (690/1232)Resolving deltas:  57% (703/1232)Resolving deltas:  58% (715/1232)Resolving deltas:  59% (727/1232)Resolving deltas:  60% (740/1232)Resolving deltas:  61% (752/1232)Resolving deltas:  62% (764/1232)Resolving deltas:  63% (777/1232)Resolving deltas:  64% (789/1232)Resolving deltas:  65% (801/1232)Resolving deltas:  66% (814/1232)Resolving deltas:  67% (826/1232)Resolving deltas:  68% (838/1232)Resolving deltas:  69% (851/1232)Resolving deltas:  70% (863/1232)Resolving deltas:  71% (875/1232)Resolving deltas:  72% (888/1232)Resolving deltas:  73% (900/1232)Resolving deltas:  74% (912/1232)Resolving deltas:  75% (924/1232)Resolving deltas:  76% (937/1232)Resolving deltas:  77% (949/1232)Resolving deltas:  78% (961/1232)Resolving deltas:  79% (974/1232)Resolving deltas:  80% (986/1232)Resolving deltas:  81% (998/1232)Resolving deltas:  82% (1011/1232)Resolving deltas:  83% (1023/1232)Resolving deltas:  84% (1035/1232)Resolving deltas:  85% (1048/1232)Resolving deltas:  86% (1060/1232)Resolving deltas:  87% (1072/1232)Resolving deltas:  88% (1085/1232)Resolving deltas:  89% (1097/1232)Resolving deltas:  90% (1109/1232)Resolving deltas:  91% (1122/1232)Resolving deltas:  92% (1134/1232)Resolving deltas:  93% (1146/1232)Resolving deltas:  94% (1159/1232)Resolving deltas:  95% (1171/1232)Resolving deltas:  96% (1183/1232)Resolving deltas:  97% (1196/1232)Resolving deltas:  98% (1208/1232)Resolving deltas:  99% (1220/1232)Resolving deltas: 100% (1232/1232)Resolving deltas: 100% (1232/1232), done.
Cloning into '/home/admin/openclaw/workspace/loan-assistant/.buildozer/android/platform/build-arm64-v8a_armeabi-v7a/build/bootstrap_builds/sdl2/jni/SDL2_image/external/libjxl/third_party/sjpeg'...
remote: Enumerating objects: 1017, done.        
remote: Counting objects:   1% (1/83)        remote: Counting objects:   2% (2/83)        remote: Counting objects:   3% (3/83)        remote: Counting objects:   4% (4/83)        remote: Counting objects:   6% (5/83)        remote: Counting objects:   7% (6/83)        remote: Counting objects:   8% (7/83)        remote: Counting objects:   9% (8/83)        remote: Counting objects:  10% (9/83)        remote: Counting objects:  12% (10/83)        remote: Counting objects:  13% (11/83)        remote: Counting objects:  14% (12/83)        remote: Counting objects:  15% (13/83)        remote: Counting objects:  16% (14/83)        remote: Counting objects:  18% (15/83)        remote: Counting objects:  19% (16/83)        remote: Counting objects:  20% (17/83)        remote: Counting objects:  21% (18/83)        remote: Counting objects:  22% (19/83)        remote: Counting objects:  24% (20/83)        remote: Counting objects:  25% (21/83)        remote: Counting objects:  26% (22/83)        remote: Counting objects:  27% (23/83)        remote: Counting objects:  28% (24/83)        remote: Counting objects:  30% (25/83)        remote: Counting objects:  31% (26/83)        remote: Counting objects:  32% (27/83)        remote: Counting objects:  33% (28/83)        remote: Counting objects:  34% (29/83)        remote: Counting objects:  36% (30/83)        remote: Counting objects:  37% (31/83)        remote: Counting objects:  38% (32/83)        remote: Counting objects:  39% (33/83)        remote: Counting objects:  40% (34/83)        remote: Counting objects:  42% (35/83)        remote: Counting objects:  43% (36/83)        remote: Counting objects:  44% (37/83)        remote: Counting objects:  45% (38/83)        remote: Counting objects:  46% (39/83)        remote: Counting objects:  48% (40/83)        remote: Counting objects:  49% (41/83)        remote: Counting objects:  50% (42/83)        remote: Counting objects:  51% (43/83)        remote: Counting objects:  53% (44/83)        remote: Counting objects:  54% (45/83)        remote: Counting objects:  55% (46/83)        remote: Counting objects:  56% (47/83)        remote: Counting objects:  57% (48/83)        remote: Counting objects:  59% (49/83)        remote: Counting objects:  60% (50/83)        remote: Counting objects:  61% (51/83)        remote: Counting objects:  62% (52/83)        remote: Counting objects:  63% (53/83)        remote: Counting objects:  65% (54/83)        remote: Counting objects:  66% (55/83)        remote: Counting objects:  67% (56/83)        remote: Counting objects:  68% (57/83)        remote: Counting objects:  69% (58/83)        remote: Counting objects:  71% (59/83)        remote: Counting objects:  72% (60/83)        remote: Counting objects:  73% (61/83)        remote: Counting objects:  74% (62/83)        remote: Counting objects:  75% (63/83)        remote: Counting objects:  77% (64/83)        remote: Counting objects:  78% (65/83)        remote: Counting objects:  79% (66/83)        remote: Counting objects:  80% (67/83)        remote: Counting objects:  81% (68/83)        remote: Counting objects:  83% (69/83)        remote: Counting objects:  84% (70/83)        remote: Counting objects:  85% (71/83)        remote: Counting objects:  86% (72/83)        remote: Counting objects:  87% (73/83)        remote: Counting objects:  89% (74/83)        remote: Counting objects:  90% (75/83)        remote: Counting objects:  91% (76/83)        remote: Counting objects:  92% (77/83)        remote: Counting objects:  93% (78/83)        remote: Counting objects:  95% (79/83)        remote: Counting objects:  96% (80/83)        remote: Counting objects:  97% (81/83)        remote: Counting objects:  98% (82/83)        remote: Counting objects: 100% (83/83)        remote: Counting objects: 100% (83/83), done.        
remote: Compressing objects:   2% (1/43)        remote: Compressing objects:   4% (2/43)        remote: Compressing objects:   6% (3/43)        remote: Compressing objects:   9% (4/43)        remote: Compressing objects:  11% (5/43)        remote: Compressing objects:  13% (6/43)        remote: Compressing objects:  16% (7/43)        remote: Compressing objects:  18% (8/43)        remote: Compressing objects:  20% (9/43)        remote: Compressing objects:  23% (10/43)        remote: Compressing objects:  25% (11/43)        remote: Compressing objects:  27% (12/43)        remote: Compressing objects:  30% (13/43)        remote: Compressing objects:  32% (14/43)        remote: Compressing objects:  34% (15/43)        remote: Compressing objects:  37% (16/43)        remote: Compressing objects:  39% (17/43)        remote: Compressing objects:  41% (18/43)        remote: Compressing objects:  44% (19/43)        remote: Compressing objects:  46% (20/43)        remote: Compressing objects:  48% (21/43)        remote: Compressing objects:  51% (22/43)        remote: Compressing objects:  53% (23/43)        remote: Compressing objects:  55% (24/43)        remote: Compressing objects:  58% (25/43)        remote: Compressing objects:  60% (26/43)        remote: Compressing objects:  62% (27/43)        remote: Compressing objects:  65% (28/43)        remote: Compressing objects:  67% (29/43)        remote: Compressing objects:  69% (30/43)        remote: Compressing objects:  72% (31/43)        remote: Compressing objects:  74% (32/43)        remote: Compressing objects:  76% (33/43)        remote: Compressing objects:  79% (34/43)        remote: Compressing objects:  81% (35/43)        remote: Compressing objects:  83% (36/43)        remote: Compressing objects:  86% (37/43)        remote: Compressing objects:  88% (38/43)        remote: Compressing objects:  90% (39/43)        remote: Compressing objects:  93% (40/43)        remote: Compressing objects:  95% (41/43)        remote: Compressing objects:  97% (42/43)        remote: Compressing objects: 100% (43/43)        remote: Compressing objects: 100% (43/43), done.        
Receiving objects:   0% (1/1017)Receiving objects:   1% (11/1017)Receiving objects:   2% (21/1017)Receiving objects:   3% (31/1017)Receiving objects:   4% (41/1017)Receiving objects:   5% (51/1017)Receiving objects:   6% (62/1017)Receiving objects:   7% (72/1017)Receiving objects:   8% (82/1017)Receiving objects:   9% (92/1017)Receiving objects:  10% (102/1017)Receiving objects:  11% (112/1017)Receiving objects:  12% (123/1017)Receiving objects:  13% (133/1017)Receiving objects:  14% (143/1017)Receiving objects:  15% (153/1017)Receiving objects:  16% (163/1017)Receiving objects:  17% (173/1017)Receiving objects:  18% (184/1017)Receiving objects:  19% (194/1017)Receiving objects:  20% (204/1017)Receiving objects:  21% (214/1017)Receiving objects:  22% (224/1017)Receiving objects:  23% (234/1017)Receiving objects:  24% (245/1017)Receiving objects:  25% (255/1017)Receiving objects:  26% (265/1017)Receiving objects:  27% (275/1017)Receiving objects:  28% (285/1017)Receiving objects:  29% (295/1017)Receiving objects:  30% (306/1017)Receiving objects:  31% (316/1017)Receiving objects:  32% (326/1017)Receiving objects:  33% (336/1017)Receiving objects:  34% (346/1017)Receiving objects:  35% (356/1017)Receiving objects:  36% (367/1017)Receiving objects:  37% (377/1017)Receiving objects:  38% (387/1017)Receiving objects:  39% (397/1017)Receiving objects:  40% (407/1017)Receiving objects:  41% (417/1017)Receiving objects:  42% (428/1017)Receiving objects:  43% (438/1017)Receiving objects:  44% (448/1017)Receiving objects:  45% (458/1017)Receiving objects:  46% (468/1017)Receiving objects:  47% (478/1017)Receiving objects:  48% (489/1017)Receiving objects:  49% (499/1017)Receiving objects:  50% (509/1017)Receiving objects:  51% (519/1017)Receiving objects:  52% (529/1017)Receiving objects:  53% (540/1017)Receiving objects:  54% (550/1017)Receiving objects:  55% (560/1017)Receiving objects:  56% (570/1017)Receiving objects:  57% (580/1017)Receiving objects:  58% (590/1017)Receiving objects:  59% (601/1017)Receiving objects:  60% (611/1017)Receiving objects:  61% (621/1017)Receiving objects:  62% (631/1017)Receiving objects:  63% (641/1017)Receiving objects:  64% (651/1017)Receiving objects:  65% (662/1017)Receiving objects:  66% (672/1017)Receiving objects:  67% (682/1017)Receiving objects:  68% (692/1017)Receiving objects:  69% (702/1017)Receiving objects:  70% (712/1017)Receiving objects:  71% (723/1017)Receiving objects:  72% (733/1017)Receiving objects:  73% (743/1017)Receiving objects:  74% (753/1017)Receiving objects:  75% (763/1017)Receiving objects:  76% (773/1017)Receiving objects:  77% (784/1017)Receiving objects:  78% (794/1017)Receiving objects:  79% (804/1017)Receiving objects:  80% (814/1017)Receiving objects:  81% (824/1017)Receiving objects:  82% (834/1017)Receiving objects:  83% (845/1017)Receiving objects:  84% (855/1017)Receiving objects:  85% (865/1017)Receiving objects:  86% (875/1017)Receiving objects:  87% (885/1017)Receiving objects:  88% (895/1017)Receiving objects:  89% (906/1017)Receiving objects:  90% (916/1017)Receiving objects:  91% (926/1017)Receiving objects:  92% (936/1017)Receiving objects:  93% (946/1017)Receiving objects:  94% (956/1017)Receiving objects:  95% (967/1017)Receiving objects:  96% (977/1017)Receiving objects:  97% (987/1017)Receiving objects:  98% (997/1017)remote: Total 1017 (delta 53), reused 43 (delta 40), pack-reused 934 (from 2)        
Receiving objects:  99% (1007/1017)Receiving objects: 100% (1017/1017)Receiving objects: 100% (1017/1017), 2.76 MiB | 8.87 MiB/s, done.
Resolving deltas:   0% (0/625)Resolving deltas:   1% (7/625)Resolving deltas:   2% (13/625)Resolving deltas:   3% (19/625)Resolving deltas:   4% (25/625)Resolving deltas:   5% (32/625)Resolving deltas:   6% (38/625)Resolving deltas:   7% (44/625)Resolving deltas:   8% (50/625)Resolving deltas:   9% (57/625)Resolving deltas:  10% (63/625)Resolving deltas:  11% (69/625)Resolving deltas:  12% (75/625)Resolving deltas:  13% (82/625)Resolving deltas:  14% (88/625)Resolving deltas:  15% (94/625)Resolving deltas:  16% (100/625)Resolving deltas:  17% (107/625)Resolving deltas:  18% (113/625)Resolving deltas:  19% (119/625)Resolving deltas:  20% (125/625)Resolving deltas:  21% (132/625)Resolving deltas:  22% (138/625)Resolving deltas:  23% (144/625)Resolving deltas:  24% (150/625)Resolving deltas:  25% (157/625)Resolving deltas:  26% (163/625)Resolving deltas:  27% (169/625)Resolving deltas:  28% (175/625)Resolving deltas:  29% (182/625)Resolving deltas:  30% (188/625)Resolving deltas:  31% (194/625)Resolving deltas:  32% (200/625)Resolving deltas:  33% (207/625)Resolving deltas:  34% (213/625)Resolving deltas:  35% (219/625)Resolving deltas:  36% (225/625)Resolving deltas:  37% (232/625)Resolving deltas:  38% (238/625)Resolving deltas:  39% (244/625)Resolving deltas:  40% (250/625)Resolving deltas:  41% (257/625)Resolving deltas:  42% (263/625)Resolving deltas:  43% (269/625)Resolving deltas:  44% (275/625)Resolving deltas:  45% (282/625)Resolving deltas:  46% (288/625)Resolving deltas:  47% (294/625)Resolving deltas:  48% (300/625)Resolving deltas:  49% (307/625)Resolving deltas:  50% (313/625)Resolving deltas:  51% (319/625)Resolving deltas:  52% (325/625)Resolving deltas:  53% (332/625)Resolving deltas:  54% (338/625)Resolving deltas:  55% (344/625)Resolving deltas:  56% (350/625)Resolving deltas:  57% (357/625)Resolving deltas:  58% (363/625)Resolving deltas:  59% (369/625)Resolving deltas:  60% (375/625)Resolving deltas:  61% (382/625)Resolving deltas:  62% (388/625)Resolving deltas:  63% (394/625)Resolving deltas:  64% (400/625)Resolving deltas:  65% (407/625)Resolving deltas:  66% (413/625)Resolving deltas:  67% (419/625)Resolving deltas:  68% (425/625)Resolving deltas:  69% (432/625)Resolving deltas:  70% (438/625)Resolving deltas:  71% (444/625)Resolving deltas:  72% (450/625)Resolving deltas:  73% (457/625)Resolving deltas:  74% (463/625)Resolving deltas:  75% (469/625)Resolving deltas:  76% (475/625)Resolving deltas:  77% (482/625)Resolving deltas:  78% (488/625)Resolving deltas:  79% (494/625)Resolving deltas:  80% (500/625)Resolving deltas:  81% (507/625)Resolving deltas:  82% (513/625)Resolving deltas:  83% (519/625)Resolving deltas:  84% (525/625)Resolving deltas:  85% (532/625)Resolving deltas:  86% (538/625)Resolving deltas:  87% (544/625)Resolving deltas:  88% (550/625)Resolving deltas:  89% (557/625)Resolving deltas:  90% (563/625)Resolving deltas:  91% (569/625)Resolving deltas:  92% (575/625)Resolving deltas:  93% (582/625)Resolving deltas:  94% (588/625)Resolving deltas:  95% (594/625)Resolving deltas:  96% (600/625)Resolving deltas:  97% (607/625)Resolving deltas:  98% (613/625)Resolving deltas:  99% (619/625)Resolving deltas: 100% (625/625)Resolving deltas: 100% (625/625), done.
Cloning into '/home/admin/openclaw/workspace/loan-assistant/.buildozer/android/platform/build-arm64-v8a_armeabi-v7a/build/bootstrap_builds/sdl2/jni/SDL2_image/external/libjxl/third_party/skcms'...
fatal: unable to access 'http://skia.googlesource.com/skcms/': Empty reply from server
fatal: clone of 'https://skia.googlesource.com/skcms' into submodule path '/home/admin/openclaw/workspace/loan-assistant/.buildozer/android/platform/build-arm64-v8a_armeabi-v7a/build/bootstrap_builds/sdl2/jni/SDL2_image/external/libjxl/third_party/skcms' failed
Failed to clone 'third_party/skcms'. Retry scheduled
Cloning into '/home/admin/openclaw/workspace/loan-assistant/.buildozer/android/platform/build-arm64-v8a_armeabi-v7a/build/bootstrap_builds/sdl2/jni/SDL2_image/external/libjxl/third_party/skcms'...
fatal: unable to access 'http://skia.googlesource.com/skcms/': Empty reply from server
fatal: clone of 'https://skia.googlesource.com/skcms' into submodule path '/home/admin/openclaw/workspace/loan-assistant/.buildozer/android/platform/build-arm64-v8a_armeabi-v7a/build/bootstrap_builds/sdl2/jni/SDL2_image/external/libjxl/third_party/skcms' failed
Failed to clone 'third_party/skcms' a second time, aborting


  STDERR:

Traceback (most recent call last):
  File "/usr/lib/python3.10/runpy.py", line 196, in _run_module_as_main
    return _run_code(code, main_globals, None,
  File "/usr/lib/python3.10/runpy.py", line 86, in _run_code
    exec(code, run_globals)
  File "/home/admin/openclaw/workspace/loan-assistant/.buildozer/android/platform/python-for-android/pythonforandroid/toolchain.py", line 1256, in <module>
    main()
  File "/home/admin/openclaw/workspace/loan-assistant/.buildozer/android/platform/python-for-android/pythonforandroid/entrypoints.py", line 18, in main
    ToolchainCL()
  File "/home/admin/openclaw/workspace/loan-assistant/.buildozer/android/platform/python-for-android/pythonforandroid/toolchain.py", line 685, in __init__
    getattr(self, command)(args)
  File "/home/admin/openclaw/workspace/loan-assistant/.buildozer/android/platform/python-for-android/pythonforandroid/toolchain.py", line 104, in wrapper_func
    build_dist_from_args(ctx, dist, args)
  File "/home/admin/openclaw/workspace/loan-assistant/.buildozer/android/platform/python-for-android/pythonforandroid/toolchain.py", line 163, in build_dist_from_args
    build_recipes(build_order, python_modules, ctx,
  File "/home/admin/openclaw/workspace/loan-assistant/.buildozer/android/platform/python-for-android/pythonforandroid/build.py", line 496, in build_recipes
    recipe.prebuild_arch(arch)
  File "/home/admin/openclaw/workspace/loan-assistant/.buildozer/android/platform/python-for-android/pythonforandroid/recipes/sdl2_image/__init__.py", line 26, in prebuild_arch
    shprint(sh.Command("./download.sh"))
  File "/home/admin/openclaw/workspace/loan-assistant/.buildozer/android/platform/python-for-android/pythonforandroid/logger.py", line 167, in shprint
    for line in output:
  File "/home/admin/.local/lib/python3.10/site-packages/sh.py", line 915, in next
    self.wait()
  File "/home/admin/.local/lib/python3.10/site-packages/sh.py", line 845, in wait
    self.handle_command_exit_code(exit_code)
  File "/home/admin/.local/lib/python3.10/site-packages/sh.py", line 869, in handle_command_exit_code
    raise exc
sh.ErrorReturnCode_1: 

  RAN: /home/admin/openclaw/workspace/loan-assistant/.buildozer/android/platform/build-arm64-v8a_armeabi-v7a/build/bootstrap_builds/sdl2/jni/SDL2_image/external/download.sh

  STDOUT:
Cloning into 'external/jpeg'...
remote: Enumerating objects: 417, done.        
remote: Counting objects:   0% (1/417)        remote: Counting objects:   1% (5/417)        remote: Counting objects:   2% (9/417)        remote: Counting objects:   3% (13/417)        remote: Counting objects:   4% (17/417)        remote: Counting objects:   5% (21/417)        remote: Counting objects:   6% (26/417)        remote: Counting objects:   7% (30/417)        remote: Counting objects:   8% (34/417)        remote: Counting objects:   9% (38/417)        remote: Counting objects:  10% (42/417)        remote: Counting objects:  11% (46/417)        remote: Counting objects:  12% (51/417)        remote: Counting objects:  13% (55/417)        remote: Counting objects:  14% (59/417)        remote: Counting objects:  15% (63/417)        remote: Counting objects:  16% (67/417)        remote: Counting objects:  17% (71/417)        remote: Counting objects:  18% (76/417)        remote: Counting objects:  19% (80/417)        remote: Counting objects:  20% (84/417)        remote: Counting objects:  21% (88/417)        remote: Counting objects:  22% (92/417)        remote: Counting objects:  23% (96/417)        remote: Counting objects:  24% (101/417)        remote: Counting objects:  25% (105/417)        remote: Counting objects:  26% (109/417)        remote: Counting objects:  27% (113/417)        remote: Counting objects:  28% (117/417)        remote: Counting objects:  29% (121/417)        remote: Counting objects:  30% (126/417)        remote: Counting objects:  31% (130/417)        remote: Counting objects:  32% (134/417)        remote: Counting objects:  33% (138/417)        remote: Counting objects:  34% (142/417)        remote: Counting objects:  35% (146/417)        remote: Counting objects:  36% (151/417)        remote: Counting objects:  37% (155/417)        remote: Counting objects:  38% (159/417)        remote: Counting objects:  39% (163/417)        remote: Counting objects:  40% (167/417)        remote: Counting objects:  41% (171/417)        remote: Counting objects:  42% (176/417)        remote: Counting objects:  43% (180/417)        remote: Counting objects:  44% (184/417)        remote: Counting objects:  45% (188/417)        remote: Counting objects:  46% (192/417)        remote: Counting objects:  47% (196/417)        remote: Counting objects:  48% (201/417)        remote: Counting objects:  49% (205/417)        remote: Counting objects:  50% (209/417)        remote: Counting objects:  51% (213/417)        remote: Counting objects:  52% (217/417)        remote: Counting objects:  53% (222/417)        remote: Counting objects:  54% (226/417)        remote: Counting objects:  55% (230/417)        remote: Counting objects:  56% (234/417)        remote: Counting objects:  57% (238/417)        remote: Counting objects:  58% (242/417)        remote: Counting objects:  59% (247/417)        remote: Counting objects:  60% (251/417)        remote: Counting objects:  61% (255/417)        remote: Counting objects:  62% (259/417)        remote: Counting objects:  63% (263/417)        remote: Counting objects:  64% (267/417)        remote: Counting objects:  65% (272/417)        remote: Counting objects:  66% (276/417)        remote: Counting objects:  67% (280/417)        remote: Counting objects:  68% (284/417)        remote: Counting objects:  69% (288/417)        remote: Counting objects:  70% (292/417)        remote: Counting objects:  71% (297/417)        remote: Counting objects:  72% (301/417)        remote: Counting objects:  73% (305/417)        remote: Counting objects:  74% (309/417)        remote: Counting objects:  75% (313/417)        remote: Counting objects:  76% (317/417)        remote: Counting objects:  77% (322/417)        remote: Counting objects:  78% (326/417)        remote: Counting objects:  79% (330/417)        remote: Counting objects:  80% (334/417)        remote: Counting objects:  81% (338/417)        remote: Counting objects:  82% (342/417)        remote: Counting objects:  83% (347/417)        remote: Counting objects:  84% (351/417)        remote: Counting objects:  85% (355/417)        remote: Counting objects:  86% (359/417)        remote: Counting objects:  87% (363/417)        remote: Counting objects:  88% (367/417)        remote: Counting objects:  89% (372/417)        remote: Counting objects:  90% (376/417)        remote: Counting objects:  91% (380/417)        remote: Counting objects:  92% (384/417)        remote: Counting objects:  93% (388/417)        remote: Counting objects:  94% (392/417)        remote: Counting objects:  95% (397/417)        remote: Counting objects:  96% (401/417)        remote: Counting objects:  97% (405/417)        remote: Counting objects:  98% (409/417)        remote: Counting objects:  99% (413/417)        remote: Counting objects: 100% (417/417)        remote: Counting objects: 100% (417/417), done.        
remote: Compressing objects:   0% (1/252)        remote: Compressing objects:   1% (3/252)        remote: Compressing objects:   2% (6/252)        remote: Compressing objects:   3% (8/252)        remote: Compressing objects:   4% (11/252)        remote: Compressing objects:   5% (13/252)        remote: Compressing objects:   6% (16/252)        remote: Compressing objects:   7% (18/252)        remote: Compressing objects:   8% (21/252)        remote: Compressing objects:   9% (23/252)        remote: Compressing objects:  10% (26/252)        remote: Compressing objects:  11% (28/252)        remote: Compressing objects:  12% (31/252)        remote: Compressing objects:  13% (33/252)        remote: Compressing objects:  14% (36/252)        remote: Compressing objects:  15% (38/252)        remote: Compressing objects:  16% (41/252)        remote: Compressing objects:  17% (43/252)        remote: Compressing objects:  18% (46/252)        remote: Compressing objects:  19% (48/252)        remote: Compressing objects:  20% (51/252)        remote: Compressing objects:  21% (53/252)        remote: Compressing objects:  22% (56/252)        remote: Compressing objects:  23% (58/252)        remote: Compressing objects:  24% (61/252)        remote: Compressing objects:  25% (63/252)        remote: Compressing objects:  26% (66/252)        remote: Compressing objects:  27% (69/252)        remote: Compressing objects:  28% (71/252)        remote: Compressing objects:  29% (74/252)        remote: Compressing objects:  30% (76/252)        remote: Compressing objects:  31% (79/252)        remote: Compressing objects:  32% (81/252)        remote: Compressing objects:  33% (84/252)        remote: Compressing objects:  34% (86/252)        remote: Compressing objects:  35% (89/252)        remote: Compressing objects:  36% (91/252)        remote: Compressing objects:  37% (94/252)        remote: Compressing objects:  38% (96/252)        remote: Compressing objects:  39% (99/252)        remote: Compressing objects:  40% (101/252)        remote: Compressing objects:  41% (104/252)        remote: Compressing objects:  42% (106/252)        remote: Compressing objects:  43% (109/252)        remote: Compressing objects:  44% (111/252)        remote: Compressing objects:  45% (114/252)        remote: Compressing objects:  46% (116/252)        remote: Compressing objects:  47% (119/252)        remote: Compressing objects:  48% (121/252)        remote: Compressing objects:  49% (124/252)        remote: Compressing objects:  50% (126/252)        remote: Compressing objects:  51% (129/252)        remote: Compressing objects:  52% (132/252)        remote: Compressing objects:  53% (134/252)        remote: Compressing objects:  54% (137/252)        remote: Compressing objects:  55% (139/252)        remote: Compressing objects:  56% (142/252)        remote: Compressing objects:  57% (144/252)        remote: Compressing objects:  58% (147/252)        remote: Compressing objects:  59% (149/252)        remote: Compressing objects:  60% (152/252)        remote: Compressing objects:  61% (154/252)        remote: Compressing objects:  62% (157/252)        remote: Compressing objects:  63% (159/252)        remote: Compressing objects:  64% (162/252)        remote: Compressing objects:  65% (164/252)        remote: Compressing objects:  66% (167/252)        remote: Compressing objects:  67% (169/252)        remote: Compressing objects:  68% (172/252)        remote: Compressing objects:  69% (174/252)        remote: Compressing objects:  70% (177/252)        remote: Compressing objects:  71% (179/252)        remote: Compressing objects:  72% (182/252)        remote: Compressing objects:  73% (184/252)        remote: Compressing objects:  74% (187/252)        remote: Compressing objects:  75% (189/252)        remote: Compressing objects:  76% (192/252)        remote: Compressing objects:  77% (195/252)        remote: Compressing objects:  78% (197/252)        remote: Compressing objects:  79% (200/252)        remote: Compressing objects:  80% (202/252)        remote: Compressing objects:  81% (205/252)        remote: Compressing objects:  82% (207/252)        remote: Compressing objects:  83% (210/252)        remote: Compressing objects:  84% (212/252)        remote: Compressing objects:  85% (215/252)        remote: Compressing objects:  86% (217/252)        remote: Compressing objects:  87% (220/252)        remote: Compressing objects:  88% (222/252)        remote: Compressing objects:  89% (225/252)        remote: Compressing objects:  90% (227/252)        remote: Compressing objects:  91% (230/252)        remote: Compressing objects:  92% (232/252)        remote: Compressing objects:  93% (235/252)        remote: Compressing objects:  94% (237/252)        remote: Compressing objects:  95% (240/252)        remote: Compressing objects:  96% (242/252)        remote: Compressing objects:  97% (245/252)        remote: Compressing objects:  98% (247/252)        remote: Compressing objects:  99% (250/252)        remote: Compressing objects: 100% (252/252)        remote: Compressing objects: 100% (252/252), done.        
Receiving objects:   0% (1/417)Receiving objects:   1% (5/417)Receiving objects:   2% (9/417)Receiving objects:   3% (13/417)Receiving objects:   4% (17/417)Receiving objects:   5% (21/417)Receiving objects:   6% (26/417)Receiving objects:   7% (30/417)Receiving objects:   8% (34/417)Receiving objects:   9% (38/417)Receiving objects:  10% (42/417)Receiving objects:  11% (46/417)Receiving objects:  12% (51/417)Receiving objects:  13% (55/417)Receiving objects:  14% (59/417)Receiving objects:  15% (63/417)Receiving objects:  16% (67/417)Receiving objects:  17% (71/417)Receiving objects:  18% (76/417)Receiving objects:  19% (80/417)Receiving objects:  20% (84/417)Receiving objects:  21% (88/417)Receiving objects:  22% (92/417)Receiving objects:  23% (96/417)Receiving objects:  24% (101/417)Receiving objects:  25% (105/417)Receiving objects:  26% (109/417)Receiving objects:  27% (113/417)Receiving objects:  28% (117/417)Receiving objects:  29% (121/417)Receiving objects:  30% (126/417)Receiving objects:  31% (130/417)Receiving objects:  32% (134/417)Receiving objects:  33% (138/417)Receiving objects:  34% (142/417)Receiving objects:  35% (146/417)Receiving objects:  36% (151/417)Receiving objects:  37% (155/417)Receiving objects:  38% (159/417)Receiving objects:  39% (163/417)Receiving objects:  40% (167/417)Receiving objects:  41% (171/417)Receiving objects:  42% (176/417)Receiving objects:  43% (180/417)Receiving objects:  44% (184/417)Receiving objects:  45% (188/417)Receiving objects:  46% (192/417)Receiving objects:  47% (196/417)Receiving objects:  48% (201/417)Receiving objects:  49% (205/417)Receiving objects:  50% (209/417)Receiving objects:  51% (213/417)Receiving objects:  52% (217/417)Receiving objects:  53% (222/417)Receiving objects:  54% (226/417)Receiving objects:  55% (230/417)Receiving objects:  56% (234/417)Receiving objects:  57% (238/417)Receiving objects:  58% (242/417)Receiving objects:  59% (247/417)Receiving objects:  60% (251/417)Receiving objects:  61% (255/417)Receiving objects:  62% (259/417)Receiving objects:  63% (263/417)Receiving objects:  64% (267/417)Receiving objects:  65% (272/417)Receiving objects:  66% (276/417)Receiving objects:  67% (280/417)Receiving objects:  68% (284/417)Receiving objects:  69% (288/417)Receiving objects:  70% (292/417)Receiving objects:  71% (297/417)Receiving objects:  72% (301/417)Receiving objects:  73% (305/417)Receiving objects:  74% (309/417)Receiving objects:  75% (313/417)Receiving objects:  76% (317/417)Receiving objects:  77% (322/417)Receiving objects:  78% (326/417)Receiving objects:  79% (330/417)Receiving objects:  80% (334/417)Receiving objects:  81% (338/417)Receiving objects:  82% (342/417)Receiving objects:  83% (347/417)Receiving objects:  84% (351/417)Receiving objects:  85% (355/417)Receiving objects:  86% (359/417)Receiving objects:  87% (363/417)Receiving objects:  88% (367/417)Receiving objects:  89% (372/417)Receiving objects:  90% (376/417)Receiving objects:  91% (380/417)Receiving objects:  92% (384/417)Receiving objects:  93% (388/417)Receiving objects:  94% (392/417)Receiving objects:  95% (397/417)remote: Total 417 (delta 234), reused 342 (delta 161), pack-reused 0 (from 0)        
Receiving objects:  96% (401/417)Receiving objects:  97% (405/417)Receiving objects:  98% (409/417)Receiving objects:  99% (413/417)Receiving objects: 100% (417/417)Receiving objects: 100% (417/417), 1.21 MiB | 5.03 MiB/s, done.
Resolving deltas:   0% (0/234)Resolving deltas:   1% (3/234)Resolving deltas:   2% (5/234)Resolving deltas:   3% (8/234)Resolving deltas:   4% (10/234)Resolving deltas:   5% (12/234)Resolving deltas:   6% (15/234)Resolving deltas:   7% (17/234)Resolving deltas:   8% (19/234)Resolving deltas:   9% (22/234)Resolving deltas:  10% (24/234)Resolving deltas:  11% (26/234)Resolving deltas:  12% (29/234)Resolving deltas:  13% (31/234)Resolving deltas:  14% (33/234)Resolving deltas:  15% (36/234)Resolving deltas:  16% (38/234)Resolving deltas:  17% (40/234)Resolving deltas:  18% (43/234)Resolving deltas:  19% (45/234)Resolving deltas:  20% (47/234)Resolving deltas:  21% (50/234)Resolving deltas:  22% (52/234)Resolving deltas:  23% (54/234)Resolving deltas:  24% (57/234)Resolving deltas:  25% (59/234)Resolving deltas:  26% (61/234)Resolving deltas:  27% (64/234)Resolving deltas:  28% (66/234)Resolving deltas:  29% (68/234)Resolving deltas:  30% (71/234)Resolving deltas:  31% (73/234)Resolving deltas:  32% (75/234)Resolving deltas:  33% (78/234)Resolving deltas:  34% (80/234)Resolving deltas:  35% (82/234)Resolving deltas:  36% (85/234)Resolving deltas:  37% (87/234)Resolving deltas:  38% (89/234)Resolving deltas:  39% (92/234)Resolving deltas:  40% (94/234)Resolving deltas:  41% (96/234)Resolving deltas:  42% (99/234)Resolving deltas:  43% (101/234)Resolving deltas:  44% (103/234)Resolving deltas:  45% (106/234)Resolving deltas:  46% (108/234)Resolving deltas:  47% (110/234)Resolving deltas:  48% (113/234)Resolving deltas:  49% (115/234)Resolving deltas:  50% (117/234)Resolving deltas:  51% (120/234)Resolving deltas:  52% (122/234)Resolving deltas:  53% (125/234)Resolving deltas:  54% (127/234)Resolving deltas:  55% (129/234)Resolving deltas:  56% (132/234)Resolving deltas:  57% (134/234)Resolving deltas:  58% (136/234)Resolving deltas:  59% (139/234)Resolving deltas:  60% (141/234)Resolving deltas:  61% (143/234)Resolving deltas:  62% (146/234)Resolving deltas:  63% (148/234)Resolving deltas:  64% (150/234)Resolving deltas:  65% (153/234)Resolving deltas:  66% (155/234)Resolving deltas:  67% (157/234)Resolving deltas:  68% (160/234)Resolving deltas:  69% (162/234)Resolving deltas:  70% (164/234)Resolving deltas:  71% (167/234)Resolving deltas:  72% (169/234)Resolving deltas:  73% (171/234)Resolving deltas:  74% (174/234)Resolving deltas:  75% (176/234)Resolving deltas:  76% (178/234)Resolving deltas:  77% (181/234)Resolving deltas:  78% (183/234)Resolving deltas:  79% (185/234)Resolving deltas:  80% (188/234)Resolving deltas:  81% (190/234)Resolving deltas:  82% (192/234)Resolving deltas:  83% (195/234)Resolving deltas:  84% (197/234)Resolving deltas:  85% (199/234)Resolving deltas:  86% (202/234)Resolving deltas:  87% (204/234)Resolving deltas:  88% (206/234)Resolving deltas:  89% (209/234)Resolving deltas:  90% (211/234)Resolving deltas:  91% (213/234)Resolving deltas:  92% (216/234)Resolving deltas:  93% (218/234)Resolving deltas:  94% (220/234)Resolving deltas:  95% (223/234)Resolving deltas:  96% (225/234)Resolving deltas:  97% (227/234)Resolving deltas:  98% (230/234)Resolving deltas:  99% (232/234)Resolving deltas: 100% (234/234)Resolving deltas: 100% (234/234), done.
Cloning into 'external/libpng'...
remote: Enumerating objects: 111477, done.        
remote: Counting objects:   0% (1/551)        remote: Counting objects:   1% (6/551)        remote: Counting objects:   2% (12/551)        remote: Counting objects:   3% (17/551)        remote: Counting objects:   4% (23/551)        remote: Counting objects:   5% (28/551)        remote: Counting objects:   6% (34/551)        remote: Counting objects:   7% (39/551)        remote: Counting objects:   8% (45/551)        remote: Counting objects:   9% (50/551)        remote: Counting objects:  10% (56/551)        remote: Counting objects:  11% (61/551)        remote: Counting objects:  12% (67/551)        remote: Counting objects:  13% (72/551)        remote: Counting objects:  14% (78/551)        remote: Counting objects:  15% (83/551)        remote: Counting objects:  16% (89/551)        remote: Counting objects:  17% (94/551)        remote: Counting objects:  18% (100/551)        remote: Counting objects:  19% (105/551)        remote: Counting objects:  20% (111/551)        remote: Counting objects:  21% (116/551)        remote: Counting objects:  22% (122/551)        remote: Counting objects:  23% (127/551)        remote: Counting objects:  24% (133/551)        remote: Counting objects:  25% (138/551)        remote: Counting objects:  26% (144/551)        remote: Counting objects:  27% (149/551)        remote: Counting objects:  28% (155/551)        remote: Counting objects:  29% (160/551)        remote: Counting objects:  30% (166/551)        remote: Counting objects:  31% (171/551)        remote: Counting objects:  32% (177/551)        remote: Counting objects:  33% (182/551)        remote: Counting objects:  34% (188/551)        remote: Counting objects:  35% (193/551)        remote: Counting objects:  36% (199/551)        remote: Counting objects:  37% (204/551)        remote: Counting objects:  38% (210/551)        remote: Counting objects:  39% (215/551)        remote: Counting objects:  40% (221/551)        remote: Counting objects:  41% (226/551)        remote: Counting objects:  42% (232/551)        remote: Counting objects:  43% (237/551)        remote: Counting objects:  44% (243/551)        remote: Counting objects:  45% (248/551)        remote: Counting objects:  46% (254/551)        remote: Counting objects:  47% (259/551)        remote: Counting objects:  48% (265/551)        remote: Counting objects:  49% (270/551)        remote: Counting objects:  50% (276/551)        remote: Counting objects:  51% (282/551)        remote: Counting objects:  52% (287/551)        remote: Counting objects:  53% (293/551)        remote: Counting objects:  54% (298/551)        remote: Counting objects:  55% (304/551)        remote: Counting objects:  56% (309/551)        remote: Counting objects:  57% (315/551)        remote: Counting objects:  58% (320/551)        remote: Counting objects:  59% (326/551)        remote: Counting objects:  60% (331/551)        remote: Counting objects:  61% (337/551)        remote: Counting objects:  62% (342/551)        remote: Counting objects:  63% (348/551)        remote: Counting objects:  64% (353/551)        remote: Counting objects:  65% (359/551)        remote: Counting objects:  66% (364/551)        remote: Counting objects:  67% (370/551)        remote: Counting objects:  68% (375/551)        remote: Counting objects:  69% (381/551)        remote: Counting objects:  70% (386/551)        remote: Counting objects:  71% (392/551)        remote: Counting objects:  72% (397/551)        remote: Counting objects:  73% (403/551)        remote: Counting objects:  74% (408/551)        remote: Counting objects:  75% (414/551)        remote: Counting objects:  76% (419/551)        remote: Counting objects:  77% (425/551)        remote: Counting objects:  78% (430/551)        remote: Counting objects:  79% (436/551)        remote: Counting objects:  80% (441/551)        remote: Counting objects:  81% (447/551)        remote: Counting objects:  82% (452/551)        remote: Counting objects:  83% (458/551)        remote: Counting objects:  84% (463/551)        remote: Counting objects:  85% (469/551)        remote: Counting objects:  86% (474/551)        remote: Counting objects:  87% (480/551)        remote: Counting objects:  88% (485/551)        remote: Counting objects:  89% (491/551)        remote: Counting objects:  90% (496/551)        remote: Counting objects:  91% (502/551)        remote: Counting objects:  92% (507/551)        remote: Counting objects:  93% (513/551)        remote: Counting objects:  94% (518/551)        remote: Counting objects:  95% (524/551)        remote: Counting objects:  96% (529/551)        remote: Counting objects:  97% (535/551)        remote: Counting objects:  98% (540/551)        remote: Counting objects:  99% (546/551)        remote: Counting objects: 100% (551/551)        remote: Counting objects: 100% (551/551), done.        
remote: Compressing objects:   0% (1/224)        remote: Compressing objects:   1% (3/224)        remote: Compressing objects:   2% (5/224)        remote: Compressing objects:   3% (7/224)        remote: Compressing objects:   4% (9/224)        remote: Compressing objects:   5% (12/224)        remote: Compressing objects:   6% (14/224)        remote: Compressing objects:   7% (16/224)        remote: Compressing objects:   8% (18/224)        remote: Compressing objects:   9% (21/224)        remote: Compressing objects:  10% (23/224)        remote: Compressing objects:  11% (25/224)        remote: Compressing objects:  12% (27/224)        remote: Compressing objects:  13% (30/224)        remote: Compressing objects:  14% (32/224)        remote: Compressing objects:  15% (34/224)        remote: Compressing objects:  16% (36/224)        remote: Compressing objects:  17% (39/224)        remote: Compressing objects:  18% (41/224)        remote: Compressing objects:  19% (43/224)        remote: Compressing objects:  20% (45/224)        remote: Compressing objects:  21% (48/224)        remote: Compressing objects:  22% (50/224)        remote: Compressing objects:  23% (52/224)        remote: Compressing objects:  24% (54/224)        remote: Compressing objects:  25% (56/224)        remote: Compressing objects:  26% (59/224)        remote: Compressing objects:  27% (61/224)        remote: Compressing objects:  28% (63/224)        remote: Compressing objects:  29% (65/224)        remote: Compressing objects:  30% (68/224)        remote: Compressing objects:  31% (70/224)        remote: Compressing objects:  32% (72/224)        remote: Compressing objects:  33% (74/224)        remote: Compressing objects:  34% (77/224)        remote: Compressing objects:  35% (79/224)        remote: Compressing objects:  36% (81/224)        remote: Compressing objects:  37% (83/224)        remote: Compressing objects:  38% (86/224)        remote: Compressing objects:  39% (88/224)        remote: Compressing objects:  40% (90/224)        remote: Compressing objects:  41% (92/224)        remote: Compressing objects:  42% (95/224)        remote: Compressing objects:  43% (97/224)        remote: Compressing objects:  44% (99/224)        remote: Compressing objects:  45% (101/224)        remote: Compressing objects:  46% (104/224)        remote: Compressing objects:  47% (106/224)        remote: Compressing objects:  48% (108/224)        remote: Compressing objects:  49% (110/224)        remote: Compressing objects:  50% (112/224)        remote: Compressing objects:  51% (115/224)        remote: Compressing objects:  52% (117/224)        remote: Compressing objects:  53% (119/224)        remote: Compressing objects:  54% (121/224)        remote: Compressing objects:  55% (124/224)        remote: Compressing objects:  56% (126/224)        remote: Compressing objects:  57% (128/224)        remote: Compressing objects:  58% (130/224)        remote: Compressing objects:  59% (133/224)        remote: Compressing objects:  60% (135/224)        remote: Compressing objects:  61% (137/224)        remote: Compressing objects:  62% (139/224)        remote: Compressing objects:  63% (142/224)        remote: Compressing objects:  64% (144/224)        remote: Compressing objects:  65% (146/224)        remote: Compressing objects:  66% (148/224)        remote: Compressing objects:  67% (151/224)        remote: Compressing objects:  68% (153/224)        remote: Compressing objects:  69% (155/224)        remote: Compressing objects:  70% (157/224)        remote: Compressing objects:  71% (160/224)        remote: Compressing objects:  72% (162/224)        remote: Compressing objects:  73% (164/224)        remote: Compressing objects:  74% (166/224)        remote: Compressing objects:  75% (168/224)        remote: Compressing objects:  76% (171/224)        remote: Compressing objects:  77% (173/224)        remote: Compressing objects:  78% (175/224)        remote: Compressing objects:  79% (177/224)        remote: Compressing objects:  80% (180/224)        remote: Compressing objects:  81% (182/224)        remote: Compressing objects:  82% (184/224)        remote: Compressing objects:  83% (186/224)        remote: Compressing objects:  84% (189/224)        remote: Compressing objects:  85% (191/224)        remote: Compressing objects:  86% (193/224)        remote: Compressing objects:  87% (195/224)        remote: Compressing objects:  88% (198/224)        remote: Compressing objects:  89% (200/224)        remote: Compressing objects:  90% (202/224)        remote: Compressing objects:  91% (204/224)        remote: Compressing objects:  92% (207/224)        remote: Compressing objects:  93% (209/224)        remote: Compressing objects:  94% (211/224)        remote: Compressing objects:  95% (213/224)        remote: Compressing objects:  96% (216/224)        remote: Compressing objects:  97% (218/224)        remote: Compressing objects:  98% (220/224)        remote: Compressing objects:  99% (222/224)        remote: Compressing objects: 100% (224/224)        remote: Compressing objects: 100% (224/224), done.        
Receiving objects:   0% (1/111477)Receiving objects:   1% (1115/111477)Receiving objects:   2% (2230/111477)Receiving objects:   3% (3345/111477)Receiving objects:   4% (4460/111477)Receiving objects:   5% (5574/111477)Receiving objects:   6% (6689/111477)Receiving objects:   7% (7804/111477)Receiving objects:   8% (8919/111477)Receiving objects:   9% (10033/111477)Receiving objects:  10% (11148/111477), 6.93 MiB | 13.85 MiB/sReceiving objects:  11% (12263/111477), 6.93 MiB | 13.85 MiB/sReceiving objects:  12% (13378/111477), 6.93 MiB | 13.85 MiB/sReceiving objects:  13% (14493/111477), 6.93 MiB | 13.85 MiB/sReceiving objects:  14% (15607/111477), 6.93 MiB | 13.85 MiB/sReceiving objects:  15% (16722/111477), 6.93 MiB | 13.85 MiB/sReceiving objects:  16% (17837/111477), 6.93 MiB | 13.85 MiB/sReceiving objects:  17% (18952/111477), 6.93 MiB | 13.85 MiB/sReceiving objects:  18% (20066/111477), 6.93 MiB | 13.85 MiB/sReceiving objects:  19% (21181/111477), 6.93 MiB | 13.85 MiB/sReceiving objects:  20% (22296/111477), 6.93 MiB | 13.85 MiB/sReceiving objects:  21% (23411/111477), 6.93 MiB | 13.85 MiB/sReceiving objects:  21% (23671/111477), 15.21 MiB | 14.61 MiB/sReceiving objects:  22% (24525/111477), 15.21 MiB | 14.61 MiB/sReceiving objects:  23% (25640/111477), 15.21 MiB | 14.61 MiB/sReceiving objects:  24% (26755/111477), 15.21 MiB | 14.61 MiB/sReceiving objects:  25% (27870/111477), 15.21 MiB | 14.61 MiB/sReceiving objects:  26% (28985/111477), 15.21 MiB | 14.61 MiB/sReceiving objects:  27% (30099/111477), 15.21 MiB | 14.61 MiB/sReceiving objects:  28% (31214/111477), 15.21 MiB | 14.61 MiB/sReceiving objects:  29% (32329/111477), 15.21 MiB | 14.61 MiB/sReceiving objects:  30% (33444/111477), 15.21 MiB | 14.61 MiB/sReceiving objects:  31% (34558/111477), 15.21 MiB | 14.61 MiB/sReceiving objects:  32% (35673/111477), 15.21 MiB | 14.61 MiB/sReceiving objects:  33% (36788/111477), 15.21 MiB | 14.61 MiB/sReceiving objects:  34% (37903/111477), 15.21 MiB | 14.61 MiB/sReceiving objects:  35% (39017/111477), 15.21 MiB | 14.61 MiB/sReceiving objects:  36% (40132/111477), 15.21 MiB | 14.61 MiB/sReceiving objects:  37% (41247/111477), 15.21 MiB | 14.61 MiB/sReceiving objects:  38% (42362/111477), 15.21 MiB | 14.61 MiB/sReceiving objects:  39% (43477/111477), 15.21 MiB | 14.61 MiB/sReceiving objects:  40% (44591/111477), 15.21 MiB | 14.61 MiB/sReceiving objects:  41% (45706/111477), 15.21 MiB | 14.61 MiB/sReceiving objects:  42% (46821/111477), 15.21 MiB | 14.61 MiB/sReceiving objects:  43% (47936/111477), 15.21 MiB | 14.61 MiB/sReceiving objects:  44% (49050/111477), 15.21 MiB | 14.61 MiB/sReceiving objects:  45% (50165/111477), 15.21 MiB | 14.61 MiB/sReceiving objects:  46% (51280/111477), 15.21 MiB | 14.61 MiB/sReceiving objects:  47% (52395/111477), 15.21 MiB | 14.61 MiB/sReceiving objects:  48% (53509/111477), 15.21 MiB | 14.61 MiB/sReceiving objects:  49% (54624/111477), 15.21 MiB | 14.61 MiB/sReceiving objects:  50% (55739/111477), 15.21 MiB | 14.61 MiB/sReceiving objects:  51% (56854/111477), 23.82 MiB | 15.46 MiB/sReceiving objects:  52% (57969/111477), 23.82 MiB | 15.46 MiB/sReceiving objects:  53% (59083/111477), 23.82 MiB | 15.46 MiB/sReceiving objects:  54% (60198/111477), 23.82 MiB | 15.46 MiB/sReceiving objects:  55% (61313/111477), 23.82 MiB | 15.46 MiB/sReceiving objects:  56% (62428/111477), 23.82 MiB | 15.46 MiB/sReceiving objects:  57% (63542/111477), 23.82 MiB | 15.46 MiB/sReceiving objects:  58% (64657/111477), 23.82 MiB | 15.46 MiB/sReceiving objects:  58% (65718/111477), 23.82 MiB | 15.46 MiB/sReceiving objects:  59% (65772/111477), 23.82 MiB | 15.46 MiB/sReceiving objects:  60% (66887/111477), 23.82 MiB | 15.46 MiB/sReceiving objects:  61% (68001/111477), 32.94 MiB | 16.10 MiB/sReceiving objects:  62% (69116/111477), 32.94 MiB | 16.10 MiB/sReceiving objects:  63% (70231/111477), 32.94 MiB | 16.10 MiB/sReceiving objects:  64% (71346/111477), 32.94 MiB | 16.10 MiB/sReceiving objects:  65% (72461/111477), 32.94 MiB | 16.10 MiB/sReceiving objects:  66% (73575/111477), 32.94 MiB | 16.10 MiB/sReceiving objects:  67% (74690/111477), 32.94 MiB | 16.10 MiB/sReceiving objects:  68% (75805/111477), 32.94 MiB | 16.10 MiB/sReceiving objects:  69% (76920/111477), 32.94 MiB | 16.10 MiB/sReceiving objects:  70% (78034/111477), 32.94 MiB | 16.10 MiB/sReceiving objects:  71% (79149/111477), 32.94 MiB | 16.10 MiB/sReceiving objects:  72% (80264/111477), 32.94 MiB | 16.10 MiB/sReceiving objects:  73% (81379/111477), 32.94 MiB | 16.10 MiB/sReceiving objects:  74% (82493/111477), 32.94 MiB | 16.10 MiB/sReceiving objects:  75% (83608/111477), 32.94 MiB | 16.10 MiB/sReceiving objects:  76% (84723/111477), 32.94 MiB | 16.10 MiB/sReceiving objects:  77% (85838/111477), 32.94 MiB | 16.10 MiB/sReceiving objects:  78% (86953/111477), 32.94 MiB | 16.10 MiB/sReceiving objects:  79% (88067/111477), 32.94 MiB | 16.10 MiB/sReceiving objects:  80% (89182/111477), 32.94 MiB | 16.10 MiB/sReceiving objects:  81% (90297/111477), 32.94 MiB | 16.10 MiB/sReceiving objects:  82% (91412/111477), 32.94 MiB | 16.10 MiB/sReceiving objects:  83% (92526/111477), 32.94 MiB | 16.10 MiB/sReceiving objects:  84% (93641/111477), 32.94 MiB | 16.10 MiB/sReceiving objects:  85% (94756/111477), 32.94 MiB | 16.10 MiB/sReceiving objects:  86% (95871/111477), 40.93 MiB | 15.88 MiB/sReceiving objects:  87% (96985/111477), 40.93 MiB | 15.88 MiB/sReceiving objects:  88% (98100/111477), 40.93 MiB | 15.88 MiB/sReceiving objects:  89% (99215/111477), 40.93 MiB | 15.88 MiB/sReceiving objects:  90% (100330/111477), 40.93 MiB | 15.88 MiB/sReceiving objects:  91% (101445/111477), 40.93 MiB | 15.88 MiB/sReceiving objects:  92% (102559/111477), 40.93 MiB | 15.88 MiB/sReceiving objects:  93% (103674/111477), 40.93 MiB | 15.88 MiB/sReceiving objects:  94% (104789/111477), 40.93 MiB | 15.88 MiB/sReceiving objects:  95% (105904/111477), 40.93 MiB | 15.88 MiB/sReceiving objects:  96% (107018/111477), 40.93 MiB | 15.88 MiB/sReceiving objects:  97% (108133/111477), 40.93 MiB | 15.88 MiB/sReceiving objects:  98% (109248/111477), 40.93 MiB | 15.88 MiB/sReceiving objects:  99% (110363/111477), 40.93 MiB | 15.88 MiB/sremote: Total 111477 (delta 440), reused 327 (delta 327), pack-reused 110926 (from 3)        
Receiving objects: 100% (111477/111477), 40.93 MiB | 15.88 MiB/sReceiving objects: 100% (111477/111477), 43.56 MiB | 16.26 MiB/s, done.
Resolving deltas:   0% (0/99993)Resolving deltas:   1% (1000/99993)Resolving deltas:   2% (2000/99993)Resolving deltas:   3% (3000/99993)Resolving deltas:   4% (4000/99993)Resolving deltas:   5% (5000/99993)Resolving deltas:   6% (6000/99993)Resolving deltas:   7% (7000/99993)Resolving deltas:   8% (8000/99993)Resolving deltas:   9% (9000/99993)Resolving deltas:   9% (9853/99993)Resolving deltas:  10% (10000/99993)Resolving deltas:  11% (11000/99993)Resolving deltas:  12% (12000/99993)Resolving deltas:  13% (13000/99993)Resolving deltas:  14% (14000/99993)Resolving deltas:  15% (14999/99993)Resolving deltas:  16% (15999/99993)Resolving deltas:  17% (16999/99993)Resolving deltas:  18% (17999/99993)Resolving deltas:  19% (18999/99993)Resolving deltas:  20% (19999/99993)Resolving deltas:  21% (20999/99993)Resolving deltas:  22% (21999/99993)Resolving deltas:  22% (22670/99993)Resolving deltas:  23% (22999/99993)Resolving deltas:  24% (23999/99993)Resolving deltas:  25% (24999/99993)Resolving deltas:  25% (25571/99993)Resolving deltas:  26% (25999/99993)Resolving deltas:  27% (26999/99993)Resolving deltas:  28% (27999/99993)Resolving deltas:  28% (28394/99993)Resolving deltas:  29% (28998/99993)Resolving deltas:  30% (29998/99993)Resolving deltas:  31% (30998/99993)Resolving deltas:  32% (31998/99993)Resolving deltas:  33% (32998/99993)Resolving deltas:  34% (33998/99993)Resolving deltas:  35% (34998/99993)Resolving deltas:  36% (35998/99993)Resolving deltas:  37% (36998/99993)Resolving deltas:  38% (37998/99993)Resolving deltas:  39% (38998/99993)Resolving deltas:  40% (39998/99993)Resolving deltas:  41% (40998/99993)Resolving deltas:  42% (41998/99993)Resolving deltas:  43% (42997/99993)Resolving deltas:  44% (43997/99993)Resolving deltas:  45% (44997/99993)Resolving deltas:  46% (45997/99993)Resolving deltas:  47% (46997/99993)Resolving deltas:  47% (47635/99993)Resolving deltas:  48% (47997/99993)Resolving deltas:  49% (48997/99993)Resolving deltas:  50% (49997/99993)Resolving deltas:  51% (50997/99993)Resolving deltas:  52% (51997/99993)Resolving deltas:  53% (52997/99993)Resolving deltas:  54% (53997/99993)Resolving deltas:  55% (54997/99993)Resolving deltas:  56% (55997/99993)Resolving deltas:  57% (56997/99993)Resolving deltas:  58% (57996/99993)Resolving deltas:  59% (58996/99993)Resolving deltas:  60% (59996/99993)Resolving deltas:  60% (60276/99993)Resolving deltas:  61% (60996/99993)Resolving deltas:  62% (61996/99993)Resolving deltas:  63% (62996/99993)Resolving deltas:  64% (63996/99993)Resolving deltas:  65% (64996/99993)Resolving deltas:  66% (65996/99993)Resolving deltas:  67% (66996/99993)Resolving deltas:  68% (67996/99993)Resolving deltas:  69% (68996/99993)Resolving deltas:  70% (69996/99993)Resolving deltas:  71% (70996/99993)Resolving deltas:  72% (71995/99993)Resolving deltas:  73% (72995/99993)Resolving deltas:  74% (73995/99993)Resolving deltas:  75% (74995/99993)Resolving deltas:  76% (75995/99993)Resolving deltas:  77% (76995/99993)Resolving deltas:  78% (77995/99993)Resolving deltas:  78% (78759/99993)Resolving deltas:  79% (78995/99993)Resolving deltas:  80% (79995/99993)Resolving deltas:  81% (80995/99993)Resolving deltas:  82% (81995/99993)Resolving deltas:  83% (82995/99993)Resolving deltas:  84% (83995/99993)Resolving deltas:  85% (84995/99993)Resolving deltas:  86% (85994/99993)Resolving deltas:  87% (86994/99993)Resolving deltas:  88% (87994/99993)Resolving deltas:  89% (88994/99993)Resolving deltas:  90% (89994/99993)Resolving deltas:  91% (90994/99993)Resolving deltas:  92% (91994/99993)Resolving deltas:  93% (92994/99993)Resolving deltas:  94% (93994/99993)Resolving deltas:  95% (94994/99993)Resolving deltas:  96% (95994/99993)Resolving deltas:  97% (96994/99993)Resolving deltas:  98% (97994/99993)Resolving deltas:  99% (98994/99993)Resolving deltas: 100% (99993/99993)Resolving deltas: 100% (99993/99993), done.
Cloning into 'external/libwebp'...
remote: Enumerating objects: 30374, done.        
remote: Counting objects:   0% (1/465)        remote: Counting objects:   1% (5/465)        remote: Counting objects:   2% (10/465)        remote: Counting objects:   3% (14/465)        remote: Counting objects:   4% (19/465)        remote: Counting objects:   5% (24/465)        remote: Counting objects:   6% (28/465)        remote: Counting objects:   7% (33/465)        remote: Counting objects:   8% (38/465)        remote: Counting objects:   9% (42/465)        remote: Counting objects:  10% (47/465)        remote: Counting objects:  11% (52/465)        remote: Counting objects:  12% (56/465)        remote: Counting objects:  13% (61/465)        remote: Counting objects:  14% (66/465)        remote: Counting objects:  15% (70/465)        remote: Counting objects:  16% (75/465)        remote: Counting objects:  17% (80/465)        remote: Counting objects:  18% (84/465)        remote: Counting objects:  19% (89/465)        remote: Counting objects:  20% (93/465)        remote: Counting objects:  21% (98/465)        remote: Counting objects:  22% (103/465)        remote: Counting objects:  23% (107/465)        remote: Counting objects:  24% (112/465)        remote: Counting objects:  25% (117/465)        remote: Counting objects:  26% (121/465)        remote: Counting objects:  27% (126/465)        remote: Counting objects:  28% (131/465)        remote: Counting objects:  29% (135/465)        remote: Counting objects:  30% (140/465)        remote: Counting objects:  31% (145/465)        remote: Counting objects:  32% (149/465)        remote: Counting objects:  33% (154/465)        remote: Counting objects:  34% (159/465)        remote: Counting objects:  35% (163/465)        remote: Counting objects:  36% (168/465)        remote: Counting objects:  37% (173/465)        remote: Counting objects:  38% (177/465)        remote: Counting objects:  39% (182/465)        remote: Counting objects:  40% (186/465)        remote: Counting objects:  41% (191/465)        remote: Counting objects:  42% (196/465)        remote: Counting objects:  43% (200/465)        remote: Counting objects:  44% (205/465)        remote: Counting objects:  45% (210/465)        remote: Counting objects:  46% (214/465)        remote: Counting objects:  47% (219/465)        remote: Counting objects:  48% (224/465)        remote: Counting objects:  49% (228/465)        remote: Counting objects:  50% (233/465)        remote: Counting objects:  51% (238/465)        remote: Counting objects:  52% (242/465)        remote: Counting objects:  53% (247/465)        remote: Counting objects:  54% (252/465)        remote: Counting objects:  55% (256/465)        remote: Counting objects:  56% (261/465)        remote: Counting objects:  57% (266/465)        remote: Counting objects:  58% (270/465)        remote: Counting objects:  59% (275/465)        remote: Counting objects:  60% (279/465)        remote: Counting objects:  61% (284/465)        remote: Counting objects:  62% (289/465)        remote: Counting objects:  63% (293/465)        remote: Counting objects:  64% (298/465)        remote: Counting objects:  65% (303/465)        remote: Counting objects:  66% (307/465)        remote: Counting objects:  67% (312/465)        remote: Counting objects:  68% (317/465)        remote: Counting objects:  69% (321/465)        remote: Counting objects:  70% (326/465)        remote: Counting objects:  71% (331/465)        remote: Counting objects:  72% (335/465)        remote: Counting objects:  73% (340/465)        remote: Counting objects:  74% (345/465)        remote: Counting objects:  75% (349/465)        remote: Counting objects:  76% (354/465)        remote: Counting objects:  77% (359/465)        remote: Counting objects:  78% (363/465)        remote: Counting objects:  79% (368/465)        remote: Counting objects:  80% (372/465)        remote: Counting objects:  81% (377/465)        remote: Counting objects:  82% (382/465)        remote: Counting objects:  83% (386/465)        remote: Counting objects:  84% (391/465)        remote: Counting objects:  85% (396/465)        remote: Counting objects:  86% (400/465)        remote: Counting objects:  87% (405/465)        remote: Counting objects:  88% (410/465)        remote: Counting objects:  89% (414/465)        remote: Counting objects:  90% (419/465)        remote: Counting objects:  91% (424/465)        remote: Counting objects:  92% (428/465)        remote: Counting objects:  93% (433/465)        remote: Counting objects:  94% (438/465)        remote: Counting objects:  95% (442/465)        remote: Counting objects:  96% (447/465)        remote: Counting objects:  97% (452/465)        remote: Counting objects:  98% (456/465)        remote: Counting objects:  99% (461/465)        remote: Counting objects: 100% (465/465)        remote: Counting objects: 100% (465/465), done.        
remote: Compressing objects:   0% (1/200)        remote: Compressing objects:   1% (2/200)        remote: Compressing objects:   2% (4/200)        remote: Compressing objects:   3% (6/200)        remote: Compressing objects:   4% (8/200)        remote: Compressing objects:   5% (10/200)        remote: Compressing objects:   6% (12/200)        remote: Compressing objects:   7% (14/200)        remote: Compressing objects:   8% (16/200)        remote: Compressing objects:   9% (18/200)        remote: Compressing objects:  10% (20/200)        remote: Compressing objects:  11% (22/200)        remote: Compressing objects:  12% (24/200)        remote: Compressing objects:  13% (26/200)        remote: Compressing objects:  14% (28/200)        remote: Compressing objects:  15% (30/200)        remote: Compressing objects:  16% (32/200)        remote: Compressing objects:  17% (34/200)        remote: Compressing objects:  18% (36/200)        remote: Compressing objects:  19% (38/200)        remote: Compressing objects:  20% (40/200)        remote: Compressing objects:  21% (42/200)        remote: Compressing objects:  22% (44/200)        remote: Compressing objects:  23% (46/200)        remote: Compressing objects:  24% (48/200)        remote: Compressing objects:  25% (50/200)        remote: Compressing objects:  26% (52/200)        remote: Compressing objects:  27% (54/200)        remote: Compressing objects:  28% (56/200)        remote: Compressing objects:  29% (58/200)        remote: Compressing objects:  30% (60/200)        remote: Compressing objects:  31% (62/200)        remote: Compressing objects:  32% (64/200)        remote: Compressing objects:  33% (66/200)        remote: Compressing objects:  34% (68/200)        remote: Compressing objects:  35% (70/200)        remote: Compressing objects:  36% (72/200)        remote: Compressing objects:  37% (74/200)        remote: Compressing objects:  38% (76/200)        remote: Compressing objects:  39% (78/200)        remote: Compressing objects:  40% (80/200)        remote: Compressing objects:  41% (82/200)        remote: Compressing objects:  42% (84/200)        remote: Compressing objects:  43% (86/200)        remote: Compressing objects:  44% (88/200)        remote: Compressing objects:  45% (90/200)        remote: Compressing objects:  46% (92/200)        remote: Compressing objects:  47% (94/200)        remote: Compressing objects:  48% (96/200)        remote: Compressing objects:  49% (98/200)        remote: Compressing objects:  50% (100/200)        remote: Compressing objects:  51% (102/200)        remote: Compressing objects:  52% (104/200)        remote: Compressing objects:  53% (106/200)        remote: Compressing objects:  54% (108/200)        remote: Compressing objects:  55% (110/200)        remote: Compressing objects:  56% (112/200)        remote: Compressing objects:  57% (114/200)        remote: Compressing objects:  58% (116/200)        remote: Compressing objects:  59% (118/200)        remote: Compressing objects:  60% (120/200)        remote: Compressing objects:  61% (122/200)        remote: Compressing objects:  62% (124/200)        remote: Compressing objects:  63% (126/200)        remote: Compressing objects:  64% (128/200)        remote: Compressing objects:  65% (130/200)        remote: Compressing objects:  66% (132/200)        remote: Compressing objects:  67% (134/200)        remote: Compressing objects:  68% (136/200)        remote: Compressing objects:  69% (138/200)        remote: Compressing objects:  70% (140/200)        remote: Compressing objects:  71% (142/200)        remote: Compressing objects:  72% (144/200)        remote: Compressing objects:  73% (146/200)        remote: Compressing objects:  74% (148/200)        remote: Compressing objects:  75% (150/200)        remote: Compressing objects:  76% (152/200)        remote: Compressing objects:  77% (154/200)        remote: Compressing objects:  78% (156/200)        remote: Compressing objects:  79% (158/200)        remote: Compressing objects:  80% (160/200)        remote: Compressing objects:  81% (162/200)        remote: Compressing objects:  82% (164/200)        remote: Compressing objects:  83% (166/200)        remote: Compressing objects:  84% (168/200)        remote: Compressing objects:  85% (170/200)        remote: Compressing objects:  86% (172/200)        remote: Compressing objects:  87% (174/200)        remote: Compressing objects:  88% (176/200)        remote: Compressing objects:  89% (178/200)        remote: Compressing objects:  90% (180/200)        remote: Compressing objects:  91% (182/200)        remote: Compressing objects:  92% (184/200)        remote: Compressing objects:  93% (186/200)        remote: Compressing objects:  94% (188/200)        remote: Compressing objects:  95% (190/200)        remote: Compressing objects:  96% (192/200)        remote: Compressing objects:  97% (194/200)        remote: Compressing objects:  98% (196/200)        remote: Compressing objects:  99% (198/200)        remote: Compressing objects: 100% (200/200)        remote: Compressing objects: 100% (200/200), done.        
Receiving objects:   0% (1/30374)Receiving objects:   1% (304/30374)Receiving objects:   2% (608/30374)Receiving objects:   3% (912/30374)Receiving objects:   4% (1215/30374)Receiving objects:   5% (1519/30374)Receiving objects:   6% (1823/30374)Receiving objects:   7% (2127/30374)Receiving objects:   8% (2430/30374)Receiving objects:   9% (2734/30374), 788.01 KiB | 1.21 MiB/sReceiving objects:  10% (3038/30374), 788.01 KiB | 1.21 MiB/sReceiving objects:  11% (3342/30374), 788.01 KiB | 1.21 MiB/sReceiving objects:  12% (3645/30374), 788.01 KiB | 1.21 MiB/sReceiving objects:  13% (3949/30374), 788.01 KiB | 1.21 MiB/sReceiving objects:  14% (4253/30374), 788.01 KiB | 1.21 MiB/sReceiving objects:  15% (4557/30374), 788.01 KiB | 1.21 MiB/sReceiving objects:  16% (4860/30374), 788.01 KiB | 1.21 MiB/sReceiving objects:  17% (5164/30374), 788.01 KiB | 1.21 MiB/sReceiving objects:  18% (5468/30374), 788.01 KiB | 1.21 MiB/sReceiving objects:  19% (5772/30374), 788.01 KiB | 1.21 MiB/sReceiving objects:  20% (6075/30374), 788.01 KiB | 1.21 MiB/sReceiving objects:  20% (6280/30374), 788.01 KiB | 1.21 MiB/sReceiving objects:  21% (6379/30374), 788.01 KiB | 1.21 MiB/sReceiving objects:  22% (6683/30374), 788.01 KiB | 1.21 MiB/sReceiving objects:  23% (6987/30374), 788.01 KiB | 1.21 MiB/sReceiving objects:  24% (7290/30374), 4.89 MiB | 4.31 MiB/s  Receiving objects:  25% (7594/30374), 4.89 MiB | 4.31 MiB/sReceiving objects:  26% (7898/30374), 4.89 MiB | 4.31 MiB/sReceiving objects:  27% (8201/30374), 4.89 MiB | 4.31 MiB/sReceiving objects:  28% (8505/30374), 4.89 MiB | 4.31 MiB/sReceiving objects:  29% (8809/30374), 4.89 MiB | 4.31 MiB/sReceiving objects:  30% (9113/30374), 4.89 MiB | 4.31 MiB/sReceiving objects:  31% (9416/30374), 4.89 MiB | 4.31 MiB/sReceiving objects:  32% (9720/30374), 4.89 MiB | 4.31 MiB/sReceiving objects:  33% (10024/30374), 4.89 MiB | 4.31 MiB/sReceiving objects:  34% (10328/30374), 4.89 MiB | 4.31 MiB/sReceiving objects:  35% (10631/30374), 4.89 MiB | 4.31 MiB/sReceiving objects:  36% (10935/30374), 4.89 MiB | 4.31 MiB/sReceiving objects:  37% (11239/30374), 4.89 MiB | 4.31 MiB/sReceiving objects:  38% (11543/30374), 4.89 MiB | 4.31 MiB/sReceiving objects:  39% (11846/30374), 4.89 MiB | 4.31 MiB/sReceiving objects:  40% (12150/30374), 4.89 MiB | 4.31 MiB/sReceiving objects:  41% (12454/30374), 4.89 MiB | 4.31 MiB/sReceiving objects:  42% (12758/30374), 4.89 MiB | 4.31 MiB/sReceiving objects:  43% (13061/30374), 4.89 MiB | 4.31 MiB/sReceiving objects:  44% (13365/30374), 4.89 MiB | 4.31 MiB/sReceiving objects:  45% (13669/30374), 4.89 MiB | 4.31 MiB/sReceiving objects:  46% (13973/30374), 4.89 MiB | 4.31 MiB/sReceiving objects:  47% (14276/30374), 4.89 MiB | 4.31 MiB/sReceiving objects:  48% (14580/30374), 4.89 MiB | 4.31 MiB/sReceiving objects:  49% (14884/30374), 4.89 MiB | 4.31 MiB/sReceiving objects:  50% (15187/30374), 4.89 MiB | 4.31 MiB/sReceiving objects:  51% (15491/30374), 4.89 MiB | 4.31 MiB/sReceiving objects:  52% (15795/30374), 4.89 MiB | 4.31 MiB/sReceiving objects:  53% (16099/30374), 4.89 MiB | 4.31 MiB/sReceiving objects:  54% (16402/30374), 4.89 MiB | 4.31 MiB/sReceiving objects:  55% (16706/30374), 4.89 MiB | 4.31 MiB/sReceiving objects:  56% (17010/30374), 4.89 MiB | 4.31 MiB/sReceiving objects:  57% (17314/30374), 4.89 MiB | 4.31 MiB/sReceiving objects:  58% (17617/30374), 4.89 MiB | 4.31 MiB/sReceiving objects:  59% (17921/30374), 4.89 MiB | 4.31 MiB/sReceiving objects:  60% (18225/30374), 4.89 MiB | 4.31 MiB/sReceiving objects:  61% (18529/30374), 4.89 MiB | 4.31 MiB/sReceiving objects:  62% (18832/30374), 4.89 MiB | 4.31 MiB/sReceiving objects:  63% (19136/30374), 4.89 MiB | 4.31 MiB/sReceiving objects:  64% (19440/30374), 4.89 MiB | 4.31 MiB/sReceiving objects:  65% (19744/30374), 4.89 MiB | 4.31 MiB/sReceiving objects:  66% (20047/30374), 4.89 MiB | 4.31 MiB/sReceiving objects:  67% (20351/30374), 4.89 MiB | 4.31 MiB/sReceiving objects:  68% (20655/30374), 4.89 MiB | 4.31 MiB/sReceiving objects:  69% (20959/30374), 4.89 MiB | 4.31 MiB/sReceiving objects:  70% (21262/30374), 4.89 MiB | 4.31 MiB/sReceiving objects:  71% (21566/30374), 4.89 MiB | 4.31 MiB/sReceiving objects:  72% (21870/30374), 4.89 MiB | 4.31 MiB/sReceiving objects:  73% (22174/30374), 4.89 MiB | 4.31 MiB/sReceiving objects:  74% (22477/30374), 4.89 MiB | 4.31 MiB/sReceiving objects:  75% (22781/30374), 4.89 MiB | 4.31 MiB/sReceiving objects:  76% (23085/30374), 4.89 MiB | 4.31 MiB/sReceiving objects:  77% (23388/30374), 4.89 MiB | 4.31 MiB/sReceiving objects:  78% (23692/30374), 4.89 MiB | 4.31 MiB/sReceiving objects:  79% (23996/30374), 4.89 MiB | 4.31 MiB/sReceiving objects:  80% (24300/30374), 4.89 MiB | 4.31 MiB/sReceiving objects:  81% (24603/30374), 4.89 MiB | 4.31 MiB/sReceiving objects:  82% (24907/30374), 4.89 MiB | 4.31 MiB/sReceiving objects:  83% (25211/30374), 4.89 MiB | 4.31 MiB/sReceiving objects:  84% (25515/30374), 4.89 MiB | 4.31 MiB/sReceiving objects:  85% (25818/30374), 4.89 MiB | 4.31 MiB/sReceiving objects:  86% (26122/30374), 4.89 MiB | 4.31 MiB/sReceiving objects:  87% (26426/30374), 4.89 MiB | 4.31 MiB/sReceiving objects:  88% (26730/30374), 4.89 MiB | 4.31 MiB/sReceiving objects:  89% (27033/30374), 4.89 MiB | 4.31 MiB/sReceiving objects:  90% (27337/30374), 4.89 MiB | 4.31 MiB/sReceiving objects:  91% (27641/30374), 4.89 MiB | 4.31 MiB/sReceiving objects:  92% (27945/30374), 4.89 MiB | 4.31 MiB/sReceiving objects:  93% (28248/30374), 4.89 MiB | 4.31 MiB/sReceiving objects:  94% (28552/30374), 4.89 MiB | 4.31 MiB/sReceiving objects:  95% (28856/30374), 4.89 MiB | 4.31 MiB/sReceiving objects:  96% (29160/30374), 12.57 MiB | 7.29 MiB/sReceiving objects:  97% (29463/30374), 12.57 MiB | 7.29 MiB/sReceiving objects:  98% (29767/30374), 12.57 MiB | 7.29 MiB/sReceiving objects:  99% (30071/30374), 12.57 MiB | 7.29 MiB/sremote: Total 30374 (delta 315), reused 269 (delta 265), pack-reused 29909 (from 3)        
Receiving objects: 100% (30374/30374), 12.57 MiB | 7.29 MiB/sReceiving objects: 100% (30374/30374), 13.53 MiB | 7.68 MiB/s, done.
Resolving deltas:   0% (0/23108)Resolving deltas:   1% (232/23108)Resolving deltas:   2% (463/23108)Resolving deltas:   3% (694/23108)Resolving deltas:   4% (925/23108)Resolving deltas:   5% (1156/23108)Resolving deltas:   6% (1387/23108)Resolving deltas:   7% (1618/23108)Resolving deltas:   8% (1849/23108)Resolving deltas:   9% (2080/23108)Resolving deltas:  10% (2311/23108)Resolving deltas:  11% (2542/23108)Resolving deltas:  12% (2773/23108)Resolving deltas:  13% (3005/23108)Resolving deltas:  14% (3236/23108)Resolving deltas:  15% (3467/23108)Resolving deltas:  16% (3698/23108)Resolving deltas:  17% (3929/23108)Resolving deltas:  18% (4160/23108)Resolving deltas:  19% (4391/23108)Resolving deltas:  20% (4622/23108)Resolving deltas:  21% (4853/23108)Resolving deltas:  22% (5084/23108)Resolving deltas:  23% (5315/23108)Resolving deltas:  24% (5546/23108)Resolving deltas:  25% (5777/23108)Resolving deltas:  26% (6009/23108)Resolving deltas:  27% (6240/23108)Resolving deltas:  28% (6471/23108)Resolving deltas:  29% (6702/23108)Resolving deltas:  30% (6933/23108)Resolving deltas:  31% (7164/23108)Resolving deltas:  32% (7395/23108)Resolving deltas:  33% (7626/23108)Resolving deltas:  34% (7857/23108)Resolving deltas:  35% (8088/23108)Resolving deltas:  36% (8319/23108)Resolving deltas:  37% (8550/23108)Resolving deltas:  38% (8782/23108)Resolving deltas:  39% (9013/23108)Resolving deltas:  40% (9244/23108)Resolving deltas:  41% (9475/23108)Resolving deltas:  42% (9706/23108)Resolving deltas:  43% (9937/23108)Resolving deltas:  44% (10168/23108)Resolving deltas:  45% (10399/23108)Resolving deltas:  46% (10630/23108)Resolving deltas:  47% (10861/23108)Resolving deltas:  48% (11092/23108)Resolving deltas:  49% (11323/23108)Resolving deltas:  50% (11554/23108)Resolving deltas:  51% (11786/23108)Resolving deltas:  52% (12017/23108)Resolving deltas:  53% (12248/23108)Resolving deltas:  54% (12479/23108)Resolving deltas:  55% (12710/23108)Resolving deltas:  56% (12941/23108)Resolving deltas:  57% (13172/23108)Resolving deltas:  58% (13403/23108)Resolving deltas:  59% (13634/23108)Resolving deltas:  60% (13865/23108)Resolving deltas:  61% (14096/23108)Resolving deltas:  62% (14327/23108)Resolving deltas:  63% (14559/23108)Resolving deltas:  64% (14790/23108)Resolving deltas:  65% (15021/23108)Resolving deltas:  66% (15252/23108)Resolving deltas:  67% (15483/23108)Resolving deltas:  68% (15714/23108)Resolving deltas:  69% (15945/23108)Resolving deltas:  70% (16176/23108)Resolving deltas:  71% (16407/23108)Resolving deltas:  72% (16638/23108)Resolving deltas:  73% (16869/23108)Resolving deltas:  74% (17100/23108)Resolving deltas:  75% (17331/23108)Resolving deltas:  76% (17563/23108)Resolving deltas:  77% (17795/23108)Resolving deltas:  78% (18025/23108)Resolving deltas:  79% (18256/23108)Resolving deltas:  80% (18487/23108)Resolving deltas:  81% (18718/23108)Resolving deltas:  82% (18949/23108)Resolving deltas:  83% (19180/23108)Resolving deltas:  84% (19411/23108)Resolving deltas:  85% (19642/23108)Resolving deltas:  86% (19873/23108)Resolving deltas:  87% (20104/23108)Resolving deltas:  88% (20336/23108)Resolving deltas:  89% (20567/23108)Resolving deltas:  90% (20798/23108)Resolving deltas:  91% (21029/23108)Resolving deltas:  92% (21260/23108)Resolving deltas:  93% (21491/23108)Resolving deltas:  94% (21722/23108)Resolving deltas:  95% (21953/23108)Resolving deltas:  96% (22184/23108)Resolving deltas:  97% (22415/23108)Resolving deltas:  98% (22646/23108)Resolving deltas:  99% (22877/23108)Resolving deltas: 100% (23108/23108)Resolving deltas: 100% (23108/23108), done.
Cloning into 'external/libtiff'...
remote: Enumerating objects: 33325, done.        
remote: Counting objects:   0% (1/2898)        remote: Counting objects:   1% (29/2898)        remote: Counting objects:   2% (58/2898)        remote: Counting objects:   3% (87/2898)        remote: Counting objects:   4% (116/2898)        remote: Counting objects:   5% (145/2898)        remote: Counting objects:   6% (174/2898)        remote: Counting objects:   7% (203/2898)        remote: Counting objects:   8% (232/2898)        remote: Counting objects:   9% (261/2898)        remote: Counting objects:  10% (290/2898)        remote: Counting objects:  11% (319/2898)        remote: Counting objects:  12% (348/2898)        remote: Counting objects:  13% (377/2898)        remote: Counting objects:  14% (406/2898)        remote: Counting objects:  15% (435/2898)        remote: Counting objects:  16% (464/2898)        remote: Counting objects:  17% (493/2898)        remote: Counting objects:  18% (522/2898)        remote: Counting objects:  19% (551/2898)        remote: Counting objects:  20% (580/2898)        remote: Counting objects:  21% (609/2898)        remote: Counting objects:  22% (638/2898)        remote: Counting objects:  23% (667/2898)        remote: Counting objects:  24% (696/2898)        remote: Counting objects:  25% (725/2898)        remote: Counting objects:  26% (754/2898)        remote: Counting objects:  27% (783/2898)        remote: Counting objects:  28% (812/2898)        remote: Counting objects:  29% (841/2898)        remote: Counting objects:  30% (870/2898)        remote: Counting objects:  31% (899/2898)        remote: Counting objects:  32% (928/2898)        remote: Counting objects:  33% (957/2898)        remote: Counting objects:  34% (986/2898)        remote: Counting objects:  35% (1015/2898)        remote: Counting objects:  36% (1044/2898)        remote: Counting objects:  37% (1073/2898)        remote: Counting objects:  38% (1102/2898)        remote: Counting objects:  39% (1131/2898)        remote: Counting objects:  40% (1160/2898)        remote: Counting objects:  41% (1189/2898)        remote: Counting objects:  42% (1218/2898)        remote: Counting objects:  43% (1247/2898)        remote: Counting objects:  44% (1276/2898)        remote: Counting objects:  45% (1305/2898)        remote: Counting objects:  46% (1334/2898)        remote: Counting objects:  47% (1363/2898)        remote: Counting objects:  48% (1392/2898)        remote: Counting objects:  49% (1421/2898)        remote: Counting objects:  50% (1449/2898)        remote: Counting objects:  51% (1478/2898)        remote: Counting objects:  52% (1507/2898)        remote: Counting objects:  53% (1536/2898)        remote: Counting objects:  54% (1565/2898)        remote: Counting objects:  55% (1594/2898)        remote: Counting objects:  56% (1623/2898)        remote: Counting objects:  57% (1652/2898)        remote: Counting objects:  58% (1681/2898)        remote: Counting objects:  59% (1710/2898)        remote: Counting objects:  60% (1739/2898)        remote: Counting objects:  61% (1768/2898)        remote: Counting objects:  62% (1797/2898)        remote: Counting objects:  63% (1826/2898)        remote: Counting objects:  64% (1855/2898)        remote: Counting objects:  65% (1884/2898)        remote: Counting objects:  66% (1913/2898)        remote: Counting objects:  67% (1942/2898)        remote: Counting objects:  68% (1971/2898)        remote: Counting objects:  69% (2000/2898)        remote: Counting objects:  70% (2029/2898)        remote: Counting objects:  71% (2058/2898)        remote: Counting objects:  72% (2087/2898)        remote: Counting objects:  73% (2116/2898)        remote: Counting objects:  74% (2145/2898)        remote: Counting objects:  75% (2174/2898)        remote: Counting objects:  76% (2203/2898)        remote: Counting objects:  77% (2232/2898)        remote: Counting objects:  78% (2261/2898)        remote: Counting objects:  79% (2290/2898)        remote: Counting objects:  80% (2319/2898)        remote: Counting objects:  81% (2348/2898)        remote: Counting objects:  82% (2377/2898)        remote: Counting objects:  83% (2406/2898)        remote: Counting objects:  84% (2435/2898)        remote: Counting objects:  85% (2464/2898)        remote: Counting objects:  86% (2493/2898)        remote: Counting objects:  87% (2522/2898)        remote: Counting objects:  88% (2551/2898)        remote: Counting objects:  89% (2580/2898)        remote: Counting objects:  90% (2609/2898)        remote: Counting objects:  91% (2638/2898)        remote: Counting objects:  92% (2667/2898)        remote: Counting objects:  93% (2696/2898)        remote: Counting objects:  94% (2725/2898)        remote: Counting objects:  95% (2754/2898)        remote: Counting objects:  96% (2783/2898)        remote: Counting objects:  97% (2812/2898)        remote: Counting objects:  98% (2841/2898)        remote: Counting objects:  99% (2870/2898)        remote: Counting objects: 100% (2898/2898)        remote: Counting objects: 100% (2898/2898), done.        
remote: Compressing objects:   0% (1/554)        remote: Compressing objects:   1% (6/554)        remote: Compressing objects:   2% (12/554)        remote: Compressing objects:   3% (17/554)        remote: Compressing objects:   4% (23/554)        remote: Compressing objects:   5% (28/554)        remote: Compressing objects:   6% (34/554)        remote: Compressing objects:   7% (39/554)        remote: Compressing objects:   8% (45/554)        remote: Compressing objects:   9% (50/554)        remote: Compressing objects:  10% (56/554)        remote: Compressing objects:  11% (61/554)        remote: Compressing objects:  12% (67/554)        remote: Compressing objects:  13% (73/554)        remote: Compressing objects:  14% (78/554)        remote: Compressing objects:  15% (84/554)        remote: Compressing objects:  16% (89/554)        remote: Compressing objects:  17% (95/554)        remote: Compressing objects:  18% (100/554)        remote: Compressing objects:  19% (106/554)        remote: Compressing objects:  20% (111/554)        remote: Compressing objects:  21% (117/554)        remote: Compressing objects:  22% (122/554)        remote: Compressing objects:  23% (128/554)        remote: Compressing objects:  24% (133/554)        remote: Compressing objects:  25% (139/554)        remote: Compressing objects:  26% (145/554)        remote: Compressing objects:  27% (150/554)        remote: Compressing objects:  28% (156/554)        remote: Compressing objects:  29% (161/554)        remote: Compressing objects:  30% (167/554)        remote: Compressing objects:  31% (172/554)        remote: Compressing objects:  32% (178/554)        remote: Compressing objects:  33% (183/554)        remote: Compressing objects:  34% (189/554)        remote: Compressing objects:  35% (194/554)        remote: Compressing objects:  36% (200/554)        remote: Compressing objects:  37% (205/554)        remote: Compressing objects:  38% (211/554)        remote: Compressing objects:  39% (217/554)        remote: Compressing objects:  40% (222/554)        remote: Compressing objects:  41% (228/554)        remote: Compressing objects:  42% (233/554)        remote: Compressing objects:  43% (239/554)        remote: Compressing objects:  44% (244/554)        remote: Compressing objects:  45% (250/554)        remote: Compressing objects:  46% (255/554)        remote: Compressing objects:  47% (261/554)        remote: Compressing objects:  48% (266/554)        remote: Compressing objects:  49% (272/554)        remote: Compressing objects:  50% (277/554)        remote: Compressing objects:  51% (283/554)        remote: Compressing objects:  52% (289/554)        remote: Compressing objects:  53% (294/554)        remote: Compressing objects:  54% (300/554)        remote: Compressing objects:  55% (305/554)        remote: Compressing objects:  56% (311/554)        remote: Compressing objects:  57% (316/554)        remote: Compressing objects:  58% (322/554)        remote: Compressing objects:  59% (327/554)        remote: Compressing objects:  60% (333/554)        remote: Compressing objects:  61% (338/554)        remote: Compressing objects:  62% (344/554)        remote: Compressing objects:  63% (350/554)        remote: Compressing objects:  64% (355/554)        remote: Compressing objects:  65% (361/554)        remote: Compressing objects:  66% (366/554)        remote: Compressing objects:  67% (372/554)        remote: Compressing objects:  68% (377/554)        remote: Compressing objects:  69% (383/554)        remote: Compressing objects:  70% (388/554)        remote: Compressing objects:  71% (394/554)        remote: Compressing objects:  72% (399/554)        remote: Compressing objects:  73% (405/554)        remote: Compressing objects:  74% (410/554)        remote: Compressing objects:  75% (416/554)        remote: Compressing objects:  76% (422/554)        remote: Compressing objects:  77% (427/554)        remote: Compressing objects:  78% (433/554)        remote: Compressing objects:  79% (438/554)        remote: Compressing objects:  80% (444/554)        remote: Compressing objects:  81% (449/554)        remote: Compressing objects:  82% (455/554)        remote: Compressing objects:  83% (460/554)        remote: Compressing objects:  84% (466/554)        remote: Compressing objects:  85% (471/554)        remote: Compressing objects:  86% (477/554)        remote: Compressing objects:  87% (482/554)        remote: Compressing objects:  88% (488/554)        remote: Compressing objects:  89% (494/554)        remote: Compressing objects:  90% (499/554)        remote: Compressing objects:  91% (505/554)        remote: Compressing objects:  92% (510/554)        remote: Compressing objects:  93% (516/554)        remote: Compressing objects:  94% (521/554)        remote: Compressing objects:  95% (527/554)        remote: Compressing objects:  96% (532/554)        remote: Compressing objects:  97% (538/554)        remote: Compressing objects:  98% (543/554)        remote: Compressing objects:  99% (549/554)        remote: Compressing objects: 100% (554/554)        remote: Compressing objects: 100% (554/554), done.        
Receiving objects:   0% (1/33325)Receiving objects:   1% (334/33325)Receiving objects:   2% (667/33325)Receiving objects:   3% (1000/33325)Receiving objects:   4% (1333/33325)Receiving objects:   5% (1667/33325)Receiving objects:   6% (2000/33325)Receiving objects:   7% (2333/33325)Receiving objects:   8% (2666/33325)Receiving objects:   9% (3000/33325)Receiving objects:  10% (3333/33325)Receiving objects:  11% (3666/33325)Receiving objects:  12% (3999/33325)Receiving objects:  13% (4333/33325)Receiving objects:  14% (4666/33325)Receiving objects:  15% (4999/33325)Receiving objects:  16% (5332/33325)Receiving objects:  17% (5666/33325)Receiving objects:  18% (5999/33325)Receiving objects:  19% (6332/33325)Receiving objects:  20% (6665/33325)Receiving objects:  21% (6999/33325)Receiving objects:  22% (7332/33325)Receiving objects:  23% (7665/33325)Receiving objects:  24% (7998/33325)Receiving objects:  25% (8332/33325)Receiving objects:  26% (8665/33325)Receiving objects:  27% (8998/33325), 3.23 MiB | 6.44 MiB/sReceiving objects:  28% (9331/33325), 3.23 MiB | 6.44 MiB/sReceiving objects:  29% (9665/33325), 3.23 MiB | 6.44 MiB/sReceiving objects:  30% (9998/33325), 3.23 MiB | 6.44 MiB/sReceiving objects:  31% (10331/33325), 3.23 MiB | 6.44 MiB/sReceiving objects:  32% (10664/33325), 3.23 MiB | 6.44 MiB/sReceiving objects:  33% (10998/33325), 3.23 MiB | 6.44 MiB/sReceiving objects:  34% (11331/33325), 3.23 MiB | 6.44 MiB/sReceiving objects:  35% (11664/33325), 3.23 MiB | 6.44 MiB/sReceiving objects:  36% (11997/33325), 3.23 MiB | 6.44 MiB/sReceiving objects:  37% (12331/33325), 3.23 MiB | 6.44 MiB/sReceiving objects:  38% (12664/33325), 3.23 MiB | 6.44 MiB/sReceiving objects:  39% (12997/33325), 3.23 MiB | 6.44 MiB/sReceiving objects:  40% (13330/33325), 3.23 MiB | 6.44 MiB/sReceiving objects:  41% (13664/33325), 3.23 MiB | 6.44 MiB/sReceiving objects:  42% (13997/33325), 3.23 MiB | 6.44 MiB/sReceiving objects:  43% (14330/33325), 3.23 MiB | 6.44 MiB/sReceiving objects:  44% (14663/33325), 3.23 MiB | 6.44 MiB/sReceiving objects:  45% (14997/33325), 3.23 MiB | 6.44 MiB/sReceiving objects:  46% (15330/33325), 3.23 MiB | 6.44 MiB/sReceiving objects:  47% (15663/33325), 3.23 MiB | 6.44 MiB/sReceiving objects:  48% (15996/33325), 3.23 MiB | 6.44 MiB/sReceiving objects:  49% (16330/33325), 3.23 MiB | 6.44 MiB/sReceiving objects:  50% (16663/33325), 3.23 MiB | 6.44 MiB/sReceiving objects:  51% (16996/33325), 3.23 MiB | 6.44 MiB/sReceiving objects:  52% (17329/33325), 3.23 MiB | 6.44 MiB/sReceiving objects:  53% (17663/33325), 3.23 MiB | 6.44 MiB/sReceiving objects:  54% (17996/33325), 3.23 MiB | 6.44 MiB/sReceiving objects:  55% (18329/33325), 3.23 MiB | 6.44 MiB/sReceiving objects:  56% (18662/33325), 3.23 MiB | 6.44 MiB/sReceiving objects:  57% (18996/33325), 3.23 MiB | 6.44 MiB/sReceiving objects:  58% (19329/33325), 3.23 MiB | 6.44 MiB/sReceiving objects:  59% (19662/33325), 3.23 MiB | 6.44 MiB/sReceiving objects:  60% (19995/33325), 3.23 MiB | 6.44 MiB/sReceiving objects:  61% (20329/33325), 3.23 MiB | 6.44 MiB/sReceiving objects:  62% (20662/33325), 3.23 MiB | 6.44 MiB/sReceiving objects:  63% (20995/33325), 3.23 MiB | 6.44 MiB/sReceiving objects:  64% (21328/33325), 3.23 MiB | 6.44 MiB/sReceiving objects:  65% (21662/33325), 3.23 MiB | 6.44 MiB/sReceiving objects:  66% (21995/33325), 3.23 MiB | 6.44 MiB/sReceiving objects:  67% (22328/33325), 3.23 MiB | 6.44 MiB/sReceiving objects:  68% (22661/33325), 3.23 MiB | 6.44 MiB/sReceiving objects:  69% (22995/33325), 3.23 MiB | 6.44 MiB/sReceiving objects:  70% (23328/33325), 3.23 MiB | 6.44 MiB/sReceiving objects:  71% (23661/33325), 3.23 MiB | 6.44 MiB/sReceiving objects:  72% (23994/33325), 3.23 MiB | 6.44 MiB/sReceiving objects:  73% (24328/33325), 3.23 MiB | 6.44 MiB/sReceiving objects:  74% (24661/33325), 3.23 MiB | 6.44 MiB/sReceiving objects:  75% (24994/33325), 3.23 MiB | 6.44 MiB/sReceiving objects:  76% (25327/33325), 3.23 MiB | 6.44 MiB/sReceiving objects:  77% (25661/33325), 3.23 MiB | 6.44 MiB/sReceiving objects:  78% (25994/33325), 3.23 MiB | 6.44 MiB/sReceiving objects:  79% (26327/33325), 3.23 MiB | 6.44 MiB/sReceiving objects:  80% (26660/33325), 3.23 MiB | 6.44 MiB/sReceiving objects:  81% (26994/33325), 3.23 MiB | 6.44 MiB/sReceiving objects:  82% (27327/33325), 3.23 MiB | 6.44 MiB/sReceiving objects:  83% (27660/33325), 3.23 MiB | 6.44 MiB/sReceiving objects:  84% (27993/33325), 3.23 MiB | 6.44 MiB/sReceiving objects:  84% (28051/33325), 3.23 MiB | 6.44 MiB/sReceiving objects:  85% (28327/33325), 10.97 MiB | 10.96 MiB/sReceiving objects:  86% (28660/33325), 10.97 MiB | 10.96 MiB/sReceiving objects:  87% (28993/33325), 10.97 MiB | 10.96 MiB/sReceiving objects:  88% (29326/33325), 10.97 MiB | 10.96 MiB/sReceiving objects:  89% (29660/33325), 10.97 MiB | 10.96 MiB/sReceiving objects:  90% (29993/33325), 10.97 MiB | 10.96 MiB/sReceiving objects:  91% (30326/33325), 10.97 MiB | 10.96 MiB/sReceiving objects:  92% (30659/33325), 10.97 MiB | 10.96 MiB/sReceiving objects:  93% (30993/33325), 10.97 MiB | 10.96 MiB/sReceiving objects:  94% (31326/33325), 10.97 MiB | 10.96 MiB/sReceiving objects:  95% (31659/33325), 10.97 MiB | 10.96 MiB/sReceiving objects:  96% (31992/33325), 10.97 MiB | 10.96 MiB/sReceiving objects:  97% (32326/33325), 10.97 MiB | 10.96 MiB/sReceiving objects:  98% (32659/33325), 10.97 MiB | 10.96 MiB/sReceiving objects:  99% (32992/33325), 10.97 MiB | 10.96 MiB/sremote: Total 33325 (delta 2512), reused 2435 (delta 2344), pack-reused 30427 (from 2)        
Receiving objects: 100% (33325/33325), 10.97 MiB | 10.96 MiB/sReceiving objects: 100% (33325/33325), 14.12 MiB | 10.87 MiB/s, done.
Resolving deltas:   0% (0/25954)Resolving deltas:   1% (260/25954)Resolving deltas:   2% (520/25954)Resolving deltas:   3% (779/25954)Resolving deltas:   4% (1039/25954)Resolving deltas:   5% (1298/25954)Resolving deltas:   6% (1558/25954)Resolving deltas:   7% (1817/25954)Resolving deltas:   8% (2077/25954)Resolving deltas:   9% (2336/25954)Resolving deltas:  10% (2596/25954)Resolving deltas:  11% (2855/25954)Resolving deltas:  12% (3115/25954)Resolving deltas:  13% (3375/25954)Resolving deltas:  14% (3634/25954)Resolving deltas:  15% (3894/25954)Resolving deltas:  16% (4153/25954)Resolving deltas:  17% (4413/25954)Resolving deltas:  18% (4672/25954)Resolving deltas:  19% (4932/25954)Resolving deltas:  20% (5191/25954)Resolving deltas:  21% (5451/25954)Resolving deltas:  22% (5711/25954)Resolving deltas:  23% (5970/25954)Resolving deltas:  24% (6229/25954)Resolving deltas:  25% (6489/25954)Resolving deltas:  26% (6749/25954)Resolving deltas:  27% (7008/25954)Resolving deltas:  28% (7268/25954)Resolving deltas:  29% (7527/25954)Resolving deltas:  30% (7787/25954)Resolving deltas:  31% (8046/25954)Resolving deltas:  32% (8306/25954)Resolving deltas:  33% (8565/25954)Resolving deltas:  34% (8825/25954)Resolving deltas:  35% (9084/25954)Resolving deltas:  36% (9344/25954)Resolving deltas:  37% (9603/25954)Resolving deltas:  38% (9863/25954)Resolving deltas:  39% (10123/25954)Resolving deltas:  40% (10382/25954)Resolving deltas:  41% (10642/25954)Resolving deltas:  42% (10901/25954)Resolving deltas:  43% (11161/25954)Resolving deltas:  44% (11420/25954)Resolving deltas:  45% (11680/25954)Resolving deltas:  46% (11939/25954)Resolving deltas:  47% (12199/25954)Resolving deltas:  48% (12458/25954)Resolving deltas:  49% (12718/25954)Resolving deltas:  50% (12977/25954)Resolving deltas:  51% (13237/25954)Resolving deltas:  52% (13497/25954)Resolving deltas:  53% (13756/25954)Resolving deltas:  54% (14016/25954)Resolving deltas:  55% (14275/25954)Resolving deltas:  56% (14535/25954)Resolving deltas:  57% (14794/25954)Resolving deltas:  58% (15054/25954)Resolving deltas:  59% (15313/25954)Resolving deltas:  60% (15573/25954)Resolving deltas:  61% (15832/25954)Resolving deltas:  62% (16092/25954)Resolving deltas:  63% (16352/25954)Resolving deltas:  64% (16611/25954)Resolving deltas:  65% (16871/25954)Resolving deltas:  66% (17130/25954)Resolving deltas:  67% (17390/25954)Resolving deltas:  68% (17649/25954)Resolving deltas:  69% (17909/25954)Resolving deltas:  70% (18168/25954)Resolving deltas:  71% (18428/25954)Resolving deltas:  72% (18687/25954)Resolving deltas:  73% (18947/25954)Resolving deltas:  73% (19200/25954)Resolving deltas:  74% (19206/25954)Resolving deltas:  75% (19466/25954)Resolving deltas:  76% (19727/25954)Resolving deltas:  77% (19985/25954)Resolving deltas:  78% (20245/25954)Resolving deltas:  79% (20504/25954)Resolving deltas:  80% (20764/25954)Resolving deltas:  81% (21023/25954)Resolving deltas:  82% (21283/25954)Resolving deltas:  83% (21542/25954)Resolving deltas:  84% (21802/25954)Resolving deltas:  85% (22061/25954)Resolving deltas:  86% (22321/25954)Resolving deltas:  87% (22580/25954)Resolving deltas:  88% (22840/25954)Resolving deltas:  89% (23100/25954)Resolving deltas:  90% (23359/25954)Resolving deltas:  91% (23619/25954)Resolving deltas:  92% (23878/25954)Resolving deltas:  93% (24138/25954)Resolving deltas:  94% (24397/25954)Resolving deltas:  95% (24657/25954)Resolving deltas:  96% (24916/25954)Resolving deltas:  97% (25176/25954)Resolving deltas:  98% (25435/25954)Resolving deltas:  99% (25695/25954)Resolving deltas: 100% (25954/25954)Resolving deltas: 100% (25954/25954), done.
Cloning into 'external/zlib'...
remote: Enumerating objects: 8545, done.        
remote: Counting objects:   0% (1/182)        remote: Counting objects:   1% (2/182)        remote: Counting objects:   2% (4/182)        remote: Counting objects:   3% (6/182)        remote: Counting objects:   4% (8/182)        remote: Counting objects:   5% (10/182)        remote: Counting objects:   6% (11/182)        remote: Counting objects:   7% (13/182)        remote: Counting objects:   8% (15/182)        remote: Counting objects:   9% (17/182)        remote: Counting objects:  10% (19/182)        remote: Counting objects:  11% (21/182)        remote: Counting objects:  12% (22/182)        remote: Counting objects:  13% (24/182)        remote: Counting objects:  14% (26/182)        remote: Counting objects:  15% (28/182)        remote: Counting objects:  16% (30/182)        remote: Counting objects:  17% (31/182)        remote: Counting objects:  18% (33/182)        remote: Counting objects:  19% (35/182)        remote: Counting objects:  20% (37/182)        remote: Counting objects:  21% (39/182)        remote: Counting objects:  22% (41/182)        remote: Counting objects:  23% (42/182)        remote: Counting objects:  24% (44/182)        remote: Counting objects:  25% (46/182)        remote: Counting objects:  26% (48/182)        remote: Counting objects:  27% (50/182)        remote: Counting objects:  28% (51/182)        remote: Counting objects:  29% (53/182)        remote: Counting objects:  30% (55/182)        remote: Counting objects:  31% (57/182)        remote: Counting objects:  32% (59/182)        remote: Counting objects:  33% (61/182)        remote: Counting objects:  34% (62/182)        remote: Counting objects:  35% (64/182)        remote: Counting objects:  36% (66/182)        remote: Counting objects:  37% (68/182)        remote: Counting objects:  38% (70/182)        remote: Counting objects:  39% (71/182)        remote: Counting objects:  40% (73/182)        remote: Counting objects:  41% (75/182)        remote: Counting objects:  42% (77/182)        remote: Counting objects:  43% (79/182)        remote: Counting objects:  44% (81/182)        remote: Counting objects:  45% (82/182)        remote: Counting objects:  46% (84/182)        remote: Counting objects:  47% (86/182)        remote: Counting objects:  48% (88/182)        remote: Counting objects:  49% (90/182)        remote: Counting objects:  50% (91/182)        remote: Counting objects:  51% (93/182)        remote: Counting objects:  52% (95/182)        remote: Counting objects:  53% (97/182)        remote: Counting objects:  54% (99/182)        remote: Counting objects:  55% (101/182)        remote: Counting objects:  56% (102/182)        remote: Counting objects:  57% (104/182)        remote: Counting objects:  58% (106/182)        remote: Counting objects:  59% (108/182)        remote: Counting objects:  60% (110/182)        remote: Counting objects:  61% (112/182)        remote: Counting objects:  62% (113/182)        remote: Counting objects:  63% (115/182)        remote: Counting objects:  64% (117/182)        remote: Counting objects:  65% (119/182)        remote: Counting objects:  66% (121/182)        remote: Counting objects:  67% (122/182)        remote: Counting objects:  68% (124/182)        remote: Counting objects:  69% (126/182)        remote: Counting objects:  70% (128/182)        remote: Counting objects:  71% (130/182)        remote: Counting objects:  72% (132/182)        remote: Counting objects:  73% (133/182)        remote: Counting objects:  74% (135/182)        remote: Counting objects:  75% (137/182)        remote: Counting objects:  76% (139/182)        remote: Counting objects:  77% (141/182)        remote: Counting objects:  78% (142/182)        remote: Counting objects:  79% (144/182)        remote: Counting objects:  80% (146/182)        remote: Counting objects:  81% (148/182)        remote: Counting objects:  82% (150/182)        remote: Counting objects:  83% (152/182)        remote: Counting objects:  84% (153/182)        remote: Counting objects:  85% (155/182)        remote: Counting objects:  86% (157/182)        remote: Counting objects:  87% (159/182)        remote: Counting objects:  88% (161/182)        remote: Counting objects:  89% (162/182)        remote: Counting objects:  90% (164/182)        remote: Counting objects:  91% (166/182)        remote: Counting objects:  92% (168/182)        remote: Counting objects:  93% (170/182)        remote: Counting objects:  94% (172/182)        remote: Counting objects:  95% (173/182)        remote: Counting objects:  96% (175/182)        remote: Counting objects:  97% (177/182)        remote: Counting objects:  98% (179/182)        remote: Counting objects:  99% (181/182)        remote: Counting objects: 100% (182/182)        remote: Counting objects: 100% (182/182), done.        
remote: Compressing objects:   1% (1/76)        remote: Compressing objects:   2% (2/76)        remote: Compressing objects:   3% (3/76)        remote: Compressing objects:   5% (4/76)        remote: Compressing objects:   6% (5/76)        remote: Compressing objects:   7% (6/76)        remote: Compressing objects:   9% (7/76)        remote: Compressing objects:  10% (8/76)        remote: Compressing objects:  11% (9/76)        remote: Compressing objects:  13% (10/76)        remote: Compressing objects:  14% (11/76)        remote: Compressing objects:  15% (12/76)        remote: Compressing objects:  17% (13/76)        remote: Compressing objects:  18% (14/76)        remote: Compressing objects:  19% (15/76)        remote: Compressing objects:  21% (16/76)        remote: Compressing objects:  22% (17/76)        remote: Compressing objects:  23% (18/76)        remote: Compressing objects:  25% (19/76)        remote: Compressing objects:  26% (20/76)        remote: Compressing objects:  27% (21/76)        remote: Compressing objects:  28% (22/76)        remote: Compressing objects:  30% (23/76)        remote: Compressing objects:  31% (24/76)        remote: Compressing objects:  32% (25/76)        remote: Compressing objects:  34% (26/76)        remote: Compressing objects:  35% (27/76)        remote: Compressing objects:  36% (28/76)        remote: Compressing objects:  38% (29/76)        remote: Compressing objects:  39% (30/76)        remote: Compressing objects:  40% (31/76)        remote: Compressing objects:  42% (32/76)        remote: Compressing objects:  43% (33/76)        remote: Compressing objects:  44% (34/76)        remote: Compressing objects:  46% (35/76)        remote: Compressing objects:  47% (36/76)        remote: Compressing objects:  48% (37/76)        remote: Compressing objects:  50% (38/76)        remote: Compressing objects:  51% (39/76)        remote: Compressing objects:  52% (40/76)        remote: Compressing objects:  53% (41/76)        remote: Compressing objects:  55% (42/76)        remote: Compressing objects:  56% (43/76)        remote: Compressing objects:  57% (44/76)        remote: Compressing objects:  59% (45/76)        remote: Compressing objects:  60% (46/76)        remote: Compressing objects:  61% (47/76)        remote: Compressing objects:  63% (48/76)        remote: Compressing objects:  64% (49/76)        remote: Compressing objects:  65% (50/76)        remote: Compressing objects:  67% (51/76)        remote: Compressing objects:  68% (52/76)        remote: Compressing objects:  69% (53/76)        remote: Compressing objects:  71% (54/76)        remote: Compressing objects:  72% (55/76)        remote: Compressing objects:  73% (56/76)        remote: Compressing objects:  75% (57/76)        remote: Compressing objects:  76% (58/76)        remote: Compressing objects:  77% (59/76)        remote: Compressing objects:  78% (60/76)        remote: Compressing objects:  80% (61/76)        remote: Compressing objects:  81% (62/76)        remote: Compressing objects:  82% (63/76)        remote: Compressing objects:  84% (64/76)        remote: Compressing objects:  85% (65/76)        remote: Compressing objects:  86% (66/76)        remote: Compressing objects:  88% (67/76)        remote: Compressing objects:  89% (68/76)        remote: Compressing objects:  90% (69/76)        remote: Compressing objects:  92% (70/76)        remote: Compressing objects:  93% (71/76)        remote: Compressing objects:  94% (72/76)        remote: Compressing objects:  96% (73/76)        remote: Compressing objects:  97% (74/76)        remote: Compressing objects:  98% (75/76)        remote: Compressing objects: 100% (76/76)        remote: Compressing objects: 100% (76/76), done.        
Receiving objects:   0% (1/8545)Receiving objects:   1% (86/8545)Receiving objects:   2% (171/8545)Receiving objects:   3% (257/8545)Receiving objects:   4% (342/8545)Receiving objects:   5% (428/8545)Receiving objects:   6% (513/8545)Receiving objects:   7% (599/8545)Receiving objects:   8% (684/8545)Receiving objects:   9% (770/8545)Receiving objects:  10% (855/8545)Receiving objects:  11% (940/8545)Receiving objects:  12% (1026/8545)Receiving objects:  13% (1111/8545)Receiving objects:  14% (1197/8545)Receiving objects:  15% (1282/8545)Receiving objects:  16% (1368/8545)Receiving objects:  17% (1453/8545)Receiving objects:  18% (1539/8545)Receiving objects:  19% (1624/8545)Receiving objects:  20% (1709/8545)Receiving objects:  21% (1795/8545)Receiving objects:  22% (1880/8545)Receiving objects:  23% (1966/8545)Receiving objects:  24% (2051/8545)Receiving objects:  25% (2137/8545)Receiving objects:  26% (2222/8545)Receiving objects:  27% (2308/8545)Receiving objects:  28% (2393/8545)Receiving objects:  29% (2479/8545)Receiving objects:  30% (2564/8545)Receiving objects:  31% (2649/8545)Receiving objects:  32% (2735/8545)Receiving objects:  33% (2820/8545)Receiving objects:  34% (2906/8545)Receiving objects:  35% (2991/8545)Receiving objects:  36% (3077/8545)Receiving objects:  37% (3162/8545)Receiving objects:  38% (3248/8545)Receiving objects:  39% (3333/8545)Receiving objects:  40% (3418/8545)Receiving objects:  41% (3504/8545)Receiving objects:  42% (3589/8545)Receiving objects:  43% (3675/8545)Receiving objects:  44% (3760/8545)Receiving objects:  45% (3846/8545)Receiving objects:  46% (3931/8545)Receiving objects:  47% (4017/8545)Receiving objects:  48% (4102/8545)Receiving objects:  49% (4188/8545)Receiving objects:  50% (4273/8545)Receiving objects:  51% (4358/8545)Receiving objects:  52% (4444/8545)Receiving objects:  53% (4529/8545)Receiving objects:  54% (4615/8545)Receiving objects:  55% (4700/8545)Receiving objects:  56% (4786/8545)Receiving objects:  57% (4871/8545)Receiving objects:  58% (4957/8545)Receiving objects:  59% (5042/8545)Receiving objects:  60% (5127/8545)Receiving objects:  61% (5213/8545)Receiving objects:  62% (5298/8545)Receiving objects:  63% (5384/8545)Receiving objects:  64% (5469/8545)Receiving objects:  65% (5555/8545)Receiving objects:  66% (5640/8545)Receiving objects:  67% (5726/8545)Receiving objects:  68% (5811/8545)Receiving objects:  69% (5897/8545)Receiving objects:  70% (5982/8545)Receiving objects:  71% (6067/8545)Receiving objects:  72% (6153/8545)Receiving objects:  73% (6238/8545)Receiving objects:  74% (6324/8545)Receiving objects:  75% (6409/8545)Receiving objects:  76% (6495/8545)Receiving objects:  77% (6580/8545)Receiving objects:  78% (6666/8545)Receiving objects:  79% (6751/8545)Receiving objects:  80% (6836/8545)Receiving objects:  81% (6922/8545)Receiving objects:  82% (7007/8545)Receiving objects:  83% (7093/8545)Receiving objects:  84% (7178/8545)Receiving objects:  85% (7264/8545)Receiving objects:  86% (7349/8545)Receiving objects:  87% (7435/8545)Receiving objects:  88% (7520/8545)Receiving objects:  89% (7606/8545)Receiving objects:  90% (7691/8545)Receiving objects:  91% (7776/8545)Receiving objects:  92% (7862/8545)Receiving objects:  93% (7947/8545)Receiving objects:  94% (8033/8545)Receiving objects:  95% (8118/8545)Receiving objects:  96% (8204/8545)Receiving objects:  97% (8289/8545)Receiving objects:  98% (8375/8545)Receiving objects:  99% (8460/8545)remote: Total 8545 (delta 107), reused 106 (delta 106), pack-reused 8363 (from 2)        
Receiving objects: 100% (8545/8545)Receiving objects: 100% (8545/8545), 5.01 MiB | 14.65 MiB/s, done.
Resolving deltas:   0% (0/5994)Resolving deltas:   1% (60/5994)Resolving deltas:   2% (120/5994)Resolving deltas:   3% (180/5994)Resolving deltas:   4% (240/5994)Resolving deltas:   5% (300/5994)Resolving deltas:   6% (360/5994)Resolving deltas:   7% (420/5994)Resolving deltas:   8% (480/5994)Resolving deltas:   9% (540/5994)Resolving deltas:  10% (600/5994)Resolving deltas:  11% (660/5994)Resolving deltas:  12% (720/5994)Resolving deltas:  13% (780/5994)Resolving deltas:  14% (840/5994)Resolving deltas:  15% (900/5994)Resolving deltas:  16% (960/5994)Resolving deltas:  17% (1019/5994)Resolving deltas:  18% (1079/5994)Resolving deltas:  19% (1139/5994)Resolving deltas:  20% (1199/5994)Resolving deltas:  21% (1259/5994)Resolving deltas:  22% (1319/5994)Resolving deltas:  23% (1379/5994)Resolving deltas:  24% (1439/5994)Resolving deltas:  25% (1499/5994)Resolving deltas:  26% (1559/5994)Resolving deltas:  27% (1619/5994)Resolving deltas:  28% (1679/5994)Resolving deltas:  29% (1739/5994)Resolving deltas:  30% (1799/5994)Resolving deltas:  31% (1859/5994)Resolving deltas:  32% (1919/5994)Resolving deltas:  33% (1979/5994)Resolving deltas:  34% (2038/5994)Resolving deltas:  35% (2098/5994)Resolving deltas:  36% (2158/5994)Resolving deltas:  37% (2218/5994)Resolving deltas:  38% (2278/5994)Resolving deltas:  39% (2338/5994)Resolving deltas:  40% (2398/5994)Resolving deltas:  41% (2458/5994)Resolving deltas:  42% (2518/5994)Resolving deltas:  43% (2578/5994)Resolving deltas:  44% (2638/5994)Resolving deltas:  45% (2698/5994)Resolving deltas:  46% (2758/5994)Resolving deltas:  47% (2818/5994)Resolving deltas:  48% (2878/5994)Resolving deltas:  49% (2938/5994)Resolving deltas:  50% (2997/5994)Resolving deltas:  51% (3057/5994)Resolving deltas:  52% (3117/5994)Resolving deltas:  53% (3177/5994)Resolving deltas:  54% (3237/5994)Resolving deltas:  55% (3297/5994)Resolving deltas:  56% (3357/5994)Resolving deltas:  57% (3417/5994)Resolving deltas:  58% (3477/5994)Resolving deltas:  59% (3537/5994)Resolving deltas:  60% (3597/5994)Resolving deltas:  61% (3657/5994)Resolving deltas:  62% (3717/5994)Resolving deltas:  63% (3777/5994)Resolving deltas:  64% (3837/5994)Resolving deltas:  65% (3897/5994)Resolving deltas:  66% (3957/5994)Resolving deltas:  67% (4016/5994)Resolving deltas:  68% (4076/5994)Resolving deltas:  69% (4136/5994)Resolving deltas:  70% (4196/5994)Resolving deltas:  71% (4256/5994)Resolving deltas:  72% (4316/5994)Resolving deltas:  73% (4376/5994)Resolving deltas:  74% (4436/5994)Resolving deltas:  75% (4496/5994)Resolving deltas:  76% (4556/5994)Resolving deltas:  77% (4616/5994)Resolving deltas:  78% (4676/5994)Resolving deltas:  79% (4736/5994)Resolving deltas:  80% (4796/5994)Resolving deltas:  81% (4856/5994)Resolving deltas:  82% (4916/5994)Resolving deltas:  83% (4976/5994)Resolving deltas:  84% (5035/5994)Resolving deltas:  85% (5095/5994)Resolving deltas:  86% (5155/5994)Resolving deltas:  87% (5215/5994)Resolving deltas:  88% (5275/5994)Resolving deltas:  89% (5335/5994)Resolving deltas:  90% (5395/5994)Resolving deltas:  91% (5455/5994)Resolving deltas:  92% (5515/5994)Resolving deltas:  93% (5575/5994)Resolving deltas:  94% (5635/5994)Resolving deltas:  95% (5695/5994)Resolving deltas:  96% (5755/5994)Resolving deltas:  97% (5815/5994)Resolving deltas:  98% (5875/5994)Resolving deltas:  99% (5935/5994)Resolving deltas: 100% (5994/5994)Resolving deltas: 100% (5994/5994), done.
Cloning into 'external/libjxl'...
remote: Enumerating objects: 38287, done.        
remote: Counting objects:   0% (1/421)        remote: Counting objects:   1% (5/421)        remote: Counting objects:   2% (9/421)        remote: Counting objects:   3% (13/421)        remote: Counting objects:   4% (17/421)        remote: Counting objects:   5% (22/421)        remote: Counting objects:   6% (26/421)        remote: Counting objects:   7% (30/421)        remote: Counting objects:   8% (34/421)        remote: Counting objects:   9% (38/421)        remote: Counting objects:  10% (43/421)        remote: Counting objects:  11% (47/421)        remote: Counting objects:  12% (51/421)        remote: Counting objects:  13% (55/421)        remote: Counting objects:  14% (59/421)        remote: Counting objects:  15% (64/421)        remote: Counting objects:  16% (68/421)        remote: Counting objects:  17% (72/421)        remote: Counting objects:  18% (76/421)        remote: Counting objects:  19% (80/421)        remote: Counting objects:  20% (85/421)        remote: Counting objects:  21% (89/421)        remote: Counting objects:  22% (93/421)        remote: Counting objects:  23% (97/421)        remote: Counting objects:  24% (102/421)        remote: Counting objects:  25% (106/421)        remote: Counting objects:  26% (110/421)        remote: Counting objects:  27% (114/421)        remote: Counting objects:  28% (118/421)        remote: Counting objects:  29% (123/421)        remote: Counting objects:  30% (127/421)        remote: Counting objects:  31% (131/421)        remote: Counting objects:  32% (135/421)        remote: Counting objects:  33% (139/421)        remote: Counting objects:  34% (144/421)        remote: Counting objects:  35% (148/421)        remote: Counting objects:  36% (152/421)        remote: Counting objects:  37% (156/421)        remote: Counting objects:  38% (160/421)        remote: Counting objects:  39% (165/421)        remote: Counting objects:  40% (169/421)        remote: Counting objects:  41% (173/421)        remote: Counting objects:  42% (177/421)        remote: Counting objects:  43% (182/421)        remote: Counting objects:  44% (186/421)        remote: Counting objects:  45% (190/421)        remote: Counting objects:  46% (194/421)        remote: Counting objects:  47% (198/421)        remote: Counting objects:  48% (203/421)        remote: Counting objects:  49% (207/421)        remote: Counting objects:  50% (211/421)        remote: Counting objects:  51% (215/421)        remote: Counting objects:  52% (219/421)        remote: Counting objects:  53% (224/421)        remote: Counting objects:  54% (228/421)        remote: Counting objects:  55% (232/421)        remote: Counting objects:  56% (236/421)        remote: Counting objects:  57% (240/421)        remote: Counting objects:  58% (245/421)        remote: Counting objects:  59% (249/421)        remote: Counting objects:  60% (253/421)        remote: Counting objects:  61% (257/421)        remote: Counting objects:  62% (262/421)        remote: Counting objects:  63% (266/421)        remote: Counting objects:  64% (270/421)        remote: Counting objects:  65% (274/421)        remote: Counting objects:  66% (278/421)        remote: Counting objects:  67% (283/421)        remote: Counting objects:  68% (287/421)        remote: Counting objects:  69% (291/421)        remote: Counting objects:  70% (295/421)        remote: Counting objects:  71% (299/421)        remote: Counting objects:  72% (304/421)        remote: Counting objects:  73% (308/421)        remote: Counting objects:  74% (312/421)        remote: Counting objects:  75% (316/421)        remote: Counting objects:  76% (320/421)        remote: Counting objects:  77% (325/421)        remote: Counting objects:  78% (329/421)        remote: Counting objects:  79% (333/421)        remote: Counting objects:  80% (337/421)        remote: Counting objects:  81% (342/421)        remote: Counting objects:  82% (346/421)        remote: Counting objects:  83% (350/421)        remote: Counting objects:  84% (354/421)        remote: Counting objects:  85% (358/421)        remote: Counting objects:  86% (363/421)        remote: Counting objects:  87% (367/421)        remote: Counting objects:  88% (371/421)        remote: Counting objects:  89% (375/421)        remote: Counting objects:  90% (379/421)        remote: Counting objects:  91% (384/421)        remote: Counting objects:  92% (388/421)        remote: Counting objects:  93% (392/421)        remote: Counting objects:  94% (396/421)        remote: Counting objects:  95% (400/421)        remote: Counting objects:  96% (405/421)        remote: Counting objects:  97% (409/421)        remote: Counting objects:  98% (413/421)        remote: Counting objects:  99% (417/421)        remote: Counting objects: 100% (421/421)        remote: Counting objects: 100% (421/421), done.        
remote: Compressing objects:   0% (1/235)        remote: Compressing objects:   1% (3/235)        remote: Compressing objects:   2% (5/235)        remote: Compressing objects:   3% (8/235)        remote: Compressing objects:   4% (10/235)        remote: Compressing objects:   5% (12/235)        remote: Compressing objects:   6% (15/235)        remote: Compressing objects:   7% (17/235)        remote: Compressing objects:   8% (19/235)        remote: Compressing objects:   9% (22/235)        remote: Compressing objects:  10% (24/235)        remote: Compressing objects:  11% (26/235)        remote: Compressing objects:  12% (29/235)        remote: Compressing objects:  13% (31/235)        remote: Compressing objects:  14% (33/235)        remote: Compressing objects:  15% (36/235)        remote: Compressing objects:  16% (38/235)        remote: Compressing objects:  17% (40/235)        remote: Compressing objects:  18% (43/235)        remote: Compressing objects:  19% (45/235)        remote: Compressing objects:  20% (47/235)        remote: Compressing objects:  21% (50/235)        remote: Compressing objects:  22% (52/235)        remote: Compressing objects:  23% (55/235)        remote: Compressing objects:  24% (57/235)        remote: Compressing objects:  25% (59/235)        remote: Compressing objects:  26% (62/235)        remote: Compressing objects:  27% (64/235)        remote: Compressing objects:  28% (66/235)        remote: Compressing objects:  29% (69/235)        remote: Compressing objects:  30% (71/235)        remote: Compressing objects:  31% (73/235)        remote: Compressing objects:  32% (76/235)        remote: Compressing objects:  33% (78/235)        remote: Compressing objects:  34% (80/235)        remote: Compressing objects:  35% (83/235)        remote: Compressing objects:  36% (85/235)        remote: Compressing objects:  37% (87/235)        remote: Compressing objects:  38% (90/235)        remote: Compressing objects:  39% (92/235)        remote: Compressing objects:  40% (94/235)        remote: Compressing objects:  41% (97/235)        remote: Compressing objects:  42% (99/235)        remote: Compressing objects:  43% (102/235)        remote: Compressing objects:  44% (104/235)        remote: Compressing objects:  45% (106/235)        remote: Compressing objects:  46% (109/235)        remote: Compressing objects:  47% (111/235)        remote: Compressing objects:  48% (113/235)        remote: Compressing objects:  49% (116/235)        remote: Compressing objects:  50% (118/235)        remote: Compressing objects:  51% (120/235)        remote: Compressing objects:  52% (123/235)        remote: Compressing objects:  53% (125/235)        remote: Compressing objects:  54% (127/235)        remote: Compressing objects:  55% (130/235)        remote: Compressing objects:  56% (132/235)        remote: Compressing objects:  57% (134/235)        remote: Compressing objects:  58% (137/235)        remote: Compressing objects:  59% (139/235)        remote: Compressing objects:  60% (141/235)        remote: Compressing objects:  61% (144/235)        remote: Compressing objects:  62% (146/235)        remote: Compressing objects:  63% (149/235)        remote: Compressing objects:  64% (151/235)        remote: Compressing objects:  65% (153/235)        remote: Compressing objects:  66% (156/235)        remote: Compressing objects:  67% (158/235)        remote: Compressing objects:  68% (160/235)        remote: Compressing objects:  69% (163/235)        remote: Compressing objects:  70% (165/235)        remote: Compressing objects:  71% (167/235)        remote: Compressing objects:  72% (170/235)        remote: Compressing objects:  73% (172/235)        remote: Compressing objects:  74% (174/235)        remote: Compressing objects:  75% (177/235)        remote: Compressing objects:  76% (179/235)        remote: Compressing objects:  77% (181/235)        remote: Compressing objects:  78% (184/235)        remote: Compressing objects:  79% (186/235)        remote: Compressing objects:  80% (188/235)        remote: Compressing objects:  81% (191/235)        remote: Compressing objects:  82% (193/235)        remote: Compressing objects:  83% (196/235)        remote: Compressing objects:  84% (198/235)        remote: Compressing objects:  85% (200/235)        remote: Compressing objects:  86% (203/235)        remote: Compressing objects:  87% (205/235)        remote: Compressing objects:  88% (207/235)        remote: Compressing objects:  89% (210/235)        remote: Compressing objects:  90% (212/235)        remote: Compressing objects:  91% (214/235)        remote: Compressing objects:  92% (217/235)        remote: Compressing objects:  93% (219/235)        remote: Compressing objects:  94% (221/235)        remote: Compressing objects:  95% (224/235)        remote: Compressing objects:  96% (226/235)        remote: Compressing objects:  97% (228/235)        remote: Compressing objects:  98% (231/235)        remote: Compressing objects:  99% (233/235)        remote: Compressing objects: 100% (235/235)        remote: Compressing objects: 100% (235/235), done.        
Receiving objects:   0% (1/38287)Receiving objects:   1% (383/38287)Receiving objects:   2% (766/38287)Receiving objects:   3% (1149/38287)Receiving objects:   4% (1532/38287)Receiving objects:   5% (1915/38287)Receiving objects:   6% (2298/38287)Receiving objects:   7% (2681/38287)Receiving objects:   8% (3063/38287)Receiving objects:   9% (3446/38287)Receiving objects:  10% (3829/38287)Receiving objects:  11% (4212/38287)Receiving objects:  12% (4595/38287)Receiving objects:  13% (4978/38287)Receiving objects:  14% (5361/38287)Receiving objects:  15% (5744/38287)Receiving objects:  16% (6126/38287)Receiving objects:  17% (6509/38287)Receiving objects:  18% (6892/38287)Receiving objects:  19% (7275/38287)Receiving objects:  19% (7519/38287), 7.29 MiB | 11.33 MiB/sReceiving objects:  20% (7658/38287), 15.07 MiB | 13.19 MiB/sReceiving objects:  21% (8041/38287), 15.07 MiB | 13.19 MiB/sReceiving objects:  22% (8424/38287), 15.07 MiB | 13.19 MiB/sReceiving objects:  23% (8807/38287), 15.07 MiB | 13.19 MiB/sReceiving objects:  24% (9189/38287), 15.07 MiB | 13.19 MiB/sReceiving objects:  25% (9572/38287), 15.07 MiB | 13.19 MiB/sReceiving objects:  26% (9955/38287), 15.07 MiB | 13.19 MiB/sReceiving objects:  27% (10338/38287), 15.07 MiB | 13.19 MiB/sReceiving objects:  28% (10721/38287), 15.07 MiB | 13.19 MiB/sReceiving objects:  29% (11104/38287), 15.07 MiB | 13.19 MiB/sReceiving objects:  30% (11487/38287), 22.36 MiB | 12.64 MiB/sReceiving objects:  31% (11869/38287), 22.36 MiB | 12.64 MiB/sReceiving objects:  32% (12252/38287), 22.36 MiB | 12.64 MiB/sReceiving objects:  33% (12635/38287), 22.36 MiB | 12.64 MiB/sReceiving objects:  34% (13018/38287), 22.36 MiB | 12.64 MiB/sReceiving objects:  35% (13401/38287), 22.36 MiB | 12.64 MiB/sReceiving objects:  36% (13784/38287), 22.36 MiB | 12.64 MiB/sReceiving objects:  37% (14167/38287), 22.36 MiB | 12.64 MiB/sReceiving objects:  37% (14470/38287), 22.36 MiB | 12.64 MiB/sReceiving objects:  38% (14550/38287), 22.36 MiB | 12.64 MiB/sReceiving objects:  39% (14932/38287), 22.36 MiB | 12.64 MiB/sReceiving objects:  40% (15315/38287), 22.36 MiB | 12.64 MiB/sReceiving objects:  41% (15698/38287), 22.36 MiB | 12.64 MiB/sReceiving objects:  42% (16081/38287), 22.36 MiB | 12.64 MiB/sReceiving objects:  43% (16464/38287), 22.36 MiB | 12.64 MiB/sReceiving objects:  44% (16847/38287), 29.43 MiB | 12.97 MiB/sReceiving objects:  45% (17230/38287), 29.43 MiB | 12.97 MiB/sReceiving objects:  46% (17613/38287), 29.43 MiB | 12.97 MiB/sReceiving objects:  47% (17995/38287), 29.43 MiB | 12.97 MiB/sReceiving objects:  48% (18378/38287), 29.43 MiB | 12.97 MiB/sReceiving objects:  49% (18761/38287), 29.43 MiB | 12.97 MiB/sReceiving objects:  50% (19144/38287), 29.43 MiB | 12.97 MiB/sReceiving objects:  51% (19527/38287), 29.43 MiB | 12.97 MiB/sReceiving objects:  52% (19910/38287), 29.43 MiB | 12.97 MiB/sReceiving objects:  53% (20293/38287), 29.43 MiB | 12.97 MiB/sReceiving objects:  54% (20675/38287), 29.43 MiB | 12.97 MiB/sReceiving objects:  55% (21058/38287), 29.43 MiB | 12.97 MiB/sReceiving objects:  56% (21441/38287), 29.43 MiB | 12.97 MiB/sReceiving objects:  57% (21824/38287), 29.43 MiB | 12.97 MiB/sReceiving objects:  58% (22207/38287), 29.43 MiB | 12.97 MiB/sReceiving objects:  59% (22590/38287), 29.43 MiB | 12.97 MiB/sReceiving objects:  60% (22973/38287), 29.43 MiB | 12.97 MiB/sReceiving objects:  61% (23356/38287), 29.43 MiB | 12.97 MiB/sReceiving objects:  62% (23738/38287), 29.43 MiB | 12.97 MiB/sReceiving objects:  63% (24121/38287), 29.43 MiB | 12.97 MiB/sReceiving objects:  64% (24504/38287), 29.43 MiB | 12.97 MiB/sReceiving objects:  65% (24887/38287), 29.43 MiB | 12.97 MiB/sReceiving objects:  66% (25270/38287), 29.43 MiB | 12.97 MiB/sReceiving objects:  67% (25653/38287), 29.43 MiB | 12.97 MiB/sReceiving objects:  68% (26036/38287), 29.43 MiB | 12.97 MiB/sReceiving objects:  69% (26419/38287), 29.43 MiB | 12.97 MiB/sReceiving objects:  70% (26801/38287), 29.43 MiB | 12.97 MiB/sReceiving objects:  71% (27184/38287), 29.43 MiB | 12.97 MiB/sReceiving objects:  72% (27567/38287), 29.43 MiB | 12.97 MiB/sReceiving objects:  73% (27950/38287), 29.43 MiB | 12.97 MiB/sReceiving objects:  74% (28333/38287), 29.43 MiB | 12.97 MiB/sReceiving objects:  75% (28716/38287), 29.43 MiB | 12.97 MiB/sReceiving objects:  76% (29099/38287), 29.43 MiB | 12.97 MiB/sReceiving objects:  77% (29481/38287), 29.43 MiB | 12.97 MiB/sReceiving objects:  78% (29864/38287), 29.43 MiB | 12.97 MiB/sReceiving objects:  79% (30247/38287), 29.43 MiB | 12.97 MiB/sReceiving objects:  80% (30630/38287), 29.43 MiB | 12.97 MiB/sReceiving objects:  81% (31013/38287), 29.43 MiB | 12.97 MiB/sReceiving objects:  82% (31396/38287), 29.43 MiB | 12.97 MiB/sReceiving objects:  83% (31779/38287), 29.43 MiB | 12.97 MiB/sReceiving objects:  84% (32162/38287), 29.43 MiB | 12.97 MiB/sReceiving objects:  85% (32544/38287), 29.43 MiB | 12.97 MiB/sReceiving objects:  86% (32927/38287), 35.36 MiB | 12.20 MiB/sReceiving objects:  87% (33310/38287), 35.36 MiB | 12.20 MiB/sReceiving objects:  88% (33693/38287), 35.36 MiB | 12.20 MiB/sReceiving objects:  89% (34076/38287), 35.36 MiB | 12.20 MiB/sReceiving objects:  90% (34459/38287), 35.36 MiB | 12.20 MiB/sReceiving objects:  91% (34842/38287), 35.36 MiB | 12.20 MiB/sReceiving objects:  92% (35225/38287), 35.36 MiB | 12.20 MiB/sReceiving objects:  93% (35607/38287), 35.36 MiB | 12.20 MiB/sReceiving objects:  94% (35990/38287), 35.36 MiB | 12.20 MiB/sReceiving objects:  95% (36373/38287), 35.36 MiB | 12.20 MiB/sReceiving objects:  96% (36756/38287), 35.36 MiB | 12.20 MiB/sReceiving objects:  97% (37139/38287), 35.36 MiB | 12.20 MiB/sReceiving objects:  98% (37522/38287), 35.36 MiB | 12.20 MiB/sReceiving objects:  98% (37692/38287), 35.36 MiB | 12.20 MiB/sReceiving objects:  99% (37905/38287), 35.36 MiB | 12.20 MiB/sremote: Total 38287 (delta 339), reused 186 (delta 186), pack-reused 37866 (from 3)        
Receiving objects: 100% (38287/38287), 35.36 MiB | 12.20 MiB/sReceiving objects: 100% (38287/38287), 38.50 MiB | 12.28 MiB/s, done.
Resolving deltas:   0% (0/31364)Resolving deltas:   1% (314/31364)Resolving deltas:   2% (628/31364)Resolving deltas:   3% (941/31364)Resolving deltas:   4% (1255/31364)Resolving deltas:   5% (1569/31364)Resolving deltas:   6% (1882/31364)Resolving deltas:   7% (2196/31364)Resolving deltas:   8% (2510/31364)Resolving deltas:   9% (2823/31364)Resolving deltas:  10% (3137/31364)Resolving deltas:  11% (3451/31364)Resolving deltas:  12% (3764/31364)Resolving deltas:  13% (4078/31364)Resolving deltas:  14% (4391/31364)Resolving deltas:  15% (4705/31364)Resolving deltas:  16% (5019/31364)Resolving deltas:  17% (5332/31364)Resolving deltas:  18% (5646/31364)Resolving deltas:  19% (5960/31364)Resolving deltas:  20% (6273/31364)Resolving deltas:  21% (6587/31364)Resolving deltas:  22% (6901/31364)Resolving deltas:  23% (7214/31364)Resolving deltas:  24% (7528/31364)Resolving deltas:  25% (7841/31364)Resolving deltas:  26% (8155/31364)Resolving deltas:  27% (8469/31364)Resolving deltas:  28% (8782/31364)Resolving deltas:  29% (9096/31364)Resolving deltas:  30% (9410/31364)Resolving deltas:  31% (9723/31364)Resolving deltas:  32% (10037/31364)Resolving deltas:  33% (10351/31364)Resolving deltas:  34% (10664/31364)Resolving deltas:  35% (10978/31364)Resolving deltas:  36% (11292/31364)Resolving deltas:  37% (11605/31364)Resolving deltas:  38% (11919/31364)Resolving deltas:  39% (12232/31364)Resolving deltas:  40% (12546/31364)Resolving deltas:  41% (12860/31364)Resolving deltas:  42% (13173/31364)Resolving deltas:  43% (13487/31364)Resolving deltas:  44% (13801/31364)Resolving deltas:  45% (14114/31364)Resolving deltas:  46% (14428/31364)Resolving deltas:  47% (14742/31364)Resolving deltas:  48% (15055/31364)Resolving deltas:  49% (15369/31364)Resolving deltas:  50% (15682/31364)Resolving deltas:  51% (15996/31364)Resolving deltas:  52% (16310/31364)Resolving deltas:  53% (16623/31364)Resolving deltas:  54% (16937/31364)Resolving deltas:  55% (17251/31364)Resolving deltas:  56% (17564/31364)Resolving deltas:  57% (17878/31364)Resolving deltas:  58% (18192/31364)Resolving deltas:  59% (18505/31364)Resolving deltas:  60% (18819/31364)Resolving deltas:  61% (19133/31364)Resolving deltas:  62% (19446/31364)Resolving deltas:  63% (19760/31364)Resolving deltas:  64% (20073/31364)Resolving deltas:  65% (20387/31364)Resolving deltas:  66% (20701/31364)Resolving deltas:  67% (21014/31364)Resolving deltas:  68% (21328/31364)Resolving deltas:  69% (21642/31364)Resolving deltas:  70% (21955/31364)Resolving deltas:  71% (22269/31364)Resolving deltas:  72% (22583/31364)Resolving deltas:  73% (22896/31364)Resolving deltas:  74% (23210/31364)Resolving deltas:  75% (23523/31364)Resolving deltas:  76% (23837/31364)Resolving deltas:  77% (24151/31364)Resolving deltas:  78% (24464/31364)Resolving deltas:  79% (24778/31364)Resolving deltas:  80% (25092/31364)Resolving deltas:  81% (25405/31364)Resolving deltas:  82% (25719/31364)Resolving deltas:  83% (26033/31364)Resolving deltas:  84% (26346/31364)Resolving deltas:  85% (26660/31364)Resolving deltas:  86% (26974/31364)Resolving deltas:  87% (27287/31364)Resolving deltas:  88% (27601/31364)Resolving deltas:  89% (27914/31364)Resolving deltas:  90% (28228/31364)Resolving deltas:  91% (28542/31364)Resolving deltas:  92% (28855/31364)Resolving deltas:  93% (29169/31364)Resolving deltas:  94% (29483/31364)Resolving deltas:  95% (29796/31364)Resolving deltas:  96% (30110/31364)Resolving deltas:  97% (30424/31364)Resolving deltas:  98% (30737/31364)Resolving deltas:  99% (31051/31364)Resolving deltas: 100% (31364/31364)Resolving deltas: 100% (31364/31364), done.
Submodule 'third_party/brotli' (https://github.com/libsdl-org/brotli.git) registered for path 'third_party/brotli'
Submodule 'third_party/googletest' (https://github.com/google/googletest) registered for path 'third_party/googletest'
Submodule 'third_party/highway' (https://github.com/libsdl-org/highway.git) registered for path 'third_party/highway'
Submodule 'third_party/lcms' (https://github.com/mm2/Little-CMS) registered for path 'third_party/lcms'
Submodule 'third_party/lodepng' (https://github.com/lvandeve/lodepng) registered for path 'third_party/lodepng'
Submodule 'third_party/sjpeg' (https://github.com/webmproject/sjpeg.git) registered for path 'third_party/sjpeg'
Submodule 'third_party/skcms' (https://skia.googlesource.com/skcms) registered for path 'third_party/skcms'
Cloning into '/home/admin/openclaw/workspace/loan-assistant/.buildozer/android/platform/build-arm64-v8a_armeabi-v7a/build/bootstrap_builds/sdl2/jni/SDL2_image/external/libjxl/third_party/brotli'...
remote: Enumerating objects: 9041, done.        
remote: Counting objects:   3% (1/29)        remote: Counting objects:   6% (2/29)        remote: Counting objects:  10% (3/29)        remote: Counting objects:  13% (4/29)        remote: Counting objects:  17% (5/29)        remote: Counting objects:  20% (6/29)        remote: Counting objects:  24% (7/29)        remote: Counting objects:  27% (8/29)        remote: Counting objects:  31% (9/29)        remote: Counting objects:  34% (10/29)        remote: Counting objects:  37% (11/29)        remote: Counting objects:  41% (12/29)        remote: Counting objects:  44% (13/29)        remote: Counting objects:  48% (14/29)        remote: Counting objects:  51% (15/29)        remote: Counting objects:  55% (16/29)        remote: Counting objects:  58% (17/29)        remote: Counting objects:  62% (18/29)        remote: Counting objects:  65% (19/29)        remote: Counting objects:  68% (20/29)        remote: Counting objects:  72% (21/29)        remote: Counting objects:  75% (22/29)        remote: Counting objects:  79% (23/29)        remote: Counting objects:  82% (24/29)        remote: Counting objects:  86% (25/29)        remote: Counting objects:  89% (26/29)        remote: Counting objects:  93% (27/29)        remote: Counting objects:  96% (28/29)        remote: Counting objects: 100% (29/29)        remote: Counting objects: 100% (29/29), done.        
remote: Compressing objects:   6% (1/15)        remote: Compressing objects:  13% (2/15)        remote: Compressing objects:  20% (3/15)        remote: Compressing objects:  26% (4/15)        remote: Compressing objects:  33% (5/15)        remote: Compressing objects:  40% (6/15)        remote: Compressing objects:  46% (7/15)        remote: Compressing objects:  53% (8/15)        remote: Compressing objects:  60% (9/15)        remote: Compressing objects:  66% (10/15)        remote: Compressing objects:  73% (11/15)        remote: Compressing objects:  80% (12/15)        remote: Compressing objects:  86% (13/15)        remote: Compressing objects:  93% (14/15)        remote: Compressing objects: 100% (15/15)        remote: Compressing objects: 100% (15/15), done.        
Receiving objects:   0% (1/9041)Receiving objects:   1% (91/9041)Receiving objects:   2% (181/9041)Receiving objects:   3% (272/9041)Receiving objects:   4% (362/9041)Receiving objects:   5% (453/9041)Receiving objects:   6% (543/9041)Receiving objects:   7% (633/9041)Receiving objects:   8% (724/9041)Receiving objects:   9% (814/9041)Receiving objects:  10% (905/9041)Receiving objects:  11% (995/9041)Receiving objects:  12% (1085/9041)Receiving objects:  13% (1176/9041)Receiving objects:  14% (1266/9041)Receiving objects:  15% (1357/9041)Receiving objects:  16% (1447/9041)Receiving objects:  17% (1537/9041)Receiving objects:  18% (1628/9041)Receiving objects:  19% (1718/9041)Receiving objects:  20% (1809/9041)Receiving objects:  21% (1899/9041), 1.45 MiB | 2.27 MiB/sReceiving objects:  21% (1989/9041), 1.45 MiB | 2.27 MiB/sReceiving objects:  22% (1990/9041), 8.43 MiB | 7.42 MiB/sReceiving objects:  23% (2080/9041), 8.43 MiB | 7.42 MiB/sReceiving objects:  23% (2146/9041), 14.96 MiB | 8.78 MiB/sReceiving objects:  24% (2170/9041), 14.96 MiB | 8.78 MiB/sReceiving objects:  25% (2261/9041), 22.75 MiB | 10.25 MiB/sReceiving objects:  26% (2351/9041), 22.75 MiB | 10.25 MiB/sReceiving objects:  27% (2442/9041), 22.75 MiB | 10.25 MiB/sReceiving objects:  28% (2532/9041), 30.19 MiB | 10.88 MiB/sReceiving objects:  29% (2622/9041), 30.19 MiB | 10.88 MiB/sReceiving objects:  30% (2713/9041), 30.19 MiB | 10.88 MiB/sReceiving objects:  31% (2803/9041), 30.19 MiB | 10.88 MiB/sReceiving objects:  31% (2880/9041), 30.19 MiB | 10.88 MiB/sReceiving objects:  32% (2894/9041), 30.19 MiB | 10.88 MiB/sReceiving objects:  33% (2984/9041), 30.19 MiB | 10.88 MiB/sReceiving objects:  34% (3074/9041), 30.19 MiB | 10.88 MiB/sReceiving objects:  35% (3165/9041), 30.19 MiB | 10.88 MiB/sReceiving objects:  36% (3255/9041), 30.19 MiB | 10.88 MiB/sReceiving objects:  37% (3346/9041), 30.19 MiB | 10.88 MiB/sReceiving objects:  38% (3436/9041), 30.19 MiB | 10.88 MiB/sReceiving objects:  39% (3526/9041), 30.19 MiB | 10.88 MiB/sReceiving objects:  40% (3617/9041), 30.19 MiB | 10.88 MiB/sReceiving objects:  41% (3707/9041), 30.19 MiB | 10.88 MiB/sReceiving objects:  42% (3798/9041), 30.19 MiB | 10.88 MiB/sReceiving objects:  43% (3888/9041), 30.19 MiB | 10.88 MiB/sReceiving objects:  44% (3979/9041), 30.19 MiB | 10.88 MiB/sReceiving objects:  45% (4069/9041), 30.19 MiB | 10.88 MiB/sReceiving objects:  46% (4159/9041), 30.19 MiB | 10.88 MiB/sReceiving objects:  47% (4250/9041), 30.19 MiB | 10.88 MiB/sReceiving objects:  48% (4340/9041), 30.19 MiB | 10.88 MiB/sReceiving objects:  49% (4431/9041), 30.19 MiB | 10.88 MiB/sReceiving objects:  50% (4521/9041), 30.19 MiB | 10.88 MiB/sReceiving objects:  51% (4611/9041), 30.19 MiB | 10.88 MiB/sReceiving objects:  52% (4702/9041), 30.19 MiB | 10.88 MiB/sReceiving objects:  53% (4792/9041), 30.19 MiB | 10.88 MiB/sReceiving objects:  54% (4883/9041), 30.19 MiB | 10.88 MiB/sReceiving objects:  55% (4973/9041), 30.19 MiB | 10.88 MiB/sReceiving objects:  56% (5063/9041), 30.19 MiB | 10.88 MiB/sReceiving objects:  57% (5154/9041), 30.19 MiB | 10.88 MiB/sReceiving objects:  58% (5244/9041), 30.19 MiB | 10.88 MiB/sReceiving objects:  59% (5335/9041), 30.19 MiB | 10.88 MiB/sReceiving objects:  60% (5425/9041), 30.19 MiB | 10.88 MiB/sReceiving objects:  61% (5516/9041), 30.19 MiB | 10.88 MiB/sReceiving objects:  62% (5606/9041), 30.19 MiB | 10.88 MiB/sReceiving objects:  63% (5696/9041), 37.94 MiB | 11.58 MiB/sReceiving objects:  64% (5787/9041), 37.94 MiB | 11.58 MiB/sReceiving objects:  65% (5877/9041), 37.94 MiB | 11.58 MiB/sReceiving objects:  66% (5968/9041), 37.94 MiB | 11.58 MiB/sReceiving objects:  67% (6058/9041), 37.94 MiB | 11.58 MiB/sReceiving objects:  68% (6148/9041), 37.94 MiB | 11.58 MiB/sReceiving objects:  69% (6239/9041), 37.94 MiB | 11.58 MiB/sReceiving objects:  70% (6329/9041), 37.94 MiB | 11.58 MiB/sReceiving objects:  71% (6420/9041), 37.94 MiB | 11.58 MiB/sReceiving objects:  72% (6510/9041), 37.94 MiB | 11.58 MiB/sReceiving objects:  73% (6600/9041), 37.94 MiB | 11.58 MiB/sReceiving objects:  74% (6691/9041), 37.94 MiB | 11.58 MiB/sReceiving objects:  75% (6781/9041), 37.94 MiB | 11.58 MiB/sReceiving objects:  76% (6872/9041), 37.94 MiB | 11.58 MiB/sReceiving objects:  77% (6962/9041), 37.94 MiB | 11.58 MiB/sReceiving objects:  78% (7052/9041), 37.94 MiB | 11.58 MiB/sReceiving objects:  79% (7143/9041), 37.94 MiB | 11.58 MiB/sReceiving objects:  80% (7233/9041), 37.94 MiB | 11.58 MiB/sReceiving objects:  81% (7324/9041), 37.94 MiB | 11.58 MiB/sReceiving objects:  82% (7414/9041), 37.94 MiB | 11.58 MiB/sReceiving objects:  83% (7505/9041), 37.94 MiB | 11.58 MiB/sReceiving objects:  84% (7595/9041), 37.94 MiB | 11.58 MiB/sReceiving objects:  85% (7685/9041), 37.94 MiB | 11.58 MiB/sReceiving objects:  86% (7776/9041), 37.94 MiB | 11.58 MiB/sReceiving objects:  87% (7866/9041), 37.94 MiB | 11.58 MiB/sReceiving objects:  88% (7957/9041), 37.94 MiB | 11.58 MiB/sReceiving objects:  89% (8047/9041), 37.94 MiB | 11.58 MiB/sReceiving objects:  90% (8137/9041), 37.94 MiB | 11.58 MiB/sReceiving objects:  91% (8228/9041), 37.94 MiB | 11.58 MiB/sReceiving objects:  92% (8318/9041), 37.94 MiB | 11.58 MiB/sReceiving objects:  93% (8409/9041), 37.94 MiB | 11.58 MiB/sReceiving objects:  94% (8499/9041), 37.94 MiB | 11.58 MiB/sReceiving objects:  95% (8589/9041), 37.94 MiB | 11.58 MiB/sReceiving objects:  96% (8680/9041), 37.94 MiB | 11.58 MiB/sReceiving objects:  97% (8770/9041), 37.94 MiB | 11.58 MiB/sReceiving objects:  98% (8861/9041), 37.94 MiB | 11.58 MiB/sReceiving objects:  99% (8951/9041), 37.94 MiB | 11.58 MiB/sremote: Total 9041 (delta 18), reused 14 (delta 14), pack-reused 9012 (from 2)        
Receiving objects: 100% (9041/9041), 37.94 MiB | 11.58 MiB/sReceiving objects: 100% (9041/9041), 41.58 MiB | 11.82 MiB/s, done.
Resolving deltas:   0% (0/5906)Resolving deltas:   1% (60/5906)Resolving deltas:   2% (119/5906)Resolving deltas:   3% (178/5906)Resolving deltas:   4% (237/5906)Resolving deltas:   5% (296/5906)Resolving deltas:   6% (355/5906)Resolving deltas:   7% (414/5906)Resolving deltas:   8% (473/5906)Resolving deltas:   9% (532/5906)Resolving deltas:  10% (591/5906)Resolving deltas:  11% (650/5906)Resolving deltas:  12% (709/5906)Resolving deltas:  13% (768/5906)Resolving deltas:  14% (827/5906)Resolving deltas:  15% (886/5906)Resolving deltas:  16% (945/5906)Resolving deltas:  17% (1005/5906)Resolving deltas:  18% (1064/5906)Resolving deltas:  19% (1123/5906)Resolving deltas:  20% (1182/5906)Resolving deltas:  21% (1241/5906)Resolving deltas:  22% (1300/5906)Resolving deltas:  23% (1359/5906)Resolving deltas:  24% (1418/5906)Resolving deltas:  25% (1477/5906)Resolving deltas:  26% (1536/5906)Resolving deltas:  27% (1595/5906)Resolving deltas:  28% (1654/5906)Resolving deltas:  29% (1713/5906)Resolving deltas:  30% (1772/5906)Resolving deltas:  31% (1831/5906)Resolving deltas:  32% (1890/5906)Resolving deltas:  33% (1949/5906)Resolving deltas:  34% (2009/5906)Resolving deltas:  35% (2068/5906)Resolving deltas:  36% (2127/5906)Resolving deltas:  37% (2186/5906)Resolving deltas:  38% (2245/5906)Resolving deltas:  39% (2304/5906)Resolving deltas:  40% (2363/5906)Resolving deltas:  41% (2422/5906)Resolving deltas:  42% (2481/5906)Resolving deltas:  43% (2540/5906)Resolving deltas:  44% (2599/5906)Resolving deltas:  45% (2658/5906)Resolving deltas:  46% (2717/5906)Resolving deltas:  47% (2776/5906)Resolving deltas:  48% (2835/5906)Resolving deltas:  49% (2894/5906)Resolving deltas:  50% (2953/5906)Resolving deltas:  51% (3013/5906)Resolving deltas:  52% (3072/5906)Resolving deltas:  53% (3131/5906)Resolving deltas:  54% (3190/5906)Resolving deltas:  55% (3249/5906)Resolving deltas:  56% (3308/5906)Resolving deltas:  57% (3367/5906)Resolving deltas:  58% (3426/5906)Resolving deltas:  59% (3485/5906)Resolving deltas:  60% (3544/5906)Resolving deltas:  61% (3603/5906)Resolving deltas:  62% (3662/5906)Resolving deltas:  63% (3721/5906)Resolving deltas:  64% (3780/5906)Resolving deltas:  65% (3839/5906)Resolving deltas:  66% (3898/5906)Resolving deltas:  67% (3958/5906)Resolving deltas:  68% (4017/5906)Resolving deltas:  69% (4076/5906)Resolving deltas:  70% (4135/5906)Resolving deltas:  71% (4194/5906)Resolving deltas:  72% (4253/5906)Resolving deltas:  73% (4312/5906)Resolving deltas:  74% (4371/5906)Resolving deltas:  75% (4430/5906)Resolving deltas:  76% (4489/5906)Resolving deltas:  77% (4548/5906)Resolving deltas:  78% (4607/5906)Resolving deltas:  79% (4666/5906)Resolving deltas:  80% (4725/5906)Resolving deltas:  81% (4784/5906)Resolving deltas:  82% (4843/5906)Resolving deltas:  83% (4902/5906)Resolving deltas:  84% (4962/5906)Resolving deltas:  85% (5021/5906)Resolving deltas:  86% (5080/5906)Resolving deltas:  87% (5139/5906)Resolving deltas:  88% (5198/5906)Resolving deltas:  89% (5257/5906)Resolving deltas:  90% (5316/5906)Resolving deltas:  91% (5375/5906)Resolving deltas:  92% (5434/5906)Resolving deltas:  93% (5493/5906)Resolving deltas:  94% (5552/5906)Resolving deltas:  95% (5611/5906)Resolving deltas:  96% (5670/5906)Resolving deltas:  97% (5729/5906)Resolving deltas:  98% (5788/5906)Resolving deltas:  99% (5847/5906)Resolving deltas: 100% (5906/5906)Resolving deltas: 100% (5906/5906), done.
Cloning into '/home/admin/openclaw/workspace/loan-assistant/.buildozer/android/platform/build-arm64-v8a_armeabi-v7a/build/bootstrap_builds/sdl2/jni/SDL2_image/external/libjxl/third_party/googletest'...
remote: Enumerating objects: 28606, done.        
remote: Counting objects:   3% (1/33)        remote: Counting objects:   6% (2/33)        remote: Counting objects:   9% (3/33)        remote: Counting objects:  12% (4/33)        remote: Counting objects:  15% (5/33)        remote: Counting objects:  18% (6/33)        remote: Counting objects:  21% (7/33)        remote: Counting objects:  24% (8/33)        remote: Counting objects:  27% (9/33)        remote: Counting objects:  30% (10/33)        remote: Counting objects:  33% (11/33)        remote: Counting objects:  36% (12/33)        remote: Counting objects:  39% (13/33)        remote: Counting objects:  42% (14/33)        remote: Counting objects:  45% (15/33)        remote: Counting objects:  48% (16/33)        remote: Counting objects:  51% (17/33)        remote: Counting objects:  54% (18/33)        remote: Counting objects:  57% (19/33)        remote: Counting objects:  60% (20/33)        remote: Counting objects:  63% (21/33)        remote: Counting objects:  66% (22/33)        remote: Counting objects:  69% (23/33)        remote: Counting objects:  72% (24/33)        remote: Counting objects:  75% (25/33)        remote: Counting objects:  78% (26/33)        remote: Counting objects:  81% (27/33)        remote: Counting objects:  84% (28/33)        remote: Counting objects:  87% (29/33)        remote: Counting objects:  90% (30/33)        remote: Counting objects:  93% (31/33)        remote: Counting objects:  96% (32/33)        remote: Counting objects: 100% (33/33)        remote: Counting objects: 100% (33/33), done.        
remote: Compressing objects:   3% (1/28)        remote: Compressing objects:   7% (2/28)        remote: Compressing objects:  10% (3/28)        remote: Compressing objects:  14% (4/28)        remote: Compressing objects:  17% (5/28)        remote: Compressing objects:  21% (6/28)        remote: Compressing objects:  25% (7/28)        remote: Compressing objects:  28% (8/28)        remote: Compressing objects:  32% (9/28)        remote: Compressing objects:  35% (10/28)        remote: Compressing objects:  39% (11/28)        remote: Compressing objects:  42% (12/28)        remote: Compressing objects:  46% (13/28)        remote: Compressing objects:  50% (14/28)        remote: Compressing objects:  53% (15/28)        remote: Compressing objects:  57% (16/28)        remote: Compressing objects:  60% (17/28)        remote: Compressing objects:  64% (18/28)        remote: Compressing objects:  67% (19/28)        remote: Compressing objects:  71% (20/28)        remote: Compressing objects:  75% (21/28)        remote: Compressing objects:  78% (22/28)        remote: Compressing objects:  82% (23/28)        remote: Compressing objects:  85% (24/28)        remote: Compressing objects:  89% (25/28)        remote: Compressing objects:  92% (26/28)        remote: Compressing objects:  96% (27/28)        remote: Compressing objects: 100% (28/28)        remote: Compressing objects: 100% (28/28), done.        
Receiving objects:   0% (1/28606)Receiving objects:   1% (287/28606)Receiving objects:   2% (573/28606)Receiving objects:   3% (859/28606)Receiving objects:   4% (1145/28606)Receiving objects:   5% (1431/28606)Receiving objects:   6% (1717/28606)Receiving objects:   7% (2003/28606), 588.01 KiB | 902.00 KiB/sReceiving objects:   8% (2289/28606), 588.01 KiB | 902.00 KiB/sReceiving objects:   9% (2575/28606), 588.01 KiB | 902.00 KiB/sReceiving objects:  10% (2861/28606), 588.01 KiB | 902.00 KiB/sReceiving objects:  11% (3147/28606), 588.01 KiB | 902.00 KiB/sReceiving objects:  12% (3433/28606), 588.01 KiB | 902.00 KiB/sReceiving objects:  13% (3719/28606), 588.01 KiB | 902.00 KiB/sReceiving objects:  14% (4005/28606), 588.01 KiB | 902.00 KiB/sReceiving objects:  15% (4291/28606), 588.01 KiB | 902.00 KiB/sReceiving objects:  16% (4577/28606), 588.01 KiB | 902.00 KiB/sReceiving objects:  17% (4864/28606), 588.01 KiB | 902.00 KiB/sReceiving objects:  17% (5100/28606), 588.01 KiB | 902.00 KiB/sReceiving objects:  18% (5150/28606), 588.01 KiB | 902.00 KiB/sReceiving objects:  19% (5436/28606), 588.01 KiB | 902.00 KiB/sReceiving objects:  20% (5722/28606), 3.17 MiB | 2.77 MiB/s    Receiving objects:  21% (6008/28606), 3.17 MiB | 2.77 MiB/sReceiving objects:  22% (6294/28606), 3.17 MiB | 2.77 MiB/sReceiving objects:  23% (6580/28606), 3.17 MiB | 2.77 MiB/sReceiving objects:  24% (6866/28606), 3.17 MiB | 2.77 MiB/sReceiving objects:  25% (7152/28606), 3.17 MiB | 2.77 MiB/sReceiving objects:  26% (7438/28606), 3.17 MiB | 2.77 MiB/sReceiving objects:  27% (7724/28606), 3.17 MiB | 2.77 MiB/sReceiving objects:  28% (8010/28606), 3.17 MiB | 2.77 MiB/sReceiving objects:  29% (8296/28606), 3.17 MiB | 2.77 MiB/sReceiving objects:  30% (8582/28606), 3.17 MiB | 2.77 MiB/sReceiving objects:  31% (8868/28606), 3.17 MiB | 2.77 MiB/sReceiving objects:  32% (9154/28606), 3.17 MiB | 2.77 MiB/sReceiving objects:  33% (9440/28606), 3.17 MiB | 2.77 MiB/sReceiving objects:  34% (9727/28606), 3.17 MiB | 2.77 MiB/sReceiving objects:  35% (10013/28606), 3.17 MiB | 2.77 MiB/sReceiving objects:  36% (10299/28606), 3.17 MiB | 2.77 MiB/sReceiving objects:  37% (10585/28606), 3.17 MiB | 2.77 MiB/sReceiving objects:  38% (10871/28606), 3.17 MiB | 2.77 MiB/sReceiving objects:  39% (11157/28606), 3.17 MiB | 2.77 MiB/sReceiving objects:  40% (11443/28606), 3.17 MiB | 2.77 MiB/sReceiving objects:  41% (11729/28606), 3.17 MiB | 2.77 MiB/sReceiving objects:  42% (12015/28606), 3.17 MiB | 2.77 MiB/sReceiving objects:  43% (12301/28606), 3.17 MiB | 2.77 MiB/sReceiving objects:  44% (12587/28606), 3.17 MiB | 2.77 MiB/sReceiving objects:  45% (12873/28606), 3.17 MiB | 2.77 MiB/sReceiving objects:  46% (13159/28606), 3.17 MiB | 2.77 MiB/sReceiving objects:  47% (13445/28606), 3.17 MiB | 2.77 MiB/sReceiving objects:  48% (13731/28606), 3.17 MiB | 2.77 MiB/sReceiving objects:  49% (14017/28606), 3.17 MiB | 2.77 MiB/sReceiving objects:  50% (14303/28606), 3.17 MiB | 2.77 MiB/sReceiving objects:  51% (14590/28606), 3.17 MiB | 2.77 MiB/sReceiving objects:  52% (14876/28606), 10.36 MiB | 6.30 MiB/sReceiving objects:  53% (15162/28606), 10.36 MiB | 6.30 MiB/sReceiving objects:  54% (15448/28606), 10.36 MiB | 6.30 MiB/sReceiving objects:  55% (15734/28606), 10.36 MiB | 6.30 MiB/sReceiving objects:  56% (16020/28606), 10.36 MiB | 6.30 MiB/sReceiving objects:  57% (16306/28606), 10.36 MiB | 6.30 MiB/sReceiving objects:  58% (16592/28606), 10.36 MiB | 6.30 MiB/sReceiving objects:  59% (16878/28606), 10.36 MiB | 6.30 MiB/sReceiving objects:  60% (17164/28606), 10.36 MiB | 6.30 MiB/sReceiving objects:  61% (17450/28606), 10.36 MiB | 6.30 MiB/sReceiving objects:  62% (17736/28606), 10.36 MiB | 6.30 MiB/sReceiving objects:  63% (18022/28606), 10.36 MiB | 6.30 MiB/sReceiving objects:  64% (18308/28606), 10.36 MiB | 6.30 MiB/sReceiving objects:  65% (18594/28606), 10.36 MiB | 6.30 MiB/sReceiving objects:  66% (18880/28606), 10.36 MiB | 6.30 MiB/sReceiving objects:  67% (19167/28606), 10.36 MiB | 6.30 MiB/sReceiving objects:  68% (19453/28606), 10.36 MiB | 6.30 MiB/sReceiving objects:  69% (19739/28606), 10.36 MiB | 6.30 MiB/sReceiving objects:  70% (20025/28606), 10.36 MiB | 6.30 MiB/sReceiving objects:  71% (20311/28606), 10.36 MiB | 6.30 MiB/sReceiving objects:  72% (20597/28606), 10.36 MiB | 6.30 MiB/sReceiving objects:  73% (20883/28606), 10.36 MiB | 6.30 MiB/sReceiving objects:  74% (21169/28606), 10.36 MiB | 6.30 MiB/sReceiving objects:  75% (21455/28606), 10.36 MiB | 6.30 MiB/sReceiving objects:  76% (21741/28606), 10.36 MiB | 6.30 MiB/sReceiving objects:  77% (22027/28606), 10.36 MiB | 6.30 MiB/sReceiving objects:  78% (22313/28606), 10.36 MiB | 6.30 MiB/sReceiving objects:  79% (22599/28606), 10.36 MiB | 6.30 MiB/sReceiving objects:  80% (22885/28606), 10.36 MiB | 6.30 MiB/sReceiving objects:  81% (23171/28606), 10.36 MiB | 6.30 MiB/sReceiving objects:  82% (23457/28606), 10.36 MiB | 6.30 MiB/sReceiving objects:  83% (23743/28606), 10.36 MiB | 6.30 MiB/sReceiving objects:  84% (24030/28606), 10.36 MiB | 6.30 MiB/sReceiving objects:  85% (24316/28606), 10.36 MiB | 6.30 MiB/sReceiving objects:  86% (24602/28606), 10.36 MiB | 6.30 MiB/sReceiving objects:  87% (24888/28606), 10.36 MiB | 6.30 MiB/sReceiving objects:  88% (25174/28606), 10.36 MiB | 6.30 MiB/sReceiving objects:  89% (25460/28606), 10.36 MiB | 6.30 MiB/sReceiving objects:  90% (25746/28606), 10.36 MiB | 6.30 MiB/sReceiving objects:  91% (26032/28606), 10.36 MiB | 6.30 MiB/sReceiving objects:  92% (26318/28606), 10.36 MiB | 6.30 MiB/sReceiving objects:  93% (26604/28606), 10.36 MiB | 6.30 MiB/sReceiving objects:  94% (26890/28606), 10.36 MiB | 6.30 MiB/sReceiving objects:  95% (27176/28606), 10.36 MiB | 6.30 MiB/sReceiving objects:  96% (27462/28606), 10.36 MiB | 6.30 MiB/sReceiving objects:  97% (27748/28606), 10.36 MiB | 6.30 MiB/sReceiving objects:  98% (28034/28606), 10.36 MiB | 6.30 MiB/sReceiving objects:  99% (28320/28606), 10.36 MiB | 6.30 MiB/sremote: Total 28606 (delta 16), reused 5 (delta 5), pack-reused 28573 (from 3)        
Receiving objects: 100% (28606/28606), 10.36 MiB | 6.30 MiB/sReceiving objects: 100% (28606/28606), 13.65 MiB | 7.29 MiB/s, done.
Resolving deltas:   0% (0/21258)Resolving deltas:   1% (213/21258)Resolving deltas:   2% (426/21258)Resolving deltas:   3% (638/21258)Resolving deltas:   4% (851/21258)Resolving deltas:   5% (1063/21258)Resolving deltas:   6% (1276/21258)Resolving deltas:   7% (1489/21258)Resolving deltas:   8% (1701/21258)Resolving deltas:   9% (1914/21258)Resolving deltas:  10% (2126/21258)Resolving deltas:  11% (2339/21258)Resolving deltas:  12% (2551/21258)Resolving deltas:  13% (2764/21258)Resolving deltas:  14% (2977/21258)Resolving deltas:  15% (3189/21258)Resolving deltas:  16% (3402/21258)Resolving deltas:  17% (3614/21258)Resolving deltas:  18% (3827/21258)Resolving deltas:  19% (4040/21258)Resolving deltas:  20% (4252/21258)Resolving deltas:  21% (4465/21258)Resolving deltas:  22% (4677/21258)Resolving deltas:  23% (4890/21258)Resolving deltas:  24% (5102/21258)Resolving deltas:  25% (5315/21258)Resolving deltas:  26% (5528/21258)Resolving deltas:  27% (5740/21258)Resolving deltas:  28% (5953/21258)Resolving deltas:  29% (6165/21258)Resolving deltas:  30% (6378/21258)Resolving deltas:  31% (6590/21258)Resolving deltas:  32% (6803/21258)Resolving deltas:  33% (7016/21258)Resolving deltas:  34% (7228/21258)Resolving deltas:  35% (7441/21258)Resolving deltas:  36% (7653/21258)Resolving deltas:  37% (7866/21258)Resolving deltas:  38% (8079/21258)Resolving deltas:  39% (8291/21258)Resolving deltas:  40% (8504/21258)Resolving deltas:  41% (8716/21258)Resolving deltas:  42% (8929/21258)Resolving deltas:  43% (9141/21258)Resolving deltas:  44% (9354/21258)Resolving deltas:  45% (9567/21258)Resolving deltas:  46% (9779/21258)Resolving deltas:  47% (9992/21258)Resolving deltas:  48% (10204/21258)Resolving deltas:  49% (10417/21258)Resolving deltas:  50% (10629/21258)Resolving deltas:  51% (10842/21258)Resolving deltas:  52% (11055/21258)Resolving deltas:  53% (11267/21258)Resolving deltas:  54% (11480/21258)Resolving deltas:  55% (11692/21258)Resolving deltas:  56% (11905/21258)Resolving deltas:  57% (12118/21258)Resolving deltas:  58% (12330/21258)Resolving deltas:  59% (12543/21258)Resolving deltas:  60% (12755/21258)Resolving deltas:  61% (12968/21258)Resolving deltas:  62% (13180/21258)Resolving deltas:  63% (13393/21258)Resolving deltas:  64% (13606/21258)Resolving deltas:  65% (13818/21258)Resolving deltas:  66% (14031/21258)Resolving deltas:  67% (14243/21258)Resolving deltas:  68% (14456/21258)Resolving deltas:  69% (14670/21258)Resolving deltas:  70% (14881/21258)Resolving deltas:  71% (15094/21258)Resolving deltas:  72% (15306/21258)Resolving deltas:  73% (15519/21258)Resolving deltas:  74% (15731/21258)Resolving deltas:  75% (15944/21258)Resolving deltas:  76% (16157/21258)Resolving deltas:  77% (16369/21258)Resolving deltas:  78% (16582/21258)Resolving deltas:  79% (16794/21258)Resolving deltas:  80% (17007/21258)Resolving deltas:  81% (17219/21258)Resolving deltas:  82% (17432/21258)Resolving deltas:  83% (17646/21258)Resolving deltas:  84% (17857/21258)Resolving deltas:  85% (18070/21258)Resolving deltas:  86% (18282/21258)Resolving deltas:  87% (18495/21258)Resolving deltas:  88% (18708/21258)Resolving deltas:  89% (18920/21258)Resolving deltas:  90% (19133/21258)Resolving deltas:  91% (19345/21258)Resolving deltas:  92% (19558/21258)Resolving deltas:  93% (19770/21258)Resolving deltas:  94% (19983/21258)Resolving deltas:  95% (20196/21258)Resolving deltas:  96% (20408/21258)Resolving deltas:  97% (20621/21258)Resolving deltas:  98% (20833/21258)Resolving deltas:  99% (21046/21258)Resolving deltas: 100% (21258/21258)Resolving deltas: 100% (21258/21258), done.
Cloning into '/home/admin/openclaw/workspace/loan-assistant/.buildozer/android/platform/build-arm64-v8a_armeabi-v7a/build/bootstrap_builds/sdl2/jni/SDL2_image/external/libjxl/third_party/highway'...
remote: Enumerating objects: 22425, done.        
remote: Counting objects:  12% (1/8)        remote: Counting objects:  25% (2/8)        remote: Counting objects:  37% (3/8)        remote: Counting objects:  50% (4/8)        remote: Counting objects:  62% (5/8)        remote: Counting objects:  75% (6/8)        remote: Counting objects:  87% (7/8)        remote: Counting objects: 100% (8/8)        remote: Counting objects: 100% (8/8), done.        
remote: Compressing objects:  14% (1/7)        remote: Compressing objects:  28% (2/7)        remote: Compressing objects:  42% (3/7)        remote: Compressing objects:  57% (4/7)        remote: Compressing objects:  71% (5/7)        remote: Compressing objects:  85% (6/7)        remote: Compressing objects: 100% (7/7)        remote: Compressing objects: 100% (7/7), done.        
Receiving objects:   0% (1/22425)Receiving objects:   1% (225/22425)Receiving objects:   2% (449/22425)Receiving objects:   3% (673/22425)Receiving objects:   4% (897/22425)Receiving objects:   5% (1122/22425)Receiving objects:   6% (1346/22425)Receiving objects:   7% (1570/22425)Receiving objects:   8% (1794/22425)Receiving objects:   9% (2019/22425)Receiving objects:  10% (2243/22425)Receiving objects:  11% (2467/22425)Receiving objects:  12% (2691/22425)Receiving objects:  13% (2916/22425)Receiving objects:  14% (3140/22425)Receiving objects:  15% (3364/22425)Receiving objects:  16% (3588/22425)Receiving objects:  17% (3813/22425)Receiving objects:  18% (4037/22425)Receiving objects:  19% (4261/22425)Receiving objects:  20% (4485/22425)Receiving objects:  21% (4710/22425), 7.76 MiB | 15.51 MiB/sReceiving objects:  22% (4934/22425), 7.76 MiB | 15.51 MiB/sReceiving objects:  23% (5158/22425), 7.76 MiB | 15.51 MiB/sReceiving objects:  24% (5382/22425), 7.76 MiB | 15.51 MiB/sReceiving objects:  25% (5607/22425), 7.76 MiB | 15.51 MiB/sReceiving objects:  26% (5831/22425), 7.76 MiB | 15.51 MiB/sReceiving objects:  27% (6055/22425), 7.76 MiB | 15.51 MiB/sReceiving objects:  28% (6279/22425), 7.76 MiB | 15.51 MiB/sReceiving objects:  29% (6504/22425), 7.76 MiB | 15.51 MiB/sReceiving objects:  30% (6728/22425), 7.76 MiB | 15.51 MiB/sReceiving objects:  31% (6952/22425), 7.76 MiB | 15.51 MiB/sReceiving objects:  32% (7176/22425), 7.76 MiB | 15.51 MiB/sReceiving objects:  33% (7401/22425), 7.76 MiB | 15.51 MiB/sReceiving objects:  34% (7625/22425), 7.76 MiB | 15.51 MiB/sReceiving objects:  35% (7849/22425), 7.76 MiB | 15.51 MiB/sReceiving objects:  36% (8073/22425), 7.76 MiB | 15.51 MiB/sReceiving objects:  36% (8181/22425), 16.10 MiB | 15.20 MiB/sReceiving objects:  37% (8298/22425), 16.10 MiB | 15.20 MiB/sReceiving objects:  38% (8522/22425), 16.10 MiB | 15.20 MiB/sReceiving objects:  39% (8746/22425), 16.10 MiB | 15.20 MiB/sReceiving objects:  40% (8970/22425), 16.10 MiB | 15.20 MiB/sReceiving objects:  41% (9195/22425), 16.10 MiB | 15.20 MiB/sReceiving objects:  42% (9419/22425), 16.10 MiB | 15.20 MiB/sReceiving objects:  43% (9643/22425), 16.10 MiB | 15.20 MiB/sReceiving objects:  44% (9867/22425), 16.10 MiB | 15.20 MiB/sReceiving objects:  45% (10092/22425), 16.10 MiB | 15.20 MiB/sReceiving objects:  46% (10316/22425), 16.10 MiB | 15.20 MiB/sReceiving objects:  47% (10540/22425), 16.10 MiB | 15.20 MiB/sReceiving objects:  48% (10764/22425), 16.10 MiB | 15.20 MiB/sReceiving objects:  49% (10989/22425), 16.10 MiB | 15.20 MiB/sReceiving objects:  50% (11213/22425), 16.10 MiB | 15.20 MiB/sReceiving objects:  51% (11437/22425), 16.10 MiB | 15.20 MiB/sReceiving objects:  52% (11661/22425), 16.10 MiB | 15.20 MiB/sReceiving objects:  53% (11886/22425), 16.10 MiB | 15.20 MiB/sReceiving objects:  54% (12110/22425), 16.10 MiB | 15.20 MiB/sReceiving objects:  55% (12334/22425), 16.10 MiB | 15.20 MiB/sReceiving objects:  56% (12558/22425), 16.10 MiB | 15.20 MiB/sReceiving objects:  57% (12783/22425), 16.10 MiB | 15.20 MiB/sReceiving objects:  58% (13007/22425), 16.10 MiB | 15.20 MiB/sReceiving objects:  59% (13231/22425), 16.10 MiB | 15.20 MiB/sReceiving objects:  60% (13455/22425), 16.10 MiB | 15.20 MiB/sReceiving objects:  61% (13680/22425), 16.10 MiB | 15.20 MiB/sReceiving objects:  62% (13904/22425), 16.10 MiB | 15.20 MiB/sReceiving objects:  63% (14128/22425), 16.10 MiB | 15.20 MiB/sReceiving objects:  64% (14352/22425), 16.10 MiB | 15.20 MiB/sReceiving objects:  65% (14577/22425), 16.10 MiB | 15.20 MiB/sReceiving objects:  66% (14801/22425), 16.10 MiB | 15.20 MiB/sReceiving objects:  67% (15025/22425), 16.10 MiB | 15.20 MiB/sReceiving objects:  68% (15249/22425), 16.10 MiB | 15.20 MiB/sReceiving objects:  69% (15474/22425), 16.10 MiB | 15.20 MiB/sReceiving objects:  70% (15698/22425), 16.10 MiB | 15.20 MiB/sReceiving objects:  71% (15922/22425), 16.10 MiB | 15.20 MiB/sReceiving objects:  72% (16146/22425), 16.10 MiB | 15.20 MiB/sReceiving objects:  73% (16371/22425), 16.10 MiB | 15.20 MiB/sReceiving objects:  74% (16595/22425), 16.10 MiB | 15.20 MiB/sReceiving objects:  75% (16819/22425), 16.10 MiB | 15.20 MiB/sReceiving objects:  76% (17043/22425), 16.10 MiB | 15.20 MiB/sReceiving objects:  77% (17268/22425), 16.10 MiB | 15.20 MiB/sReceiving objects:  78% (17492/22425), 16.10 MiB | 15.20 MiB/sReceiving objects:  79% (17716/22425), 16.10 MiB | 15.20 MiB/sReceiving objects:  80% (17940/22425), 16.10 MiB | 15.20 MiB/sReceiving objects:  81% (18165/22425), 24.74 MiB | 15.87 MiB/sReceiving objects:  82% (18389/22425), 24.74 MiB | 15.87 MiB/sReceiving objects:  83% (18613/22425), 24.74 MiB | 15.87 MiB/sReceiving objects:  84% (18837/22425), 24.74 MiB | 15.87 MiB/sReceiving objects:  85% (19062/22425), 24.74 MiB | 15.87 MiB/sReceiving objects:  86% (19286/22425), 24.74 MiB | 15.87 MiB/sReceiving objects:  87% (19510/22425), 24.74 MiB | 15.87 MiB/sReceiving objects:  88% (19734/22425), 24.74 MiB | 15.87 MiB/sReceiving objects:  89% (19959/22425), 24.74 MiB | 15.87 MiB/sReceiving objects:  90% (20183/22425), 24.74 MiB | 15.87 MiB/sReceiving objects:  91% (20407/22425), 24.74 MiB | 15.87 MiB/sReceiving objects:  92% (20631/22425), 24.74 MiB | 15.87 MiB/sReceiving objects:  93% (20856/22425), 24.74 MiB | 15.87 MiB/sReceiving objects:  94% (21080/22425), 24.74 MiB | 15.87 MiB/sReceiving objects:  95% (21304/22425), 24.74 MiB | 15.87 MiB/sReceiving objects:  96% (21528/22425), 24.74 MiB | 15.87 MiB/sReceiving objects:  97% (21753/22425), 24.74 MiB | 15.87 MiB/sReceiving objects:  98% (21977/22425), 24.74 MiB | 15.87 MiB/sReceiving objects:  99% (22201/22425), 24.74 MiB | 15.87 MiB/sremote: Total 22425 (delta 2), reused 1 (delta 1), pack-reused 22417 (from 2)        
Receiving objects: 100% (22425/22425), 24.74 MiB | 15.87 MiB/sReceiving objects: 100% (22425/22425), 27.22 MiB | 13.95 MiB/s, done.
Resolving deltas:   0% (0/17560)Resolving deltas:   1% (176/17560)Resolving deltas:   2% (352/17560)Resolving deltas:   3% (527/17560)Resolving deltas:   4% (703/17560)Resolving deltas:   5% (878/17560)Resolving deltas:   6% (1054/17560)Resolving deltas:   7% (1230/17560)Resolving deltas:   8% (1405/17560)Resolving deltas:   9% (1581/17560)Resolving deltas:  10% (1756/17560)Resolving deltas:  11% (1932/17560)Resolving deltas:  12% (2108/17560)Resolving deltas:  13% (2283/17560)Resolving deltas:  14% (2459/17560)Resolving deltas:  15% (2634/17560)Resolving deltas:  16% (2810/17560)Resolving deltas:  17% (2986/17560)Resolving deltas:  18% (3161/17560)Resolving deltas:  19% (3337/17560)Resolving deltas:  20% (3512/17560)Resolving deltas:  21% (3688/17560)Resolving deltas:  22% (3864/17560)Resolving deltas:  23% (4039/17560)Resolving deltas:  24% (4215/17560)Resolving deltas:  25% (4390/17560)Resolving deltas:  26% (4566/17560)Resolving deltas:  27% (4742/17560)Resolving deltas:  28% (4917/17560)Resolving deltas:  29% (5093/17560)Resolving deltas:  30% (5268/17560)Resolving deltas:  31% (5444/17560)Resolving deltas:  32% (5620/17560)Resolving deltas:  33% (5795/17560)Resolving deltas:  34% (5971/17560)Resolving deltas:  35% (6146/17560)Resolving deltas:  36% (6322/17560)Resolving deltas:  37% (6498/17560)Resolving deltas:  38% (6673/17560)Resolving deltas:  39% (6849/17560)Resolving deltas:  40% (7024/17560)Resolving deltas:  41% (7200/17560)Resolving deltas:  42% (7376/17560)Resolving deltas:  43% (7551/17560)Resolving deltas:  44% (7727/17560)Resolving deltas:  45% (7902/17560)Resolving deltas:  46% (8078/17560)Resolving deltas:  47% (8254/17560)Resolving deltas:  48% (8429/17560)Resolving deltas:  48% (8490/17560)Resolving deltas:  49% (8605/17560)Resolving deltas:  50% (8780/17560)Resolving deltas:  51% (8956/17560)Resolving deltas:  52% (9132/17560)Resolving deltas:  53% (9307/17560)Resolving deltas:  54% (9483/17560)Resolving deltas:  55% (9658/17560)Resolving deltas:  56% (9834/17560)Resolving deltas:  57% (10010/17560)Resolving deltas:  58% (10185/17560)Resolving deltas:  59% (10361/17560)Resolving deltas:  60% (10536/17560)Resolving deltas:  61% (10712/17560)Resolving deltas:  62% (10888/17560)Resolving deltas:  63% (11063/17560)Resolving deltas:  64% (11239/17560)Resolving deltas:  65% (11414/17560)Resolving deltas:  66% (11590/17560)Resolving deltas:  67% (11766/17560)Resolving deltas:  68% (11941/17560)Resolving deltas:  69% (12117/17560)Resolving deltas:  70% (12292/17560)Resolving deltas:  71% (12468/17560)Resolving deltas:  72% (12644/17560)Resolving deltas:  73% (12819/17560)Resolving deltas:  74% (12995/17560)Resolving deltas:  75% (13170/17560)Resolving deltas:  76% (13346/17560)Resolving deltas:  77% (13522/17560)Resolving deltas:  78% (13697/17560)Resolving deltas:  79% (13873/17560)Resolving deltas:  80% (14048/17560)Resolving deltas:  81% (14224/17560)Resolving deltas:  82% (14400/17560)Resolving deltas:  83% (14575/17560)Resolving deltas:  84% (14751/17560)Resolving deltas:  85% (14926/17560)Resolving deltas:  86% (15102/17560)Resolving deltas:  87% (15278/17560)Resolving deltas:  88% (15453/17560)Resolving deltas:  89% (15629/17560)Resolving deltas:  90% (15804/17560)Resolving deltas:  91% (15980/17560)Resolving deltas:  92% (16156/17560)Resolving deltas:  93% (16331/17560)Resolving deltas:  94% (16507/17560)Resolving deltas:  95% (16682/17560)Resolving deltas:  96% (16858/17560)Resolving deltas:  97% (17034/17560)Resolving deltas:  98% (17209/17560)Resolving deltas:  99% (17385/17560)Resolving deltas: 100% (17560/17560)Resolving deltas: 100% (17560/17560), done.
Cloning into '/home/admin/openclaw/workspace/loan-assistant/.buildozer/android/platform/build-arm64-v8a_armeabi-v7a/build/bootstrap_builds/sdl2/jni/SDL2_image/external/libjxl/third_party/lcms'...
remote: Enumerating objects: 9129, done.        
remote: Counting objects:   0% (1/3291)        remote: Counting objects:   1% (33/3291)        remote: Counting objects:   2% (66/3291)        remote: Counting objects:   3% (99/3291)        remote: Counting objects:   4% (132/3291)        remote: Counting objects:   5% (165/3291)        remote: Counting objects:   6% (198/3291)        remote: Counting objects:   7% (231/3291)        remote: Counting objects:   8% (264/3291)        remote: Counting objects:   9% (297/3291)        remote: Counting objects:  10% (330/3291)        remote: Counting objects:  11% (363/3291)        remote: Counting objects:  12% (395/3291)        remote: Counting objects:  13% (428/3291)        remote: Counting objects:  14% (461/3291)        remote: Counting objects:  15% (494/3291)        remote: Counting objects:  16% (527/3291)        remote: Counting objects:  17% (560/3291)        remote: Counting objects:  18% (593/3291)        remote: Counting objects:  19% (626/3291)        remote: Counting objects:  20% (659/3291)        remote: Counting objects:  21% (692/3291)        remote: Counting objects:  22% (725/3291)        remote: Counting objects:  23% (757/3291)        remote: Counting objects:  24% (790/3291)        remote: Counting objects:  25% (823/3291)        remote: Counting objects:  26% (856/3291)        remote: Counting objects:  27% (889/3291)        remote: Counting objects:  28% (922/3291)        remote: Counting objects:  29% (955/3291)        remote: Counting objects:  30% (988/3291)        remote: Counting objects:  31% (1021/3291)        remote: Counting objects:  32% (1054/3291)        remote: Counting objects:  33% (1087/3291)        remote: Counting objects:  34% (1119/3291)        remote: Counting objects:  35% (1152/3291)        remote: Counting objects:  36% (1185/3291)        remote: Counting objects:  37% (1218/3291)        remote: Counting objects:  38% (1251/3291)        remote: Counting objects:  39% (1284/3291)        remote: Counting objects:  40% (1317/3291)        remote: Counting objects:  41% (1350/3291)        remote: Counting objects:  42% (1383/3291)        remote: Counting objects:  43% (1416/3291)        remote: Counting objects:  44% (1449/3291)        remote: Counting objects:  45% (1481/3291)        remote: Counting objects:  46% (1514/3291)        remote: Counting objects:  47% (1547/3291)        remote: Counting objects:  48% (1580/3291)        remote: Counting objects:  49% (1613/3291)        remote: Counting objects:  50% (1646/3291)        remote: Counting objects:  51% (1679/3291)        remote: Counting objects:  52% (1712/3291)        remote: Counting objects:  53% (1745/3291)        remote: Counting objects:  54% (1778/3291)        remote: Counting objects:  55% (1811/3291)        remote: Counting objects:  56% (1843/3291)        remote: Counting objects:  57% (1876/3291)        remote: Counting objects:  58% (1909/3291)        remote: Counting objects:  59% (1942/3291)        remote: Counting objects:  60% (1975/3291)        remote: Counting objects:  61% (2008/3291)        remote: Counting objects:  62% (2041/3291)        remote: Counting objects:  63% (2074/3291)        remote: Counting objects:  64% (2107/3291)        remote: Counting objects:  65% (2140/3291)        remote: Counting objects:  66% (2173/3291)        remote: Counting objects:  67% (2205/3291)        remote: Counting objects:  68% (2238/3291)        remote: Counting objects:  69% (2271/3291)        remote: Counting objects:  70% (2304/3291)        remote: Counting objects:  71% (2337/3291)        remote: Counting objects:  72% (2370/3291)        remote: Counting objects:  73% (2403/3291)        remote: Counting objects:  74% (2436/3291)        remote: Counting objects:  75% (2469/3291)        remote: Counting objects:  76% (2502/3291)        remote: Counting objects:  77% (2535/3291)        remote: Counting objects:  78% (2567/3291)        remote: Counting objects:  79% (2600/3291)        remote: Counting objects:  80% (2633/3291)        remote: Counting objects:  81% (2666/3291)        remote: Counting objects:  82% (2699/3291)        remote: Counting objects:  83% (2732/3291)        remote: Counting objects:  84% (2765/3291)        remote: Counting objects:  85% (2798/3291)        remote: Counting objects:  86% (2831/3291)        remote: Counting objects:  87% (2864/3291)        remote: Counting objects:  88% (2897/3291)        remote: Counting objects:  89% (2929/3291)        remote: Counting objects:  90% (2962/3291)        remote: Counting objects:  91% (2995/3291)        remote: Counting objects:  92% (3028/3291)        remote: Counting objects:  93% (3061/3291)        remote: Counting objects:  94% (3094/3291)        remote: Counting objects:  95% (3127/3291)        remote: Counting objects:  96% (3160/3291)        remote: Counting objects:  97% (3193/3291)        remote: Counting objects:  98% (3226/3291)        remote: Counting objects:  99% (3259/3291)        remote: Counting objects: 100% (3291/3291)        remote: Counting objects: 100% (3291/3291), done.        
remote: Compressing objects:   0% (1/849)        remote: Compressing objects:   1% (9/849)        remote: Compressing objects:   2% (17/849)        remote: Compressing objects:   3% (26/849)        remote: Compressing objects:   4% (34/849)        remote: Compressing objects:   5% (43/849)        remote: Compressing objects:   6% (51/849)        remote: Compressing objects:   7% (60/849)        remote: Compressing objects:   8% (68/849)        remote: Compressing objects:   9% (77/849)        remote: Compressing objects:  10% (85/849)        remote: Compressing objects:  11% (94/849)        remote: Compressing objects:  12% (102/849)        remote: Compressing objects:  13% (111/849)        remote: Compressing objects:  14% (119/849)        remote: Compressing objects:  15% (128/849)        remote: Compressing objects:  16% (136/849)        remote: Compressing objects:  17% (145/849)        remote: Compressing objects:  18% (153/849)        remote: Compressing objects:  19% (162/849)        remote: Compressing objects:  20% (170/849)        remote: Compressing objects:  21% (179/849)        remote: Compressing objects:  22% (187/849)        remote: Compressing objects:  23% (196/849)        remote: Compressing objects:  24% (204/849)        remote: Compressing objects:  25% (213/849)        remote: Compressing objects:  26% (221/849)        remote: Compressing objects:  27% (230/849)        remote: Compressing objects:  28% (238/849)        remote: Compressing objects:  29% (247/849)        remote: Compressing objects:  30% (255/849)        remote: Compressing objects:  31% (264/849)        remote: Compressing objects:  32% (272/849)        remote: Compressing objects:  33% (281/849)        remote: Compressing objects:  34% (289/849)        remote: Compressing objects:  35% (298/849)        remote: Compressing objects:  36% (306/849)        remote: Compressing objects:  37% (315/849)        remote: Compressing objects:  38% (323/849)        remote: Compressing objects:  39% (332/849)        remote: Compressing objects:  40% (340/849)        remote: Compressing objects:  41% (349/849)        remote: Compressing objects:  42% (357/849)        remote: Compressing objects:  43% (366/849)        remote: Compressing objects:  44% (374/849)        remote: Compressing objects:  45% (383/849)        remote: Compressing objects:  46% (391/849)        remote: Compressing objects:  47% (400/849)        remote: Compressing objects:  48% (408/849)        remote: Compressing objects:  49% (417/849)        remote: Compressing objects:  50% (425/849)        remote: Compressing objects:  51% (433/849)        remote: Compressing objects:  52% (442/849)        remote: Compressing objects:  53% (450/849)        remote: Compressing objects:  54% (459/849)        remote: Compressing objects:  55% (467/849)        remote: Compressing objects:  56% (476/849)        remote: Compressing objects:  57% (484/849)        remote: Compressing objects:  58% (493/849)        remote: Compressing objects:  59% (501/849)        remote: Compressing objects:  60% (510/849)        remote: Compressing objects:  61% (518/849)        remote: Compressing objects:  62% (527/849)        remote: Compressing objects:  63% (535/849)        remote: Compressing objects:  64% (544/849)        remote: Compressing objects:  65% (552/849)        remote: Compressing objects:  66% (561/849)        remote: Compressing objects:  67% (569/849)        remote: Compressing objects:  68% (578/849)        remote: Compressing objects:  69% (586/849)        remote: Compressing objects:  70% (595/849)        remote: Compressing objects:  71% (603/849)        remote: Compressing objects:  72% (612/849)        remote: Compressing objects:  73% (620/849)        remote: Compressing objects:  74% (629/849)        remote: Compressing objects:  75% (637/849)        remote: Compressing objects:  76% (646/849)        remote: Compressing objects:  77% (654/849)        remote: Compressing objects:  78% (663/849)        remote: Compressing objects:  79% (671/849)        remote: Compressing objects:  80% (680/849)        remote: Compressing objects:  81% (688/849)        remote: Compressing objects:  82% (697/849)        remote: Compressing objects:  83% (705/849)        remote: Compressing objects:  84% (714/849)        remote: Compressing objects:  85% (722/849)        remote: Compressing objects:  86% (731/849)        remote: Compressing objects:  87% (739/849)        remote: Compressing objects:  88% (748/849)        remote: Compressing objects:  89% (756/849)        remote: Compressing objects:  90% (765/849)        remote: Compressing objects:  91% (773/849)        remote: Compressing objects:  92% (782/849)        remote: Compressing objects:  93% (790/849)        remote: Compressing objects:  94% (799/849)        remote: Compressing objects:  95% (807/849)        remote: Compressing objects:  96% (816/849)        remote: Compressing objects:  97% (824/849)        remote: Compressing objects:  98% (833/849)        remote: Compressing objects:  99% (841/849)        remote: Compressing objects: 100% (849/849)        remote: Compressing objects: 100% (849/849), done.        
Receiving objects:   0% (1/9129)Receiving objects:   1% (92/9129)Receiving objects:   2% (183/9129)Receiving objects:   3% (274/9129)Receiving objects:   4% (366/9129)Receiving objects:   5% (457/9129)Receiving objects:   6% (548/9129)Receiving objects:   7% (640/9129)Receiving objects:   8% (731/9129)Receiving objects:   9% (822/9129)Receiving objects:  10% (913/9129)Receiving objects:  11% (1005/9129)Receiving objects:  12% (1096/9129)Receiving objects:  13% (1187/9129), 8.14 MiB | 16.26 MiB/sReceiving objects:  14% (1279/9129), 8.14 MiB | 16.26 MiB/sReceiving objects:  15% (1370/9129), 8.14 MiB | 16.26 MiB/sReceiving objects:  16% (1461/9129), 8.14 MiB | 16.26 MiB/sReceiving objects:  17% (1552/9129), 8.14 MiB | 16.26 MiB/sReceiving objects:  18% (1644/9129), 8.14 MiB | 16.26 MiB/sReceiving objects:  19% (1735/9129), 8.14 MiB | 16.26 MiB/sReceiving objects:  20% (1826/9129), 8.14 MiB | 16.26 MiB/sReceiving objects:  21% (1918/9129), 8.14 MiB | 16.26 MiB/sReceiving objects:  21% (2003/9129), 16.48 MiB | 15.22 MiB/sReceiving objects:  22% (2009/9129), 16.48 MiB | 15.22 MiB/sReceiving objects:  23% (2100/9129), 16.48 MiB | 15.22 MiB/sReceiving objects:  24% (2191/9129), 16.48 MiB | 15.22 MiB/sReceiving objects:  25% (2283/9129), 16.48 MiB | 15.22 MiB/sReceiving objects:  25% (2351/9129), 24.79 MiB | 15.66 MiB/sReceiving objects:  26% (2374/9129), 33.45 MiB | 16.06 MiB/sReceiving objects:  27% (2465/9129), 33.45 MiB | 16.06 MiB/sReceiving objects:  28% (2557/9129), 33.45 MiB | 16.06 MiB/sReceiving objects:  29% (2648/9129), 33.45 MiB | 16.06 MiB/sReceiving objects:  30% (2739/9129), 41.00 MiB | 15.46 MiB/sReceiving objects:  30% (2818/9129), 41.00 MiB | 15.46 MiB/sReceiving objects:  31% (2830/9129), 41.00 MiB | 15.46 MiB/sReceiving objects:  32% (2922/9129), 49.81 MiB | 15.81 MiB/sReceiving objects:  33% (3013/9129), 49.81 MiB | 15.81 MiB/sReceiving objects:  34% (3104/9129), 49.81 MiB | 15.81 MiB/sReceiving objects:  35% (3196/9129), 49.81 MiB | 15.81 MiB/sReceiving objects:  36% (3287/9129), 58.53 MiB | 16.03 MiB/sReceiving objects:  37% (3378/9129), 58.53 MiB | 16.03 MiB/sReceiving objects:  37% (3441/9129), 58.53 MiB | 16.03 MiB/sReceiving objects:  38% (3470/9129), 58.53 MiB | 16.03 MiB/sReceiving objects:  39% (3561/9129), 66.48 MiB | 15.76 MiB/sReceiving objects:  40% (3652/9129), 66.48 MiB | 15.76 MiB/sReceiving objects:  41% (3743/9129), 66.48 MiB | 15.76 MiB/sReceiving objects:  42% (3835/9129), 66.48 MiB | 15.76 MiB/sReceiving objects:  43% (3926/9129), 66.48 MiB | 15.76 MiB/sReceiving objects:  44% (4017/9129), 66.48 MiB | 15.76 MiB/sReceiving objects:  45% (4109/9129), 66.48 MiB | 15.76 MiB/sReceiving objects:  46% (4200/9129), 66.48 MiB | 15.76 MiB/sReceiving objects:  47% (4291/9129), 66.48 MiB | 15.76 MiB/sReceiving objects:  48% (4382/9129), 66.48 MiB | 15.76 MiB/sReceiving objects:  49% (4474/9129), 66.48 MiB | 15.76 MiB/sReceiving objects:  50% (4565/9129), 66.48 MiB | 15.76 MiB/sReceiving objects:  51% (4656/9129), 75.63 MiB | 16.03 MiB/sReceiving objects:  52% (4748/9129), 75.63 MiB | 16.03 MiB/sReceiving objects:  52% (4792/9129), 75.63 MiB | 16.03 MiB/sReceiving objects:  53% (4839/9129), 75.63 MiB | 16.03 MiB/sReceiving objects:  54% (4930/9129), 75.63 MiB | 16.03 MiB/sReceiving objects:  55% (5021/9129), 75.63 MiB | 16.03 MiB/sReceiving objects:  56% (5113/9129), 75.63 MiB | 16.03 MiB/sReceiving objects:  57% (5204/9129), 75.63 MiB | 16.03 MiB/sReceiving objects:  58% (5295/9129), 84.18 MiB | 16.11 MiB/sReceiving objects:  59% (5387/9129), 84.18 MiB | 16.11 MiB/sReceiving objects:  60% (5478/9129), 84.18 MiB | 16.11 MiB/sReceiving objects:  61% (5569/9129), 84.18 MiB | 16.11 MiB/sReceiving objects:  62% (5660/9129), 84.18 MiB | 16.11 MiB/sReceiving objects:  63% (5752/9129), 84.18 MiB | 16.11 MiB/sReceiving objects:  64% (5843/9129), 92.78 MiB | 16.21 MiB/sReceiving objects:  65% (5934/9129), 92.78 MiB | 16.21 MiB/sReceiving objects:  66% (6026/9129), 92.78 MiB | 16.21 MiB/sReceiving objects:  67% (6117/9129), 92.78 MiB | 16.21 MiB/sReceiving objects:  68% (6208/9129), 92.78 MiB | 16.21 MiB/sReceiving objects:  69% (6300/9129), 92.78 MiB | 16.21 MiB/sReceiving objects:  70% (6391/9129), 92.78 MiB | 16.21 MiB/sReceiving objects:  71% (6482/9129), 92.78 MiB | 16.21 MiB/sReceiving objects:  72% (6573/9129), 92.78 MiB | 16.21 MiB/sReceiving objects:  73% (6665/9129), 92.78 MiB | 16.21 MiB/sReceiving objects:  74% (6756/9129), 92.78 MiB | 16.21 MiB/sReceiving objects:  75% (6847/9129), 92.78 MiB | 16.21 MiB/sReceiving objects:  76% (6939/9129), 92.78 MiB | 16.21 MiB/sReceiving objects:  77% (7030/9129), 92.78 MiB | 16.21 MiB/sReceiving objects:  78% (7121/9129), 92.78 MiB | 16.21 MiB/sReceiving objects:  79% (7212/9129), 92.78 MiB | 16.21 MiB/sReceiving objects:  80% (7304/9129), 92.78 MiB | 16.21 MiB/sReceiving objects:  81% (7395/9129), 92.78 MiB | 16.21 MiB/sReceiving objects:  82% (7486/9129), 92.78 MiB | 16.21 MiB/sReceiving objects:  83% (7578/9129), 92.78 MiB | 16.21 MiB/sReceiving objects:  84% (7669/9129), 92.78 MiB | 16.21 MiB/sReceiving objects:  85% (7760/9129), 92.78 MiB | 16.21 MiB/sReceiving objects:  86% (7851/9129), 92.78 MiB | 16.21 MiB/sReceiving objects:  87% (7943/9129), 92.78 MiB | 16.21 MiB/sReceiving objects:  88% (8034/9129), 92.78 MiB | 16.21 MiB/sReceiving objects:  89% (8125/9129), 92.78 MiB | 16.21 MiB/sReceiving objects:  90% (8217/9129), 92.78 MiB | 16.21 MiB/sReceiving objects:  91% (8308/9129), 92.78 MiB | 16.21 MiB/sReceiving objects:  92% (8399/9129), 92.78 MiB | 16.21 MiB/sReceiving objects:  93% (8490/9129), 92.78 MiB | 16.21 MiB/sReceiving objects:  94% (8582/9129), 92.78 MiB | 16.21 MiB/sReceiving objects:  95% (8673/9129), 92.78 MiB | 16.21 MiB/sReceiving objects:  96% (8764/9129), 92.78 MiB | 16.21 MiB/sReceiving objects:  97% (8856/9129), 92.78 MiB | 16.21 MiB/sReceiving objects:  98% (8947/9129), 92.78 MiB | 16.21 MiB/sReceiving objects:  99% (9038/9129), 92.78 MiB | 16.21 MiB/sremote: Total 9129 (delta 2744), reused 2454 (delta 2442), pack-reused 5838 (from 4)        
Receiving objects: 100% (9129/9129), 92.78 MiB | 16.21 MiB/sReceiving objects: 100% (9129/9129), 96.19 MiB | 16.26 MiB/s, done.
Resolving deltas:   0% (0/6389)Resolving deltas:   1% (64/6389)Resolving deltas:   2% (128/6389)Resolving deltas:   3% (192/6389)Resolving deltas:   4% (256/6389)Resolving deltas:   5% (320/6389)Resolving deltas:   6% (384/6389)Resolving deltas:   7% (448/6389)Resolving deltas:   8% (512/6389)Resolving deltas:   9% (576/6389)Resolving deltas:  10% (639/6389)Resolving deltas:  11% (703/6389)Resolving deltas:  12% (767/6389)Resolving deltas:  13% (831/6389)Resolving deltas:  14% (895/6389)Resolving deltas:  15% (959/6389)Resolving deltas:  16% (1023/6389)Resolving deltas:  17% (1087/6389)Resolving deltas:  18% (1151/6389)Resolving deltas:  19% (1214/6389)Resolving deltas:  20% (1278/6389)Resolving deltas:  21% (1342/6389)Resolving deltas:  22% (1406/6389)Resolving deltas:  23% (1470/6389)Resolving deltas:  24% (1534/6389)Resolving deltas:  25% (1598/6389)Resolving deltas:  26% (1662/6389)Resolving deltas:  27% (1726/6389)Resolving deltas:  28% (1789/6389)Resolving deltas:  29% (1853/6389)Resolving deltas:  30% (1917/6389)Resolving deltas:  31% (1981/6389)Resolving deltas:  32% (2045/6389)Resolving deltas:  33% (2109/6389)Resolving deltas:  34% (2173/6389)Resolving deltas:  35% (2237/6389)Resolving deltas:  36% (2301/6389)Resolving deltas:  37% (2364/6389)Resolving deltas:  38% (2428/6389)Resolving deltas:  39% (2492/6389)Resolving deltas:  40% (2556/6389)Resolving deltas:  41% (2620/6389)Resolving deltas:  42% (2684/6389)Resolving deltas:  43% (2748/6389)Resolving deltas:  44% (2812/6389)Resolving deltas:  45% (2876/6389)Resolving deltas:  46% (2939/6389)Resolving deltas:  47% (3003/6389)Resolving deltas:  48% (3067/6389)Resolving deltas:  49% (3131/6389)Resolving deltas:  50% (3195/6389)Resolving deltas:  51% (3259/6389)Resolving deltas:  52% (3323/6389)Resolving deltas:  53% (3387/6389)Resolving deltas:  54% (3451/6389)Resolving deltas:  55% (3514/6389)Resolving deltas:  56% (3578/6389)Resolving deltas:  57% (3642/6389)Resolving deltas:  58% (3706/6389)Resolving deltas:  59% (3770/6389)Resolving deltas:  60% (3834/6389)Resolving deltas:  61% (3898/6389)Resolving deltas:  62% (3962/6389)Resolving deltas:  63% (4026/6389)Resolving deltas:  64% (4089/6389)Resolving deltas:  65% (4153/6389)Resolving deltas:  66% (4217/6389)Resolving deltas:  67% (4281/6389)Resolving deltas:  68% (4345/6389)Resolving deltas:  69% (4409/6389)Resolving deltas:  70% (4473/6389)Resolving deltas:  71% (4537/6389)Resolving deltas:  72% (4601/6389)Resolving deltas:  73% (4664/6389)Resolving deltas:  74% (4728/6389)Resolving deltas:  75% (4792/6389)Resolving deltas:  76% (4856/6389)Resolving deltas:  77% (4920/6389)Resolving deltas:  78% (4984/6389)Resolving deltas:  79% (5048/6389)Resolving deltas:  80% (5112/6389)Resolving deltas:  81% (5176/6389)Resolving deltas:  82% (5239/6389)Resolving deltas:  83% (5303/6389)Resolving deltas:  84% (5367/6389)Resolving deltas:  85% (5431/6389)Resolving deltas:  86% (5495/6389)Resolving deltas:  87% (5559/6389)Resolving deltas:  88% (5623/6389)Resolving deltas:  89% (5687/6389)Resolving deltas:  90% (5751/6389)Resolving deltas:  91% (5814/6389)Resolving deltas:  92% (5878/6389)Resolving deltas:  93% (5942/6389)Resolving deltas:  94% (6006/6389)Resolving deltas:  95% (6070/6389)Resolving deltas:  96% (6134/6389)Resolving deltas:  97% (6198/6389)Resolving deltas:  98% (6262/6389)Resolving deltas:  99% (6326/6389)Resolving deltas: 100% (6389/6389)Resolving deltas: 100% (6389/6389), done.
Cloning into '/home/admin/openclaw/workspace/loan-assistant/.buildozer/android/platform/build-arm64-v8a_armeabi-v7a/build/bootstrap_builds/sdl2/jni/SDL2_image/external/libjxl/third_party/lodepng'...
remote: Enumerating objects: 2803, done.        
remote: Counting objects:   0% (1/371)        remote: Counting objects:   1% (4/371)        remote: Counting objects:   2% (8/371)        remote: Counting objects:   3% (12/371)        remote: Counting objects:   4% (15/371)        remote: Counting objects:   5% (19/371)        remote: Counting objects:   6% (23/371)        remote: Counting objects:   7% (26/371)        remote: Counting objects:   8% (30/371)        remote: Counting objects:   9% (34/371)        remote: Counting objects:  10% (38/371)        remote: Counting objects:  11% (41/371)        remote: Counting objects:  12% (45/371)        remote: Counting objects:  13% (49/371)        remote: Counting objects:  14% (52/371)        remote: Counting objects:  15% (56/371)        remote: Counting objects:  16% (60/371)        remote: Counting objects:  17% (64/371)        remote: Counting objects:  18% (67/371)        remote: Counting objects:  19% (71/371)        remote: Counting objects:  20% (75/371)        remote: Counting objects:  21% (78/371)        remote: Counting objects:  22% (82/371)        remote: Counting objects:  23% (86/371)        remote: Counting objects:  24% (90/371)        remote: Counting objects:  25% (93/371)        remote: Counting objects:  26% (97/371)        remote: Counting objects:  27% (101/371)        remote: Counting objects:  28% (104/371)        remote: Counting objects:  29% (108/371)        remote: Counting objects:  30% (112/371)        remote: Counting objects:  31% (116/371)        remote: Counting objects:  32% (119/371)        remote: Counting objects:  33% (123/371)        remote: Counting objects:  34% (127/371)        remote: Counting objects:  35% (130/371)        remote: Counting objects:  36% (134/371)        remote: Counting objects:  37% (138/371)        remote: Counting objects:  38% (141/371)        remote: Counting objects:  39% (145/371)        remote: Counting objects:  40% (149/371)        remote: Counting objects:  41% (153/371)        remote: Counting objects:  42% (156/371)        remote: Counting objects:  43% (160/371)        remote: Counting objects:  44% (164/371)        remote: Counting objects:  45% (167/371)        remote: Counting objects:  46% (171/371)        remote: Counting objects:  47% (175/371)        remote: Counting objects:  48% (179/371)        remote: Counting objects:  49% (182/371)        remote: Counting objects:  50% (186/371)        remote: Counting objects:  51% (190/371)        remote: Counting objects:  52% (193/371)        remote: Counting objects:  53% (197/371)        remote: Counting objects:  54% (201/371)        remote: Counting objects:  55% (205/371)        remote: Counting objects:  56% (208/371)        remote: Counting objects:  57% (212/371)        remote: Counting objects:  58% (216/371)        remote: Counting objects:  59% (219/371)        remote: Counting objects:  60% (223/371)        remote: Counting objects:  61% (227/371)        remote: Counting objects:  62% (231/371)        remote: Counting objects:  63% (234/371)        remote: Counting objects:  64% (238/371)        remote: Counting objects:  65% (242/371)        remote: Counting objects:  66% (245/371)        remote: Counting objects:  67% (249/371)        remote: Counting objects:  68% (253/371)        remote: Counting objects:  69% (256/371)        remote: Counting objects:  70% (260/371)        remote: Counting objects:  71% (264/371)        remote: Counting objects:  72% (268/371)        remote: Counting objects:  73% (271/371)        remote: Counting objects:  74% (275/371)        remote: Counting objects:  75% (279/371)        remote: Counting objects:  76% (282/371)        remote: Counting objects:  77% (286/371)        remote: Counting objects:  78% (290/371)        remote: Counting objects:  79% (294/371)        remote: Counting objects:  80% (297/371)        remote: Counting objects:  81% (301/371)        remote: Counting objects:  82% (305/371)        remote: Counting objects:  83% (308/371)        remote: Counting objects:  84% (312/371)        remote: Counting objects:  85% (316/371)        remote: Counting objects:  86% (320/371)        remote: Counting objects:  87% (323/371)        remote: Counting objects:  88% (327/371)        remote: Counting objects:  89% (331/371)        remote: Counting objects:  90% (334/371)        remote: Counting objects:  91% (338/371)        remote: Counting objects:  92% (342/371)        remote: Counting objects:  93% (346/371)        remote: Counting objects:  94% (349/371)        remote: Counting objects:  95% (353/371)        remote: Counting objects:  96% (357/371)        remote: Counting objects:  97% (360/371)        remote: Counting objects:  98% (364/371)        remote: Counting objects:  99% (368/371)        remote: Counting objects: 100% (371/371)        remote: Counting objects: 100% (371/371), done.        
remote: Compressing objects:   0% (1/115)        remote: Compressing objects:   1% (2/115)        remote: Compressing objects:   2% (3/115)        remote: Compressing objects:   3% (4/115)        remote: Compressing objects:   4% (5/115)        remote: Compressing objects:   5% (6/115)        remote: Compressing objects:   6% (7/115)        remote: Compressing objects:   7% (9/115)        remote: Compressing objects:   8% (10/115)        remote: Compressing objects:   9% (11/115)        remote: Compressing objects:  10% (12/115)        remote: Compressing objects:  11% (13/115)        remote: Compressing objects:  12% (14/115)        remote: Compressing objects:  13% (15/115)        remote: Compressing objects:  14% (17/115)        remote: Compressing objects:  15% (18/115)        remote: Compressing objects:  16% (19/115)        remote: Compressing objects:  17% (20/115)        remote: Compressing objects:  18% (21/115)        remote: Compressing objects:  19% (22/115)        remote: Compressing objects:  20% (23/115)        remote: Compressing objects:  21% (25/115)        remote: Compressing objects:  22% (26/115)        remote: Compressing objects:  23% (27/115)        remote: Compressing objects:  24% (28/115)        remote: Compressing objects:  25% (29/115)        remote: Compressing objects:  26% (30/115)        remote: Compressing objects:  27% (32/115)        remote: Compressing objects:  28% (33/115)        remote: Compressing objects:  29% (34/115)        remote: Compressing objects:  30% (35/115)        remote: Compressing objects:  31% (36/115)        remote: Compressing objects:  32% (37/115)        remote: Compressing objects:  33% (38/115)        remote: Compressing objects:  34% (40/115)        remote: Compressing objects:  35% (41/115)        remote: Compressing objects:  36% (42/115)        remote: Compressing objects:  37% (43/115)        remote: Compressing objects:  38% (44/115)        remote: Compressing objects:  39% (45/115)        remote: Compressing objects:  40% (46/115)        remote: Compressing objects:  41% (48/115)        remote: Compressing objects:  42% (49/115)        remote: Compressing objects:  43% (50/115)        remote: Compressing objects:  44% (51/115)        remote: Compressing objects:  45% (52/115)        remote: Compressing objects:  46% (53/115)        remote: Compressing objects:  47% (55/115)        remote: Compressing objects:  48% (56/115)        remote: Compressing objects:  49% (57/115)        remote: Compressing objects:  50% (58/115)        remote: Compressing objects:  51% (59/115)        remote: Compressing objects:  52% (60/115)        remote: Compressing objects:  53% (61/115)        remote: Compressing objects:  54% (63/115)        remote: Compressing objects:  55% (64/115)        remote: Compressing objects:  56% (65/115)        remote: Compressing objects:  57% (66/115)        remote: Compressing objects:  58% (67/115)        remote: Compressing objects:  59% (68/115)        remote: Compressing objects:  60% (69/115)        remote: Compressing objects:  61% (71/115)        remote: Compressing objects:  62% (72/115)        remote: Compressing objects:  63% (73/115)        remote: Compressing objects:  64% (74/115)        remote: Compressing objects:  65% (75/115)        remote: Compressing objects:  66% (76/115)        remote: Compressing objects:  67% (78/115)        remote: Compressing objects:  68% (79/115)        remote: Compressing objects:  69% (80/115)        remote: Compressing objects:  70% (81/115)        remote: Compressing objects:  71% (82/115)        remote: Compressing objects:  72% (83/115)        remote: Compressing objects:  73% (84/115)        remote: Compressing objects:  74% (86/115)        remote: Compressing objects:  75% (87/115)        remote: Compressing objects:  76% (88/115)        remote: Compressing objects:  77% (89/115)        remote: Compressing objects:  78% (90/115)        remote: Compressing objects:  79% (91/115)        remote: Compressing objects:  80% (92/115)        remote: Compressing objects:  81% (94/115)        remote: Compressing objects:  82% (95/115)        remote: Compressing objects:  83% (96/115)        remote: Compressing objects:  84% (97/115)        remote: Compressing objects:  85% (98/115)        remote: Compressing objects:  86% (99/115)        remote: Compressing objects:  87% (101/115)        remote: Compressing objects:  88% (102/115)        remote: Compressing objects:  89% (103/115)        remote: Compressing objects:  90% (104/115)        remote: Compressing objects:  91% (105/115)        remote: Compressing objects:  92% (106/115)        remote: Compressing objects:  93% (107/115)        remote: Compressing objects:  94% (109/115)        remote: Compressing objects:  95% (110/115)        remote: Compressing objects:  96% (111/115)        remote: Compressing objects:  97% (112/115)        remote: Compressing objects:  98% (113/115)        remote: Compressing objects:  99% (114/115)        remote: Compressing objects: 100% (115/115)        remote: Compressing objects: 100% (115/115), done.        
Receiving objects:   0% (1/2803)Receiving objects:   1% (29/2803)Receiving objects:   2% (57/2803)Receiving objects:   3% (85/2803)Receiving objects:   4% (113/2803)Receiving objects:   5% (141/2803)Receiving objects:   6% (169/2803)Receiving objects:   7% (197/2803)Receiving objects:   8% (225/2803)Receiving objects:   9% (253/2803)Receiving objects:  10% (281/2803)Receiving objects:  11% (309/2803)Receiving objects:  12% (337/2803)Receiving objects:  13% (365/2803)Receiving objects:  14% (393/2803)Receiving objects:  15% (421/2803)Receiving objects:  16% (449/2803)Receiving objects:  17% (477/2803)Receiving objects:  18% (505/2803)Receiving objects:  19% (533/2803)Receiving objects:  20% (561/2803)Receiving objects:  21% (589/2803)Receiving objects:  22% (617/2803)Receiving objects:  23% (645/2803)Receiving objects:  24% (673/2803)Receiving objects:  25% (701/2803)Receiving objects:  26% (729/2803)Receiving objects:  27% (757/2803)Receiving objects:  28% (785/2803)Receiving objects:  29% (813/2803)Receiving objects:  30% (841/2803)Receiving objects:  31% (869/2803)Receiving objects:  32% (897/2803)Receiving objects:  33% (925/2803)Receiving objects:  34% (954/2803)Receiving objects:  35% (982/2803)Receiving objects:  36% (1010/2803)Receiving objects:  37% (1038/2803)Receiving objects:  38% (1066/2803)Receiving objects:  39% (1094/2803)Receiving objects:  40% (1122/2803)Receiving objects:  41% (1150/2803)Receiving objects:  42% (1178/2803)Receiving objects:  43% (1206/2803)Receiving objects:  44% (1234/2803)Receiving objects:  45% (1262/2803)Receiving objects:  46% (1290/2803)Receiving objects:  47% (1318/2803)Receiving objects:  48% (1346/2803)Receiving objects:  49% (1374/2803)Receiving objects:  50% (1402/2803)Receiving objects:  51% (1430/2803)Receiving objects:  52% (1458/2803)Receiving objects:  53% (1486/2803)Receiving objects:  54% (1514/2803)Receiving objects:  55% (1542/2803)Receiving objects:  56% (1570/2803)Receiving objects:  57% (1598/2803)Receiving objects:  58% (1626/2803)Receiving objects:  59% (1654/2803)Receiving objects:  60% (1682/2803)Receiving objects:  61% (1710/2803)Receiving objects:  62% (1738/2803)Receiving objects:  63% (1766/2803)Receiving objects:  64% (1794/2803)Receiving objects:  65% (1822/2803)Receiving objects:  66% (1850/2803)Receiving objects:  67% (1879/2803)Receiving objects:  68% (1907/2803)Receiving objects:  69% (1935/2803)Receiving objects:  70% (1963/2803)Receiving objects:  71% (1991/2803)Receiving objects:  72% (2019/2803)Receiving objects:  73% (2047/2803)Receiving objects:  74% (2075/2803)Receiving objects:  75% (2103/2803)Receiving objects:  76% (2131/2803)Receiving objects:  77% (2159/2803)Receiving objects:  78% (2187/2803)Receiving objects:  79% (2215/2803)Receiving objects:  80% (2243/2803)Receiving objects:  81% (2271/2803)Receiving objects:  82% (2299/2803)Receiving objects:  83% (2327/2803)Receiving objects:  84% (2355/2803)Receiving objects:  85% (2383/2803)Receiving objects:  86% (2411/2803)Receiving objects:  87% (2439/2803)Receiving objects:  88% (2467/2803)Receiving objects:  89% (2495/2803)Receiving objects:  90% (2523/2803)Receiving objects:  91% (2551/2803)Receiving objects:  92% (2579/2803)Receiving objects:  93% (2607/2803)Receiving objects:  94% (2635/2803)Receiving objects:  95% (2663/2803)Receiving objects:  96% (2691/2803)Receiving objects:  97% (2719/2803)Receiving objects:  98% (2747/2803)remote: Total 2803 (delta 287), reused 256 (delta 256), pack-reused 2432 (from 4)        
Receiving objects:  99% (2775/2803)Receiving objects: 100% (2803/2803)Receiving objects: 100% (2803/2803), 1.82 MiB | 7.95 MiB/s, done.
Resolving deltas:   0% (0/1232)Resolving deltas:   1% (13/1232)Resolving deltas:   2% (25/1232)Resolving deltas:   3% (37/1232)Resolving deltas:   4% (50/1232)Resolving deltas:   5% (62/1232)Resolving deltas:   6% (74/1232)Resolving deltas:   7% (87/1232)Resolving deltas:   8% (99/1232)Resolving deltas:   9% (111/1232)Resolving deltas:  10% (124/1232)Resolving deltas:  11% (136/1232)Resolving deltas:  12% (148/1232)Resolving deltas:  13% (161/1232)Resolving deltas:  14% (173/1232)Resolving deltas:  15% (185/1232)Resolving deltas:  16% (198/1232)Resolving deltas:  17% (210/1232)Resolving deltas:  18% (222/1232)Resolving deltas:  19% (235/1232)Resolving deltas:  20% (247/1232)Resolving deltas:  21% (259/1232)Resolving deltas:  22% (272/1232)Resolving deltas:  23% (284/1232)Resolving deltas:  24% (296/1232)Resolving deltas:  25% (308/1232)Resolving deltas:  26% (321/1232)Resolving deltas:  27% (333/1232)Resolving deltas:  28% (345/1232)Resolving deltas:  29% (358/1232)Resolving deltas:  30% (370/1232)Resolving deltas:  31% (382/1232)Resolving deltas:  32% (395/1232)Resolving deltas:  33% (407/1232)Resolving deltas:  34% (419/1232)Resolving deltas:  35% (432/1232)Resolving deltas:  36% (444/1232)Resolving deltas:  37% (456/1232)Resolving deltas:  38% (469/1232)Resolving deltas:  39% (481/1232)Resolving deltas:  40% (493/1232)Resolving deltas:  41% (506/1232)Resolving deltas:  42% (518/1232)Resolving deltas:  43% (530/1232)Resolving deltas:  44% (543/1232)Resolving deltas:  45% (555/1232)Resolving deltas:  46% (567/1232)Resolving deltas:  47% (580/1232)Resolving deltas:  48% (592/1232)Resolving deltas:  49% (604/1232)Resolving deltas:  50% (616/1232)Resolving deltas:  51% (629/1232)Resolving deltas:  52% (641/1232)Resolving deltas:  53% (653/1232)Resolving deltas:  54% (666/1232)Resolving deltas:  55% (678/1232)Resolving deltas:  56% (690/1232)Resolving deltas:  57% (703/1232)Resolving deltas:  58% (715/1232)Resolving deltas:  59% (727/1232)Resolving deltas:  60% (740/1232)Resolving deltas:  61% (752/1232)Resolving deltas:  62% (764/1232)Resolving deltas:  63% (777/1232)Resolving deltas:  64% (789/1232)Resolving deltas:  65% (801/1232)Resolving deltas:  66% (814/1232)Resolving deltas:  67% (826/1232)Resolving deltas:  68% (838/1232)Resolving deltas:  69% (851/1232)Resolving deltas:  70% (863/1232)Resolving deltas:  71% (875/1232)Resolving deltas:  72% (888/1232)Resolving deltas:  73% (900/1232)Resolving deltas:  74% (912/1232)Resolving deltas:  75% (924/1232)Resolving deltas:  76% (937/1232)Resolving deltas:  77% (949/1232)Resolving deltas:  78% (961/1232)Resolving deltas:  79% (974/1232)Resolving deltas:  80% (986/1232)Resolving deltas:  81% (998/1232)Resolving deltas:  82% (1011/1232)Resolving deltas:  83% (1023/1232)Resolving deltas:  84% (1035/1232)Resolving deltas:  85% (1048/1232)Resolving deltas:  86% (1060/1232)Resolving deltas:  87% (1072/1232)Resolving deltas:  88% (1085/1232)Resolving deltas:  89% (1097/1232)Resolving deltas:  90% (1109/1232)Resolving deltas:  91% (1122/1232)Resolving deltas:  92% (1134/1232)Resolving deltas:  93% (1146/1232)Resolving deltas:  94% (1159/1232)Resolving deltas:  95% (1171/1232)Resolving deltas:  96% (1183/1232)Resolving deltas:  97% (1196/1232)Resolving deltas:  98% (1208/1232)Resolving deltas:  99% (1220/1232)Resolving deltas: 100% (1232/1232)Resolving deltas: 100% (1232/1232), done.
Cloning into '/home/admin/openclaw/workspace/loan-assistant/.buildozer/android/platform/build-arm64-v8a_armeabi-v7a/build/bootstrap_builds/sdl2/jni/SDL2_image/external/libjxl/third_party/sjpeg'...
remote: Enumerating objects: 1017, done.        
remote: Counting objects:   1% (1/83)        remote: Counting objects:   2% (2/83)        remote: Counting objects:   3% (3/83)        remote: Counting objects:   4% (4/83)        remote: Counting objects:   6% (5/83)        remote: Counting objects:   7% (6/83)        remote: Counting objects:   8% (7/83)        remote: Counting objects:   9% (8/83)        remote: Counting objects:  10% (9/83)        remote: Counting objects:  12% (10/83)        remote: Counting objects:  13% (11/83)        remote: Counting objects:  14% (12/83)        remote: Counting objects:  15% (13/83)        remote: Counting objects:  16% (14/83)        remote: Counting objects:  18% (15/83)        remote: Counting objects:  19% (16/83)        remote: Counting objects:  20% (17/83)        remote: Counting objects:  21% (18/83)        remote: Counting objects:  22% (19/83)        remote: Counting objects:  24% (20/83)        remote: Counting objects:  25% (21/83)        remote: Counting objects:  26% (22/83)        remote: Counting objects:  27% (23/83)        remote: Counting objects:  28% (24/83)        remote: Counting objects:  30% (25/83)        remote: Counting objects:  31% (26/83)        remote: Counting objects:  32% (27/83)        remote: Counting objects:  33% (28/83)        remote: Counting objects:  34% (29/83)        remote: Counting objects:  36% (30/83)        remote: Counting objects:  37% (31/83)        remote: Counting objects:  38% (32/83)        remote: Counting objects:  39% (33/83)        remote: Counting objects:  40% (34/83)        remote: Counting objects:  42% (35/83)        remote: Counting objects:  43% (36/83)        remote: Counting objects:  44% (37/83)        remote: Counting objects:  45% (38/83)        remote: Counting objects:  46% (39/83)        remote: Counting objects:  48% (40/83)        remote: Counting objects:  49% (41/83)        remote: Counting objects:  50% (42/83)        remote: Counting objects:  51% (43/83)        remote: Counting objects:  53% (44/83)        remote: Counting objects:  54% (45/83)        remote: Counting objects:  55% (46/83)        remote: Counting objects:  56% (47/83)        remote: Counting objects:  57% (48/83)        remote: Counting objects:  59% (49/83)        remote: Counting objects:  60% (50/83)        remote: Counting objects:  61% (51/83)        remote: Counting objects:  62% (52/83)        remote: Counting objects:  63% (53/83)        remote: Counting objects:  65% (54/83)        remote: Counting objects:  66% (55/83)        remote: Counting objects:  67% (56/83)        remote: Counting objects:  68% (57/83)        remote: Counting objects:  69% (58/83)        remote: Counting objects:  71% (59/83)        remote: Counting objects:  72% (60/83)        remote: Counting objects:  73% (61/83)        remote: Counting objects:  74% (62/83)        remote: Counting objects:  75% (63/83)        remote: Counting objects:  77% (64/83)        remote: Counting objects:  78% (65/83)        remote: Counting objects:  79% (66/83)        remote: Counting objects:  80% (67/83)        remote: Counting objects:  81% (68/83)        remote: Counting objects:  83% (69/83)        remote: Counting objects:  84% (70/83)        remote: Counting objects:  85% (71/83)        remote: Counting objects:  86% (72/83)        remote: Counting objects:  87% (73/83)        remote: Counting objects:  89% (74/83)        remote: Counting objects:  90% (75/83)        remote: Counting objects:  91% (76/83)        remote: Counting objects:  92% (77/83)        remote: Counting objects:  93% (78/83)        remote: Counting objects:  95% (79/83)        remote: Counting objects:  96% (80/83)        remote: Counting objects:  97% (81/83)        remote: Counting objects:  98% (82/83)        remote: Counting objects: 100% (83/83)        remote: Counting objects: 100% (83/83), done.        
remote: Compressing objects:   2% (1/43)        remote: Compressing objects:   4% (2/43)        remote: Compressing objects:   6% (3/43)        remote: Compressing objects:   9% (4/43)        remote: Compressing objects:  11% (5/43)        remote: Compressing objects:  13% (6/43)        remote: Compressing objects:  16% (7/43)        remote: Compressing objects:  18% (8/43)        remote: Compressing objects:  20% (9/43)        remote: Compressing objects:  23% (10/43)        remote: Compressing objects:  25% (11/43)        remote: Compressing objects:  27% (12/43)        remote: Compressing objects:  30% (13/43)        remote: Compressing objects:  32% (14/43)        remote: Compressing objects:  34% (15/43)        remote: Compressing objects:  37% (16/43)        remote: Compressing objects:  39% (17/43)        remote: Compressing objects:  41% (18/43)        remote: Compressing objects:  44% (19/43)        remote: Compressing objects:  46% (20/43)        remote: Compressing objects:  48% (21/43)        remote: Compressing objects:  51% (22/43)        remote: Compressing objects:  53% (23/43)        remote: Compressing objects:  55% (24/43)        remote: Compressing objects:  58% (25/43)        remote: Compressing objects:  60% (26/43)        remote: Compressing objects:  62% (27/43)        remote: Compressing objects:  65% (28/43)        remote: Compressing objects:  67% (29/43)        remote: Compressing objects:  69% (30/43)        remote: Compressing objects:  72% (31/43)        remote: Compressing objects:  74% (32/43)        remote: Compressing objects:  76% (33/43)        remote: Compressing objects:  79% (34/43)        remote: Compressing objects:  81% (35/43)        remote: Compressing objects:  83% (36/43)        remote: Compressing objects:  86% (37/43)        remote: Compressing objects:  88% (38/43)        remote: Compressing objects:  90% (39/43)        remote: Compressing objects:  93% (40/43)        remote: Compressing objects:  95% (41/43)        remote: Compressing objects:  97% (42/43)        remote: Compressing objects: 100% (43/43)        remote: Compressing objects: 100% (43/43), done.        
Receiving objects:   0% (1/1017)Receiving objects:   1% (11/1017)Receiving objects:   2% (21/1017)Receiving objects:   3% (31/1017)Receiving objects:   4% (41/1017)Receiving objects:   5% (51/1017)Receiving objects:   6% (62/1017)Receiving objects:   7% (72/1017)Receiving objects:   8% (82/1017)Receiving objects:   9% (92/1017)Receiving objects:  10% (102/1017)Receiving objects:  11% (112/1017)Receiving objects:  12% (123/1017)Receiving objects:  13% (133/1017)Receiving objects:  14% (143/1017)Receiving objects:  15% (153/1017)Receiving objects:  16% (163/1017)Receiving objects:  17% (173/1017)Receiving objects:  18% (184/1017)Receiving objects:  19% (194/1017)Receiving objects:  20% (204/1017)Receiving objects:  21% (214/1017)Receiving objects:  22% (224/1017)Receiving objects:  23% (234/1017)Receiving objects:  24% (245/1017)Receiving objects:  25% (255/1017)Receiving objects:  26% (265/1017)Receiving objects:  27% (275/1017)Receiving objects:  28% (285/1017)Receiving objects:  29% (295/1017)Receiving objects:  30% (306/1017)Receiving objects:  31% (316/1017)Receiving objects:  32% (326/1017)Receiving objects:  33% (336/1017)Receiving objects:  34% (346/1017)Receiving objects:  35% (356/1017)Receiving objects:  36% (367/1017)Receiving objects:  37% (377/1017)Receiving objects:  38% (387/1017)Receiving objects:  39% (397/1017)Receiving objects:  40% (407/1017)Receiving objects:  41% (417/1017)Receiving objects:  42% (428/1017)Receiving objects:  43% (438/1017)Receiving objects:  44% (448/1017)Receiving objects:  45% (458/1017)Receiving objects:  46% (468/1017)Receiving objects:  47% (478/1017)Receiving objects:  48% (489/1017)Receiving objects:  49% (499/1017)Receiving objects:  50% (509/1017)Receiving objects:  51% (519/1017)Receiving objects:  52% (529/1017)Receiving objects:  53% (540/1017)Receiving objects:  54% (550/1017)Receiving objects:  55% (560/1017)Receiving objects:  56% (570/1017)Receiving objects:  57% (580/1017)Receiving objects:  58% (590/1017)Receiving objects:  59% (601/1017)Receiving objects:  60% (611/1017)Receiving objects:  61% (621/1017)Receiving objects:  62% (631/1017)Receiving objects:  63% (641/1017)Receiving objects:  64% (651/1017)Receiving objects:  65% (662/1017)Receiving objects:  66% (672/1017)Receiving objects:  67% (682/1017)Receiving objects:  68% (692/1017)Receiving objects:  69% (702/1017)Receiving objects:  70% (712/1017)Receiving objects:  71% (723/1017)Receiving objects:  72% (733/1017)Receiving objects:  73% (743/1017)Receiving objects:  74% (753/1017)Receiving objects:  75% (763/1017)Receiving objects:  76% (773/1017)Receiving objects:  77% (784/1017)Receiving objects:  78% (794/1017)Receiving objects:  79% (804/1017)Receiving objects:  80% (814/1017)Receiving objects:  81% (824/1017)Receiving objects:  82% (834/1017)Receiving objects:  83% (845/1017)Receiving objects:  84% (855/1017)Receiving objects:  85% (865/1017)Receiving objects:  86% (875/1017)Receiving objects:  87% (885/1017)Receiving objects:  88% (895/1017)Receiving objects:  89% (906/1017)Receiving objects:  90% (916/1017)Receiving objects:  91% (926/1017)Receiving objects:  92% (936/1017)Receiving objects:  93% (946/1017)Receiving objects:  94% (956/1017)Receiving objects:  95% (967/1017)Receiving objects:  96% (977/1017)Receiving objects:  97% (987/1017)Receiving objects:  98% (997/1017)remote: Total 1017 (delta 53), reused 43 (delta 40), pack-reused 934 (from 2)        
Receiving objects:  99% (1007/1017)Receiving objects: 100% (1017/1017)Receiving objects: 100% (1017/1017), 2.76 MiB | 8.87 MiB/s, done.
Resolving deltas:   0% (0/625)Resolving deltas:   1% (7/625)Resolving deltas:   2% (13/625)Resolving deltas:   3% (19/625)Resolving deltas:   4% (25/625)Resolving deltas:   5% (32/625)Resolving deltas:   6% (38/625)Resolving deltas:   7% (44/625)Resolving deltas:   8% (50/625)Resolving deltas:   9% (57/625)Resolving deltas:  10% (63/625)Resolving deltas:  11% (69/625)Resolving deltas:  12% (75/625)Resolving deltas:  13% (82/625)Resolving deltas:  14% (88/625)Resolving deltas:  15% (94/625)Resolving deltas:  16% (100/625)Resolving deltas:  17% (107/625)Resolving deltas:  18% (113/625)Resolving deltas:  19% (119/625)Resolving deltas:  20% (125/625)Resolving deltas:  21% (132/625)Resolving deltas:  22% (138/625)Resolving deltas:  23% (144/625)Resolving deltas:  24% (150/625)Resolving deltas:  25% (157/625)Resolving deltas:  26% (163/625)Resolving deltas:  27% (169/625)Resolving deltas:  28% (175/625)Resolving deltas:  29% (182/625)Resolving deltas:  30% (188/625)Resolving deltas:  31% (194/625)Resolving deltas:  32% (200/625)Resolving deltas:  33% (207/625)Resolving deltas:  34% (213/625)Resolving deltas:  35% (219/625)Resolving deltas:  36% (225/625)Resolving deltas:  37% (232/625)Resolving deltas:  38% (238/625)Resolving deltas:  39% (244/625)Resolving deltas:  40% (250/625)Resolving deltas:  41% (257/625)Resolving deltas:  42% (263/625)Resolving deltas:  43% (269/625)Resolving deltas:  44% (275/625)Resolving deltas:  45% (282/625)Resolving deltas:  46% (288/625)Resolving deltas:  47% (294/625)Resolving deltas:  48% (300/625)Resolving deltas:  49% (307/625)Resolving deltas:  50% (313/625)Resolving deltas:  51% (319/625)Resolving deltas:  52% (325/625)Resolving deltas:  53% (332/625)Resolving deltas:  54% (338/625)Resolving deltas:  55% (344/625)Resolving deltas:  56% (350/625)Resolving deltas:  57% (357/625)Resolving deltas:  58% (363/625)Resolving deltas:  59% (369/625)Resolving deltas:  60% (375/625)Resolving deltas:  61% (382/625)Resolving deltas:  62% (388/625)Resolving deltas:  63% (394/625)Resolving deltas:  64% (400/625)Resolving deltas:  65% (407/625)Resolving deltas:  66% (413/625)Resolving deltas:  67% (419/625)Resolving deltas:  68% (425/625)Resolving deltas:  69% (432/625)Resolving deltas:  70% (438/625)Resolving deltas:  71% (444/625)Resolving deltas:  72% (450/625)Resolving deltas:  73% (457/625)Resolving deltas:  74% (463/625)Resolving deltas:  75% (469/625)Resolving deltas:  76% (475/625)Resolving deltas:  77% (482/625)Resolving deltas:  78% (488/625)Resolving deltas:  79% (494/625)Resolving deltas:  80% (500/625)Resolving deltas:  81% (507/625)Resolving deltas:  82% (513/625)Resolving deltas:  83% (519/625)Resolving deltas:  84% (525/625)Resolving deltas:  85% (532/625)Resolving deltas:  86% (538/625)Resolving deltas:  87% (544/625)Resolving deltas:  88% (550/625)Resolving deltas:  89% (557/625)Resolving deltas:  90% (563/625)Resolving deltas:  91% (569/625)Resolving deltas:  92% (575/625)Resolving deltas:  93% (582/625)Resolving deltas:  94% (588/625)Resolving deltas:  95% (594/625)Resolving deltas:  96% (600/625)Resolving deltas:  97% (607/625)Resolving deltas:  98% (613/625)Resolving deltas:  99% (619/625)Resolving deltas: 100% (625/625)Resolving deltas: 100% (625/625), done.
Cloning into '/home/admin/openclaw/workspace/loan-assistant/.buildozer/android/platform/build-arm64-v8a_armeabi-v7a/build/bootstrap_builds/sdl2/jni/SDL2_image/external/libjxl/third_party/skcms'...
fatal: unable to access 'http://skia.googlesource.com/skcms/': Empty reply from server
fatal: clone of 'https://skia.googlesource.com/skcms' into submodule path '/home/admin/openclaw/workspace/loan-assistant/.buildozer/android/platform/build-arm64-v8a_armeabi-v7a/build/bootstrap_builds/sdl2/jni/SDL2_image/external/libjxl/third_party/skcms' failed
Failed to clone 'third_party/skcms'. Retry scheduled
Cloning into '/home/admin/openclaw/workspace/loan-assistant/.buildozer/android/platform/build-arm64-v8a_armeabi-v7a/build/bootstrap_builds/sdl2/jni/SDL2_image/external/libjxl/third_party/skcms'...
fatal: unable to access 'http://skia.googlesource.com/skcms/': Empty reply from server
fatal: clone of 'https://skia.googlesource.com/skcms' into submodule path '/home/admin/openclaw/workspace/loan-assistant/.buildozer/android/platform/build-arm64-v8a_armeabi-v7a/build/bootstrap_builds/sdl2/jni/SDL2_image/external/libjxl/third_party/skcms' failed
Failed to clone 'third_party/skcms' a second time, aborting


  STDERR:

# Command failed: ['/usr/bin/python3', '-m', 'pythonforandroid.toolchain', 'create', '--dist_name=loanassistant', '--bootstrap=sdl2', '--requirements=python3,requests,beautifulsoup4,schedule,aiohttp,sqlite3,kivy==2.3.0,pyjnius,sdl2', '--arch=arm64-v8a', '--arch=armeabi-v7a', '--copy-libs', '--color=always', '--storage-dir=/home/admin/openclaw/workspace/loan-assistant/.buildozer/android/platform/build-arm64-v8a_armeabi-v7a', '--ndk-api=24', '--ignore-setup-py', '--debug']
# ENVIRONMENT:
#     SHELL = '/bin/bash'
#     SESSION_MANAGER = 'local/iZuf6ipfaj6sj36i4xv2qoZ:@/tmp/.ICE-unix/1654,unix/iZuf6ipfaj6sj36i4xv2qoZ:/tmp/.ICE-unix/1654'
#     QT_ACCESSIBILITY = '1'
#     XDG_CONFIG_DIRS = '/etc/xdg/xdg-ubuntu-xorg:/etc/xdg'
#     XDG_SESSION_PATH = '/org/freedesktop/DisplayManager/Session0'
#     NVM_INC = '/home/admin/.nvm/versions/node/v24.14.0/include/node'
#     XDG_MENU_PREFIX = 'gnome-'
#     GNOME_DESKTOP_SESSION_ID = 'this-is-deprecated'
#     GTK_IM_MODULE = 'ibus'
#     GNOME_SHELL_SESSION_MODE = 'ubuntu'
#     SSH_AUTH_SOCK = '/run/user/1000/keyring/ssh'
#     NODE_NO_WARNINGS = '1'
#     XMODIFIERS = '@im=ibus'
#     DESKTOP_SESSION = 'ubuntu-xorg'
#     SSH_AGENT_PID = '1548'
#     GTK_MODULES = 'gail:atk-bridge'
#     PWD = '/home/admin/openclaw/workspace/loan-assistant'
#     XDG_SESSION_DESKTOP = 'ubuntu:GNOME'
#     LOGNAME = 'admin'
#     XDG_SESSION_TYPE = 'x11'
#     GPG_AGENT_INFO = '/run/user/1000/gnupg/S.gpg-agent:0:1'
#     SYSTEMD_EXEC_PID = '2203'
#     VIPSHOME = '/target'
#     XAUTHORITY = '/tmp/xauth_RkinRn'
#     INTRA_CLOUD_ACCELERATION_REGION = 'cn-shanghai'
#     HOME = '/home/admin'
#     IM_CONFIG_PHASE = '1'
#     LANG = 'C.UTF-8'
#     XDG_CURRENT_DESKTOP = 'ubuntu:GNOME'
#     XDG_SEAT_PATH = '/org/freedesktop/DisplayManager/Seat0'
#     INVOCATION_ID = 'e15ba6e226ed498bac023d8f6aa5ca5b'
#     MANAGERPID = '1456'
#     NVM_DIR = '/home/admin/.nvm'
#     XDG_SESSION_CLASS = 'user'
#     OPENCLAW_GATEWAY_PORT = '18789'
#     USER = 'admin'
#     DISPLAY = ':1'
#     SHLVL = '0'
#     NVM_CD_FLAGS = ''
#     OPENCLAW_PATH_BOOTSTRAPPED = '1'
#     QT_IM_MODULE = 'ibus'
#     XDG_RUNTIME_DIR = '/run/user/1000'
#     JOURNAL_STREAM = '8:44599'
#     XDG_DATA_DIRS = '/usr/share/ubuntu-xorg:/usr/share/gnome:/usr/local/share:/usr/share:/var/lib/snapd/desktop'
#     PATH = '/home/admin/.buildozer/android/platform/apache-ant-1.9.4/bin:/home/admin/.nvm/versions/node/v24.14.0/bin:/usr/local/bin:/home/admin/.local/bin:/usr/bin:/bin'
#     OPENCLAW_NODE_OPTIONS_READY = '1'
#     DBUS_SESSION_BUS_ADDRESS = 'unix:path=/run/user/1000/bus'
#     NVM_BIN = '/home/admin/.nvm/versions/node/v24.14.0/bin'
#     OLDPWD = '/home/admin/openclaw/workspace'
#     _ = '/home/admin/.local/bin/buildozer'
#     PACKAGES_PATH = '/home/admin/.buildozer/android/packages'
#     ANDROIDSDK = '/home/admin/.buildozer/android/platform/android-sdk'
#     ANDROIDNDK = '/home/admin/.buildozer/android/platform/android-ndk-r25b'
#     ANDROIDAPI = '28'
#     ANDROIDMINAPI = '24'
# 
# Buildozer failed to execute the last command
# The error might be hidden in the log above this error
# Please read the full log, and search for it before
# raising an issue with buildozer itself.
# In case of a bug report, please add a full log with log_level = 2
